#
# There is insufficient memory for the Java Runtime Environment to continue.
# Native memory allocation (malloc) failed to allocate 2022336 bytes. Error detail: Chunk::new
# Possible reasons:
#   The system is out of physical RAM or swap space
#   This process is running with CompressedOops enabled, and the Java Heap may be blocking the growth of the native heap
# Possible solutions:
#   Reduce memory load on the system
#   Increase physical memory or swap space
#   Check if swap backing store is full
#   Decrease Java heap size (-Xmx/-Xms)
#   Decrease number of Java threads
#   Decrease Java thread stack sizes (-Xss)
#   Set larger code cache with -XX:ReservedCodeCacheSize=
#   JVM is running with Unscaled Compressed Oops mode in which the Java heap is
#     placed in the first 4GB address space. The Java Heap base address is the
#     maximum limit for the native heap growth. Please use -XX:HeapBaseMinAddress
#     to set the Java Heap base and to place the Java Heap above 4GB virtual address.
# This output file may be truncated or incomplete.
#
#  Out of Memory Error (arena.cpp:168), pid=24804, tid=6608
#
# JRE version: OpenJDK Runtime Environment Temurin-21.0.9+10 (21.0.9+10) (build 21.0.9+10-LTS)
# Java VM: OpenJDK 64-Bit Server VM Temurin-21.0.9+10 (21.0.9+10-LTS, mixed mode, sharing, tiered, compressed oops, compressed class ptrs, parallel gc, windows-amd64)
# No core dump will be written. Minidumps are not enabled by default on client versions of Windows
#

---------------  S U M M A R Y ------------

Command Line: --add-modules=ALL-SYSTEM --add-opens=java.base/java.util=ALL-UNNAMED --add-opens=java.base/java.lang=ALL-UNNAMED --add-opens=java.base/sun.nio.fs=ALL-UNNAMED -Declipse.application=org.eclipse.jdt.ls.core.id1 -Dosgi.bundles.defaultStartLevel=4 -Declipse.product=org.eclipse.jdt.ls.core.product -Djava.import.generatesMetadataFilesAtProjectRoot=false -DDetectVMInstallationsJob.disabled=true -Dfile.encoding=utf8 -XX:+UseParallelGC -XX:GCTimeRatio=4 -XX:AdaptiveSizePolicyWeight=90 -Dsun.zip.disableMemoryMapping=true -Xmx2G -Xms100m -Xlog:disable -javaagent:c:\Users\nibin\.antigravity\extensions\redhat.java-1.52.0-win32-x64\lombok\lombok-1.18.39-4050.jar -XX:+HeapDumpOnOutOfMemoryError -XX:HeapDumpPath=c:\Users\nibin\AppData\Roaming\Antigravity\User\workspaceStorage\01c68ddb43dc9f8e8a1833cb910c1e6d\redhat.java -Daether.dependencyCollector.impl=bf c:\Users\nibin\.antigravity\extensions\redhat.java-1.52.0-win32-x64\server\plugins\org.eclipse.equinox.launcher_1.7.100.v20251111-0406.jar -configuration c:\Users\nibin\AppData\Roaming\Antigravity\User\globalStorage\redhat.java\1.52.0\config_win -data c:\Users\nibin\AppData\Roaming\Antigravity\User\workspaceStorage\01c68ddb43dc9f8e8a1833cb910c1e6d\redhat.java\jdt_ws --pipe=\\.\pipe\lsp-77dc80537c0f80136d9e309559071319-sock

Host: 11th Gen Intel(R) Core(TM) i5-11400H @ 2.70GHz, 12 cores, 7G,  Windows 11 , 64 bit Build 26100 (10.0.26100.7705)
Time: Sat Feb 28 11:50:37 2026 India Standard Time elapsed time: 51.462448 seconds (0d 0h 0m 51s)

---------------  T H R E A D  ---------------

Current thread (0x0000021e5aee58c0):  JavaThread "C2 CompilerThread2" daemon [_thread_in_native, id=6608, stack(0x0000006809e00000,0x0000006809f00000) (1024K)]


Current CompileTask:
C2:51462 12020       4       lombok.eclipse.handlers.EclipseHandlerUtil::setGeneratedBy (10 bytes)

Stack: [0x0000006809e00000,0x0000006809f00000]
Native frames: (J=compiled Java code, j=interpreted, Vv=VM code, C=native code)
V  [jvm.dll+0x6d6e29]
V  [jvm.dll+0x8b4b76]
V  [jvm.dll+0x8b712e]
V  [jvm.dll+0x8b7813]
V  [jvm.dll+0x283d86]
V  [jvm.dll+0xc66ed]
V  [jvm.dll+0xc6c31]
V  [jvm.dll+0x2facee]
V  [jvm.dll+0x5fde44]
V  [jvm.dll+0x255557]
V  [jvm.dll+0x25591d]
V  [jvm.dll+0x24df40]
V  [jvm.dll+0x24b482]
V  [jvm.dll+0x1cb13e]
V  [jvm.dll+0x25b29d]
V  [jvm.dll+0x25982a]
V  [jvm.dll+0x3f7ea6]
V  [jvm.dll+0x85e9ad]
V  [jvm.dll+0x6d565d]
C  [ucrtbase.dll+0x37b0]
C  [KERNEL32.DLL+0x2e8d7]
C  [ntdll.dll+0x8c40c]


---------------  P R O C E S S  ---------------

Threads class SMR info:
_java_thread_list=0x0000021e5a2121e0, length=55, elements={
0x0000021e7787ccd0, 0x0000021e7f32e320, 0x0000021e77922860, 0x0000021e77924850,
0x0000021e779254a0, 0x0000021e77928300, 0x0000021e7792e310, 0x0000021e77929e40,
0x0000021e50691ff0, 0x0000021e50888a00, 0x0000021e5099a180, 0x0000021e51b7fbd0,
0x0000021e51e10690, 0x0000021e50a1eaa0, 0x0000021e560ca5d0, 0x0000021e56354300,
0x0000021e56130e70, 0x0000021e56056e60, 0x0000021e50a5c890, 0x0000021e5189b150,
0x0000021e5189b7e0, 0x0000021e5189a430, 0x0000021e5189be70, 0x0000021e5189aac0,
0x0000021e5189c500, 0x0000021e51899080, 0x0000021e51899710, 0x0000021e51899da0,
0x0000021e5a4366d0, 0x0000021e5a436040, 0x0000021e5a43a1e0, 0x0000021e5a436d60,
0x0000021e5a4387a0, 0x0000021e5a43a870, 0x0000021e5a438110, 0x0000021e5a438e30,
0x0000021e5a437a80, 0x0000021e5a4373f0, 0x0000021e5a43c2b0, 0x0000021e5a43af00,
0x0000021e5a4394c0, 0x0000021e5a43bc20, 0x0000021e5a43b590, 0x0000021e5a43c940,
0x0000021e5a43cfd0, 0x0000021e5a439b50, 0x0000021e5a43d660, 0x0000021e5a03a570,
0x0000021e5a03b920, 0x0000021e5a03ac00, 0x0000021e5a03b290, 0x0000021e5a039850,
0x0000021e5a03bfb0, 0x0000021e595dd9d0, 0x0000021e5aee58c0
}

Java Threads: ( => current thread )
  0x0000021e7787ccd0 JavaThread "main"                              [_thread_blocked, id=1052, stack(0x0000006808000000,0x0000006808100000) (1024K)]
  0x0000021e7f32e320 JavaThread "Reference Handler"          daemon [_thread_blocked, id=18500, stack(0x0000006808400000,0x0000006808500000) (1024K)]
  0x0000021e77922860 JavaThread "Finalizer"                  daemon [_thread_blocked, id=17224, stack(0x0000006808500000,0x0000006808600000) (1024K)]
  0x0000021e77924850 JavaThread "Signal Dispatcher"          daemon [_thread_blocked, id=24076, stack(0x0000006808600000,0x0000006808700000) (1024K)]
  0x0000021e779254a0 JavaThread "Attach Listener"            daemon [_thread_in_vm, id=25032, stack(0x0000006808700000,0x0000006808800000) (1024K)]
  0x0000021e77928300 JavaThread "Service Thread"             daemon [_thread_blocked, id=25372, stack(0x0000006808800000,0x0000006808900000) (1024K)]
  0x0000021e7792e310 JavaThread "Monitor Deflation Thread"   daemon [_thread_blocked, id=23812, stack(0x0000006808900000,0x0000006808a00000) (1024K)]
  0x0000021e77929e40 JavaThread "C2 CompilerThread0"         daemon [_thread_in_native, id=10612, stack(0x0000006808a00000,0x0000006808b00000) (1024K)]
  0x0000021e50691ff0 JavaThread "C1 CompilerThread0"         daemon [_thread_blocked, id=11088, stack(0x0000006808b00000,0x0000006808c00000) (1024K)]
  0x0000021e50888a00 JavaThread "Common-Cleaner"             daemon [_thread_blocked, id=9896, stack(0x0000006808c00000,0x0000006808d00000) (1024K)]
  0x0000021e5099a180 JavaThread "Notification Thread"        daemon [_thread_blocked, id=24776, stack(0x0000006808d00000,0x0000006808e00000) (1024K)]
  0x0000021e51b7fbd0 JavaThread "Active Thread: Equinox Container: 58019826-2d29-45aa-ba5a-3d5460969ba4"        [_thread_blocked, id=24996, stack(0x0000006808e00000,0x0000006808f00000) (1024K)]
  0x0000021e51e10690 JavaThread "Refresh Thread: Equinox Container: 58019826-2d29-45aa-ba5a-3d5460969ba4" daemon [_thread_blocked, id=21648, stack(0x0000006809600000,0x0000006809700000) (1024K)]
  0x0000021e50a1eaa0 JavaThread "Framework Event Dispatcher: Equinox Container: 58019826-2d29-45aa-ba5a-3d5460969ba4" daemon [_thread_blocked, id=23840, stack(0x0000006809700000,0x0000006809800000) (1024K)]
  0x0000021e560ca5d0 JavaThread "Start Level: Equinox Container: 58019826-2d29-45aa-ba5a-3d5460969ba4" daemon [_thread_blocked, id=11336, stack(0x0000006809800000,0x0000006809900000) (1024K)]
  0x0000021e56354300 JavaThread "Bundle File Closer"         daemon [_thread_blocked, id=23164, stack(0x0000006809c00000,0x0000006809d00000) (1024K)]
  0x0000021e56130e70 JavaThread "SCR Component Actor"        daemon [_thread_blocked, id=12124, stack(0x0000006809900000,0x0000006809a00000) (1024K)]
  0x0000021e56056e60 JavaThread "Worker-JM"                         [_thread_blocked, id=19116, stack(0x0000006809f00000,0x000000680a000000) (1024K)]
  0x0000021e50a5c890 JavaThread "JNA Cleaner"                daemon [_thread_blocked, id=24892, stack(0x000000680a000000,0x000000680a100000) (1024K)]
  0x0000021e5189b150 JavaThread "Worker-0"                          [_thread_blocked, id=16512, stack(0x000000680a100000,0x000000680a200000) (1024K)]
  0x0000021e5189b7e0 JavaThread "Worker-1"                          [_thread_blocked, id=24992, stack(0x000000680a200000,0x000000680a300000) (1024K)]
  0x0000021e5189a430 JavaThread "Java indexing"              daemon [_thread_blocked, id=19960, stack(0x000000680a300000,0x000000680a400000) (1024K)]
  0x0000021e5189be70 JavaThread "Worker-2"                          [_thread_blocked, id=25276, stack(0x000000680a600000,0x000000680a700000) (1024K)]
  0x0000021e5189aac0 JavaThread "Worker-3"                          [_thread_blocked, id=18228, stack(0x000000680a700000,0x000000680a800000) (1024K)]
  0x0000021e5189c500 JavaThread "Thread-1"                   daemon [_thread_in_native, id=5784, stack(0x000000680a800000,0x000000680a900000) (1024K)]
  0x0000021e51899080 JavaThread "Thread-2"                   daemon [_thread_in_native, id=25036, stack(0x000000680a900000,0x000000680aa00000) (1024K)]
  0x0000021e51899710 JavaThread "Thread-3"                   daemon [_thread_in_native, id=22960, stack(0x000000680aa00000,0x000000680ab00000) (1024K)]
  0x0000021e51899da0 JavaThread "Thread-4"                   daemon [_thread_in_native, id=24296, stack(0x000000680ab00000,0x000000680ac00000) (1024K)]
  0x0000021e5a4366d0 JavaThread "Thread-5"                   daemon [_thread_in_native, id=23864, stack(0x000000680ac00000,0x000000680ad00000) (1024K)]
  0x0000021e5a436040 JavaThread "Thread-6"                   daemon [_thread_in_native, id=25344, stack(0x000000680ad00000,0x000000680ae00000) (1024K)]
  0x0000021e5a43a1e0 JavaThread "Thread-7"                   daemon [_thread_in_native, id=21104, stack(0x000000680ae00000,0x000000680af00000) (1024K)]
  0x0000021e5a436d60 JavaThread "Thread-8"                   daemon [_thread_in_native, id=10172, stack(0x000000680af00000,0x000000680b000000) (1024K)]
  0x0000021e5a4387a0 JavaThread "Thread-9"                   daemon [_thread_in_native, id=6776, stack(0x000000680b000000,0x000000680b100000) (1024K)]
  0x0000021e5a43a870 JavaThread "Thread-10"                  daemon [_thread_in_native, id=18468, stack(0x000000680b100000,0x000000680b200000) (1024K)]
  0x0000021e5a438110 JavaThread "Thread-11"                  daemon [_thread_in_native, id=25480, stack(0x000000680b200000,0x000000680b300000) (1024K)]
  0x0000021e5a438e30 JavaThread "Thread-12"                  daemon [_thread_in_native, id=11684, stack(0x000000680b300000,0x000000680b400000) (1024K)]
  0x0000021e5a437a80 JavaThread "Thread-13"                  daemon [_thread_in_native, id=7808, stack(0x000000680b400000,0x000000680b500000) (1024K)]
  0x0000021e5a4373f0 JavaThread "pool-2-thread-1"                   [_thread_blocked, id=4560, stack(0x000000680b500000,0x000000680b600000) (1024K)]
  0x0000021e5a43c2b0 JavaThread "WorkspaceEventsHandler"            [_thread_blocked, id=19864, stack(0x000000680b600000,0x000000680b700000) (1024K)]
  0x0000021e5a43af00 JavaThread "pool-1-thread-1"                   [_thread_blocked, id=23744, stack(0x000000680b700000,0x000000680b800000) (1024K)]
  0x0000021e5a4394c0 JavaThread "ForkJoinPool.commonPool-worker-1" daemon [_thread_blocked, id=24392, stack(0x000000680b800000,0x000000680b900000) (1024K)]
  0x0000021e5a43bc20 JavaThread "ForkJoinPool.commonPool-worker-2" daemon [_thread_blocked, id=23932, stack(0x000000680b900000,0x000000680ba00000) (1024K)]
  0x0000021e5a43b590 JavaThread "ForkJoinPool.commonPool-worker-3" daemon [_thread_blocked, id=1012, stack(0x000000680ba00000,0x000000680bb00000) (1024K)]
  0x0000021e5a43c940 JavaThread "ForkJoinPool.commonPool-worker-4" daemon [_thread_blocked, id=2164, stack(0x000000680bb00000,0x000000680bc00000) (1024K)]
  0x0000021e5a43cfd0 JavaThread "ForkJoinPool.commonPool-worker-5" daemon [_thread_blocked, id=7000, stack(0x000000680bc00000,0x000000680bd00000) (1024K)]
  0x0000021e5a439b50 JavaThread "ForkJoinPool.commonPool-worker-6" daemon [_thread_blocked, id=24820, stack(0x000000680bd00000,0x000000680be00000) (1024K)]
  0x0000021e5a43d660 JavaThread "ForkJoinPool.commonPool-worker-7" daemon [_thread_blocked, id=24864, stack(0x000000680be00000,0x000000680bf00000) (1024K)]
  0x0000021e5a03a570 JavaThread "ForkJoinPool.commonPool-worker-8" daemon [_thread_blocked, id=21536, stack(0x000000680bf00000,0x000000680c000000) (1024K)]
  0x0000021e5a03b920 JavaThread "ForkJoinPool.commonPool-worker-9" daemon [_thread_blocked, id=15176, stack(0x000000680c000000,0x000000680c100000) (1024K)]
  0x0000021e5a03ac00 JavaThread "ForkJoinPool.commonPool-worker-10" daemon [_thread_blocked, id=22524, stack(0x000000680c100000,0x000000680c200000) (1024K)]
  0x0000021e5a03b290 JavaThread "ForkJoinPool.commonPool-worker-11" daemon [_thread_blocked, id=9784, stack(0x000000680c200000,0x000000680c300000) (1024K)]
  0x0000021e5a039850 JavaThread "Timer-0"                           [_thread_blocked, id=20060, stack(0x000000680c300000,0x000000680c400000) (1024K)]
  0x0000021e5a03bfb0 JavaThread "Worker-4"                          [_thread_blocked, id=20688, stack(0x0000006809d00000,0x0000006809e00000) (1024K)]
  0x0000021e595dd9d0 JavaThread "C2 CompilerThread1"         daemon [_thread_blocked, id=24556, stack(0x0000006807f00000,0x0000006808000000) (1024K)]
=>0x0000021e5aee58c0 JavaThread "C2 CompilerThread2"         daemon [_thread_in_native, id=6608, stack(0x0000006809e00000,0x0000006809f00000) (1024K)]
Total: 55

Other Threads:
  0x0000021e7791ea00 VMThread "VM Thread"                           [id=24748, stack(0x0000006808300000,0x0000006808400000) (1024K)]
  0x0000021e778ebcf0 WatcherThread "VM Periodic Task Thread"        [id=3088, stack(0x0000006808200000,0x0000006808300000) (1024K)]
  0x0000021e7789c4f0 WorkerThread "GC Thread#0"                     [id=25556, stack(0x0000006808100000,0x0000006808200000) (1024K)]
  0x0000021e51aebc90 WorkerThread "GC Thread#1"                     [id=24376, stack(0x0000006808f00000,0x0000006809000000) (1024K)]
  0x0000021e51aed070 WorkerThread "GC Thread#2"                     [id=5392, stack(0x0000006809000000,0x0000006809100000) (1024K)]
  0x0000021e51ae3260 WorkerThread "GC Thread#3"                     [id=22804, stack(0x0000006809100000,0x0000006809200000) (1024K)]
  0x0000021e51ae0c00 WorkerThread "GC Thread#4"                     [id=19832, stack(0x0000006809200000,0x0000006809300000) (1024K)]
  0x0000021e51834850 WorkerThread "GC Thread#5"                     [id=25488, stack(0x0000006809300000,0x0000006809400000) (1024K)]
  0x0000021e51834bf0 WorkerThread "GC Thread#6"                     [id=21844, stack(0x0000006809400000,0x0000006809500000) (1024K)]
  0x0000021e51c657d0 WorkerThread "GC Thread#7"                     [id=21108, stack(0x0000006809500000,0x0000006809600000) (1024K)]
  0x0000021e51c65430 WorkerThread "GC Thread#8"                     [id=19380, stack(0x0000006809a00000,0x0000006809b00000) (1024K)]
  0x0000021e51c65b70 WorkerThread "GC Thread#9"                     [id=12972, stack(0x0000006809b00000,0x0000006809c00000) (1024K)]
Total: 12

Threads with active compile tasks:
C2 CompilerThread0  52475 11975   !   4       lombok.core.FieldAugment$ReflectionFieldAugment::getAndSet (80 bytes)
C2 CompilerThread2  52475 12020       4       lombok.eclipse.handlers.EclipseHandlerUtil::setGeneratedBy (10 bytes)
Total: 2

VM state: not at safepoint (normal execution)

VM Mutex/Monitor currently owned by a thread: None

Heap address: 0x0000000080000000, size: 2048 MB, Compressed Oops mode: 32-bit

CDS archive(s) mapped at: [0x0000021e0f000000-0x0000021e0fba0000-0x0000021e0fba0000), size 12189696, SharedBaseAddress: 0x0000021e0f000000, ArchiveRelocationMode: 1.
Compressed class space mapped at: 0x0000021e10000000-0x0000021e50000000, reserved size: 1073741824
Narrow klass base: 0x0000021e0f000000, Narrow klass shift: 0, Narrow klass range: 0x100000000

GC Precious Log:
 CardTable entry size: 512
 CPUs: 12 total, 12 available
 Memory: 7913M
 Large Page Support: Disabled
 NUMA Support: Disabled
 Compressed Oops: Enabled (32-bit)
 Alignments: Space 512K, Generation 512K, Heap 2M
 Heap Min Capacity: 100M
 Heap Initial Capacity: 100M
 Heap Max Capacity: 2G
 Pre-touch: Disabled
 Parallel Workers: 10

Heap:
 PSYoungGen      total 6656K, used 3361K [0x00000000d5580000, 0x00000000d5d00000, 0x0000000100000000)
  eden space 6144K, 47% used [0x00000000d5580000,0x00000000d5860568,0x00000000d5b80000)
  from space 512K, 81% used [0x00000000d5c00000,0x00000000d5c68000,0x00000000d5c80000)
  to   space 512K, 0% used [0x00000000d5c80000,0x00000000d5c80000,0x00000000d5d00000)
 ParOldGen       total 119808K, used 119801K [0x0000000080000000, 0x0000000087500000, 0x00000000d5580000)
  object space 119808K, 99% used [0x0000000080000000,0x00000000874fe408,0x0000000087500000)
 Metaspace       used 69199K, committed 70720K, reserved 1114112K
  class space    used 7809K, committed 8448K, reserved 1048576K

Card table byte_map: [0x0000021e77220000,0x0000021e77630000] _byte_map_base: 0x0000021e76e20000

Marking Bits: (ParMarkBitMap*) 0x00007ffa3c252460
 Begin Bits: [0x0000021e7ad30000, 0x0000021e7cd30000)
 End Bits:   [0x0000021e7cd30000, 0x0000021e7ed30000)

Polling page: 0x0000021e75720000

Metaspace:

Usage:
  Non-class:     59.95 MB used.
      Class:      7.63 MB used.
       Both:     67.58 MB used.

Virtual space:
  Non-class space:       64.00 MB reserved,      60.81 MB ( 95%) committed,  1 nodes.
      Class space:        1.00 GB reserved,       8.25 MB ( <1%) committed,  1 nodes.
             Both:        1.06 GB reserved,      69.06 MB (  6%) committed. 

Chunk freelists:
   Non-Class:  3.01 MB
       Class:  7.75 MB
        Both:  10.77 MB

MaxMetaspaceSize: unlimited
CompressedClassSpaceSize: 1.00 GB
Initial GC threshold: 21.00 MB
Current GC threshold: 97.31 MB
CDS: on
 - commit_granule_bytes: 65536.
 - commit_granule_words: 8192.
 - virtual_space_node_default_size: 8388608.
 - enlarge_chunks_in_place: 1.
 - use_allocation_guard: 0.


Internal statistics:

num_allocs_failed_limit: 9.
num_arena_births: 1378.
num_arena_deaths: 14.
num_vsnodes_births: 2.
num_vsnodes_deaths: 0.
num_space_committed: 1105.
num_space_uncommitted: 0.
num_chunks_returned_to_freelist: 23.
num_chunks_taken_from_freelist: 4524.
num_chunk_merges: 12.
num_chunk_splits: 2882.
num_chunks_enlarged: 1750.
num_inconsistent_stats: 0.

CodeHeap 'non-profiled nmethods': size=120000Kb used=9364Kb max_used=9364Kb free=110635Kb
 bounds [0x0000021e07ad0000, 0x0000021e08400000, 0x0000021e0f000000]
CodeHeap 'profiled nmethods': size=120000Kb used=25873Kb max_used=25873Kb free=94126Kb
 bounds [0x0000021e00000000, 0x0000021e01950000, 0x0000021e07530000]
CodeHeap 'non-nmethods': size=5760Kb used=1435Kb max_used=1502Kb free=4324Kb
 bounds [0x0000021e07530000, 0x0000021e077a0000, 0x0000021e07ad0000]
CodeCache: size=245760Kb, used=36672Kb, max_used=36739Kb, free=209085Kb
 total_blobs=12029, nmethods=11293, adapters=642, full_count=0
Compilation: enabled, stopped_count=0, restarted_count=0

Compilation events (20 events):
Event: 49.780 Thread 0x0000021e50691ff0 nmethod 12071 0x0000021e01942c90 code [0x0000021e01942e40, 0x0000021e01942fd0]
Event: 49.780 Thread 0x0000021e50691ff0 12069       3       org.eclipse.jdt.internal.compiler.ast.QualifiedTypeReference::getLastToken (13 bytes)
Event: 49.781 Thread 0x0000021e50691ff0 nmethod 12069 0x0000021e01943090 code [0x0000021e01943220, 0x0000021e01943358]
Event: 49.781 Thread 0x0000021e50691ff0 12072       3       java.lang.invoke.DirectMethodHandle$Holder::getInt (28 bytes)
Event: 49.781 Thread 0x0000021e50691ff0 nmethod 12072 0x0000021e01943410 code [0x0000021e019435e0, 0x0000021e01943be8]
Event: 49.801 Thread 0x0000021e50691ff0 12073       3       org.eclipse.core.runtime.jobs.Job::isSystem (5 bytes)
Event: 49.802 Thread 0x0000021e50691ff0 nmethod 12073 0x0000021e01943d90 code [0x0000021e01943f40, 0x0000021e019440f0]
Event: 49.802 Thread 0x0000021e50691ff0 12074       3       org.eclipse.core.internal.jobs.InternalJob::isSystem (15 bytes)
Event: 49.802 Thread 0x0000021e50691ff0 nmethod 12074 0x0000021e01944190 code [0x0000021e01944340, 0x0000021e019444b8]
Event: 49.840 Thread 0x0000021e595dd9d0 nmethod 11868 0x0000021e083c2f90 code [0x0000021e083c3d80, 0x0000021e083cbc78]
Event: 49.842 Thread 0x0000021e595dd9d0 12060   !   4       lombok.core.AST::buildWithField0 (121 bytes)
Event: 50.158 Thread 0x0000021e5aee58c0 nmethod 12029 0x0000021e083d1790 code [0x0000021e083d28e0, 0x0000021e083dc1d8]
Event: 50.160 Thread 0x0000021e5aee58c0 12020       4       lombok.eclipse.handlers.EclipseHandlerUtil::setGeneratedBy (10 bytes)
Event: 50.187 Thread 0x0000021e595dd9d0 nmethod 12060 0x0000021e083e2c90 code [0x0000021e083e3be0, 0x0000021e083ee118]
Event: 50.188 Thread 0x0000021e595dd9d0 12021       4       java.lang.invoke.LambdaForm$MH/0x0000021e10824000::invoke (42 bytes)
Event: 50.189 Thread 0x0000021e595dd9d0 nmethod 12021 0x0000021e083f4310 code [0x0000021e083f44a0, 0x0000021e083f4560]
Event: 50.189 Thread 0x0000021e595dd9d0 12050       4       java.lang.invoke.LambdaForm$MH/0x0000021e10824400::invoke (55 bytes)
Event: 50.189 Thread 0x0000021e595dd9d0 nmethod 12050 0x0000021e083f4710 code [0x0000021e083f48a0, 0x0000021e083f49c0]
Event: 50.189 Thread 0x0000021e595dd9d0 12028       4       java.lang.invoke.LambdaForm$MH/0x0000021e10014c00::invoke (35 bytes)
Event: 50.190 Thread 0x0000021e595dd9d0 nmethod 12028 0x0000021e083f4b90 code [0x0000021e083f4d40, 0x0000021e083f4ee0]

GC Heap History (20 events):
Event: 49.174 GC heap before
{Heap before GC invocations=215 (full 3):
 PSYoungGen      total 7168K, used 6803K [0x00000000d5580000, 0x00000000d5e80000, 0x0000000100000000)
  eden space 6144K, 100% used [0x00000000d5580000,0x00000000d5b80000,0x00000000d5b80000)
  from space 1024K, 64% used [0x00000000d5b80000,0x00000000d5c24df8,0x00000000d5c80000)
  to   space 1536K, 0% used [0x00000000d5d00000,0x00000000d5d00000,0x00000000d5e80000)
 ParOldGen       total 119296K, used 118825K [0x0000000080000000, 0x0000000087480000, 0x00000000d5580000)
  object space 119296K, 99% used [0x0000000080000000,0x000000008740a400,0x0000000087480000)
 Metaspace       used 66915K, committed 68416K, reserved 1114112K
  class space    used 7571K, committed 8256K, reserved 1048576K
}
Event: 49.174 GC heap after
{Heap after GC invocations=215 (full 3):
 PSYoungGen      total 7680K, used 1221K [0x00000000d5580000, 0x00000000d5e80000, 0x0000000100000000)
  eden space 6144K, 0% used [0x00000000d5580000,0x00000000d5580000,0x00000000d5b80000)
  from space 1536K, 79% used [0x00000000d5d00000,0x00000000d5e31420,0x00000000d5e80000)
  to   space 1536K, 0% used [0x00000000d5b80000,0x00000000d5b80000,0x00000000d5d00000)
 ParOldGen       total 119296K, used 118825K [0x0000000080000000, 0x0000000087480000, 0x00000000d5580000)
  object space 119296K, 99% used [0x0000000080000000,0x000000008740a400,0x0000000087480000)
 Metaspace       used 66915K, committed 68416K, reserved 1114112K
  class space    used 7571K, committed 8256K, reserved 1048576K
}
Event: 49.186 GC heap before
{Heap before GC invocations=216 (full 3):
 PSYoungGen      total 7680K, used 7365K [0x00000000d5580000, 0x00000000d5e80000, 0x0000000100000000)
  eden space 6144K, 100% used [0x00000000d5580000,0x00000000d5b80000,0x00000000d5b80000)
  from space 1536K, 79% used [0x00000000d5d00000,0x00000000d5e31420,0x00000000d5e80000)
  to   space 1536K, 0% used [0x00000000d5b80000,0x00000000d5b80000,0x00000000d5d00000)
 ParOldGen       total 119296K, used 118825K [0x0000000080000000, 0x0000000087480000, 0x00000000d5580000)
  object space 119296K, 99% used [0x0000000080000000,0x000000008740a400,0x0000000087480000)
 Metaspace       used 66921K, committed 68416K, reserved 1114112K
  class space    used 7571K, committed 8256K, reserved 1048576K
}
Event: 49.187 GC heap after
{Heap after GC invocations=216 (full 3):
 PSYoungGen      total 7680K, used 1124K [0x00000000d5580000, 0x00000000d5e80000, 0x0000000100000000)
  eden space 6144K, 0% used [0x00000000d5580000,0x00000000d5580000,0x00000000d5b80000)
  from space 1536K, 73% used [0x00000000d5b80000,0x00000000d5c99018,0x00000000d5d00000)
  to   space 1536K, 0% used [0x00000000d5d00000,0x00000000d5d00000,0x00000000d5e80000)
 ParOldGen       total 119296K, used 118841K [0x0000000080000000, 0x0000000087480000, 0x00000000d5580000)
  object space 119296K, 99% used [0x0000000080000000,0x000000008740e400,0x0000000087480000)
 Metaspace       used 66921K, committed 68416K, reserved 1114112K
  class space    used 7571K, committed 8256K, reserved 1048576K
}
Event: 49.193 GC heap before
{Heap before GC invocations=217 (full 3):
 PSYoungGen      total 7680K, used 7236K [0x00000000d5580000, 0x00000000d5e80000, 0x0000000100000000)
  eden space 6144K, 99% used [0x00000000d5580000,0x00000000d5b783a8,0x00000000d5b80000)
  from space 1536K, 73% used [0x00000000d5b80000,0x00000000d5c99018,0x00000000d5d00000)
  to   space 1536K, 0% used [0x00000000d5d00000,0x00000000d5d00000,0x00000000d5e80000)
 ParOldGen       total 119296K, used 118841K [0x0000000080000000, 0x0000000087480000, 0x00000000d5580000)
  object space 119296K, 99% used [0x0000000080000000,0x000000008740e400,0x0000000087480000)
 Metaspace       used 66922K, committed 68416K, reserved 1114112K
  class space    used 7571K, committed 8256K, reserved 1048576K
}
Event: 49.194 GC heap after
{Heap after GC invocations=217 (full 3):
 PSYoungGen      total 7680K, used 1014K [0x00000000d5580000, 0x00000000d5e80000, 0x0000000100000000)
  eden space 6144K, 0% used [0x00000000d5580000,0x00000000d5580000,0x00000000d5b80000)
  from space 1536K, 66% used [0x00000000d5d00000,0x00000000d5dfda18,0x00000000d5e80000)
  to   space 1536K, 0% used [0x00000000d5b80000,0x00000000d5b80000,0x00000000d5d00000)
 ParOldGen       total 119296K, used 118857K [0x0000000080000000, 0x0000000087480000, 0x00000000d5580000)
  object space 119296K, 99% used [0x0000000080000000,0x0000000087412400,0x0000000087480000)
 Metaspace       used 66922K, committed 68416K, reserved 1114112K
  class space    used 7571K, committed 8256K, reserved 1048576K
}
Event: 49.202 GC heap before
{Heap before GC invocations=218 (full 3):
 PSYoungGen      total 7680K, used 7158K [0x00000000d5580000, 0x00000000d5e80000, 0x0000000100000000)
  eden space 6144K, 100% used [0x00000000d5580000,0x00000000d5b80000,0x00000000d5b80000)
  from space 1536K, 66% used [0x00000000d5d00000,0x00000000d5dfda18,0x00000000d5e80000)
  to   space 1536K, 0% used [0x00000000d5b80000,0x00000000d5b80000,0x00000000d5d00000)
 ParOldGen       total 119296K, used 118857K [0x0000000080000000, 0x0000000087480000, 0x00000000d5580000)
  object space 119296K, 99% used [0x0000000080000000,0x0000000087412400,0x0000000087480000)
 Metaspace       used 66923K, committed 68416K, reserved 1114112K
  class space    used 7571K, committed 8256K, reserved 1048576K
}
Event: 49.203 GC heap after
{Heap after GC invocations=218 (full 3):
 PSYoungGen      total 7168K, used 938K [0x00000000d5580000, 0x00000000d5d80000, 0x0000000100000000)
  eden space 6144K, 0% used [0x00000000d5580000,0x00000000d5580000,0x00000000d5b80000)
  from space 1024K, 91% used [0x00000000d5b80000,0x00000000d5c6ab40,0x00000000d5c80000)
  to   space 1024K, 0% used [0x00000000d5c80000,0x00000000d5c80000,0x00000000d5d80000)
 ParOldGen       total 119296K, used 118881K [0x0000000080000000, 0x0000000087480000, 0x00000000d5580000)
  object space 119296K, 99% used [0x0000000080000000,0x0000000087418400,0x0000000087480000)
 Metaspace       used 66923K, committed 68416K, reserved 1114112K
  class space    used 7571K, committed 8256K, reserved 1048576K
}
Event: 49.270 GC heap before
{Heap before GC invocations=219 (full 3):
 PSYoungGen      total 7168K, used 7082K [0x00000000d5580000, 0x00000000d5d80000, 0x0000000100000000)
  eden space 6144K, 100% used [0x00000000d5580000,0x00000000d5b80000,0x00000000d5b80000)
  from space 1024K, 91% used [0x00000000d5b80000,0x00000000d5c6ab40,0x00000000d5c80000)
  to   space 1024K, 0% used [0x00000000d5c80000,0x00000000d5c80000,0x00000000d5d80000)
 ParOldGen       total 119296K, used 118881K [0x0000000080000000, 0x0000000087480000, 0x00000000d5580000)
  object space 119296K, 99% used [0x0000000080000000,0x0000000087418400,0x0000000087480000)
 Metaspace       used 68009K, committed 69504K, reserved 1114112K
  class space    used 7673K, committed 8320K, reserved 1048576K
}
Event: 49.271 GC heap after
{Heap after GC invocations=219 (full 3):
 PSYoungGen      total 7168K, used 416K [0x00000000d5580000, 0x00000000d5d80000, 0x0000000100000000)
  eden space 6144K, 0% used [0x00000000d5580000,0x00000000d5580000,0x00000000d5b80000)
  from space 1024K, 40% used [0x00000000d5c80000,0x00000000d5ce8010,0x00000000d5d80000)
  to   space 1024K, 0% used [0x00000000d5b80000,0x00000000d5b80000,0x00000000d5c80000)
 ParOldGen       total 119296K, used 118905K [0x0000000080000000, 0x0000000087480000, 0x00000000d5580000)
  object space 119296K, 99% used [0x0000000080000000,0x000000008741e400,0x0000000087480000)
 Metaspace       used 68009K, committed 69504K, reserved 1114112K
  class space    used 7673K, committed 8320K, reserved 1048576K
}
Event: 49.353 GC heap before
{Heap before GC invocations=220 (full 3):
 PSYoungGen      total 7168K, used 6560K [0x00000000d5580000, 0x00000000d5d80000, 0x0000000100000000)
  eden space 6144K, 100% used [0x00000000d5580000,0x00000000d5b80000,0x00000000d5b80000)
  from space 1024K, 40% used [0x00000000d5c80000,0x00000000d5ce8010,0x00000000d5d80000)
  to   space 1024K, 0% used [0x00000000d5b80000,0x00000000d5b80000,0x00000000d5c80000)
 ParOldGen       total 119296K, used 118905K [0x0000000080000000, 0x0000000087480000, 0x00000000d5580000)
  object space 119296K, 99% used [0x0000000080000000,0x000000008741e400,0x0000000087480000)
 Metaspace       used 68336K, committed 69888K, reserved 1114112K
  class space    used 7705K, committed 8384K, reserved 1048576K
}
Event: 49.355 GC heap after
{Heap after GC invocations=220 (full 3):
 PSYoungGen      total 7168K, used 448K [0x00000000d5580000, 0x00000000d5d00000, 0x0000000100000000)
  eden space 6144K, 0% used [0x00000000d5580000,0x00000000d5580000,0x00000000d5b80000)
  from space 1024K, 43% used [0x00000000d5b80000,0x00000000d5bf0000,0x00000000d5c80000)
  to   space 512K, 0% used [0x00000000d5c80000,0x00000000d5c80000,0x00000000d5d00000)
 ParOldGen       total 119296K, used 119025K [0x0000000080000000, 0x0000000087480000, 0x00000000d5580000)
  object space 119296K, 99% used [0x0000000080000000,0x000000008743c400,0x0000000087480000)
 Metaspace       used 68336K, committed 69888K, reserved 1114112K
  class space    used 7705K, committed 8384K, reserved 1048576K
}
Event: 49.473 GC heap before
{Heap before GC invocations=221 (full 3):
 PSYoungGen      total 7168K, used 6592K [0x00000000d5580000, 0x00000000d5d00000, 0x0000000100000000)
  eden space 6144K, 100% used [0x00000000d5580000,0x00000000d5b80000,0x00000000d5b80000)
  from space 1024K, 43% used [0x00000000d5b80000,0x00000000d5bf0000,0x00000000d5c80000)
  to   space 512K, 0% used [0x00000000d5c80000,0x00000000d5c80000,0x00000000d5d00000)
 ParOldGen       total 119296K, used 119025K [0x0000000080000000, 0x0000000087480000, 0x00000000d5580000)
  object space 119296K, 99% used [0x0000000080000000,0x000000008743c400,0x0000000087480000)
 Metaspace       used 68708K, committed 70272K, reserved 1114112K
  class space    used 7758K, committed 8448K, reserved 1048576K
}
Event: 49.474 GC heap after
{Heap after GC invocations=221 (full 3):
 PSYoungGen      total 6656K, used 384K [0x00000000d5580000, 0x00000000d5d00000, 0x0000000100000000)
  eden space 6144K, 0% used [0x00000000d5580000,0x00000000d5580000,0x00000000d5b80000)
  from space 512K, 75% used [0x00000000d5c80000,0x00000000d5ce0000,0x00000000d5d00000)
  to   space 512K, 0% used [0x00000000d5c00000,0x00000000d5c00000,0x00000000d5c80000)
 ParOldGen       total 119808K, used 119329K [0x0000000080000000, 0x0000000087500000, 0x00000000d5580000)
  object space 119808K, 99% used [0x0000000080000000,0x0000000087488420,0x0000000087500000)
 Metaspace       used 68708K, committed 70272K, reserved 1114112K
  class space    used 7758K, committed 8448K, reserved 1048576K
}
Event: 49.565 GC heap before
{Heap before GC invocations=222 (full 3):
 PSYoungGen      total 6656K, used 6528K [0x00000000d5580000, 0x00000000d5d00000, 0x0000000100000000)
  eden space 6144K, 100% used [0x00000000d5580000,0x00000000d5b80000,0x00000000d5b80000)
  from space 512K, 75% used [0x00000000d5c80000,0x00000000d5ce0000,0x00000000d5d00000)
  to   space 512K, 0% used [0x00000000d5c00000,0x00000000d5c00000,0x00000000d5c80000)
 ParOldGen       total 119808K, used 119329K [0x0000000080000000, 0x0000000087500000, 0x00000000d5580000)
  object space 119808K, 99% used [0x0000000080000000,0x0000000087488420,0x0000000087500000)
 Metaspace       used 69044K, committed 70592K, reserved 1114112K
  class space    used 7797K, committed 8448K, reserved 1048576K
}
Event: 49.566 GC heap after
{Heap after GC invocations=222 (full 3):
 PSYoungGen      total 6656K, used 352K [0x00000000d5580000, 0x00000000d5d00000, 0x0000000100000000)
  eden space 6144K, 0% used [0x00000000d5580000,0x00000000d5580000,0x00000000d5b80000)
  from space 512K, 68% used [0x00000000d5c00000,0x00000000d5c58000,0x00000000d5c80000)
  to   space 512K, 0% used [0x00000000d5c80000,0x00000000d5c80000,0x00000000d5d00000)
 ParOldGen       total 119808K, used 119524K [0x0000000080000000, 0x0000000087500000, 0x00000000d5580000)
  object space 119808K, 99% used [0x0000000080000000,0x00000000874b90e8,0x0000000087500000)
 Metaspace       used 69044K, committed 70592K, reserved 1114112K
  class space    used 7797K, committed 8448K, reserved 1048576K
}
Event: 49.649 GC heap before
{Heap before GC invocations=223 (full 3):
 PSYoungGen      total 6656K, used 6496K [0x00000000d5580000, 0x00000000d5d00000, 0x0000000100000000)
  eden space 6144K, 100% used [0x00000000d5580000,0x00000000d5b80000,0x00000000d5b80000)
  from space 512K, 68% used [0x00000000d5c00000,0x00000000d5c58000,0x00000000d5c80000)
  to   space 512K, 0% used [0x00000000d5c80000,0x00000000d5c80000,0x00000000d5d00000)
 ParOldGen       total 119808K, used 119524K [0x0000000080000000, 0x0000000087500000, 0x00000000d5580000)
  object space 119808K, 99% used [0x0000000080000000,0x00000000874b90e8,0x0000000087500000)
 Metaspace       used 69097K, committed 70656K, reserved 1114112K
  class space    used 7801K, committed 8448K, reserved 1048576K
}
Event: 49.651 GC heap after
{Heap after GC invocations=223 (full 3):
 PSYoungGen      total 6656K, used 432K [0x00000000d5580000, 0x00000000d5d00000, 0x0000000100000000)
  eden space 6144K, 0% used [0x00000000d5580000,0x00000000d5580000,0x00000000d5b80000)
  from space 512K, 84% used [0x00000000d5c80000,0x00000000d5cec010,0x00000000d5d00000)
  to   space 512K, 0% used [0x00000000d5c00000,0x00000000d5c00000,0x00000000d5c80000)
 ParOldGen       total 119808K, used 119692K [0x0000000080000000, 0x0000000087500000, 0x00000000d5580000)
  object space 119808K, 99% used [0x0000000080000000,0x00000000874e3298,0x0000000087500000)
 Metaspace       used 69097K, committed 70656K, reserved 1114112K
  class space    used 7801K, committed 8448K, reserved 1048576K
}
Event: 49.765 GC heap before
{Heap before GC invocations=224 (full 3):
 PSYoungGen      total 6656K, used 6576K [0x00000000d5580000, 0x00000000d5d00000, 0x0000000100000000)
  eden space 6144K, 100% used [0x00000000d5580000,0x00000000d5b80000,0x00000000d5b80000)
  from space 512K, 84% used [0x00000000d5c80000,0x00000000d5cec010,0x00000000d5d00000)
  to   space 512K, 0% used [0x00000000d5c00000,0x00000000d5c00000,0x00000000d5c80000)
 ParOldGen       total 119808K, used 119692K [0x0000000080000000, 0x0000000087500000, 0x00000000d5580000)
  object space 119808K, 99% used [0x0000000080000000,0x00000000874e3298,0x0000000087500000)
 Metaspace       used 69160K, committed 70720K, reserved 1114112K
  class space    used 7804K, committed 8448K, reserved 1048576K
}
Event: 49.766 GC heap after
{Heap after GC invocations=224 (full 3):
 PSYoungGen      total 6656K, used 416K [0x00000000d5580000, 0x00000000d5d00000, 0x0000000100000000)
  eden space 6144K, 0% used [0x00000000d5580000,0x00000000d5580000,0x00000000d5b80000)
  from space 512K, 81% used [0x00000000d5c00000,0x00000000d5c68000,0x00000000d5c80000)
  to   space 512K, 0% used [0x00000000d5c80000,0x00000000d5c80000,0x00000000d5d00000)
 ParOldGen       total 119808K, used 119801K [0x0000000080000000, 0x0000000087500000, 0x00000000d5580000)
  object space 119808K, 99% used [0x0000000080000000,0x00000000874fe408,0x0000000087500000)
 Metaspace       used 69160K, committed 70720K, reserved 1114112K
  class space    used 7804K, committed 8448K, reserved 1048576K
}

Dll operation events (13 events):
Event: 0.020 Loaded shared library c:\Users\nibin\.antigravity\extensions\redhat.java-1.52.0-win32-x64\jre\21.0.9-win32-x86_64\bin\java.dll
Event: 0.112 Loaded shared library c:\Users\nibin\.antigravity\extensions\redhat.java-1.52.0-win32-x64\jre\21.0.9-win32-x86_64\bin\zip.dll
Event: 0.131 Loaded shared library C:\Users\nibin\.antigravity\extensions\redhat.java-1.52.0-win32-x64\jre\21.0.9-win32-x86_64\bin\instrument.dll
Event: 0.136 Loaded shared library C:\Users\nibin\.antigravity\extensions\redhat.java-1.52.0-win32-x64\jre\21.0.9-win32-x86_64\bin\net.dll
Event: 0.138 Loaded shared library C:\Users\nibin\.antigravity\extensions\redhat.java-1.52.0-win32-x64\jre\21.0.9-win32-x86_64\bin\nio.dll
Event: 0.142 Loaded shared library C:\Users\nibin\.antigravity\extensions\redhat.java-1.52.0-win32-x64\jre\21.0.9-win32-x86_64\bin\zip.dll
Event: 0.156 Loaded shared library C:\Users\nibin\.antigravity\extensions\redhat.java-1.52.0-win32-x64\jre\21.0.9-win32-x86_64\bin\jimage.dll
Event: 0.236 Loaded shared library c:\Users\nibin\.antigravity\extensions\redhat.java-1.52.0-win32-x64\jre\21.0.9-win32-x86_64\bin\verify.dll
Event: 12.032 Loaded shared library C:\Users\nibin\AppData\Roaming\Antigravity\User\globalStorage\redhat.java\1.52.0\config_win\org.eclipse.equinox.launcher\org.eclipse.equinox.launcher.win32.win32.x86_64_1.2.1500.v20260121-1430\eclipse_11919.dll
Event: 20.645 Loaded shared library C:\Users\nibin\AppData\Local\Temp\jna-104812908\jna15964116672346438117.dll
Event: 24.992 Loaded shared library C:\Users\nibin\.gradle\native\1def1411415f61bf3af743bc5b6707747c0891f09f0c88961ee8f79bc544acac\windows-amd64\native-platform.dll
Event: 25.761 Loaded shared library C:\Users\nibin\.antigravity\extensions\redhat.java-1.52.0-win32-x64\jre\21.0.9-win32-x86_64\bin\management.dll
Event: 25.765 Loaded shared library C:\Users\nibin\.antigravity\extensions\redhat.java-1.52.0-win32-x64\jre\21.0.9-win32-x86_64\bin\management_ext.dll

Deoptimization events (20 events):
Event: 49.485 Thread 0x0000021e5189aac0 DEOPT PACKING pc=0x0000021e0838068c sp=0x000000680a7fdd80
Event: 49.485 Thread 0x0000021e5189aac0 DEOPT UNPACKING pc=0x0000021e07586da2 sp=0x000000680a7fdd10 mode 2
Event: 49.487 Thread 0x0000021e5189aac0 Uncommon trap: trap_request=0xffffffbe fr.pc=0x0000021e080ed2f8 relative=0x0000000000000298
Event: 49.487 Thread 0x0000021e5189aac0 Uncommon trap: reason=profile_predicate action=maybe_recompile pc=0x0000021e080ed2f8 method=java.util.regex.Pattern$BnM.optimize(Ljava/util/regex/Pattern$Node;)Ljava/util/regex/Pattern$Node; @ 67 c2
Event: 49.487 Thread 0x0000021e5189aac0 DEOPT PACKING pc=0x0000021e080ed2f8 sp=0x000000680a7fef10
Event: 49.487 Thread 0x0000021e5189aac0 DEOPT UNPACKING pc=0x0000021e07586da2 sp=0x000000680a7feea0 mode 2
Event: 49.487 Thread 0x0000021e5189aac0 Uncommon trap: trap_request=0xffffffc6 fr.pc=0x0000021e0824fd18 relative=0x00000000000004b8
Event: 49.487 Thread 0x0000021e5189aac0 Uncommon trap: reason=bimorphic_or_optimized_type_check action=maybe_recompile pc=0x0000021e0824fd18 method=java.util.regex.Pattern$CharProperty.match(Ljava/util/regex/Matcher;ILjava/lang/CharSequence;)Z @ 52 c2
Event: 49.487 Thread 0x0000021e5189aac0 DEOPT PACKING pc=0x0000021e0824fd18 sp=0x000000680a7fee70
Event: 49.487 Thread 0x0000021e5189aac0 DEOPT UNPACKING pc=0x0000021e07586da2 sp=0x000000680a7fee00 mode 2
Event: 49.537 Thread 0x0000021e5189aac0 Uncommon trap: trap_request=0xffffffc6 fr.pc=0x0000021e07c4e508 relative=0x00000000000001e8
Event: 49.537 Thread 0x0000021e5189aac0 Uncommon trap: reason=bimorphic_or_optimized_type_check action=maybe_recompile pc=0x0000021e07c4e508 method=java.util.Collections.eq(Ljava/lang/Object;Ljava/lang/Object;)Z @ 18 c2
Event: 49.537 Thread 0x0000021e5189aac0 DEOPT PACKING pc=0x0000021e07c4e508 sp=0x000000680a7fea90
Event: 49.538 Thread 0x0000021e5189aac0 DEOPT UNPACKING pc=0x0000021e07586da2 sp=0x000000680a7fe9d0 mode 2
Event: 49.538 Thread 0x0000021e5189aac0 Uncommon trap: trap_request=0xffffffc6 fr.pc=0x0000021e07c4e508 relative=0x00000000000001e8
Event: 49.538 Thread 0x0000021e5189aac0 Uncommon trap: reason=bimorphic_or_optimized_type_check action=maybe_recompile pc=0x0000021e07c4e508 method=java.util.Collections.eq(Ljava/lang/Object;Ljava/lang/Object;)Z @ 18 c2
Event: 49.538 Thread 0x0000021e5189aac0 DEOPT PACKING pc=0x0000021e07c4e508 sp=0x000000680a7febf0
Event: 49.538 Thread 0x0000021e5189aac0 DEOPT UNPACKING pc=0x0000021e07586da2 sp=0x000000680a7feb30 mode 2
Event: 49.564 Thread 0x0000021e5189aac0 DEOPT PACKING pc=0x0000021e0182241e sp=0x000000680a7fd950
Event: 49.564 Thread 0x0000021e5189aac0 DEOPT UNPACKING pc=0x0000021e075878e2 sp=0x000000680a7fce70 mode 0

Classes loaded (20 events):
Event: 40.678 Loading class java/util/stream/DistinctOps$1$2
Event: 40.678 Loading class java/util/stream/DistinctOps$1$2 done
Event: 43.228 Loading class sun/nio/cs/ISO_8859_1$Decoder
Event: 43.228 Loading class sun/nio/cs/ISO_8859_1$Decoder done
Event: 48.838 Loading class java/util/HashMap$EntrySpliterator
Event: 48.838 Loading class java/util/HashMap$EntrySpliterator done
Event: 49.466 Loading class java/util/stream/ReferencePipeline$4
Event: 49.467 Loading class java/util/stream/ReferencePipeline$4 done
Event: 49.467 Loading class java/util/stream/Nodes$IntFixedNodeBuilder
Event: 49.468 Loading class java/util/stream/Node$Builder$OfInt
Event: 49.468 Loading class java/util/stream/Node$Builder$OfInt done
Event: 49.468 Loading class java/util/stream/Nodes$IntArrayNode
Event: 49.468 Loading class java/util/stream/Nodes$IntArrayNode done
Event: 49.468 Loading class java/util/stream/Nodes$IntFixedNodeBuilder done
Event: 49.468 Loading class java/util/stream/ReferencePipeline$4$1
Event: 49.468 Loading class java/util/stream/ReferencePipeline$4$1 done
Event: 49.532 Loading class java/nio/charset/CharacterCodingException
Event: 49.532 Loading class java/nio/charset/CharacterCodingException done
Event: 49.532 Loading class java/io/SequenceInputStream
Event: 49.533 Loading class java/io/SequenceInputStream done

Classes unloaded (7 events):
Event: 21.083 Thread 0x0000021e7791ea00 Unloading class 0x0000021e101a8c00 'java/lang/invoke/LambdaForm$MH+0x0000021e101a8c00'
Event: 21.083 Thread 0x0000021e7791ea00 Unloading class 0x0000021e101a8800 'java/lang/invoke/LambdaForm$MH+0x0000021e101a8800'
Event: 21.083 Thread 0x0000021e7791ea00 Unloading class 0x0000021e101a8400 'java/lang/invoke/LambdaForm$MH+0x0000021e101a8400'
Event: 21.083 Thread 0x0000021e7791ea00 Unloading class 0x0000021e101a8000 'java/lang/invoke/LambdaForm$MH+0x0000021e101a8000'
Event: 21.083 Thread 0x0000021e7791ea00 Unloading class 0x0000021e101a7c00 'java/lang/invoke/LambdaForm$BMH+0x0000021e101a7c00'
Event: 21.083 Thread 0x0000021e7791ea00 Unloading class 0x0000021e101a7800 'java/lang/invoke/LambdaForm$DMH+0x0000021e101a7800'
Event: 21.083 Thread 0x0000021e7791ea00 Unloading class 0x0000021e101a6400 'java/lang/invoke/LambdaForm$DMH+0x0000021e101a6400'

Classes redefined (0 events):
No events

Internal exceptions (20 events):
Event: 48.837 Thread 0x0000021e5a03a570 Exception <a 'sun/nio/fs/WindowsException'{0x00000000d55dc5c8}> (0x00000000d55dc5c8) 
thrown [s\src\hotspot\share\prims\jni.cpp, line 520]
Event: 48.837 Thread 0x0000021e5a03a570 Exception <a 'sun/nio/fs/WindowsException'{0x00000000d55dd2f0}> (0x00000000d55dd2f0) 
thrown [s\src\hotspot\share\prims\jni.cpp, line 520]
Event: 48.837 Thread 0x0000021e5a03a570 Exception <a 'sun/nio/fs/WindowsException'{0x00000000d5601be8}> (0x00000000d5601be8) 
thrown [s\src\hotspot\share\prims\jni.cpp, line 520]
Event: 48.838 Thread 0x0000021e5a03a570 Exception <a 'sun/nio/fs/WindowsException'{0x00000000d56033a0}> (0x00000000d56033a0) 
thrown [s\src\hotspot\share\prims\jni.cpp, line 520]
Event: 48.838 Thread 0x0000021e5a03a570 Exception <a 'sun/nio/fs/WindowsException'{0x00000000d5603c68}> (0x00000000d5603c68) 
thrown [s\src\hotspot\share\prims\jni.cpp, line 520]
Event: 48.841 Thread 0x0000021e5189aac0 Exception <a 'java/lang/NoSuchMethodError'{0x00000000d563baf8}: 'java.lang.Object java.lang.invoke.DirectMethodHandle$Holder.invokeSpecial(java.lang.Object, java.lang.Object, int, long)'> (0x00000000d563baf8) 
thrown [s\src\hotspot\share\interpreter\linkResolver.cpp, line 773]
Event: 48.842 Thread 0x0000021e5a03a570 Exception <a 'sun/nio/fs/WindowsException'{0x00000000d5662028}> (0x00000000d5662028) 
thrown [s\src\hotspot\share\prims\jni.cpp, line 520]
Event: 48.842 Thread 0x0000021e5a03a570 Exception <a 'sun/nio/fs/WindowsException'{0x00000000d56628f0}> (0x00000000d56628f0) 
thrown [s\src\hotspot\share\prims\jni.cpp, line 520]
Event: 48.939 Thread 0x0000021e5189be70 Exception <a 'sun/nio/fs/WindowsException'{0x00000000d595c908}> (0x00000000d595c908) 
thrown [s\src\hotspot\share\prims\jni.cpp, line 520]
Event: 48.940 Thread 0x0000021e5189be70 Exception <a 'sun/nio/fs/WindowsException'{0x00000000d595cf20}> (0x00000000d595cf20) 
thrown [s\src\hotspot\share\prims\jni.cpp, line 520]
Event: 48.942 Thread 0x0000021e5189be70 Exception <a 'sun/nio/fs/WindowsException'{0x00000000d598b0c0}> (0x00000000d598b0c0) 
thrown [s\src\hotspot\share\prims\jni.cpp, line 520]
Event: 48.942 Thread 0x0000021e5189be70 Exception <a 'sun/nio/fs/WindowsException'{0x00000000d598b960}> (0x00000000d598b960) 
thrown [s\src\hotspot\share\prims\jni.cpp, line 520]
Event: 48.986 Thread 0x0000021e5189be70 Exception <a 'sun/nio/fs/WindowsException'{0x00000000d5ad3e08}> (0x00000000d5ad3e08) 
thrown [s\src\hotspot\share\prims\jni.cpp, line 520]
Event: 48.986 Thread 0x0000021e5189be70 Exception <a 'sun/nio/fs/WindowsException'{0x00000000d5ad4420}> (0x00000000d5ad4420) 
thrown [s\src\hotspot\share\prims\jni.cpp, line 520]
Event: 49.339 Thread 0x0000021e5189aac0 Exception <a 'java/lang/NoSuchMethodError'{0x00000000d5a3fe80}: 'java.lang.Object java.lang.invoke.DirectMethodHandle$Holder.invokeStatic(java.lang.Object, java.lang.Object, int, int)'> (0x00000000d5a3fe80) 
thrown [s\src\hotspot\share\interpreter\linkResolver.cpp, line 773]
Event: 49.339 Thread 0x0000021e5189aac0 Exception <a 'java/lang/NoSuchMethodError'{0x00000000d5a43b00}: 'java.lang.Object java.lang.invoke.DirectMethodHandle$Holder.invokeSpecial(java.lang.Object, java.lang.Object, java.lang.Object, int, int)'> (0x00000000d5a43b00) 
thrown [s\src\hotspot\share\interpreter\linkResolver.cpp, line 773]
Event: 49.383 Thread 0x0000021e5189aac0 Exception <a 'java/lang/NoSuchMethodError'{0x00000000d572c160}: 'java.lang.Object java.lang.invoke.DirectMethodHandle$Holder.invokeStatic(java.lang.Object, java.lang.Object, int, java.lang.Object)'> (0x00000000d572c160) 
thrown [s\src\hotspot\share\interpreter\linkResolver.cpp, line 773]
Event: 49.383 Thread 0x0000021e5189aac0 Exception <a 'java/lang/NoSuchMethodError'{0x00000000d5732790}: 'java.lang.Object java.lang.invoke.DirectMethodHandle$Holder.newInvokeSpecial(java.lang.Object, java.lang.Object, int)'> (0x00000000d5732790) 
thrown [s\src\hotspot\share\interpreter\linkResolver.cpp, line 773]
Event: 49.540 Thread 0x0000021e5189aac0 Exception <a 'java/io/FileNotFoundException'{0x00000000d59c1c30}> (0x00000000d59c1c30) 
thrown [s\src\hotspot\share\prims\jni.cpp, line 520]
Event: 49.540 Thread 0x0000021e5189aac0 Exception <a 'java/io/FileNotFoundException'{0x00000000d59c2c30}> (0x00000000d59c2c30) 
thrown [s\src\hotspot\share\prims\jni.cpp, line 520]

ZGC Phase Switch (0 events):
No events

VM Operations (20 events):
Event: 49.202 Executing VM operation: ParallelGCFailedAllocation (Allocation Failure)
Event: 49.203 Executing VM operation: ParallelGCFailedAllocation (Allocation Failure) done
Event: 49.269 Executing VM operation: ParallelGCFailedAllocation (Allocation Failure)
Event: 49.271 Executing VM operation: ParallelGCFailedAllocation (Allocation Failure) done
Event: 49.311 Executing VM operation: HandshakeAllThreads (Deoptimize)
Event: 49.311 Executing VM operation: HandshakeAllThreads (Deoptimize) done
Event: 49.353 Executing VM operation: ParallelGCFailedAllocation (Allocation Failure)
Event: 49.355 Executing VM operation: ParallelGCFailedAllocation (Allocation Failure) done
Event: 49.464 Executing VM operation: HandshakeAllThreads (Deoptimize)
Event: 49.464 Executing VM operation: HandshakeAllThreads (Deoptimize) done
Event: 49.473 Executing VM operation: ParallelGCFailedAllocation (Allocation Failure)
Event: 49.474 Executing VM operation: ParallelGCFailedAllocation (Allocation Failure) done
Event: 49.565 Executing VM operation: ParallelGCFailedAllocation (Allocation Failure)
Event: 49.566 Executing VM operation: ParallelGCFailedAllocation (Allocation Failure) done
Event: 49.649 Executing VM operation: ParallelGCFailedAllocation (Allocation Failure)
Event: 49.651 Executing VM operation: ParallelGCFailedAllocation (Allocation Failure) done
Event: 49.765 Executing VM operation: ParallelGCFailedAllocation (Allocation Failure)
Event: 49.766 Executing VM operation: ParallelGCFailedAllocation (Allocation Failure) done
Event: 50.767 Executing VM operation: Cleanup
Event: 50.767 Executing VM operation: Cleanup done

Memory protections (0 events):
No events

Nmethod flushes (20 events):
Event: 35.420 Thread 0x0000021e7791ea00 flushing  nmethod 0x0000021e0083d590
Event: 35.420 Thread 0x0000021e7791ea00 flushing  nmethod 0x0000021e008a6890
Event: 35.420 Thread 0x0000021e7791ea00 flushing  nmethod 0x0000021e008c2110
Event: 35.420 Thread 0x0000021e7791ea00 flushing  nmethod 0x0000021e008db210
Event: 35.420 Thread 0x0000021e7791ea00 flushing  nmethod 0x0000021e008dbb90
Event: 35.420 Thread 0x0000021e7791ea00 flushing  nmethod 0x0000021e008e2f90
Event: 35.420 Thread 0x0000021e7791ea00 flushing  nmethod 0x0000021e008f9390
Event: 35.420 Thread 0x0000021e7791ea00 flushing  nmethod 0x0000021e008f9a90
Event: 35.420 Thread 0x0000021e7791ea00 flushing  nmethod 0x0000021e008fa310
Event: 35.420 Thread 0x0000021e7791ea00 flushing  nmethod 0x0000021e008fa910
Event: 35.420 Thread 0x0000021e7791ea00 flushing  nmethod 0x0000021e008fc410
Event: 35.420 Thread 0x0000021e7791ea00 flushing  nmethod 0x0000021e00907410
Event: 35.420 Thread 0x0000021e7791ea00 flushing  nmethod 0x0000021e00922a10
Event: 35.420 Thread 0x0000021e7791ea00 flushing  nmethod 0x0000021e00931b10
Event: 35.420 Thread 0x0000021e7791ea00 flushing  nmethod 0x0000021e00957510
Event: 35.420 Thread 0x0000021e7791ea00 flushing  nmethod 0x0000021e0097ee10
Event: 35.420 Thread 0x0000021e7791ea00 flushing  nmethod 0x0000021e00980910
Event: 35.420 Thread 0x0000021e7791ea00 flushing  nmethod 0x0000021e0098a990
Event: 35.420 Thread 0x0000021e7791ea00 flushing  nmethod 0x0000021e0098c210
Event: 35.420 Thread 0x0000021e7791ea00 flushing  nmethod 0x0000021e009a5490

Events (20 events):
Event: 36.731 Thread 0x0000021e5189aac0 Thread added: 0x0000021e5a03c640
Event: 36.732 Thread 0x0000021e5189aac0 Thread added: 0x0000021e5a0391c0
Event: 36.732 Thread 0x0000021e5189aac0 Thread added: 0x0000021e5a03ccd0
Event: 36.733 Thread 0x0000021e5189aac0 Thread added: 0x0000021e5a03d360
Event: 36.733 Thread 0x0000021e5189aac0 Thread added: 0x0000021e5a039ee0
Event: 37.776 Thread 0x0000021e5626de70 Thread exited: 0x0000021e5626de70
Event: 40.981 Thread 0x0000021e56776410 Thread exited: 0x0000021e56776410
Event: 43.250 Thread 0x0000021e50691ff0 Thread added: 0x0000021e5ba6eb00
Event: 43.849 Thread 0x0000021e5ba6eb00 Thread exited: 0x0000021e5ba6eb00
Event: 44.653 Thread 0x0000021e50691ff0 Thread added: 0x0000021e5ba6eb00
Event: 45.135 Thread 0x0000021e5ba6eb00 Thread exited: 0x0000021e5ba6eb00
Event: 48.425 Thread 0x0000021e5a03c640 Thread exited: 0x0000021e5a03c640
Event: 48.425 Thread 0x0000021e5a03ccd0 Thread exited: 0x0000021e5a03ccd0
Event: 48.425 Thread 0x0000021e5a0391c0 Thread exited: 0x0000021e5a0391c0
Event: 48.425 Thread 0x0000021e5a039ee0 Thread exited: 0x0000021e5a039ee0
Event: 48.425 Thread 0x0000021e5a03d360 Thread exited: 0x0000021e5a03d360
Event: 48.426 Thread 0x0000021e50691ff0 Thread added: 0x0000021e595dd9d0
Event: 48.436 Thread 0x0000021e595dd9d0 Thread added: 0x0000021e5a432fb0
Event: 48.568 Thread 0x0000021e5a432fb0 Thread exited: 0x0000021e5a432fb0
Event: 49.180 Thread 0x0000021e50691ff0 Thread added: 0x0000021e5aee58c0


Dynamic libraries:
0x00007ff71a070000 - 0x00007ff71a07e000 	c:\Users\nibin\.antigravity\extensions\redhat.java-1.52.0-win32-x64\jre\21.0.9-win32-x86_64\bin\java.exe
0x00007ffac2b40000 - 0x00007ffac2da8000 	C:\Windows\SYSTEM32\ntdll.dll
0x00007ffac1220000 - 0x00007ffac12e9000 	C:\Windows\System32\KERNEL32.DLL
0x00007ffabf570000 - 0x00007ffabf961000 	C:\Windows\System32\KERNELBASE.dll
0x00007ffac01e0000 - 0x00007ffac032b000 	C:\Windows\System32\ucrtbase.dll
0x00007ffa3dd90000 - 0x00007ffa3dda8000 	c:\Users\nibin\.antigravity\extensions\redhat.java-1.52.0-win32-x64\jre\21.0.9-win32-x86_64\bin\jli.dll
0x00007ffac1c50000 - 0x00007ffac1e16000 	C:\Windows\System32\USER32.dll
0x00007ffac08b0000 - 0x00007ffac08d7000 	C:\Windows\System32\win32u.dll
0x00007ffac12f0000 - 0x00007ffac131b000 	C:\Windows\System32\GDI32.dll
0x00007ffac0780000 - 0x00007ffac08ab000 	C:\Windows\System32\gdi32full.dll
0x00007ffac0330000 - 0x00007ffac03d3000 	C:\Windows\System32\msvcp_win.dll
0x00007ffaa1f40000 - 0x00007ffaa21d3000 	C:\Windows\WinSxS\amd64_microsoft.windows.common-controls_6595b64144ccf1df_6.0.26100.7824_none_3e0870b2e3345462\COMCTL32.dll
0x00007ffac2220000 - 0x00007ffac22c9000 	C:\Windows\System32\msvcrt.dll
0x00007ffa3e250000 - 0x00007ffa3e26e000 	c:\Users\nibin\.antigravity\extensions\redhat.java-1.52.0-win32-x64\jre\21.0.9-win32-x86_64\bin\VCRUNTIME140.dll
0x00007ffac1b80000 - 0x00007ffac1bb1000 	C:\Windows\System32\IMM32.DLL
0x00007ffaba6b0000 - 0x00007ffaba6bc000 	c:\Users\nibin\.antigravity\extensions\redhat.java-1.52.0-win32-x64\jre\21.0.9-win32-x86_64\bin\vcruntime140_1.dll
0x00007ffa3c330000 - 0x00007ffa3c3bd000 	c:\Users\nibin\.antigravity\extensions\redhat.java-1.52.0-win32-x64\jre\21.0.9-win32-x86_64\bin\msvcp140.dll
0x00007ffa3b590000 - 0x00007ffa3c330000 	c:\Users\nibin\.antigravity\extensions\redhat.java-1.52.0-win32-x64\jre\21.0.9-win32-x86_64\bin\server\jvm.dll
0x00007ffac0cc0000 - 0x00007ffac0d74000 	C:\Windows\System32\ADVAPI32.dll
0x00007ffac19e0000 - 0x00007ffac1a86000 	C:\Windows\System32\sechost.dll
0x00007ffac0a90000 - 0x00007ffac0ba8000 	C:\Windows\System32\RPCRT4.dll
0x00007ffac1bd0000 - 0x00007ffac1c44000 	C:\Windows\System32\WS2_32.dll
0x00007ffabe030000 - 0x00007ffabe08e000 	C:\Windows\SYSTEM32\POWRPROF.dll
0x00007ffab55a0000 - 0x00007ffab55ab000 	C:\Windows\SYSTEM32\VERSION.dll
0x00007ffab27b0000 - 0x00007ffab27e5000 	C:\Windows\SYSTEM32\WINMM.dll
0x00007ffabe010000 - 0x00007ffabe024000 	C:\Windows\SYSTEM32\UMPDC.dll
0x00007ffabe2e0000 - 0x00007ffabe2fb000 	C:\Windows\SYSTEM32\kernel.appcore.dll
0x00007ffaabae0000 - 0x00007ffaabaea000 	c:\Users\nibin\.antigravity\extensions\redhat.java-1.52.0-win32-x64\jre\21.0.9-win32-x86_64\bin\jimage.dll
0x00007ffabd2c0000 - 0x00007ffabd502000 	C:\Windows\SYSTEM32\DBGHELP.DLL
0x00007ffac1e90000 - 0x00007ffac2216000 	C:\Windows\System32\combase.dll
0x00007ffac1900000 - 0x00007ffac19d7000 	C:\Windows\System32\OLEAUT32.dll
0x00007ffa9e140000 - 0x00007ffa9e17b000 	C:\Windows\SYSTEM32\dbgcore.DLL
0x00007ffac0560000 - 0x00007ffac0605000 	C:\Windows\System32\bcryptPrimitives.dll
0x00007ffa76030000 - 0x00007ffa7603f000 	c:\Users\nibin\.antigravity\extensions\redhat.java-1.52.0-win32-x64\jre\21.0.9-win32-x86_64\bin\instrument.dll
0x00007ffa3b570000 - 0x00007ffa3b590000 	c:\Users\nibin\.antigravity\extensions\redhat.java-1.52.0-win32-x64\jre\21.0.9-win32-x86_64\bin\java.dll
0x00007ffac2320000 - 0x00007ffac2a72000 	C:\Windows\System32\SHELL32.dll
0x00007ffac0610000 - 0x00007ffac077a000 	C:\Windows\System32\wintypes.dll
0x00007ffabf970000 - 0x00007ffac01d3000 	C:\Windows\System32\windows.storage.dll
0x00007ffac1490000 - 0x00007ffac1586000 	C:\Windows\System32\SHCORE.dll
0x00007ffac1320000 - 0x00007ffac1387000 	C:\Windows\System32\shlwapi.dll
0x00007ffabf340000 - 0x00007ffabf369000 	C:\Windows\SYSTEM32\profapi.dll
0x00007ffa3b530000 - 0x00007ffa3b548000 	c:\Users\nibin\.antigravity\extensions\redhat.java-1.52.0-win32-x64\jre\21.0.9-win32-x86_64\bin\zip.dll
0x00007ffa4cc00000 - 0x00007ffa4cc10000 	C:\Users\nibin\.antigravity\extensions\redhat.java-1.52.0-win32-x64\jre\21.0.9-win32-x86_64\bin\net.dll
0x00007ffab99f0000 - 0x00007ffab9b17000 	C:\Windows\SYSTEM32\WINHTTP.dll
0x00007ffabe850000 - 0x00007ffabe8bb000 	C:\Windows\system32\mswsock.dll
0x00007ffa3b510000 - 0x00007ffa3b526000 	C:\Users\nibin\.antigravity\extensions\redhat.java-1.52.0-win32-x64\jre\21.0.9-win32-x86_64\bin\nio.dll
0x00007ffa3ec00000 - 0x00007ffa3ec10000 	c:\Users\nibin\.antigravity\extensions\redhat.java-1.52.0-win32-x64\jre\21.0.9-win32-x86_64\bin\verify.dll
0x00007ffa3ef50000 - 0x00007ffa3ef95000 	C:\Users\nibin\AppData\Roaming\Antigravity\User\globalStorage\redhat.java\1.52.0\config_win\org.eclipse.equinox.launcher\org.eclipse.equinox.launcher.win32.win32.x86_64_1.2.1500.v20260121-1430\eclipse_11919.dll
0x00007ffac08e0000 - 0x00007ffac0a77000 	C:\Windows\System32\ole32.dll
0x00007ffabeb20000 - 0x00007ffabeb3b000 	C:\Windows\SYSTEM32\CRYPTSP.dll
0x00007ffabe240000 - 0x00007ffabe279000 	C:\Windows\system32\rsaenh.dll
0x00007ffabe900000 - 0x00007ffabe92b000 	C:\Windows\SYSTEM32\USERENV.dll
0x00007ffabf310000 - 0x00007ffabf33a000 	C:\Windows\SYSTEM32\bcrypt.dll
0x00007ffabeb40000 - 0x00007ffabeb4c000 	C:\Windows\SYSTEM32\CRYPTBASE.dll
0x00007ffabdca0000 - 0x00007ffabdcd4000 	C:\Windows\SYSTEM32\IPHLPAPI.DLL
0x00007ffac1210000 - 0x00007ffac121a000 	C:\Windows\System32\NSI.dll
0x00007ffa75c90000 - 0x00007ffa75cd9000 	C:\Users\nibin\AppData\Local\Temp\jna-104812908\jna15964116672346438117.dll
0x00007ffac1e80000 - 0x00007ffac1e88000 	C:\Windows\System32\PSAPI.DLL
0x00007ffab9fa0000 - 0x00007ffab9fbe000 	C:\Windows\SYSTEM32\dhcpcsvc6.DLL
0x00007ffab9f70000 - 0x00007ffab9f93000 	C:\Windows\SYSTEM32\dhcpcsvc.DLL
0x00007ffa92a20000 - 0x00007ffa92a47000 	C:\Users\nibin\.gradle\native\1def1411415f61bf3af743bc5b6707747c0891f09f0c88961ee8f79bc544acac\windows-amd64\native-platform.dll
0x00007ffaba6d0000 - 0x00007ffaba6da000 	C:\Users\nibin\.antigravity\extensions\redhat.java-1.52.0-win32-x64\jre\21.0.9-win32-x86_64\bin\management.dll
0x00007ffaba6c0000 - 0x00007ffaba6cc000 	C:\Users\nibin\.antigravity\extensions\redhat.java-1.52.0-win32-x64\jre\21.0.9-win32-x86_64\bin\management_ext.dll

JVMTI agents:
c:\Users\nibin\.antigravity\extensions\redhat.java-1.52.0-win32-x64\lombok\lombok-1.18.39-4050.jar path:c:\Users\nibin\.antigravity\extensions\redhat.java-1.52.0-win32-x64\jre\21.0.9-win32-x86_64\bin\instrument.dll, loaded, initialized, instrumentlib options:none

dbghelp: loaded successfully - version: 4.0.5 - missing functions: none
symbol engine: initialized successfully - sym options: 0x614 - pdb path: .;c:\Users\nibin\.antigravity\extensions\redhat.java-1.52.0-win32-x64\jre\21.0.9-win32-x86_64\bin;C:\Windows\SYSTEM32;C:\Windows\WinSxS\amd64_microsoft.windows.common-controls_6595b64144ccf1df_6.0.26100.7824_none_3e0870b2e3345462;c:\Users\nibin\.antigravity\extensions\redhat.java-1.52.0-win32-x64\jre\21.0.9-win32-x86_64\bin\server;C:\Users\nibin\AppData\Roaming\Antigravity\User\globalStorage\redhat.java\1.52.0\config_win\org.eclipse.equinox.launcher\org.eclipse.equinox.launcher.win32.win32.x86_64_1.2.1500.v20260121-1430;C:\Users\nibin\AppData\Local\Temp\jna-104812908;C:\Users\nibin\.gradle\native\1def1411415f61bf3af743bc5b6707747c0891f09f0c88961ee8f79bc544acac\windows-amd64

VM Arguments:
jvm_args: --add-modules=ALL-SYSTEM --add-opens=java.base/java.util=ALL-UNNAMED --add-opens=java.base/java.lang=ALL-UNNAMED --add-opens=java.base/sun.nio.fs=ALL-UNNAMED -Declipse.application=org.eclipse.jdt.ls.core.id1 -Dosgi.bundles.defaultStartLevel=4 -Declipse.product=org.eclipse.jdt.ls.core.product -Djava.import.generatesMetadataFilesAtProjectRoot=false -DDetectVMInstallationsJob.disabled=true -Dfile.encoding=utf8 -XX:+UseParallelGC -XX:GCTimeRatio=4 -XX:AdaptiveSizePolicyWeight=90 -Dsun.zip.disableMemoryMapping=true -Xmx2G -Xms100m -Xlog:disable -javaagent:c:\Users\nibin\.antigravity\extensions\redhat.java-1.52.0-win32-x64\lombok\lombok-1.18.39-4050.jar -XX:+HeapDumpOnOutOfMemoryError -XX:HeapDumpPath=c:\Users\nibin\AppData\Roaming\Antigravity\User\workspaceStorage\01c68ddb43dc9f8e8a1833cb910c1e6d\redhat.java -Daether.dependencyCollector.impl=bf 
java_command: c:\Users\nibin\.antigravity\extensions\redhat.java-1.52.0-win32-x64\server\plugins\org.eclipse.equinox.launcher_1.7.100.v20251111-0406.jar -configuration c:\Users\nibin\AppData\Roaming\Antigravity\User\globalStorage\redhat.java\1.52.0\config_win -data c:\Users\nibin\AppData\Roaming\Antigravity\User\workspaceStorage\01c68ddb43dc9f8e8a1833cb910c1e6d\redhat.java\jdt_ws --pipe=\\.\pipe\lsp-77dc80537c0f80136d9e309559071319-sock
java_class_path (initial): c:\Users\nibin\.antigravity\extensions\redhat.java-1.52.0-win32-x64\server\plugins\org.eclipse.equinox.launcher_1.7.100.v20251111-0406.jar
Launcher Type: SUN_STANDARD

[Global flags]
    uintx AdaptiveSizePolicyWeight                 = 90                                        {product} {command line}
     intx CICompilerCount                          = 4                                         {product} {ergonomic}
    uintx GCTimeRatio                              = 4                                         {product} {command line}
     bool HeapDumpOnOutOfMemoryError               = true                                   {manageable} {command line}
    ccstr HeapDumpPath                             = c:\Users\nibin\AppData\Roaming\Antigravity\User\workspaceStorage\01c68ddb43dc9f8e8a1833cb910c1e6d\redhat.java         {manageable} {command line}
   size_t InitialHeapSize                          = 104857600                                 {product} {command line}
   size_t MaxHeapSize                              = 2147483648                                {product} {command line}
   size_t MaxNewSize                               = 715653120                                 {product} {ergonomic}
   size_t MinHeapDeltaBytes                        = 524288                                    {product} {ergonomic}
   size_t MinHeapSize                              = 104857600                                 {product} {command line}
   size_t NewSize                                  = 34603008                                  {product} {ergonomic}
    uintx NonNMethodCodeHeapSize                   = 5839372                                {pd product} {ergonomic}
    uintx NonProfiledCodeHeapSize                  = 122909434                              {pd product} {ergonomic}
   size_t OldSize                                  = 70254592                                  {product} {ergonomic}
    uintx ProfiledCodeHeapSize                     = 122909434                              {pd product} {ergonomic}
    uintx ReservedCodeCacheSize                    = 251658240                              {pd product} {ergonomic}
     bool SegmentedCodeCache                       = true                                      {product} {ergonomic}
   size_t SoftMaxHeapSize                          = 2147483648                             {manageable} {ergonomic}
     bool UseCompressedOops                        = true                           {product lp64_product} {ergonomic}
     bool UseLargePagesIndividualAllocation        = false                                  {pd product} {ergonomic}
     bool UseParallelGC                            = true                                      {product} {command line}

Logging:
Log output configuration:
 #0: stdout all=off uptime,level,tags foldmultilines=false
 #1: stderr all=off uptime,level,tags foldmultilines=false

Release file:
JAVA_VERSION="21.0.9" 
MODULES="java.base java.compiler java.datatransfer java.xml java.prefs java.desktop java.instrument java.logging java.management java.security.sasl java.naming java.rmi java.management.rmi java.net.http java.scripting java.security.jgss java.transaction.xa java.sql java.sql.rowset java.xml.crypto java.se java.smartcardio jdk.accessibility jdk.internal.jvmstat jdk.attach jdk.charsets jdk.internal.opt jdk.zipfs jdk.compiler jdk.crypto.ec jdk.crypto.cryptoki jdk.crypto.mscapi jdk.dynalink jdk.internal.ed jdk.editpad jdk.hotspot.agent jdk.httpserver jdk.internal.le jdk.internal.vm.ci jdk.internal.vm.compiler jdk.internal.vm.compiler.management jdk.jartool jdk.javadoc jdk.jcmd jdk.management jdk.management.agent jdk.jconsole jdk.jdeps jdk.jdwp.agent jdk.jdi jdk.jfr jdk.jshell jdk.jsobject jdk.jstatd jdk.localedata jdk.management.jfr jdk.naming.dns jdk.naming.rmi jdk.net jdk.nio.mapmode jdk.random jdk.sctp jdk.security.auth jdk.security.jgss jdk.unsupported jdk.unsupported.desktop jdk.xml.dom" 

Environment Variables:
JAVA_HOME=N:\Windows Files\DevTools\java
PATH=C:\Python314\Scripts\;C:\Python314\;C:\Windows\system32;C:\Windows;C:\Windows\System32\Wbem;C:\Windows\System32\WindowsPowerShell\v1.0\;C:\Windows\System32\OpenSSH\;N:\Windows Files\DevTools\Git\cmd;C:\Flutter\bin;N:\Windows Files\DevTools\apache-maven-3.9.12\bin;C:\Users\nibin\AppData\Local\Android\Sdk;N:\Windows Files\DevTools\java\bin;C:\Program Files\Eclipse Adoptium\jdk-17.0.17.10-hotspot\bin;C:\Program Files\Common Files\Oracle\Java\javapath;N:\Windows Files\DevTools\PostGres\bin;C:\Users\nibin\AppData\Local\Android\Sdk\platform-tools;N:\Windows Files\DevTools\CMake\bin;N:\Windows Files\DevTools\node\;C:\ProgramData\chocolatey\bin;N:\Windows Files\DevTools\GoLang\bin;C:\Program Files\MySQL\MySQL Server 8.0\bin;;C:\Program Files\Docker\Docker\resources\bin;C:\Program Files\Cloudflare\Cloudflare WARP\;C:\Users\nibin\AppData\Local\Microsoft\WindowsApps;N:\Windows Files\DevTools\Microsoft VS Code\bin;N:\Windows Files\DevTools\IntelliJ IDEA\IntelliJ IDEA 2025.3.1\bin;C:\Users\nibin\AppData\Roaming\npm;C:\Users\nibin\go\bin;N:\Windows Files\DevTools\Antigravity\bin
USERNAME=nibin
OS=Windows_NT
PROCESSOR_IDENTIFIER=Intel64 Family 6 Model 141 Stepping 1, GenuineIntel
TMP=C:\Users\nibin\AppData\Local\Temp
TEMP=C:\Users\nibin\AppData\Local\Temp




Periodic native trim disabled

---------------  S Y S T E M  ---------------

OS:
 Windows 11 , 64 bit Build 26100 (10.0.26100.7705)
OS uptime: 0 days 2:05 hours
Hyper-V role detected

CPU: total 12 (initial active 12) (6 cores per cpu, 2 threads per core) family 6 model 141 stepping 1 microcode 0x50, cx8, cmov, fxsr, ht, mmx, 3dnowpref, sse, sse2, sse3, ssse3, sse4.1, sse4.2, popcnt, lzcnt, tsc, tscinvbit, avx, avx2, aes, erms, clmul, bmi1, bmi2, adx, avx512f, avx512dq, avx512cd, avx512bw, avx512vl, sha, fma, vzeroupper, avx512_vpopcntdq, avx512_vpclmulqdq, avx512_vaes, avx512_vnni, clflush, clflushopt, clwb, avx512_vbmi2, avx512_vbmi, hv, rdtscp, rdpid, fsrm, gfni, avx512_bitalg, f16c, cet_ibt, cet_ss, avx512_ifma
Processor Information for the first 12 processors :
  Max Mhz: 2688, Current Mhz: 2688, Mhz Limit: 2688

Memory: 4k page, system-wide physical 7913M (767M free)
TotalPageFile size 32489M (AvailPageFile size 7M)
current process WorkingSet (physical memory assigned to process): 346M, peak: 346M
current process commit charge ("private bytes"): 512M, peak: 514M

vm_info: OpenJDK 64-Bit Server VM (21.0.9+10-LTS) for windows-amd64 JRE (21.0.9+10-LTS), built on 2025-10-21T00:00:00Z by "admin" with unknown MS VC++:1942

END.
