#
# There is insufficient memory for the Java Runtime Environment to continue.
# Native memory allocation (malloc) failed to allocate 1726400 bytes. Error detail: Chunk::new
# Possible reasons:
#   The system is out of physical RAM or swap space
#   This process is running with CompressedOops enabled, and the Java Heap may be blocking the growth of the native heap
# Possible solutions:
#   Reduce memory load on the system
#   Increase physical memory or swap space
#   Check if swap backing store is full
#   Decrease Java heap size (-Xmx/-Xms)
#   Decrease number of Java threads
#   Decrease Java thread stack sizes (-Xss)
#   Set larger code cache with -XX:ReservedCodeCacheSize=
#   JVM is running with Unscaled Compressed Oops mode in which the Java heap is
#     placed in the first 4GB address space. The Java Heap base address is the
#     maximum limit for the native heap growth. Please use -XX:HeapBaseMinAddress
#     to set the Java Heap base and to place the Java Heap above 4GB virtual address.
# This output file may be truncated or incomplete.
#
#  Out of Memory Error (arena.cpp:168), pid=18160, tid=6272
#
# JRE version: OpenJDK Runtime Environment Temurin-21.0.9+10 (21.0.9+10) (build 21.0.9+10-LTS)
# Java VM: OpenJDK 64-Bit Server VM Temurin-21.0.9+10 (21.0.9+10-LTS, mixed mode, sharing, tiered, compressed oops, compressed class ptrs, parallel gc, windows-amd64)
# No core dump will be written. Minidumps are not enabled by default on client versions of Windows
#

---------------  S U M M A R Y ------------

Command Line: --add-modules=ALL-SYSTEM --add-opens=java.base/java.util=ALL-UNNAMED --add-opens=java.base/java.lang=ALL-UNNAMED --add-opens=java.base/sun.nio.fs=ALL-UNNAMED -Declipse.application=org.eclipse.jdt.ls.core.id1 -Dosgi.bundles.defaultStartLevel=4 -Declipse.product=org.eclipse.jdt.ls.core.product -Djava.import.generatesMetadataFilesAtProjectRoot=false -DDetectVMInstallationsJob.disabled=true -Dfile.encoding=utf8 -XX:+UseParallelGC -XX:GCTimeRatio=4 -XX:AdaptiveSizePolicyWeight=90 -Dsun.zip.disableMemoryMapping=true -Xmx2G -Xms100m -Xlog:disable -javaagent:c:\Users\nibin\.antigravity\extensions\redhat.java-1.51.0-win32-x64\lombok\lombok-1.18.39-4050.jar -XX:+HeapDumpOnOutOfMemoryError -XX:HeapDumpPath=c:\Users\nibin\AppData\Roaming\Antigravity\User\workspaceStorage\01c68ddb43dc9f8e8a1833cb910c1e6d\redhat.java -Daether.dependencyCollector.impl=bf c:\Users\nibin\.antigravity\extensions\redhat.java-1.51.0-win32-x64\server\plugins\org.eclipse.equinox.launcher_1.7.100.v20251111-0406.jar -configuration c:\Users\nibin\AppData\Roaming\Antigravity\User\globalStorage\redhat.java\1.51.0\config_win -data c:\Users\nibin\AppData\Roaming\Antigravity\User\workspaceStorage\01c68ddb43dc9f8e8a1833cb910c1e6d\redhat.java\jdt_ws --pipe=\\.\pipe\lsp-c868a75809df02d562b2e985e11bde92-sock

Host: 11th Gen Intel(R) Core(TM) i5-11400H @ 2.70GHz, 12 cores, 7G,  Windows 11 , 64 bit Build 26100 (10.0.26100.7623)
Time: Wed Jan 21 16:40:47 2026 India Standard Time elapsed time: 19812.130925 seconds (0d 5h 30m 12s)

---------------  T H R E A D  ---------------

Current thread (0x000001ec7b00bcc0):  JavaThread "C2 CompilerThread0" daemon [_thread_in_native, id=6272, stack(0x0000000ee0b00000,0x0000000ee0c00000) (1024K)]


Current CompileTask:
C2:19812131 26777 %     4       org.eclipse.jdt.internal.compiler.lookup.MethodVerifier15::checkMethods @ 47 (1164 bytes)

Stack: [0x0000000ee0b00000,0x0000000ee0c00000]
Native frames: (J=compiled Java code, j=interpreted, Vv=VM code, C=native code)
V  [jvm.dll+0x6d6e29]
V  [jvm.dll+0x8b4b76]
V  [jvm.dll+0x8b712e]
V  [jvm.dll+0x8b7813]
V  [jvm.dll+0x283d86]
V  [jvm.dll+0xc66ed]
V  [jvm.dll+0xc6c31]
V  [jvm.dll+0x3be53b]
V  [jvm.dll+0x38ab92]
V  [jvm.dll+0x389fda]
V  [jvm.dll+0x24bfa0]
V  [jvm.dll+0x24b580]
V  [jvm.dll+0x1cb13e]
V  [jvm.dll+0x25b29d]
V  [jvm.dll+0x25982a]
V  [jvm.dll+0x3f7ea6]
V  [jvm.dll+0x85e9ad]
V  [jvm.dll+0x6d565d]
C  [ucrtbase.dll+0x37b0]
C  [KERNEL32.DLL+0x2e8d7]
C  [ntdll.dll+0x8c53c]


---------------  P R O C E S S  ---------------

Threads class SMR info:
_java_thread_list=0x000001ec02d4bb40, length=75, elements={
0x000001ec1b147470, 0x000001ec7b0044b0, 0x000001ec7b0053c0, 0x000001ec7b006940,
0x000001ec7b00a670, 0x000001ec7b00acd0, 0x000001ec7b00b330, 0x000001ec7b00bcc0,
0x000001ec7b0a3910, 0x000001ec7b252c00, 0x000001ec7b3f8570, 0x000001ec7bbf0460,
0x000001ec7bccfe00, 0x000001ec7bc088a0, 0x000001ec7bc092d0, 0x000001ec7c1d95e0,
0x000001ec7c1d8780, 0x000001ec7c2729b0, 0x000001ec7b184600, 0x000001ec7b4907b0,
0x000001ec7b4914d0, 0x000001ec7b492f10, 0x000001ec7b4921f0, 0x000001ec7f24b0e0,
0x000001ec7f24c490, 0x000001ec7f24cb20, 0x000001ec7f2496a0, 0x000001ec7f249d30,
0x000001ec7f24d1b0, 0x000001ec7f24d840, 0x000001ec7f24a3c0, 0x000001ec7f24ded0,
0x000001ec7f24be00, 0x000001ec7f24aa50, 0x000001ec7f24e560, 0x000001ec7f24ebf0,
0x000001ec7f250630, 0x000001ec7f250cc0, 0x000001ec00d59260, 0x000001ec02447260,
0x000001ec02448610, 0x000001ec024499c0, 0x000001ec024478f0, 0x000001ec02448ca0,
0x000001ec0176f010, 0x000001ec0176fd30, 0x000001ec0176e980, 0x000001ec0176e2f0,
0x000001ec017710e0, 0x000001ec01772b20, 0x000001ec7bf24ec0, 0x000001ec7bf23b10,
0x000001ec7bf24830, 0x000001ec7bf22df0, 0x000001ec7bf25550, 0x000001ec7bf22760,
0x000001ec7bf220d0, 0x000001ec7bf25be0, 0x000001ec7bf26f90, 0x000001ec7bf27620,
0x000001ec7bf296f0, 0x000001ec7bf26270, 0x000001ec7bf27cb0, 0x000001ec7bf289d0,
0x000001ec00d56470, 0x000001ec00d543a0, 0x000001ec00d52ff0, 0x000001ec00d55750,
0x000001ec00d56b00, 0x000001ec00d54a30, 0x000001ec00d550c0, 0x000001ec00d59f80,
0x000001ec0176f6a0, 0x000001ec01774560, 0x000001ec017731b0
}

Java Threads: ( => current thread )
  0x000001ec1b147470 JavaThread "main"                              [_thread_blocked, id=7056, stack(0x0000000ee0100000,0x0000000ee0200000) (1024K)]
  0x000001ec7b0044b0 JavaThread "Reference Handler"          daemon [_thread_blocked, id=9156, stack(0x0000000ee0500000,0x0000000ee0600000) (1024K)]
  0x000001ec7b0053c0 JavaThread "Finalizer"                  daemon [_thread_blocked, id=4556, stack(0x0000000ee0600000,0x0000000ee0700000) (1024K)]
  0x000001ec7b006940 JavaThread "Signal Dispatcher"          daemon [_thread_blocked, id=19208, stack(0x0000000ee0700000,0x0000000ee0800000) (1024K)]
  0x000001ec7b00a670 JavaThread "Attach Listener"            daemon [_thread_blocked, id=6380, stack(0x0000000ee0800000,0x0000000ee0900000) (1024K)]
  0x000001ec7b00acd0 JavaThread "Service Thread"             daemon [_thread_blocked, id=712, stack(0x0000000ee0900000,0x0000000ee0a00000) (1024K)]
  0x000001ec7b00b330 JavaThread "Monitor Deflation Thread"   daemon [_thread_blocked, id=19044, stack(0x0000000ee0a00000,0x0000000ee0b00000) (1024K)]
=>0x000001ec7b00bcc0 JavaThread "C2 CompilerThread0"         daemon [_thread_in_native, id=6272, stack(0x0000000ee0b00000,0x0000000ee0c00000) (1024K)]
  0x000001ec7b0a3910 JavaThread "C1 CompilerThread0"         daemon [_thread_blocked, id=13336, stack(0x0000000ee0c00000,0x0000000ee0d00000) (1024K)]
  0x000001ec7b252c00 JavaThread "Common-Cleaner"             daemon [_thread_blocked, id=16272, stack(0x0000000ee0d00000,0x0000000ee0e00000) (1024K)]
  0x000001ec7b3f8570 JavaThread "Notification Thread"        daemon [_thread_blocked, id=4284, stack(0x0000000ee0f00000,0x0000000ee1000000) (1024K)]
  0x000001ec7bbf0460 JavaThread "Active Thread: Equinox Container: 88413003-a243-43a0-bc8e-2ef03cf4459b"        [_thread_blocked, id=3148, stack(0x0000000ee1700000,0x0000000ee1800000) (1024K)]
  0x000001ec7bccfe00 JavaThread "Refresh Thread: Equinox Container: 88413003-a243-43a0-bc8e-2ef03cf4459b" daemon [_thread_blocked, id=1700, stack(0x0000000ee1900000,0x0000000ee1a00000) (1024K)]
  0x000001ec7bc088a0 JavaThread "Framework Event Dispatcher: Equinox Container: 88413003-a243-43a0-bc8e-2ef03cf4459b" daemon [_thread_blocked, id=11100, stack(0x0000000ee1a00000,0x0000000ee1b00000) (1024K)]
  0x000001ec7bc092d0 JavaThread "Start Level: Equinox Container: 88413003-a243-43a0-bc8e-2ef03cf4459b" daemon [_thread_blocked, id=5216, stack(0x0000000ee1b00000,0x0000000ee1c00000) (1024K)]
  0x000001ec7c1d95e0 JavaThread "Bundle File Closer"         daemon [_thread_blocked, id=16096, stack(0x0000000ee1e00000,0x0000000ee1f00000) (1024K)]
  0x000001ec7c1d8780 JavaThread "SCR Component Actor"        daemon [_thread_blocked, id=3492, stack(0x0000000ee0e00000,0x0000000ee0f00000) (1024K)]
  0x000001ec7c2729b0 JavaThread "Worker-JM"                         [_thread_blocked, id=18456, stack(0x0000000ee1000000,0x0000000ee1100000) (1024K)]
  0x000001ec7b184600 JavaThread "JNA Cleaner"                daemon [_thread_blocked, id=14296, stack(0x0000000ee1f00000,0x0000000ee2000000) (1024K)]
  0x000001ec7b4907b0 JavaThread "Java indexing"              daemon [_thread_blocked, id=18220, stack(0x0000000ee2300000,0x0000000ee2400000) (1024K)]
  0x000001ec7b4914d0 JavaThread "Thread-1"                   daemon [_thread_in_native, id=6364, stack(0x0000000ee2a00000,0x0000000ee2b00000) (1024K)]
  0x000001ec7b492f10 JavaThread "Thread-2"                   daemon [_thread_in_native, id=11876, stack(0x0000000ee2b00000,0x0000000ee2c00000) (1024K)]
  0x000001ec7b4921f0 JavaThread "Thread-3"                   daemon [_thread_in_native, id=6164, stack(0x0000000ee2c00000,0x0000000ee2d00000) (1024K)]
  0x000001ec7f24b0e0 JavaThread "Thread-4"                   daemon [_thread_in_native, id=12128, stack(0x0000000ee2d00000,0x0000000ee2e00000) (1024K)]
  0x000001ec7f24c490 JavaThread "Thread-5"                   daemon [_thread_in_native, id=19156, stack(0x0000000ee2e00000,0x0000000ee2f00000) (1024K)]
  0x000001ec7f24cb20 JavaThread "Thread-6"                   daemon [_thread_in_native, id=18792, stack(0x0000000ee2f00000,0x0000000ee3000000) (1024K)]
  0x000001ec7f2496a0 JavaThread "Thread-7"                   daemon [_thread_in_native, id=11988, stack(0x0000000ee3000000,0x0000000ee3100000) (1024K)]
  0x000001ec7f249d30 JavaThread "Thread-8"                   daemon [_thread_in_native, id=10188, stack(0x0000000ee3100000,0x0000000ee3200000) (1024K)]
  0x000001ec7f24d1b0 JavaThread "Thread-9"                   daemon [_thread_in_native, id=19132, stack(0x0000000ee3200000,0x0000000ee3300000) (1024K)]
  0x000001ec7f24d840 JavaThread "Thread-10"                  daemon [_thread_in_native, id=16408, stack(0x0000000ee3300000,0x0000000ee3400000) (1024K)]
  0x000001ec7f24a3c0 JavaThread "Thread-11"                  daemon [_thread_in_native, id=17732, stack(0x0000000ee3400000,0x0000000ee3500000) (1024K)]
  0x000001ec7f24ded0 JavaThread "Thread-12"                  daemon [_thread_in_native, id=12972, stack(0x0000000ee3500000,0x0000000ee3600000) (1024K)]
  0x000001ec7f24be00 JavaThread "Thread-13"                  daemon [_thread_in_native, id=10960, stack(0x0000000ee3600000,0x0000000ee3700000) (1024K)]
  0x000001ec7f24aa50 JavaThread "pool-2-thread-1"                   [_thread_blocked, id=10216, stack(0x0000000ee3700000,0x0000000ee3800000) (1024K)]
  0x000001ec7f24e560 JavaThread "Timer-0"                           [_thread_blocked, id=18720, stack(0x0000000ee3800000,0x0000000ee3900000) (1024K)]
  0x000001ec7f24ebf0 JavaThread "Timer-1"                           [_thread_blocked, id=17904, stack(0x0000000ee3900000,0x0000000ee3a00000) (1024K)]
  0x000001ec7f250630 JavaThread "WorkspaceEventsHandler"            [_thread_blocked, id=12268, stack(0x0000000ee3d00000,0x0000000ee3e00000) (1024K)]
  0x000001ec7f250cc0 JavaThread "pool-1-thread-1"                   [_thread_blocked, id=19232, stack(0x0000000ee3e00000,0x0000000ee3f00000) (1024K)]
  0x000001ec00d59260 JavaThread "Timer-2"                           [_thread_blocked, id=14048, stack(0x0000000ee4c00000,0x0000000ee4d00000) (1024K)]
  0x000001ec02447260 JavaThread "Timer-3"                           [_thread_blocked, id=2328, stack(0x0000000ee3f00000,0x0000000ee4000000) (1024K)]
  0x000001ec02448610 JavaThread "Timer-4"                           [_thread_blocked, id=13076, stack(0x0000000ee4d00000,0x0000000ee4e00000) (1024K)]
  0x000001ec024499c0 JavaThread "Timer-5"                           [_thread_blocked, id=16792, stack(0x0000000ee4e00000,0x0000000ee4f00000) (1024K)]
  0x000001ec024478f0 JavaThread "Timer-6"                           [_thread_blocked, id=17932, stack(0x0000000ee4f00000,0x0000000ee5000000) (1024K)]
  0x000001ec02448ca0 JavaThread "Timer-7"                           [_thread_blocked, id=13124, stack(0x0000000ee5000000,0x0000000ee5100000) (1024K)]
  0x000001ec0176f010 JavaThread "Timer-8"                           [_thread_blocked, id=19432, stack(0x0000000edff00000,0x0000000ee0000000) (1024K)]
  0x000001ec0176fd30 JavaThread "Timer-9"                           [_thread_blocked, id=2740, stack(0x0000000ee2000000,0x0000000ee2100000) (1024K)]
  0x000001ec0176e980 JavaThread "Timer-10"                          [_thread_blocked, id=16076, stack(0x0000000ee2200000,0x0000000ee2300000) (1024K)]
  0x000001ec0176e2f0 JavaThread "Timer-11"                          [_thread_blocked, id=17212, stack(0x0000000ee2800000,0x0000000ee2900000) (1024K)]
  0x000001ec017710e0 JavaThread "Cleaner-0"                  daemon [_thread_blocked, id=20456, stack(0x0000000ee5600000,0x0000000ee5700000) (1024K)]
  0x000001ec01772b20 JavaThread "Worker-73"                         [_thread_blocked, id=16972, stack(0x0000000ee2500000,0x0000000ee2600000) (1024K)]
  0x000001ec7bf24ec0 JavaThread "Worker-83"                         [_thread_blocked, id=19664, stack(0x0000000ee0000000,0x0000000ee0100000) (1024K)]
  0x000001ec7bf23b10 JavaThread "ForkJoinPool.commonPool-worker-46" daemon [_thread_blocked, id=23296, stack(0x0000000ee2100000,0x0000000ee2200000) (1024K)]
  0x000001ec7bf24830 JavaThread "ForkJoinPool.commonPool-worker-47" daemon [_thread_blocked, id=19792, stack(0x0000000ee2400000,0x0000000ee2500000) (1024K)]
  0x000001ec7bf22df0 JavaThread "ForkJoinPool.commonPool-worker-48" daemon [_thread_blocked, id=23024, stack(0x0000000ee2600000,0x0000000ee2700000) (1024K)]
  0x000001ec7bf25550 JavaThread "ForkJoinPool.commonPool-worker-49" daemon [_thread_blocked, id=6464, stack(0x0000000ee2700000,0x0000000ee2800000) (1024K)]
  0x000001ec7bf22760 JavaThread "ForkJoinPool.commonPool-worker-50" daemon [_thread_blocked, id=21612, stack(0x0000000ee2900000,0x0000000ee2a00000) (1024K)]
  0x000001ec7bf220d0 JavaThread "ForkJoinPool.commonPool-worker-51" daemon [_thread_blocked, id=11732, stack(0x0000000ee3a00000,0x0000000ee3b00000) (1024K)]
  0x000001ec7bf25be0 JavaThread "Worker-84"                         [_thread_blocked, id=21972, stack(0x0000000ee3b00000,0x0000000ee3c00000) (1024K)]
  0x000001ec7bf26f90 JavaThread "Worker-85"                         [_thread_blocked, id=22600, stack(0x0000000ee3c00000,0x0000000ee3d00000) (1024K)]
  0x000001ec7bf27620 JavaThread "Worker-86"                         [_thread_blocked, id=15324, stack(0x0000000ee4000000,0x0000000ee4100000) (1024K)]
  0x000001ec7bf296f0 JavaThread "Compiler Source File Reader" daemon [_thread_blocked, id=20916, stack(0x0000000ee4100000,0x0000000ee4200000) (1024K)]
  0x000001ec7bf26270 JavaThread "Compiler Processing Task"   daemon [_thread_blocked, id=7064, stack(0x0000000ee4300000,0x0000000ee4400000) (1024K)]
  0x000001ec7bf27cb0 JavaThread "Compiler Source File Reader" daemon [_thread_blocked, id=20556, stack(0x0000000ee4400000,0x0000000ee4500000) (1024K)]
  0x000001ec7bf289d0 JavaThread "Compiler Source File Reader" daemon [_thread_blocked, id=1044, stack(0x0000000ee4500000,0x0000000ee4600000) (1024K)]
  0x000001ec00d56470 JavaThread "Compiler Source File Reader" daemon [_thread_blocked, id=20576, stack(0x0000000ee4600000,0x0000000ee4700000) (1024K)]
  0x000001ec00d543a0 JavaThread "Worker-87"                         [_thread_blocked, id=11548, stack(0x0000000ee4200000,0x0000000ee4300000) (1024K)]
  0x000001ec00d52ff0 JavaThread "Compiler Source File Reader" daemon [_thread_blocked, id=1296, stack(0x0000000ee4700000,0x0000000ee4800000) (1024K)]
  0x000001ec00d55750 JavaThread "Compiler Source File Reader" daemon [_thread_blocked, id=21444, stack(0x0000000ee4800000,0x0000000ee4900000) (1024K)]
  0x000001ec00d56b00 JavaThread "Compiler Source File Reader" daemon [_thread_blocked, id=17056, stack(0x0000000ee4900000,0x0000000ee4a00000) (1024K)]
  0x000001ec00d54a30 JavaThread "Worker-88: Publish Diagnostics"        [_thread_blocked, id=20492, stack(0x0000000ee4a00000,0x0000000ee4b00000) (1024K)]
  0x000001ec00d550c0 JavaThread "Worker-89: Building"               [_thread_in_vm, id=21048, stack(0x0000000ee4b00000,0x0000000ee4c00000) (1024K)]
  0x000001ec00d59f80 JavaThread "Worker-90"                         [_thread_blocked, id=20760, stack(0x0000000ee5100000,0x0000000ee5200000) (1024K)]
  0x000001ec0176f6a0 JavaThread "Compiler Source File Reader" daemon [_thread_blocked, id=7640, stack(0x0000000ee5200000,0x0000000ee5300000) (1024K)]
  0x000001ec01774560 JavaThread "Compiler Source File Reader" daemon [_thread_blocked, id=22824, stack(0x0000000ee5300000,0x0000000ee5400000) (1024K)]
  0x000001ec017731b0 JavaThread "Compiler Source File Reader" daemon [_thread_blocked, id=19192, stack(0x0000000ee5400000,0x0000000ee5500000) (1024K)]
Total: 75

Other Threads:
  0x000001ec1d463890 VMThread "VM Thread"                           [id=14024, stack(0x0000000ee0400000,0x0000000ee0500000) (1024K)] _threads_hazard_ptr=0x000001ec02d4bb40
  0x000001ec1d35bd60 WatcherThread "VM Periodic Task Thread"        [id=6508, stack(0x0000000ee0300000,0x0000000ee0400000) (1024K)]
  0x000001ec1d4eb6d0 WorkerThread "GC Thread#0"                     [id=13232, stack(0x0000000ee0200000,0x0000000ee0300000) (1024K)]
  0x000001ec7b9dd3e0 WorkerThread "GC Thread#1"                     [id=2128, stack(0x0000000ee1100000,0x0000000ee1200000) (1024K)]
  0x000001ec7b9dd780 WorkerThread "GC Thread#2"                     [id=7276, stack(0x0000000ee1200000,0x0000000ee1300000) (1024K)]
  0x000001ec7b9ddb20 WorkerThread "GC Thread#3"                     [id=12256, stack(0x0000000ee1300000,0x0000000ee1400000) (1024K)]
  0x000001ec7b9ddec0 WorkerThread "GC Thread#4"                     [id=11268, stack(0x0000000ee1400000,0x0000000ee1500000) (1024K)]
  0x000001ec7b9de260 WorkerThread "GC Thread#5"                     [id=17716, stack(0x0000000ee1500000,0x0000000ee1600000) (1024K)]
  0x000001ec7b90c410 WorkerThread "GC Thread#6"                     [id=10628, stack(0x0000000ee1600000,0x0000000ee1700000) (1024K)]
  0x000001ec7bcd0b80 WorkerThread "GC Thread#7"                     [id=12872, stack(0x0000000ee1800000,0x0000000ee1900000) (1024K)]
  0x000001ec7c050c30 WorkerThread "GC Thread#8"                     [id=14832, stack(0x0000000ee1c00000,0x0000000ee1d00000) (1024K)]
  0x000001ec7c0651e0 WorkerThread "GC Thread#9"                     [id=1916, stack(0x0000000ee1d00000,0x0000000ee1e00000) (1024K)]
Total: 12

Threads with active compile tasks:
C2 CompilerThread0  19812180 26777 %     4       org.eclipse.jdt.internal.compiler.lookup.MethodVerifier15::checkMethods @ 47 (1164 bytes)
Total: 1

VM state: synchronizing (normal execution)

VM Mutex/Monitor currently owned by a thread:  ([mutex/lock_event])
[0x00007ff9fe3ad570] Threads_lock - owner thread: 0x000001ec1d463890
[0x00007ff9fe3ad670] Heap_lock - owner thread: 0x000001ec00d550c0
[0x00007ff9fe3adaf0] PSOldGenExpand_lock - owner thread: 0x000001ec00d550c0

Heap address: 0x0000000080000000, size: 2048 MB, Compressed Oops mode: 32-bit

CDS archive(s) mapped at: [0x000001ec34000000-0x000001ec34ba0000-0x000001ec34ba0000), size 12189696, SharedBaseAddress: 0x000001ec34000000, ArchiveRelocationMode: 1.
Compressed class space mapped at: 0x000001ec35000000-0x000001ec75000000, reserved size: 1073741824
Narrow klass base: 0x000001ec34000000, Narrow klass shift: 0, Narrow klass range: 0x100000000

GC Precious Log:
 CardTable entry size: 512
 CPUs: 12 total, 12 available
 Memory: 7913M
 Large Page Support: Disabled
 NUMA Support: Disabled
 Compressed Oops: Enabled (32-bit)
 Alignments: Space 512K, Generation 512K, Heap 2M
 Heap Min Capacity: 100M
 Heap Initial Capacity: 100M
 Heap Max Capacity: 2G
 Pre-touch: Disabled
 Parallel Workers: 10

Heap:
 PSYoungGen      total 10752K, used 10739K [0x00000000d5580000, 0x00000000d7080000, 0x0000000100000000)
  eden space 9216K, 99% used [0x00000000d5580000,0x00000000d5e7fff8,0x00000000d5e80000)
  from space 1536K, 99% used [0x00000000d6000000,0x00000000d617cf50,0x00000000d6180000)
  to   space 9216K, 0% used [0x00000000d6780000,0x00000000d6780000,0x00000000d7080000)
 ParOldGen       total 814592K, used 813797K [0x0000000080000000, 0x00000000b1b80000, 0x00000000d5580000)
  object space 814592K, 99% used [0x0000000080000000,0x00000000b1ab9688,0x00000000b1b80000)
 Metaspace       used 103565K, committed 105280K, reserved 1179648K
  class space    used 11461K, committed 12288K, reserved 1048576K

Card table byte_map: [0x000001ec1ce70000,0x000001ec1d280000] _byte_map_base: 0x000001ec1ca70000

Marking Bits: (ParMarkBitMap*) 0x00007ff9fe3b2460
 Begin Bits: [0x000001ec2f980000, 0x000001ec31980000)
 End Bits:   [0x000001ec31980000, 0x000001ec33980000)

Polling page: 0x000001ec1b2b0000

Metaspace:

Usage:
  Non-class:     89.95 MB used.
      Class:     11.19 MB used.
       Both:    101.14 MB used.

Virtual space:
  Non-class space:      128.00 MB reserved,      90.81 MB ( 71%) committed,  2 nodes.
      Class space:        1.00 GB reserved,      12.00 MB (  1%) committed,  1 nodes.
             Both:        1.12 GB reserved,     102.81 MB (  9%) committed. 

Chunk freelists:
   Non-Class:  4.97 MB
       Class:  4.00 MB
        Both:  8.96 MB

MaxMetaspaceSize: unlimited
CompressedClassSpaceSize: 1.00 GB
Initial GC threshold: 21.00 MB
Current GC threshold: 170.56 MB
CDS: on
 - commit_granule_bytes: 65536.
 - commit_granule_words: 8192.
 - virtual_space_node_default_size: 8388608.
 - enlarge_chunks_in_place: 1.
 - use_allocation_guard: 0.


Internal statistics:

num_allocs_failed_limit: 9.
num_arena_births: 2432.
num_arena_deaths: 1042.
num_vsnodes_births: 3.
num_vsnodes_deaths: 0.
num_space_committed: 1646.
num_space_uncommitted: 1.
num_chunks_returned_to_freelist: 1331.
num_chunks_taken_from_freelist: 8039.
num_chunk_merges: 436.
num_chunk_splits: 4391.
num_chunks_enlarged: 2289.
num_inconsistent_stats: 0.

CodeHeap 'non-profiled nmethods': size=120000Kb used=19502Kb max_used=23440Kb free=100497Kb
 bounds [0x000001ec281a0000, 0x000001ec29890000, 0x000001ec2f6d0000]
CodeHeap 'profiled nmethods': size=120000Kb used=36657Kb max_used=50643Kb free=83342Kb
 bounds [0x000001ec206d0000, 0x000001ec23850000, 0x000001ec27c00000]
CodeHeap 'non-nmethods': size=5760Kb used=1556Kb max_used=1645Kb free=4204Kb
 bounds [0x000001ec27c00000, 0x000001ec27e70000, 0x000001ec281a0000]
CodeCache: size=245760Kb, used=57715Kb, max_used=75728Kb, free=188043Kb
 total_blobs=16848, nmethods=15982, adapters=764, full_count=0
Compilation: enabled, stopped_count=0, restarted_count=0

Compilation events (20 events):
Event: 19810.513 Thread 0x000001ec7b00bcc0 nmethod 26772 0x000001ec283be090 code [0x000001ec283bebe0, 0x000001ec283c8a48]
Event: 19810.517 Thread 0x000001ec7b00bcc0 26774   !   4       org.eclipse.jdt.internal.compiler.lookup.BinaryTypeBinding::createFields (616 bytes)
Event: 19810.532 Thread 0x000001ec7b0a3910 26803       3       org.eclipse.jdt.core.dom.ASTNode$NodeList::remove (114 bytes)
Event: 19810.536 Thread 0x000001ec7b0a3910 nmethod 26803 0x000001ec2124a790 code [0x000001ec2124aa00, 0x000001ec2124b430]
Event: 19810.536 Thread 0x000001ec7b0a3910 26804       3       org.eclipse.jdt.core.dom.NodeEventHandler::preRemoveChildEvent (1 bytes)
Event: 19810.536 Thread 0x000001ec7b0a3910 nmethod 26804 0x000001ec210d8210 code [0x000001ec210d83a0, 0x000001ec210d84a8]
Event: 19810.536 Thread 0x000001ec7b0a3910 26806   !   3       org.eclipse.jdt.core.dom.AST::preRemoveChildEvent (63 bytes)
Event: 19810.537 Thread 0x000001ec7b0a3910 nmethod 26806 0x000001ec20b77c90 code [0x000001ec20b77ec0, 0x000001ec20b78838]
Event: 19810.626 Thread 0x000001ec7b00bcc0 nmethod 26774 0x000001ec284ccc90 code [0x000001ec284cd0a0, 0x000001ec284cf5e8]
Event: 19810.627 Thread 0x000001ec7b00bcc0 26805       4       org.eclipse.jdt.core.dom.ASTConverter::convert (871 bytes)
Event: 19810.684 Thread 0x000001ec7b0a3910 26807       3       org.eclipse.jdt.internal.compiler.flow.FlowContext::copyNullCheckedFieldsFrom (45 bytes)
Event: 19810.684 Thread 0x000001ec7b0a3910 nmethod 26807 0x000001ec212f0410 code [0x000001ec212f05c0, 0x000001ec212f07d0]
Event: 19810.710 Thread 0x000001ec7b0a3910 26808       3       org.apache.maven.execution.DefaultMavenExecutionRequest::getActiveProfiles (23 bytes)
Event: 19810.711 Thread 0x000001ec7b0a3910 nmethod 26808 0x000001ec219a7c90 code [0x000001ec219a7e60, 0x000001ec219a81b8]
Event: 19810.711 Thread 0x000001ec7b0a3910 26809       3       org.apache.maven.execution.DefaultMavenExecutionRequest::getProfiles (23 bytes)
Event: 19810.712 Thread 0x000001ec7b0a3910 nmethod 26809 0x000001ec21a61e90 code [0x000001ec21a62060, 0x000001ec21a623b0]
Event: 19810.752 Thread 0x000001ec7b00bcc0 nmethod 26805 0x000001ec291ca190 code [0x000001ec291ca980, 0x000001ec291cd998]
Event: 19810.753 Thread 0x000001ec7b00bcc0 26777 %     4       org.eclipse.jdt.internal.compiler.lookup.MethodVerifier15::checkMethods @ 47 (1164 bytes)
Event: 19810.966 Thread 0x000001ec7b0a3910 26810   !   3       org.eclipse.jdt.internal.core.index.Index::getMetaIndexQualifications (152 bytes)
Event: 19810.968 Thread 0x000001ec7b0a3910 nmethod 26810 0x000001ec20c3dc10 code [0x000001ec20c3df00, 0x000001ec20c3f278]

GC Heap History (20 events):
Event: 19809.207 GC heap before
{Heap before GC invocations=2208 (full 7):
 PSYoungGen      total 5632K, used 5568K [0x00000000d5580000, 0x00000000d5e80000, 0x0000000100000000)
  eden space 4096K, 100% used [0x00000000d5580000,0x00000000d5980000,0x00000000d5980000)
  from space 1536K, 95% used [0x00000000d5b00000,0x00000000d5c70010,0x00000000d5c80000)
  to   space 2048K, 0% used [0x00000000d5c80000,0x00000000d5c80000,0x00000000d5e80000)
 ParOldGen       total 781312K, used 781167K [0x0000000080000000, 0x00000000afb00000, 0x00000000d5580000)
  object space 781312K, 99% used [0x0000000080000000,0x00000000afadbf08,0x00000000afb00000)
 Metaspace       used 103550K, committed 105280K, reserved 1179648K
  class space    used 11461K, committed 12288K, reserved 1048576K
}
Event: 19809.210 GC heap after
{Heap after GC invocations=2208 (full 7):
 PSYoungGen      total 6656K, used 1152K [0x00000000d5580000, 0x00000000d5e00000, 0x0000000100000000)
  eden space 5120K, 0% used [0x00000000d5580000,0x00000000d5580000,0x00000000d5a80000)
  from space 1536K, 75% used [0x00000000d5c80000,0x00000000d5da0000,0x00000000d5e00000)
  to   space 1536K, 0% used [0x00000000d5b00000,0x00000000d5b00000,0x00000000d5c80000)
 ParOldGen       total 782848K, used 782399K [0x0000000080000000, 0x00000000afc80000, 0x00000000d5580000)
  object space 782848K, 99% used [0x0000000080000000,0x00000000afc0ff18,0x00000000afc80000)
 Metaspace       used 103550K, committed 105280K, reserved 1179648K
  class space    used 11461K, committed 12288K, reserved 1048576K
}
Event: 19809.224 GC heap before
{Heap before GC invocations=2209 (full 7):
 PSYoungGen      total 6656K, used 6272K [0x00000000d5580000, 0x00000000d5e00000, 0x0000000100000000)
  eden space 5120K, 100% used [0x00000000d5580000,0x00000000d5a80000,0x00000000d5a80000)
  from space 1536K, 75% used [0x00000000d5c80000,0x00000000d5da0000,0x00000000d5e00000)
  to   space 1536K, 0% used [0x00000000d5b00000,0x00000000d5b00000,0x00000000d5c80000)
 ParOldGen       total 782848K, used 782399K [0x0000000080000000, 0x00000000afc80000, 0x00000000d5580000)
  object space 782848K, 99% used [0x0000000080000000,0x00000000afc0ff18,0x00000000afc80000)
 Metaspace       used 103552K, committed 105280K, reserved 1179648K
  class space    used 11461K, committed 12288K, reserved 1048576K
}
Event: 19810.227 GC heap after
{Heap after GC invocations=2209 (full 7):
 PSYoungGen      total 7168K, used 1524K [0x00000000d5580000, 0x00000000d6280000, 0x0000000100000000)
  eden space 5632K, 0% used [0x00000000d5580000,0x00000000d5580000,0x00000000d5b00000)
  from space 1536K, 99% used [0x00000000d5b00000,0x00000000d5c7d200,0x00000000d5c80000)
  to   space 3584K, 0% used [0x00000000d5f00000,0x00000000d5f00000,0x00000000d6280000)
 ParOldGen       total 783872K, used 783735K [0x0000000080000000, 0x00000000afd80000, 0x00000000d5580000)
  object space 783872K, 99% used [0x0000000080000000,0x00000000afd5df28,0x00000000afd80000)
 Metaspace       used 103552K, committed 105280K, reserved 1179648K
  class space    used 11461K, committed 12288K, reserved 1048576K
}
Event: 19810.304 GC heap before
{Heap before GC invocations=2210 (full 7):
 PSYoungGen      total 7168K, used 7156K [0x00000000d5580000, 0x00000000d6280000, 0x0000000100000000)
  eden space 5632K, 100% used [0x00000000d5580000,0x00000000d5b00000,0x00000000d5b00000)
  from space 1536K, 99% used [0x00000000d5b00000,0x00000000d5c7d200,0x00000000d5c80000)
  to   space 3584K, 0% used [0x00000000d5f00000,0x00000000d5f00000,0x00000000d6280000)
 ParOldGen       total 783872K, used 783735K [0x0000000080000000, 0x00000000afd80000, 0x00000000d5580000)
  object space 783872K, 99% used [0x0000000080000000,0x00000000afd5df28,0x00000000afd80000)
 Metaspace       used 103559K, committed 105280K, reserved 1179648K
  class space    used 11461K, committed 12288K, reserved 1048576K
}
Event: 19810.309 GC heap after
{Heap after GC invocations=2210 (full 7):
 PSYoungGen      total 9728K, used 3328K [0x00000000d5580000, 0x00000000d6380000, 0x0000000100000000)
  eden space 6144K, 0% used [0x00000000d5580000,0x00000000d5580000,0x00000000d5b80000)
  from space 3584K, 92% used [0x00000000d5f00000,0x00000000d6240000,0x00000000d6280000)
  to   space 3584K, 0% used [0x00000000d5b80000,0x00000000d5b80000,0x00000000d5f00000)
 ParOldGen       total 784384K, used 784372K [0x0000000080000000, 0x00000000afe00000, 0x00000000d5580000)
  object space 784384K, 99% used [0x0000000080000000,0x00000000afdfd128,0x00000000afe00000)
 Metaspace       used 103559K, committed 105280K, reserved 1179648K
  class space    used 11461K, committed 12288K, reserved 1048576K
}
Event: 19810.323 GC heap before
{Heap before GC invocations=2211 (full 7):
 PSYoungGen      total 9728K, used 9438K [0x00000000d5580000, 0x00000000d6380000, 0x0000000100000000)
  eden space 6144K, 99% used [0x00000000d5580000,0x00000000d5b77ae8,0x00000000d5b80000)
  from space 3584K, 92% used [0x00000000d5f00000,0x00000000d6240000,0x00000000d6280000)
  to   space 3584K, 0% used [0x00000000d5b80000,0x00000000d5b80000,0x00000000d5f00000)
 ParOldGen       total 784384K, used 784372K [0x0000000080000000, 0x00000000afe00000, 0x00000000d5580000)
  object space 784384K, 99% used [0x0000000080000000,0x00000000afdfd128,0x00000000afe00000)
 Metaspace       used 103562K, committed 105280K, reserved 1179648K
  class space    used 11461K, committed 12288K, reserved 1048576K
}
Event: 19810.328 GC heap after
{Heap after GC invocations=2211 (full 7):
 PSYoungGen      total 9728K, used 3562K [0x00000000d5580000, 0x00000000d6d00000, 0x0000000100000000)
  eden space 6144K, 0% used [0x00000000d5580000,0x00000000d5580000,0x00000000d5b80000)
  from space 3584K, 99% used [0x00000000d5b80000,0x00000000d5efabb8,0x00000000d5f00000)
  to   space 8192K, 0% used [0x00000000d6500000,0x00000000d6500000,0x00000000d6d00000)
 ParOldGen       total 787968K, used 787955K [0x0000000080000000, 0x00000000b0180000, 0x00000000d5580000)
  object space 787968K, 99% used [0x0000000080000000,0x00000000b017cce0,0x00000000b0180000)
 Metaspace       used 103562K, committed 105280K, reserved 1179648K
  class space    used 11461K, committed 12288K, reserved 1048576K
}
Event: 19810.351 GC heap before
{Heap before GC invocations=2212 (full 7):
 PSYoungGen      total 9728K, used 9619K [0x00000000d5580000, 0x00000000d6d00000, 0x0000000100000000)
  eden space 6144K, 98% used [0x00000000d5580000,0x00000000d5b6a2e0,0x00000000d5b80000)
  from space 3584K, 99% used [0x00000000d5b80000,0x00000000d5efabb8,0x00000000d5f00000)
  to   space 8192K, 0% used [0x00000000d6500000,0x00000000d6500000,0x00000000d6d00000)
 ParOldGen       total 787968K, used 787955K [0x0000000080000000, 0x00000000b0180000, 0x00000000d5580000)
  object space 787968K, 99% used [0x0000000080000000,0x00000000b017cce0,0x00000000b0180000)
 Metaspace       used 103562K, committed 105280K, reserved 1179648K
  class space    used 11461K, committed 12288K, reserved 1048576K
}
Event: 19810.354 GC heap after
{Heap after GC invocations=2212 (full 7):
 PSYoungGen      total 13312K, used 5126K [0x00000000d5580000, 0x00000000d6a80000, 0x0000000100000000)
  eden space 7680K, 0% used [0x00000000d5580000,0x00000000d5580000,0x00000000d5d00000)
  from space 5632K, 91% used [0x00000000d6500000,0x00000000d6a01bb8,0x00000000d6a80000)
  to   space 6144K, 0% used [0x00000000d5e80000,0x00000000d5e80000,0x00000000d6480000)
 ParOldGen       total 791552K, used 791497K [0x0000000080000000, 0x00000000b0500000, 0x00000000d5580000)
  object space 791552K, 99% used [0x0000000080000000,0x00000000b04f2720,0x00000000b0500000)
 Metaspace       used 103562K, committed 105280K, reserved 1179648K
  class space    used 11461K, committed 12288K, reserved 1048576K
}
Event: 19810.375 GC heap before
{Heap before GC invocations=2213 (full 7):
 PSYoungGen      total 13312K, used 12806K [0x00000000d5580000, 0x00000000d6a80000, 0x0000000100000000)
  eden space 7680K, 100% used [0x00000000d5580000,0x00000000d5d00000,0x00000000d5d00000)
  from space 5632K, 91% used [0x00000000d6500000,0x00000000d6a01bb8,0x00000000d6a80000)
  to   space 6144K, 0% used [0x00000000d5e80000,0x00000000d5e80000,0x00000000d6480000)
 ParOldGen       total 791552K, used 791497K [0x0000000080000000, 0x00000000b0500000, 0x00000000d5580000)
  object space 791552K, 99% used [0x0000000080000000,0x00000000b04f2720,0x00000000b0500000)
 Metaspace       used 103562K, committed 105280K, reserved 1179648K
  class space    used 11461K, committed 12288K, reserved 1048576K
}
Event: 19810.381 GC heap after
{Heap after GC invocations=2213 (full 7):
 PSYoungGen      total 12288K, used 3040K [0x00000000d5580000, 0x00000000d6680000, 0x0000000100000000)
  eden space 9216K, 0% used [0x00000000d5580000,0x00000000d5580000,0x00000000d5e80000)
  from space 3072K, 98% used [0x00000000d5e80000,0x00000000d61783a0,0x00000000d6180000)
  to   space 4096K, 0% used [0x00000000d6280000,0x00000000d6280000,0x00000000d6680000)
 ParOldGen       total 796672K, used 796427K [0x0000000080000000, 0x00000000b0a00000, 0x00000000d5580000)
  object space 796672K, 99% used [0x0000000080000000,0x00000000b09c2de0,0x00000000b0a00000)
 Metaspace       used 103562K, committed 105280K, reserved 1179648K
  class space    used 11461K, committed 12288K, reserved 1048576K
}
Event: 19810.402 GC heap before
{Heap before GC invocations=2214 (full 7):
 PSYoungGen      total 12288K, used 12256K [0x00000000d5580000, 0x00000000d6680000, 0x0000000100000000)
  eden space 9216K, 100% used [0x00000000d5580000,0x00000000d5e80000,0x00000000d5e80000)
  from space 3072K, 98% used [0x00000000d5e80000,0x00000000d61783a0,0x00000000d6180000)
  to   space 4096K, 0% used [0x00000000d6280000,0x00000000d6280000,0x00000000d6680000)
 ParOldGen       total 796672K, used 796427K [0x0000000080000000, 0x00000000b0a00000, 0x00000000d5580000)
  object space 796672K, 99% used [0x0000000080000000,0x00000000b09c2de0,0x00000000b0a00000)
 Metaspace       used 103563K, committed 105280K, reserved 1179648K
  class space    used 11461K, committed 12288K, reserved 1048576K
}
Event: 19810.405 GC heap after
{Heap after GC invocations=2214 (full 7):
 PSYoungGen      total 10752K, used 1056K [0x00000000d5580000, 0x00000000d6400000, 0x0000000100000000)
  eden space 9216K, 0% used [0x00000000d5580000,0x00000000d5580000,0x00000000d5e80000)
  from space 1536K, 68% used [0x00000000d6280000,0x00000000d6388020,0x00000000d6400000)
  to   space 2048K, 0% used [0x00000000d6000000,0x00000000d6000000,0x00000000d6200000)
 ParOldGen       total 798720K, used 798611K [0x0000000080000000, 0x00000000b0c00000, 0x00000000d5580000)
  object space 798720K, 99% used [0x0000000080000000,0x00000000b0be4dd8,0x00000000b0c00000)
 Metaspace       used 103563K, committed 105280K, reserved 1179648K
  class space    used 11461K, committed 12288K, reserved 1048576K
}
Event: 19810.514 GC heap before
{Heap before GC invocations=2215 (full 7):
 PSYoungGen      total 10752K, used 10272K [0x00000000d5580000, 0x00000000d6400000, 0x0000000100000000)
  eden space 9216K, 100% used [0x00000000d5580000,0x00000000d5e80000,0x00000000d5e80000)
  from space 1536K, 68% used [0x00000000d6280000,0x00000000d6388020,0x00000000d6400000)
  to   space 2048K, 0% used [0x00000000d6000000,0x00000000d6000000,0x00000000d6200000)
 ParOldGen       total 798720K, used 798611K [0x0000000080000000, 0x00000000b0c00000, 0x00000000d5580000)
  object space 798720K, 99% used [0x0000000080000000,0x00000000b0be4dd8,0x00000000b0c00000)
 Metaspace       used 103563K, committed 105280K, reserved 1179648K
  class space    used 11461K, committed 12288K, reserved 1048576K
}
Event: 19810.516 GC heap after
{Heap after GC invocations=2215 (full 7):
 PSYoungGen      total 11264K, used 425K [0x00000000d5580000, 0x00000000d6300000, 0x0000000100000000)
  eden space 9216K, 0% used [0x00000000d5580000,0x00000000d5580000,0x00000000d5e80000)
  from space 2048K, 20% used [0x00000000d6000000,0x00000000d606a400,0x00000000d6200000)
  to   space 1024K, 0% used [0x00000000d6200000,0x00000000d6200000,0x00000000d6300000)
 ParOldGen       total 799744K, used 799486K [0x0000000080000000, 0x00000000b0d00000, 0x00000000d5580000)
  object space 799744K, 99% used [0x0000000080000000,0x00000000b0cbf898,0x00000000b0d00000)
 Metaspace       used 103563K, committed 105280K, reserved 1179648K
  class space    used 11461K, committed 12288K, reserved 1048576K
}
Event: 19810.616 GC heap before
{Heap before GC invocations=2216 (full 7):
 PSYoungGen      total 11264K, used 9613K [0x00000000d5580000, 0x00000000d6300000, 0x0000000100000000)
  eden space 9216K, 99% used [0x00000000d5580000,0x00000000d5e791a8,0x00000000d5e80000)
  from space 2048K, 20% used [0x00000000d6000000,0x00000000d606a400,0x00000000d6200000)
  to   space 1024K, 0% used [0x00000000d6200000,0x00000000d6200000,0x00000000d6300000)
 ParOldGen       total 799744K, used 799486K [0x0000000080000000, 0x00000000b0d00000, 0x00000000d5580000)
  object space 799744K, 99% used [0x0000000080000000,0x00000000b0cbf898,0x00000000b0d00000)
 Metaspace       used 103565K, committed 105280K, reserved 1179648K
  class space    used 11461K, committed 12288K, reserved 1048576K
}
Event: 19810.618 GC heap after
{Heap after GC invocations=2216 (full 7):
 PSYoungGen      total 10240K, used 1024K [0x00000000d5580000, 0x00000000d6300000, 0x0000000100000000)
  eden space 9216K, 0% used [0x00000000d5580000,0x00000000d5580000,0x00000000d5e80000)
  from space 1024K, 100% used [0x00000000d6200000,0x00000000d6300000,0x00000000d6300000)
  to   space 1536K, 0% used [0x00000000d6000000,0x00000000d6000000,0x00000000d6180000)
 ParOldGen       total 800256K, used 799799K [0x0000000080000000, 0x00000000b0d80000, 0x00000000d5580000)
  object space 800256K, 99% used [0x0000000080000000,0x00000000b0d0dcb8,0x00000000b0d80000)
 Metaspace       used 103565K, committed 105280K, reserved 1179648K
  class space    used 11461K, committed 12288K, reserved 1048576K
}
Event: 19810.656 GC heap before
{Heap before GC invocations=2217 (full 7):
 PSYoungGen      total 10240K, used 10231K [0x00000000d5580000, 0x00000000d6300000, 0x0000000100000000)
  eden space 9216K, 99% used [0x00000000d5580000,0x00000000d5e7de70,0x00000000d5e80000)
  from space 1024K, 100% used [0x00000000d6200000,0x00000000d6300000,0x00000000d6300000)
  to   space 1536K, 0% used [0x00000000d6000000,0x00000000d6000000,0x00000000d6180000)
 ParOldGen       total 800256K, used 799799K [0x0000000080000000, 0x00000000b0d80000, 0x00000000d5580000)
  object space 800256K, 99% used [0x0000000080000000,0x00000000b0d0dcb8,0x00000000b0d80000)
 Metaspace       used 103565K, committed 105280K, reserved 1179648K
  class space    used 11461K, committed 12288K, reserved 1048576K
}
Event: 19810.660 GC heap after
{Heap after GC invocations=2217 (full 7):
 PSYoungGen      total 10752K, used 1523K [0x00000000d5580000, 0x00000000d7080000, 0x0000000100000000)
  eden space 9216K, 0% used [0x00000000d5580000,0x00000000d5580000,0x00000000d5e80000)
  from space 1536K, 99% used [0x00000000d6000000,0x00000000d617cf50,0x00000000d6180000)
  to   space 9216K, 0% used [0x00000000d6780000,0x00000000d6780000,0x00000000d7080000)
 ParOldGen       total 806400K, used 806117K [0x0000000080000000, 0x00000000b1380000, 0x00000000d5580000)
  object space 806400K, 99% used [0x0000000080000000,0x00000000b1339678,0x00000000b1380000)
 Metaspace       used 103565K, committed 105280K, reserved 1179648K
  class space    used 11461K, committed 12288K, reserved 1048576K
}

Dll operation events (15 events):
Event: 0.015 Loaded shared library c:\Users\nibin\.antigravity\extensions\redhat.java-1.51.0-win32-x64\jre\21.0.9-win32-x86_64\bin\java.dll
Event: 0.166 Loaded shared library c:\Users\nibin\.antigravity\extensions\redhat.java-1.51.0-win32-x64\jre\21.0.9-win32-x86_64\bin\zip.dll
Event: 0.220 Loaded shared library C:\Users\nibin\.antigravity\extensions\redhat.java-1.51.0-win32-x64\jre\21.0.9-win32-x86_64\bin\instrument.dll
Event: 0.232 Loaded shared library C:\Users\nibin\.antigravity\extensions\redhat.java-1.51.0-win32-x64\jre\21.0.9-win32-x86_64\bin\net.dll
Event: 0.236 Loaded shared library C:\Users\nibin\.antigravity\extensions\redhat.java-1.51.0-win32-x64\jre\21.0.9-win32-x86_64\bin\nio.dll
Event: 0.249 Loaded shared library C:\Users\nibin\.antigravity\extensions\redhat.java-1.51.0-win32-x64\jre\21.0.9-win32-x86_64\bin\zip.dll
Event: 0.284 Loaded shared library C:\Users\nibin\.antigravity\extensions\redhat.java-1.51.0-win32-x64\jre\21.0.9-win32-x86_64\bin\jimage.dll
Event: 0.436 Loaded shared library c:\Users\nibin\.antigravity\extensions\redhat.java-1.51.0-win32-x64\jre\21.0.9-win32-x86_64\bin\verify.dll
Event: 2.464 Loaded shared library C:\Users\nibin\AppData\Roaming\Antigravity\User\globalStorage\redhat.java\1.51.0\config_win\org.eclipse.equinox.launcher\org.eclipse.equinox.launcher.win32.win32.x86_64_1.2.1400.v20250801-0854\eclipse_11916.dll
Event: 6.623 Loaded shared library C:\Users\nibin\AppData\Local\Temp\jna-104812908\jna13421492349684379215.dll
Event: 9.347 Loaded shared library C:\Users\nibin\.antigravity\extensions\redhat.java-1.51.0-win32-x64\jre\21.0.9-win32-x86_64\bin\sunmscapi.dll
Event: 9.589 Loaded shared library C:\Users\nibin\.antigravity\extensions\redhat.java-1.51.0-win32-x64\jre\21.0.9-win32-x86_64\bin\extnet.dll
Event: 10.717 Loaded shared library C:\Users\nibin\.gradle\native\1def1411415f61bf3af743bc5b6707747c0891f09f0c88961ee8f79bc544acac\windows-amd64\native-platform.dll
Event: 12.559 Loaded shared library C:\Users\nibin\.antigravity\extensions\redhat.java-1.51.0-win32-x64\jre\21.0.9-win32-x86_64\bin\management.dll
Event: 12.563 Loaded shared library C:\Users\nibin\.antigravity\extensions\redhat.java-1.51.0-win32-x64\jre\21.0.9-win32-x86_64\bin\management_ext.dll

Deoptimization events (20 events):
Event: 19804.619 Thread 0x000001ec7bf23b10 Uncommon trap: reason=unstable_if action=reinterpret pc=0x000001ec29658680 method=org.eclipse.jdt.internal.compiler.lookup.ConstraintTypeFormula.reduce(Lorg/eclipse/jdt/internal/compiler/lookup/InferenceContext18;)Ljava/lang/Object; @ 171 c2
Event: 19804.619 Thread 0x000001ec7bf26270 Uncommon trap: reason=unstable_if action=reinterpret pc=0x000001ec29658680 method=org.eclipse.jdt.internal.compiler.lookup.ConstraintTypeFormula.reduce(Lorg/eclipse/jdt/internal/compiler/lookup/InferenceContext18;)Ljava/lang/Object; @ 171 c2
Event: 19804.620 Thread 0x000001ec7bf23b10 DEOPT PACKING pc=0x000001ec29658680 sp=0x0000000ee21fd4e0
Event: 19804.620 Thread 0x000001ec7bf26270 DEOPT PACKING pc=0x000001ec29658680 sp=0x0000000ee43fda10
Event: 19804.621 Thread 0x000001ec7bf26270 DEOPT UNPACKING pc=0x000001ec27c56da2 sp=0x0000000ee43fd9a0 mode 2
Event: 19804.621 Thread 0x000001ec7bf23b10 DEOPT UNPACKING pc=0x000001ec27c56da2 sp=0x0000000ee21fd470 mode 2
Event: 19804.627 Thread 0x000001ec7bf23b10 Uncommon trap: trap_request=0xffffff45 fr.pc=0x000001ec295cec2c relative=0x000000000000040c
Event: 19804.627 Thread 0x000001ec7bf26270 Uncommon trap: trap_request=0xffffff45 fr.pc=0x000001ec295cec2c relative=0x000000000000040c
Event: 19804.627 Thread 0x000001ec7bf26270 Uncommon trap: reason=unstable_if action=reinterpret pc=0x000001ec295cec2c method=org.eclipse.jdt.internal.compiler.ast.MessageSend.computeConversion(Lorg/eclipse/jdt/internal/compiler/lookup/Scope;Lorg/eclipse/jdt/internal/compiler/lookup/TypeBinding;Lor
Event: 19804.627 Thread 0x000001ec7bf23b10 Uncommon trap: reason=unstable_if action=reinterpret pc=0x000001ec295cec2c method=org.eclipse.jdt.internal.compiler.ast.MessageSend.computeConversion(Lorg/eclipse/jdt/internal/compiler/lookup/Scope;Lorg/eclipse/jdt/internal/compiler/lookup/TypeBinding;Lor
Event: 19804.627 Thread 0x000001ec7bf26270 DEOPT PACKING pc=0x000001ec295cec2c sp=0x0000000ee43fe6b0
Event: 19804.627 Thread 0x000001ec7bf23b10 DEOPT PACKING pc=0x000001ec295cec2c sp=0x0000000ee21fe180
Event: 19804.627 Thread 0x000001ec7bf23b10 DEOPT UNPACKING pc=0x000001ec27c56da2 sp=0x0000000ee21fe118 mode 2
Event: 19804.627 Thread 0x000001ec7bf26270 DEOPT UNPACKING pc=0x000001ec27c56da2 sp=0x0000000ee43fe648 mode 2
Event: 19807.965 Thread 0x000001ec7bf26f90 DEOPT PACKING pc=0x000001ec20854b58 sp=0x0000000ee3cfe670
Event: 19807.966 Thread 0x000001ec7bf26f90 DEOPT UNPACKING pc=0x000001ec27c578e2 sp=0x0000000ee3cfdb68 mode 0
Event: 19810.686 Thread 0x000001ec7bf26270 Uncommon trap: trap_request=0xffffff45 fr.pc=0x000001ec28e7be34 relative=0x00000000000001f4
Event: 19810.687 Thread 0x000001ec7bf26270 Uncommon trap: reason=unstable_if action=reinterpret pc=0x000001ec28e7be34 method=org.eclipse.jdt.internal.compiler.codegen.BranchLabel.addForwardReference(I)V @ 49 c2
Event: 19810.687 Thread 0x000001ec7bf26270 DEOPT PACKING pc=0x000001ec28e7be34 sp=0x0000000ee43fe7f0
Event: 19810.688 Thread 0x000001ec7bf26270 DEOPT UNPACKING pc=0x000001ec27c56da2 sp=0x0000000ee43fe700 mode 2

Classes loaded (20 events):
Event: 18217.572 Loading class jdk/internal/module/IllegalAccessLogger
Event: 18217.572 Loading class jdk/internal/module/IllegalAccessLogger done
Event: 18254.514 Loading class jdk/internal/module/IllegalAccessLogger
Event: 18254.516 Loading class jdk/internal/module/IllegalAccessLogger done
Event: 18337.748 Loading class jdk/internal/module/IllegalAccessLogger
Event: 18337.748 Loading class jdk/internal/module/IllegalAccessLogger done
Event: 18997.996 Loading class jdk/internal/module/IllegalAccessLogger
Event: 18998.003 Loading class jdk/internal/module/IllegalAccessLogger done
Event: 19751.159 Loading class jdk/internal/module/IllegalAccessLogger
Event: 19751.160 Loading class jdk/internal/module/IllegalAccessLogger done
Event: 19753.715 Loading class jdk/internal/module/IllegalAccessLogger
Event: 19753.715 Loading class jdk/internal/module/IllegalAccessLogger done
Event: 19756.116 Loading class jdk/internal/module/IllegalAccessLogger
Event: 19756.116 Loading class jdk/internal/module/IllegalAccessLogger done
Event: 19804.604 Loading class jdk/internal/module/IllegalAccessLogger
Event: 19804.604 Loading class jdk/internal/module/IllegalAccessLogger done
Event: 19807.909 Loading class jdk/internal/module/IllegalAccessLogger
Event: 19807.909 Loading class jdk/internal/module/IllegalAccessLogger done
Event: 19810.670 Loading class jdk/internal/module/IllegalAccessLogger
Event: 19810.670 Loading class jdk/internal/module/IllegalAccessLogger done

Classes unloaded (20 events):
Event: 18255.193 Thread 0x000001ec1d463890 Unloading class 0x000001ec35b22400 'jdk/internal/reflect/GeneratedSerializationConstructorAccessor150'
Event: 18255.193 Thread 0x000001ec1d463890 Unloading class 0x000001ec35b22c00 'jdk/internal/reflect/GeneratedSerializationConstructorAccessor149'
Event: 18255.193 Thread 0x000001ec1d463890 Unloading class 0x000001ec35b24800 'jdk/internal/reflect/GeneratedSerializationConstructorAccessor148'
Event: 18255.193 Thread 0x000001ec1d463890 Unloading class 0x000001ec35b58800 'jdk/internal/reflect/GeneratedSerializationConstructorAccessor147'
Event: 18255.193 Thread 0x000001ec1d463890 Unloading class 0x000001ec35a84000 'jdk/internal/reflect/GeneratedSerializationConstructorAccessor146'
Event: 18255.193 Thread 0x000001ec1d463890 Unloading class 0x000001ec35302000 'jdk/internal/reflect/GeneratedSerializationConstructorAccessor145'
Event: 18255.194 Thread 0x000001ec1d463890 Unloading class 0x000001ec35289400 'java/lang/invoke/LambdaForm$MH+0x000001ec35289400'
Event: 18255.194 Thread 0x000001ec1d463890 Unloading class 0x000001ec35286000 'java/lang/invoke/LambdaForm$MH+0x000001ec35286000'
Event: 18255.194 Thread 0x000001ec1d463890 Unloading class 0x000001ec3527bc00 'jdk/internal/reflect/GeneratedSerializationConstructorAccessor144'
Event: 18255.194 Thread 0x000001ec1d463890 Unloading class 0x000001ec35274400 'jdk/internal/reflect/GeneratedSerializationConstructorAccessor143'
Event: 18255.194 Thread 0x000001ec1d463890 Unloading class 0x000001ec35273800 'jdk/internal/reflect/GeneratedSerializationConstructorAccessor142'
Event: 18255.194 Thread 0x000001ec1d463890 Unloading class 0x000001ec35272000 'jdk/internal/reflect/GeneratedSerializationConstructorAccessor141'
Event: 18255.194 Thread 0x000001ec1d463890 Unloading class 0x000001ec35270400 'jdk/internal/reflect/GeneratedSerializationConstructorAccessor140'
Event: 18255.194 Thread 0x000001ec1d463890 Unloading class 0x000001ec3523ac00 'jdk/internal/reflect/GeneratedSerializationConstructorAccessor139'
Event: 18255.194 Thread 0x000001ec1d463890 Unloading class 0x000001ec3523a000 'jdk/internal/reflect/GeneratedSerializationConstructorAccessor138'
Event: 18255.194 Thread 0x000001ec1d463890 Unloading class 0x000001ec35215800 'jdk/internal/reflect/GeneratedSerializationConstructorAccessor137'
Event: 18255.194 Thread 0x000001ec1d463890 Unloading class 0x000001ec35b94000 'jdk/internal/reflect/GeneratedSerializationConstructorAccessor136'
Event: 18255.194 Thread 0x000001ec1d463890 Unloading class 0x000001ec35bd1400 'jdk/internal/reflect/GeneratedSerializationConstructorAccessor135'
Event: 18255.195 Thread 0x000001ec1d463890 Unloading class 0x000001ec35bd1800 'jdk/internal/reflect/GeneratedSerializationConstructorAccessor134'
Event: 18255.195 Thread 0x000001ec1d463890 Unloading class 0x000001ec35be1800 'jdk/internal/reflect/GeneratedSerializationConstructorAccessor133'

Classes redefined (0 events):
No events

Internal exceptions (20 events):
Event: 19062.228 Thread 0x000001ec7bf22760 Exception <a 'sun/nio/fs/WindowsException'{0x00000000d56ee888}> (0x00000000d56ee888) 
thrown [s\src\hotspot\share\prims\jni.cpp, line 520]
Event: 19072.666 Thread 0x000001ec7bf22760 Exception <a 'sun/nio/fs/WindowsException'{0x00000000d5a06f80}> (0x00000000d5a06f80) 
thrown [s\src\hotspot\share\prims\jni.cpp, line 520]
Event: 19083.911 Thread 0x000001ec01773ed0 Exception <a 'sun/nio/fs/WindowsException'{0x00000000d57877d8}> (0x00000000d57877d8) 
thrown [s\src\hotspot\share\prims\jni.cpp, line 520]
Event: 19094.258 Thread 0x000001ec01773ed0 Exception <a 'sun/nio/fs/WindowsException'{0x00000000d5b1dfd0}> (0x00000000d5b1dfd0) 
thrown [s\src\hotspot\share\prims\jni.cpp, line 520]
Event: 19096.576 Thread 0x000001ec7bf26270 Exception <a 'sun/nio/fs/WindowsException'{0x00000000d58f0ff8}> (0x00000000d58f0ff8) 
thrown [s\src\hotspot\share\prims\jni.cpp, line 520]
Event: 19296.826 Thread 0x000001ec7bf24ec0 Exception <a 'sun/nio/fs/WindowsException'{0x00000000d5aeee60}> (0x00000000d5aeee60) 
thrown [s\src\hotspot\share\prims\jni.cpp, line 520]
Event: 19296.829 Thread 0x000001ec7bf24ec0 Exception <a 'sun/nio/fs/WindowsException'{0x00000000d5aef748}> (0x00000000d5aef748) 
thrown [s\src\hotspot\share\prims\jni.cpp, line 520]
Event: 19750.481 Thread 0x000001ec7b4907b0 Exception <a 'sun/nio/fs/WindowsException'{0x00000000d55805e0}> (0x00000000d55805e0) 
thrown [s\src\hotspot\share\prims\jni.cpp, line 520]
Event: 19751.064 Thread 0x000001ec7b4907b0 Exception <a 'sun/nio/fs/WindowsException'{0x00000000d5598280}> (0x00000000d5598280) 
thrown [s\src\hotspot\share\prims\jni.cpp, line 520]
Event: 19751.288 Thread 0x000001ec7bf26270 Implicit null exception at 0x000001ec28e3cf9b to 0x000001ec28e3e418
Event: 19753.403 Thread 0x000001ec7b4907b0 Exception <a 'sun/nio/fs/WindowsException'{0x00000000d5f0b5b0}> (0x00000000d5f0b5b0) 
thrown [s\src\hotspot\share\prims\jni.cpp, line 520]
Event: 19754.004 Thread 0x000001ec7b4907b0 Exception <a 'sun/nio/fs/WindowsException'{0x00000000d56a6578}> (0x00000000d56a6578) 
thrown [s\src\hotspot\share\prims\jni.cpp, line 520]
Event: 19755.836 Thread 0x000001ec7b4907b0 Exception <a 'sun/nio/fs/WindowsException'{0x00000000d5606ba0}> (0x00000000d5606ba0) 
thrown [s\src\hotspot\share\prims\jni.cpp, line 520]
Event: 19756.463 Thread 0x000001ec7b4907b0 Exception <a 'sun/nio/fs/WindowsException'{0x00000000d558f5c0}> (0x00000000d558f5c0) 
thrown [s\src\hotspot\share\prims\jni.cpp, line 520]
Event: 19804.262 Thread 0x000001ec7b4907b0 Exception <a 'sun/nio/fs/WindowsException'{0x00000000d563df68}> (0x00000000d563df68) 
thrown [s\src\hotspot\share\prims\jni.cpp, line 520]
Event: 19804.411 Thread 0x000001ec7f250cc0 Implicit null exception at 0x000001ec295c0c13 to 0x000001ec295c7300
Event: 19804.661 Thread 0x000001ec7b4907b0 Exception <a 'sun/nio/fs/WindowsException'{0x00000000d57ad430}> (0x00000000d57ad430) 
thrown [s\src\hotspot\share\prims\jni.cpp, line 520]
Event: 19807.632 Thread 0x000001ec7b4907b0 Exception <a 'sun/nio/fs/WindowsException'{0x00000000d60e3880}> (0x00000000d60e3880) 
thrown [s\src\hotspot\share\prims\jni.cpp, line 520]
Event: 19810.296 Thread 0x000001ec7b4907b0 Exception <a 'sun/nio/fs/WindowsException'{0x00000000d5a496d0}> (0x00000000d5a496d0) 
thrown [s\src\hotspot\share\prims\jni.cpp, line 520]
Event: 19810.449 Thread 0x000001ec7f250cc0 Exception <a 'java/lang/ClassNotFoundException'{0x00000000d56c6700}: sun/util/logging/resources/spi/loggingProvider> (0x00000000d56c6700) 
thrown [s\src\hotspot\share\classfile\systemDictionary.cpp, line 312]

ZGC Phase Switch (0 events):
No events

VM Operations (20 events):
Event: 19809.210 Executing VM operation: ParallelGCFailedAllocation (Allocation Failure) done
Event: 19809.223 Executing VM operation: ParallelGCFailedAllocation (Allocation Failure)
Event: 19810.227 Executing VM operation: ParallelGCFailedAllocation (Allocation Failure) done
Event: 19810.303 Executing VM operation: ParallelGCFailedAllocation (Allocation Failure)
Event: 19810.309 Executing VM operation: ParallelGCFailedAllocation (Allocation Failure) done
Event: 19810.323 Executing VM operation: ParallelGCFailedAllocation (Allocation Failure)
Event: 19810.328 Executing VM operation: ParallelGCFailedAllocation (Allocation Failure) done
Event: 19810.351 Executing VM operation: ParallelGCFailedAllocation (Allocation Failure)
Event: 19810.354 Executing VM operation: ParallelGCFailedAllocation (Allocation Failure) done
Event: 19810.375 Executing VM operation: ParallelGCFailedAllocation (Allocation Failure)
Event: 19810.381 Executing VM operation: ParallelGCFailedAllocation (Allocation Failure) done
Event: 19810.402 Executing VM operation: ParallelGCFailedAllocation (Allocation Failure)
Event: 19810.405 Executing VM operation: ParallelGCFailedAllocation (Allocation Failure) done
Event: 19810.506 Executing VM operation: ParallelGCFailedAllocation (Allocation Failure)
Event: 19810.516 Executing VM operation: ParallelGCFailedAllocation (Allocation Failure) done
Event: 19810.616 Executing VM operation: ParallelGCFailedAllocation (Allocation Failure)
Event: 19810.619 Executing VM operation: ParallelGCFailedAllocation (Allocation Failure) done
Event: 19810.655 Executing VM operation: ParallelGCFailedAllocation (Allocation Failure)
Event: 19810.660 Executing VM operation: ParallelGCFailedAllocation (Allocation Failure) done
Event: 19811.660 Executing VM operation: Cleanup

Memory protections (0 events):
No events

Nmethod flushes (20 events):
Event: 18257.327 Thread 0x000001ec1d463890 flushing  nmethod 0x000001ec233b6f10
Event: 18257.327 Thread 0x000001ec1d463890 flushing  nmethod 0x000001ec233cb010
Event: 18257.328 Thread 0x000001ec1d463890 flushing  nmethod 0x000001ec23418690
Event: 18257.329 Thread 0x000001ec1d463890 flushing  nmethod 0x000001ec23479710
Event: 18257.329 Thread 0x000001ec1d463890 flushing  nmethod 0x000001ec2349a910
Event: 18257.330 Thread 0x000001ec1d463890 flushing  nmethod 0x000001ec23502690
Event: 18257.330 Thread 0x000001ec1d463890 flushing  nmethod 0x000001ec23544a10
Event: 18257.330 Thread 0x000001ec1d463890 flushing  nmethod 0x000001ec23587210
Event: 18257.330 Thread 0x000001ec1d463890 flushing  nmethod 0x000001ec235a1110
Event: 18257.330 Thread 0x000001ec1d463890 flushing  nmethod 0x000001ec235b0690
Event: 18257.330 Thread 0x000001ec1d463890 flushing  nmethod 0x000001ec2361af90
Event: 18257.331 Thread 0x000001ec1d463890 flushing  nmethod 0x000001ec23626290
Event: 18257.331 Thread 0x000001ec1d463890 flushing  nmethod 0x000001ec23630290
Event: 18257.331 Thread 0x000001ec1d463890 flushing  nmethod 0x000001ec2363e990
Event: 18257.331 Thread 0x000001ec1d463890 flushing  nmethod 0x000001ec2363f990
Event: 18257.331 Thread 0x000001ec1d463890 flushing  nmethod 0x000001ec23651790
Event: 18257.331 Thread 0x000001ec1d463890 flushing  nmethod 0x000001ec2365bb90
Event: 18257.331 Thread 0x000001ec1d463890 flushing  nmethod 0x000001ec23701b10
Event: 18257.331 Thread 0x000001ec1d463890 flushing  nmethod 0x000001ec237a9b10
Event: 18257.331 Thread 0x000001ec1d463890 flushing  nmethod 0x000001ec237fb110

Events (20 events):
Event: 19699.287 Thread 0x000001ec7f250cc0 Thread added: 0x000001ec7bf25be0
Event: 19750.192 Thread 0x000001ec7bf24ec0 Thread added: 0x000001ec7bf26f90
Event: 19750.559 Thread 0x000001ec7bf26f90 Thread added: 0x000001ec7bf27620
Event: 19750.784 Thread 0x000001ec7bf25be0 Thread added: 0x000001ec7bf296f0
Event: 19751.076 Thread 0x000001ec7b0a3910 Thread added: 0x000001ec12c62760
Event: 19751.170 Thread 0x000001ec7bf25be0 Thread added: 0x000001ec7bf26270
Event: 19751.207 Thread 0x000001ec7bf25be0 Thread added: 0x000001ec7bf27cb0
Event: 19751.208 Thread 0x000001ec7bf25be0 Thread added: 0x000001ec7bf289d0
Event: 19751.209 Thread 0x000001ec7bf25be0 Thread added: 0x000001ec00d56470
Event: 19751.656 Thread 0x000001ec12c62760 Thread exited: 0x000001ec12c62760
Event: 19751.758 Thread 0x000001ec7bf24ec0 Thread added: 0x000001ec00d543a0
Event: 19753.621 Thread 0x000001ec7bf25be0 Thread added: 0x000001ec00d52ff0
Event: 19756.036 Thread 0x000001ec00d543a0 Thread added: 0x000001ec00d55750
Event: 19804.389 Thread 0x000001ec7bf27620 Thread added: 0x000001ec00d56b00
Event: 19804.838 Thread 0x000001ec00d543a0 Thread added: 0x000001ec00d54a30
Event: 19805.877 Thread 0x000001ec7bf25be0 Thread added: 0x000001ec00d550c0
Event: 19807.734 Thread 0x000001ec7bf24ec0 Thread added: 0x000001ec00d59f80
Event: 19807.799 Thread 0x000001ec7bf26f90 Thread added: 0x000001ec0176f6a0
Event: 19807.802 Thread 0x000001ec7bf26f90 Thread added: 0x000001ec01774560
Event: 19810.622 Thread 0x000001ec00d550c0 Thread added: 0x000001ec017731b0


Dynamic libraries:
0x00007ff7139f0000 - 0x00007ff7139fe000 	c:\Users\nibin\.antigravity\extensions\redhat.java-1.51.0-win32-x64\jre\21.0.9-win32-x86_64\bin\java.exe
0x00007ffa870a0000 - 0x00007ffa87307000 	C:\Windows\SYSTEM32\ntdll.dll
0x00007ffa85e20000 - 0x00007ffa85ee9000 	C:\Windows\System32\KERNEL32.DLL
0x00007ffa845b0000 - 0x00007ffa8499f000 	C:\Windows\System32\KERNELBASE.dll
0x00007ffa84ae0000 - 0x00007ffa84c2b000 	C:\Windows\System32\ucrtbase.dll
0x00007ffa7b090000 - 0x00007ffa7b0a8000 	c:\Users\nibin\.antigravity\extensions\redhat.java-1.51.0-win32-x64\jre\21.0.9-win32-x86_64\bin\jli.dll
0x00007ffa85b70000 - 0x00007ffa85d35000 	C:\Windows\System32\USER32.dll
0x00007ffa841f0000 - 0x00007ffa84217000 	C:\Windows\System32\win32u.dll
0x00007ffa852d0000 - 0x00007ffa852fb000 	C:\Windows\System32\GDI32.dll
0x00007ffa849b0000 - 0x00007ffa84adc000 	C:\Windows\System32\gdi32full.dll
0x00007ffa842d0000 - 0x00007ffa84373000 	C:\Windows\System32\msvcp_win.dll
0x00007ffa70b60000 - 0x00007ffa70b7e000 	c:\Users\nibin\.antigravity\extensions\redhat.java-1.51.0-win32-x64\jre\21.0.9-win32-x86_64\bin\VCRUNTIME140.dll
0x00007ffa65680000 - 0x00007ffa65913000 	C:\Windows\WinSxS\amd64_microsoft.windows.common-controls_6595b64144ccf1df_6.0.26100.7309_none_3e05feeae336a044\COMCTL32.dll
0x00007ffa85f40000 - 0x00007ffa85fe9000 	C:\Windows\System32\msvcrt.dll
0x00007ffa85ef0000 - 0x00007ffa85f21000 	C:\Windows\System32\IMM32.DLL
0x00007ffa7ec90000 - 0x00007ffa7ec9c000 	c:\Users\nibin\.antigravity\extensions\redhat.java-1.51.0-win32-x64\jre\21.0.9-win32-x86_64\bin\vcruntime140_1.dll
0x00007ffa6f110000 - 0x00007ffa6f19d000 	c:\Users\nibin\.antigravity\extensions\redhat.java-1.51.0-win32-x64\jre\21.0.9-win32-x86_64\bin\msvcp140.dll
0x00007ff9fd6f0000 - 0x00007ff9fe490000 	c:\Users\nibin\.antigravity\extensions\redhat.java-1.51.0-win32-x64\jre\21.0.9-win32-x86_64\bin\server\jvm.dll
0x00007ffa861b0000 - 0x00007ffa86264000 	C:\Windows\System32\ADVAPI32.dll
0x00007ffa85d70000 - 0x00007ffa85e16000 	C:\Windows\System32\sechost.dll
0x00007ffa85300000 - 0x00007ffa85418000 	C:\Windows\System32\RPCRT4.dll
0x00007ffa85680000 - 0x00007ffa856f4000 	C:\Windows\System32\WS2_32.dll
0x00007ffa82e00000 - 0x00007ffa82e5e000 	C:\Windows\SYSTEM32\POWRPROF.dll
0x00007ffa75580000 - 0x00007ffa755b5000 	C:\Windows\SYSTEM32\WINMM.dll
0x00007ffa7d020000 - 0x00007ffa7d02b000 	C:\Windows\SYSTEM32\VERSION.dll
0x00007ffa82de0000 - 0x00007ffa82df4000 	C:\Windows\SYSTEM32\UMPDC.dll
0x00007ffa830c0000 - 0x00007ffa830db000 	C:\Windows\SYSTEM32\kernel.appcore.dll
0x00007ffa7b660000 - 0x00007ffa7b66a000 	c:\Users\nibin\.antigravity\extensions\redhat.java-1.51.0-win32-x64\jre\21.0.9-win32-x86_64\bin\jimage.dll
0x00007ffa81820000 - 0x00007ffa81a62000 	C:\Windows\SYSTEM32\DBGHELP.DLL
0x00007ffa857e0000 - 0x00007ffa85b66000 	C:\Windows\System32\combase.dll
0x00007ffa85700000 - 0x00007ffa857d6000 	C:\Windows\System32\OLEAUT32.dll
0x00007ffa7ee40000 - 0x00007ffa7ee7c000 	C:\Windows\SYSTEM32\dbgcore.DLL
0x00007ffa84220000 - 0x00007ffa842c5000 	C:\Windows\System32\bcryptPrimitives.dll
0x00007ffa7db80000 - 0x00007ffa7db8f000 	c:\Users\nibin\.antigravity\extensions\redhat.java-1.51.0-win32-x64\jre\21.0.9-win32-x86_64\bin\instrument.dll
0x00007ffa6f290000 - 0x00007ffa6f2b0000 	c:\Users\nibin\.antigravity\extensions\redhat.java-1.51.0-win32-x64\jre\21.0.9-win32-x86_64\bin\java.dll
0x00007ffa86840000 - 0x00007ffa86f93000 	C:\Windows\System32\SHELL32.dll
0x00007ffa84380000 - 0x00007ffa844ea000 	C:\Windows\System32\wintypes.dll
0x00007ffa81df0000 - 0x00007ffa8264e000 	C:\Windows\SYSTEM32\windows.storage.dll
0x00007ffa854a0000 - 0x00007ffa85595000 	C:\Windows\System32\SHCORE.dll
0x00007ffa86300000 - 0x00007ffa86366000 	C:\Windows\System32\shlwapi.dll
0x00007ffa84110000 - 0x00007ffa84139000 	C:\Windows\SYSTEM32\profapi.dll
0x00007ffa6f090000 - 0x00007ffa6f0a8000 	c:\Users\nibin\.antigravity\extensions\redhat.java-1.51.0-win32-x64\jre\21.0.9-win32-x86_64\bin\zip.dll
0x00007ffa7b080000 - 0x00007ffa7b090000 	C:\Users\nibin\.antigravity\extensions\redhat.java-1.51.0-win32-x64\jre\21.0.9-win32-x86_64\bin\net.dll
0x00007ffa7ce30000 - 0x00007ffa7cf58000 	C:\Windows\SYSTEM32\WINHTTP.dll
0x00007ffa83630000 - 0x00007ffa8369b000 	C:\Windows\system32\mswsock.dll
0x00007ffa6f070000 - 0x00007ffa6f086000 	C:\Users\nibin\.antigravity\extensions\redhat.java-1.51.0-win32-x64\jre\21.0.9-win32-x86_64\bin\nio.dll
0x00007ffa7db70000 - 0x00007ffa7db80000 	c:\Users\nibin\.antigravity\extensions\redhat.java-1.51.0-win32-x64\jre\21.0.9-win32-x86_64\bin\verify.dll
0x00007ffa554f0000 - 0x00007ffa55534000 	C:\Users\nibin\AppData\Roaming\Antigravity\User\globalStorage\redhat.java\1.51.0\config_win\org.eclipse.equinox.launcher\org.eclipse.equinox.launcher.win32.win32.x86_64_1.2.1400.v20250801-0854\eclipse_11916.dll
0x00007ffa86000000 - 0x00007ffa86197000 	C:\Windows\System32\ole32.dll
0x00007ffa838f0000 - 0x00007ffa8390b000 	C:\Windows\SYSTEM32\CRYPTSP.dll
0x00007ffa83020000 - 0x00007ffa8305a000 	C:\Windows\system32\rsaenh.dll
0x00007ffa836e0000 - 0x00007ffa8370b000 	C:\Windows\SYSTEM32\USERENV.dll
0x00007ffa840e0000 - 0x00007ffa8410a000 	C:\Windows\SYSTEM32\bcrypt.dll
0x00007ffa83910000 - 0x00007ffa8391c000 	C:\Windows\SYSTEM32\CRYPTBASE.dll
0x00007ffa82ad0000 - 0x00007ffa82b04000 	C:\Windows\SYSTEM32\IPHLPAPI.DLL
0x00007ffa85ff0000 - 0x00007ffa85ffa000 	C:\Windows\System32\NSI.dll
0x00007ffa6eea0000 - 0x00007ffa6eee9000 	C:\Users\nibin\AppData\Local\Temp\jna-104812908\jna13421492349684379215.dll
0x00007ffa861a0000 - 0x00007ffa861a8000 	C:\Windows\System32\PSAPI.DLL
0x00007ffa7d030000 - 0x00007ffa7d04e000 	C:\Windows\SYSTEM32\dhcpcsvc6.DLL
0x00007ffa7ccd0000 - 0x00007ffa7ccf3000 	C:\Windows\SYSTEM32\dhcpcsvc.DLL
0x00007ffa7edd0000 - 0x00007ffa7edde000 	C:\Users\nibin\.antigravity\extensions\redhat.java-1.51.0-win32-x64\jre\21.0.9-win32-x86_64\bin\sunmscapi.dll
0x00007ffa84c30000 - 0x00007ffa84da7000 	C:\Windows\System32\CRYPT32.dll
0x00007ffa83b10000 - 0x00007ffa83b40000 	C:\Windows\SYSTEM32\ncrypt.dll
0x00007ffa83ac0000 - 0x00007ffa83aff000 	C:\Windows\SYSTEM32\NTASN1.dll
0x00007ffa82b10000 - 0x00007ffa82c3c000 	C:\Windows\SYSTEM32\DNSAPI.dll
0x00007ffa7ba20000 - 0x00007ffa7ba2b000 	C:\Windows\System32\rasadhlp.dll
0x00007ffa7cf60000 - 0x00007ffa7cfe6000 	C:\Windows\System32\fwpuclnt.dll
0x00007ffa7ed50000 - 0x00007ffa7ed59000 	C:\Users\nibin\.antigravity\extensions\redhat.java-1.51.0-win32-x64\jre\21.0.9-win32-x86_64\bin\extnet.dll
0x00007ffa7d6f0000 - 0x00007ffa7d717000 	C:\Users\nibin\.gradle\native\1def1411415f61bf3af743bc5b6707747c0891f09f0c88961ee8f79bc544acac\windows-amd64\native-platform.dll
0x00007ffa7aed0000 - 0x00007ffa7aeda000 	C:\Users\nibin\.antigravity\extensions\redhat.java-1.51.0-win32-x64\jre\21.0.9-win32-x86_64\bin\management.dll
0x00007ffa6f060000 - 0x00007ffa6f06c000 	C:\Users\nibin\.antigravity\extensions\redhat.java-1.51.0-win32-x64\jre\21.0.9-win32-x86_64\bin\management_ext.dll
0x00007ffa7edc0000 - 0x00007ffa7edc8000 	C:\Windows\system32\wshunix.dll
0x00007ffa831e0000 - 0x00007ffa83216000 	C:\Windows\SYSTEM32\ntmarta.dll

JVMTI agents:
c:\Users\nibin\.antigravity\extensions\redhat.java-1.51.0-win32-x64\lombok\lombok-1.18.39-4050.jar path:c:\Users\nibin\.antigravity\extensions\redhat.java-1.51.0-win32-x64\jre\21.0.9-win32-x86_64\bin\instrument.dll, loaded, initialized, instrumentlib options:none

dbghelp: loaded successfully - version: 4.0.5 - missing functions: none
symbol engine: initialized successfully - sym options: 0x614 - pdb path: .;c:\Users\nibin\.antigravity\extensions\redhat.java-1.51.0-win32-x64\jre\21.0.9-win32-x86_64\bin;C:\Windows\SYSTEM32;C:\Windows\WinSxS\amd64_microsoft.windows.common-controls_6595b64144ccf1df_6.0.26100.7309_none_3e05feeae336a044;c:\Users\nibin\.antigravity\extensions\redhat.java-1.51.0-win32-x64\jre\21.0.9-win32-x86_64\bin\server;C:\Users\nibin\AppData\Roaming\Antigravity\User\globalStorage\redhat.java\1.51.0\config_win\org.eclipse.equinox.launcher\org.eclipse.equinox.launcher.win32.win32.x86_64_1.2.1400.v20250801-0854;C:\Users\nibin\AppData\Local\Temp\jna-104812908;C:\Users\nibin\.gradle\native\1def1411415f61bf3af743bc5b6707747c0891f09f0c88961ee8f79bc544acac\windows-amd64

VM Arguments:
jvm_args: --add-modules=ALL-SYSTEM --add-opens=java.base/java.util=ALL-UNNAMED --add-opens=java.base/java.lang=ALL-UNNAMED --add-opens=java.base/sun.nio.fs=ALL-UNNAMED -Declipse.application=org.eclipse.jdt.ls.core.id1 -Dosgi.bundles.defaultStartLevel=4 -Declipse.product=org.eclipse.jdt.ls.core.product -Djava.import.generatesMetadataFilesAtProjectRoot=false -DDetectVMInstallationsJob.disabled=true -Dfile.encoding=utf8 -XX:+UseParallelGC -XX:GCTimeRatio=4 -XX:AdaptiveSizePolicyWeight=90 -Dsun.zip.disableMemoryMapping=true -Xmx2G -Xms100m -Xlog:disable -javaagent:c:\Users\nibin\.antigravity\extensions\redhat.java-1.51.0-win32-x64\lombok\lombok-1.18.39-4050.jar -XX:+HeapDumpOnOutOfMemoryError -XX:HeapDumpPath=c:\Users\nibin\AppData\Roaming\Antigravity\User\workspaceStorage\01c68ddb43dc9f8e8a1833cb910c1e6d\redhat.java -Daether.dependencyCollector.impl=bf 
java_command: c:\Users\nibin\.antigravity\extensions\redhat.java-1.51.0-win32-x64\server\plugins\org.eclipse.equinox.launcher_1.7.100.v20251111-0406.jar -configuration c:\Users\nibin\AppData\Roaming\Antigravity\User\globalStorage\redhat.java\1.51.0\config_win -data c:\Users\nibin\AppData\Roaming\Antigravity\User\workspaceStorage\01c68ddb43dc9f8e8a1833cb910c1e6d\redhat.java\jdt_ws --pipe=\\.\pipe\lsp-c868a75809df02d562b2e985e11bde92-sock
java_class_path (initial): c:\Users\nibin\.antigravity\extensions\redhat.java-1.51.0-win32-x64\server\plugins\org.eclipse.equinox.launcher_1.7.100.v20251111-0406.jar
Launcher Type: SUN_STANDARD

[Global flags]
    uintx AdaptiveSizePolicyWeight                 = 90                                        {product} {command line}
     intx CICompilerCount                          = 4                                         {product} {ergonomic}
    uintx GCTimeRatio                              = 4                                         {product} {command line}
     bool HeapDumpOnOutOfMemoryError               = true                                   {manageable} {command line}
    ccstr HeapDumpPath                             = c:\Users\nibin\AppData\Roaming\Antigravity\User\workspaceStorage\01c68ddb43dc9f8e8a1833cb910c1e6d\redhat.java         {manageable} {command line}
   size_t InitialHeapSize                          = 104857600                                 {product} {command line}
   size_t MaxHeapSize                              = 2147483648                                {product} {command line}
   size_t MaxNewSize                               = 715653120                                 {product} {ergonomic}
   size_t MinHeapDeltaBytes                        = 524288                                    {product} {ergonomic}
   size_t MinHeapSize                              = 104857600                                 {product} {command line}
   size_t NewSize                                  = 34603008                                  {product} {ergonomic}
    uintx NonNMethodCodeHeapSize                   = 5839372                                {pd product} {ergonomic}
    uintx NonProfiledCodeHeapSize                  = 122909434                              {pd product} {ergonomic}
   size_t OldSize                                  = 70254592                                  {product} {ergonomic}
    uintx ProfiledCodeHeapSize                     = 122909434                              {pd product} {ergonomic}
    uintx ReservedCodeCacheSize                    = 251658240                              {pd product} {ergonomic}
     bool SegmentedCodeCache                       = true                                      {product} {ergonomic}
   size_t SoftMaxHeapSize                          = 2147483648                             {manageable} {ergonomic}
     bool UseCompressedOops                        = true                           {product lp64_product} {ergonomic}
     bool UseLargePagesIndividualAllocation        = false                                  {pd product} {ergonomic}
     bool UseParallelGC                            = true                                      {product} {command line}

Logging:
Log output configuration:
 #0: stdout all=off uptime,level,tags foldmultilines=false
 #1: stderr all=off uptime,level,tags foldmultilines=false

Release file:
JAVA_VERSION="21.0.9" 
MODULES="java.base java.compiler java.datatransfer java.xml java.prefs java.desktop java.instrument java.logging java.management java.security.sasl java.naming java.rmi java.management.rmi java.net.http java.scripting java.security.jgss java.transaction.xa java.sql java.sql.rowset java.xml.crypto java.se java.smartcardio jdk.accessibility jdk.internal.jvmstat jdk.attach jdk.charsets jdk.internal.opt jdk.zipfs jdk.compiler jdk.crypto.ec jdk.crypto.cryptoki jdk.crypto.mscapi jdk.dynalink jdk.internal.ed jdk.editpad jdk.hotspot.agent jdk.httpserver jdk.internal.le jdk.internal.vm.ci jdk.internal.vm.compiler jdk.internal.vm.compiler.management jdk.jartool jdk.javadoc jdk.jcmd jdk.management jdk.management.agent jdk.jconsole jdk.jdeps jdk.jdwp.agent jdk.jdi jdk.jfr jdk.jshell jdk.jsobject jdk.jstatd jdk.localedata jdk.management.jfr jdk.naming.dns jdk.naming.rmi jdk.net jdk.nio.mapmode jdk.random jdk.sctp jdk.security.auth jdk.security.jgss jdk.unsupported jdk.unsupported.desktop jdk.xml.dom" 

Environment Variables:
JAVA_HOME=N:\Windows Files\DevTools\java
PATH=C:\Python314\Scripts\;C:\Python314\;C:\Windows\system32;C:\Windows;C:\Windows\System32\Wbem;C:\Windows\System32\WindowsPowerShell\v1.0\;C:\Windows\System32\OpenSSH\;N:\Windows Files\DevTools\Git\cmd;C:\Flutter\bin;N:\Windows Files\DevTools\apache-maven-3.9.12\bin;C:\Users\nibin\AppData\Local\Android\Sdk;N:\Windows Files\DevTools\java\bin;C:\Program Files\Eclipse Adoptium\jdk-17.0.17.10-hotspot\bin;C:\Program Files\Common Files\Oracle\Java\javapath;N:\Windows Files\DevTools\PostGres\bin;C:\Users\nibin\AppData\Local\Android\Sdk\platform-tools;N:\Windows Files\DevTools\CMake\bin;N:\Windows Files\DevTools\node\;C:\ProgramData\chocolatey\bin;C:\Program Files\Cloudflare\Cloudflare WARP\;C:\Users\nibin\AppData\Local\Microsoft\WindowsApps;N:\Windows Files\DevTools\Antigravity\bin;N:\Windows Files\DevTools\Microsoft VS Code\bin;N:\Windows Files\DevTools\IntelliJ IDEA\IntelliJ IDEA 2025.3.1\bin;C:\Users\nibin\AppData\Roaming\npm
USERNAME=nibin
OS=Windows_NT
PROCESSOR_IDENTIFIER=Intel64 Family 6 Model 141 Stepping 1, GenuineIntel
TMP=C:\Users\nibin\AppData\Local\Temp
TEMP=C:\Users\nibin\AppData\Local\Temp




Periodic native trim disabled

---------------  S Y S T E M  ---------------

OS:
 Windows 11 , 64 bit Build 26100 (10.0.26100.7623)
OS uptime: 0 days 7:16 hours
Hyper-V role detected

CPU: total 12 (initial active 12) (6 cores per cpu, 2 threads per core) family 6 model 141 stepping 1 microcode 0x50, cx8, cmov, fxsr, ht, mmx, 3dnowpref, sse, sse2, sse3, ssse3, sse4.1, sse4.2, popcnt, lzcnt, tsc, tscinvbit, avx, avx2, aes, erms, clmul, bmi1, bmi2, adx, avx512f, avx512dq, avx512cd, avx512bw, avx512vl, sha, fma, vzeroupper, avx512_vpopcntdq, avx512_vpclmulqdq, avx512_vaes, avx512_vnni, clflush, clflushopt, clwb, avx512_vbmi2, avx512_vbmi, hv, rdtscp, rdpid, fsrm, gfni, avx512_bitalg, f16c, cet_ibt, cet_ss, avx512_ifma
Processor Information for the first 12 processors :
  Max Mhz: 2688, Current Mhz: 2688, Mhz Limit: 2688

Memory: 4k page, system-wide physical 7913M (218M free)
TotalPageFile size 32489M (AvailPageFile size 17M)
current process WorkingSet (physical memory assigned to process): 443M, peak: 1308M
current process commit charge ("private bytes"): 1282M, peak: 1873M

vm_info: OpenJDK 64-Bit Server VM (21.0.9+10-LTS) for windows-amd64 JRE (21.0.9+10-LTS), built on 2025-10-21T00:00:00Z by "admin" with unknown MS VC++:1942

END.
