#
# There is insufficient memory for the Java Runtime Environment to continue.
# Native memory allocation (malloc) failed to allocate 2546384 bytes. Error detail: Chunk::new
# Possible reasons:
#   The system is out of physical RAM or swap space
#   This process is running with CompressedOops enabled, and the Java Heap may be blocking the growth of the native heap
# Possible solutions:
#   Reduce memory load on the system
#   Increase physical memory or swap space
#   Check if swap backing store is full
#   Decrease Java heap size (-Xmx/-Xms)
#   Decrease number of Java threads
#   Decrease Java thread stack sizes (-Xss)
#   Set larger code cache with -XX:ReservedCodeCacheSize=
#   JVM is running with Unscaled Compressed Oops mode in which the Java heap is
#     placed in the first 4GB address space. The Java Heap base address is the
#     maximum limit for the native heap growth. Please use -XX:HeapBaseMinAddress
#     to set the Java Heap base and to place the Java Heap above 4GB virtual address.
# This output file may be truncated or incomplete.
#
#  Out of Memory Error (arena.cpp:168), pid=18972, tid=10048
#
# JRE version: OpenJDK Runtime Environment Temurin-21.0.9+10 (21.0.9+10) (build 21.0.9+10-LTS)
# Java VM: OpenJDK 64-Bit Server VM Temurin-21.0.9+10 (21.0.9+10-LTS, mixed mode, sharing, tiered, compressed oops, compressed class ptrs, parallel gc, windows-amd64)
# No core dump will be written. Minidumps are not enabled by default on client versions of Windows
#

---------------  S U M M A R Y ------------

Command Line: --add-modules=ALL-SYSTEM --add-opens=java.base/java.util=ALL-UNNAMED --add-opens=java.base/java.lang=ALL-UNNAMED --add-opens=java.base/sun.nio.fs=ALL-UNNAMED -Declipse.application=org.eclipse.jdt.ls.core.id1 -Dosgi.bundles.defaultStartLevel=4 -Declipse.product=org.eclipse.jdt.ls.core.product -Djava.import.generatesMetadataFilesAtProjectRoot=false -DDetectVMInstallationsJob.disabled=true -Dfile.encoding=utf8 -XX:+UseParallelGC -XX:GCTimeRatio=4 -XX:AdaptiveSizePolicyWeight=90 -Dsun.zip.disableMemoryMapping=true -Xmx2G -Xms100m -Xlog:disable -javaagent:c:\Users\nibin\.antigravity\extensions\redhat.java-1.51.0-win32-x64\lombok\lombok-1.18.39-4050.jar -XX:+HeapDumpOnOutOfMemoryError -XX:HeapDumpPath=c:\Users\nibin\AppData\Roaming\Antigravity\User\workspaceStorage\01c68ddb43dc9f8e8a1833cb910c1e6d\redhat.java -Daether.dependencyCollector.impl=bf c:\Users\nibin\.antigravity\extensions\redhat.java-1.51.0-win32-x64\server\plugins\org.eclipse.equinox.launcher_1.7.100.v20251111-0406.jar -configuration c:\Users\nibin\AppData\Roaming\Antigravity\User\globalStorage\redhat.java\1.51.0\config_win -data c:\Users\nibin\AppData\Roaming\Antigravity\User\workspaceStorage\01c68ddb43dc9f8e8a1833cb910c1e6d\redhat.java\jdt_ws --pipe=\\.\pipe\lsp-27fcc23794ba75387dfefd6513413b47-sock

Host: 11th Gen Intel(R) Core(TM) i5-11400H @ 2.70GHz, 12 cores, 7G,  Windows 11 , 64 bit Build 26100 (10.0.26100.7623)
Time: Wed Jan 21 16:42:20 2026 India Standard Time elapsed time: 88.308054 seconds (0d 0h 1m 28s)

---------------  T H R E A D  ---------------

Current thread (0x0000029a0629d090):  JavaThread "C2 CompilerThread1" daemon [_thread_in_native, id=10048, stack(0x000000f382200000,0x000000f382300000) (1024K)]


Current CompileTask:
C2:88308 10854       4       lombok.core.AST::buildWithField (21 bytes)

Stack: [0x000000f382200000,0x000000f382300000]
Native frames: (J=compiled Java code, j=interpreted, Vv=VM code, C=native code)
V  [jvm.dll+0x6d6e29]
V  [jvm.dll+0x8b4b76]
V  [jvm.dll+0x8b712e]
V  [jvm.dll+0x8b7813]
V  [jvm.dll+0x283d86]
V  [jvm.dll+0xc66ed]
V  [jvm.dll+0xc6c31]
V  [jvm.dll+0x3be53b]
V  [jvm.dll+0x1e3d59]
V  [jvm.dll+0x24c0f3]
V  [jvm.dll+0x24b580]
V  [jvm.dll+0x1cb13e]
V  [jvm.dll+0x25b29d]
V  [jvm.dll+0x25982a]
V  [jvm.dll+0x3f7ea6]
V  [jvm.dll+0x85e9ad]
V  [jvm.dll+0x6d565d]
C  [ucrtbase.dll+0x37b0]
C  [KERNEL32.DLL+0x2e8d7]
C  [ntdll.dll+0x8c53c]


---------------  P R O C E S S  ---------------

Threads class SMR info:
_java_thread_list=0x0000029a1bf9b0f0, length=91, elements={
0x00000299a5717500, 0x0000029a015544b0, 0x0000029a01556210, 0x0000029a01559060,
0x0000029a0155c210, 0x0000029a015601d0, 0x0000029a01564190, 0x0000029a0156aee0,
0x0000029a01596a90, 0x0000029a0179e570, 0x0000029a01931570, 0x0000029a067a5ba0,
0x0000029a0675d670, 0x0000029a068c2040, 0x0000029a068c2e80, 0x0000029a070dd5f0,
0x0000029a06f786a0, 0x0000029a06bc3cb0, 0x0000029a0702f3e0, 0x0000029a07195ce0,
0x0000029a07196370, 0x0000029a07195650, 0x0000029a07197db0, 0x0000029a07196a00,
0x0000029a07197090, 0x0000029a07197720, 0x0000029a07194fc0, 0x0000029a097673f0,
0x0000029a097659b0, 0x0000029a097687a0, 0x0000029a09766040, 0x0000029a09768e30,
0x0000029a09768110, 0x0000029a09767a80, 0x0000029a097666d0, 0x0000029a097694c0,
0x0000029a09769b50, 0x0000029a0976a1e0, 0x0000029a09766d60, 0x0000029a0976a870,
0x0000029a0976af00, 0x0000029a0976bc20, 0x0000029a0976c2b0, 0x0000029a09b815a0,
0x0000029a09b7f4d0, 0x0000029a09b81c30, 0x0000029a09b82950, 0x0000029a09b801f0,
0x0000029a09b82fe0, 0x0000029a09b80880, 0x0000029a09b7fb60, 0x0000029a09b84390,
0x0000029a09b84a20, 0x0000029a09b850b0, 0x0000029a09b86460, 0x0000029a09b83670,
0x0000029a09b85dd0, 0x0000029a09b86af0, 0x0000029a13e62760, 0x0000029a13e60690,
0x0000029a13e620d0, 0x0000029a13e61a40, 0x0000029a13e62df0, 0x0000029a13e5f970,
0x0000029a13e60000, 0x0000029a13e60d20, 0x0000029a13e613b0, 0x0000029a0976cfd0,
0x0000029a13c24a60, 0x0000029a13c250f0, 0x0000029a13c243d0, 0x0000029a13c26b30,
0x0000029a13c236b0, 0x0000029a13c25780, 0x0000029a13c264a0, 0x0000029a0629d090,
0x0000029a13c27ee0, 0x0000029a13c29290, 0x0000029a13c271c0, 0x0000029a13c28570,
0x0000029a13c28c00, 0x0000029a1c2be910, 0x0000029a1c2befa0, 0x0000029a1c2bc1b0,
0x0000029a1c2bbb20, 0x0000029a1c2bdbf0, 0x0000029a1c2bfcc0, 0x0000029a1c2bf630,
0x0000029a1c2bc840, 0x0000029a1c2c0350, 0x0000029a1c2c09e0
}

Java Threads: ( => current thread )
  0x00000299a5717500 JavaThread "main"                              [_thread_blocked, id=7368, stack(0x000000f3feb00000,0x000000f3fec00000) (1024K)]
  0x0000029a015544b0 JavaThread "Reference Handler"          daemon [_thread_blocked, id=3320, stack(0x000000f3fef00000,0x000000f3ff000000) (1024K)]
  0x0000029a01556210 JavaThread "Finalizer"                  daemon [_thread_blocked, id=23128, stack(0x000000f3ff000000,0x000000f3ff100000) (1024K)]
  0x0000029a01559060 JavaThread "Signal Dispatcher"          daemon [_thread_blocked, id=7448, stack(0x000000f3ff100000,0x000000f3ff200000) (1024K)]
  0x0000029a0155c210 JavaThread "Attach Listener"            daemon [_thread_blocked, id=12764, stack(0x000000f3ff200000,0x000000f3ff300000) (1024K)]
  0x0000029a015601d0 JavaThread "Service Thread"             daemon [_thread_blocked, id=23396, stack(0x000000f3ff300000,0x000000f3ff400000) (1024K)]
  0x0000029a01564190 JavaThread "Monitor Deflation Thread"   daemon [_thread_blocked, id=21856, stack(0x000000f3ff400000,0x000000f3ff500000) (1024K)]
  0x0000029a0156aee0 JavaThread "C2 CompilerThread0"         daemon [_thread_in_native, id=17748, stack(0x000000f3ff500000,0x000000f3ff600000) (1024K)]
  0x0000029a01596a90 JavaThread "C1 CompilerThread0"         daemon [_thread_in_vm, id=20884, stack(0x000000f3ff600000,0x000000f3ff700000) (1024K)]
  0x0000029a0179e570 JavaThread "Common-Cleaner"             daemon [_thread_blocked, id=20152, stack(0x000000f3ff800000,0x000000f3ff900000) (1024K)]
  0x0000029a01931570 JavaThread "Notification Thread"        daemon [_thread_blocked, id=6280, stack(0x000000f3ff900000,0x000000f3ffa00000) (1024K)]
  0x0000029a067a5ba0 JavaThread "Active Thread: Equinox Container: b17aafc9-f968-49eb-b3b6-5fdab8c7f2a3"        [_thread_blocked, id=23280, stack(0x000000f380100000,0x000000f380200000) (1024K)]
  0x0000029a0675d670 JavaThread "Refresh Thread: Equinox Container: b17aafc9-f968-49eb-b3b6-5fdab8c7f2a3" daemon [_thread_blocked, id=21496, stack(0x000000f380300000,0x000000f380400000) (1024K)]
  0x0000029a068c2040 JavaThread "Framework Event Dispatcher: Equinox Container: b17aafc9-f968-49eb-b3b6-5fdab8c7f2a3" daemon [_thread_blocked, id=22064, stack(0x000000f380400000,0x000000f380500000) (1024K)]
  0x0000029a068c2e80 JavaThread "Start Level: Equinox Container: b17aafc9-f968-49eb-b3b6-5fdab8c7f2a3" daemon [_thread_blocked, id=22836, stack(0x000000f380500000,0x000000f380600000) (1024K)]
  0x0000029a070dd5f0 JavaThread "Bundle File Closer"         daemon [_thread_blocked, id=20700, stack(0x000000f380800000,0x000000f380900000) (1024K)]
  0x0000029a06f786a0 JavaThread "SCR Component Actor"        daemon [_thread_blocked, id=21948, stack(0x000000f380900000,0x000000f380a00000) (1024K)]
  0x0000029a06bc3cb0 JavaThread "Worker-JM"                         [_thread_blocked, id=21920, stack(0x000000f380a00000,0x000000f380b00000) (1024K)]
  0x0000029a0702f3e0 JavaThread "JNA Cleaner"                daemon [_thread_blocked, id=20912, stack(0x000000f380b00000,0x000000f380c00000) (1024K)]
  0x0000029a07195ce0 JavaThread "Worker-0"                          [_thread_blocked, id=19428, stack(0x000000f380c00000,0x000000f380d00000) (1024K)]
  0x0000029a07196370 JavaThread "Worker-1: Refreshing workspace"        [_thread_blocked, id=19372, stack(0x000000f380d00000,0x000000f380e00000) (1024K)]
  0x0000029a07195650 JavaThread "Worker-2: Synchronize Gradle projects with workspace"        [_thread_in_Java, id=20388, stack(0x000000f380e00000,0x000000f380f00000) (1024K)]
  0x0000029a07197db0 JavaThread "Java indexing"              daemon [_thread_blocked, id=9468, stack(0x000000f380f00000,0x000000f381000000) (1024K)]
  0x0000029a07196a00 JavaThread "Worker-3: Initialize workspace"        [_thread_blocked, id=14816, stack(0x000000f381000000,0x000000f381100000) (1024K)]
  0x0000029a07197090 JavaThread "Worker-4"                          [_thread_blocked, id=20708, stack(0x000000f381300000,0x000000f381400000) (1024K)]
  0x0000029a07197720 JavaThread "Thread-1"                   daemon [_thread_in_native, id=9804, stack(0x000000f381400000,0x000000f381500000) (1024K)]
  0x0000029a07194fc0 JavaThread "Thread-2"                   daemon [_thread_in_native, id=20392, stack(0x000000f381500000,0x000000f381600000) (1024K)]
  0x0000029a097673f0 JavaThread "Thread-3"                   daemon [_thread_in_native, id=22372, stack(0x000000f381600000,0x000000f381700000) (1024K)]
  0x0000029a097659b0 JavaThread "Thread-4"                   daemon [_thread_in_native, id=17100, stack(0x000000f381700000,0x000000f381800000) (1024K)]
  0x0000029a097687a0 JavaThread "Thread-5"                   daemon [_thread_in_native, id=23332, stack(0x000000f381800000,0x000000f381900000) (1024K)]
  0x0000029a09766040 JavaThread "Thread-6"                   daemon [_thread_in_native, id=21416, stack(0x000000f381900000,0x000000f381a00000) (1024K)]
  0x0000029a09768e30 JavaThread "Thread-7"                   daemon [_thread_in_native, id=23544, stack(0x000000f381a00000,0x000000f381b00000) (1024K)]
  0x0000029a09768110 JavaThread "Thread-8"                   daemon [_thread_in_native, id=4892, stack(0x000000f381b00000,0x000000f381c00000) (1024K)]
  0x0000029a09767a80 JavaThread "Thread-9"                   daemon [_thread_in_native, id=18660, stack(0x000000f381c00000,0x000000f381d00000) (1024K)]
  0x0000029a097666d0 JavaThread "Thread-10"                  daemon [_thread_in_native, id=19868, stack(0x000000f381d00000,0x000000f381e00000) (1024K)]
  0x0000029a097694c0 JavaThread "Thread-11"                  daemon [_thread_in_native, id=21396, stack(0x000000f381e00000,0x000000f381f00000) (1024K)]
  0x0000029a09769b50 JavaThread "Thread-12"                  daemon [_thread_in_native, id=21632, stack(0x000000f381f00000,0x000000f382000000) (1024K)]
  0x0000029a0976a1e0 JavaThread "Thread-13"                  daemon [_thread_in_native, id=11244, stack(0x000000f382000000,0x000000f382100000) (1024K)]
  0x0000029a09766d60 JavaThread "pool-2-thread-1"                   [_thread_blocked, id=12320, stack(0x000000f382100000,0x000000f382200000) (1024K)]
  0x0000029a0976a870 JavaThread "Timer-0"                           [_thread_blocked, id=20828, stack(0x000000f382300000,0x000000f382400000) (1024K)]
  0x0000029a0976af00 JavaThread "Timer-1"                           [_thread_blocked, id=14360, stack(0x000000f382400000,0x000000f382500000) (1024K)]
  0x0000029a0976bc20 JavaThread "WorkspaceEventsHandler"            [_thread_blocked, id=1784, stack(0x000000f382600000,0x000000f382700000) (1024K)]
  0x0000029a0976c2b0 JavaThread "pool-1-thread-1"                   [_thread_blocked, id=21108, stack(0x000000f382700000,0x000000f382800000) (1024K)]
  0x0000029a09b815a0 JavaThread "LocalFile Deleter"          daemon [_thread_blocked, id=2972, stack(0x000000f382800000,0x000000f382900000) (1024K)]
  0x0000029a09b7f4d0 JavaThread "LocalFile Deleter"          daemon [_thread_blocked, id=16296, stack(0x000000f382900000,0x000000f382a00000) (1024K)]
  0x0000029a09b81c30 JavaThread "LocalFile Deleter"          daemon [_thread_blocked, id=13588, stack(0x000000f382a00000,0x000000f382b00000) (1024K)]
  0x0000029a09b82950 JavaThread "LocalFile Deleter"          daemon [_thread_blocked, id=9072, stack(0x000000f382b00000,0x000000f382c00000) (1024K)]
  0x0000029a09b801f0 JavaThread "LocalFile Deleter"          daemon [_thread_blocked, id=18496, stack(0x000000f382c00000,0x000000f382d00000) (1024K)]
  0x0000029a09b82fe0 JavaThread "LocalFile Deleter"          daemon [_thread_blocked, id=7092, stack(0x000000f382d00000,0x000000f382e00000) (1024K)]
  0x0000029a09b80880 JavaThread "LocalFile Deleter"          daemon [_thread_blocked, id=20788, stack(0x000000f382e00000,0x000000f382f00000) (1024K)]
  0x0000029a09b7fb60 JavaThread "LocalFile Deleter"          daemon [_thread_blocked, id=11360, stack(0x000000f382f00000,0x000000f383000000) (1024K)]
  0x0000029a09b84390 JavaThread "LocalFile Deleter"          daemon [_thread_blocked, id=10856, stack(0x000000f383000000,0x000000f383100000) (1024K)]
  0x0000029a09b84a20 JavaThread "LocalFile Deleter"          daemon [_thread_blocked, id=21292, stack(0x000000f383200000,0x000000f383300000) (1024K)]
  0x0000029a09b850b0 JavaThread "LocalFile Deleter"          daemon [_thread_blocked, id=4076, stack(0x000000f383300000,0x000000f383400000) (1024K)]
  0x0000029a09b86460 JavaThread "Compiler Source File Reader" daemon [_thread_blocked, id=17940, stack(0x000000f383400000,0x000000f383500000) (1024K)]
  0x0000029a09b83670 JavaThread "Compiler Source File Reader" daemon [_thread_blocked, id=19188, stack(0x000000f383500000,0x000000f383600000) (1024K)]
  0x0000029a09b85dd0 JavaThread "Compiler Source File Reader" daemon [_thread_blocked, id=19436, stack(0x000000f383600000,0x000000f383700000) (1024K)]
  0x0000029a09b86af0 JavaThread "Compiler Source File Reader" daemon [_thread_blocked, id=11656, stack(0x000000f383700000,0x000000f383800000) (1024K)]
  0x0000029a13e62760 JavaThread "Compiler Source File Reader" daemon [_thread_blocked, id=22300, stack(0x000000f383800000,0x000000f383900000) (1024K)]
  0x0000029a13e60690 JavaThread "Compiler Source File Reader" daemon [_thread_blocked, id=23172, stack(0x000000f383900000,0x000000f383a00000) (1024K)]
  0x0000029a13e620d0 JavaThread "Compiler Source File Reader" daemon [_thread_blocked, id=4516, stack(0x000000f383a00000,0x000000f383b00000) (1024K)]
  0x0000029a13e61a40 JavaThread "Compiler Source File Reader" daemon [_thread_blocked, id=6060, stack(0x000000f383b00000,0x000000f383c00000) (1024K)]
  0x0000029a13e62df0 JavaThread "Compiler Source File Reader" daemon [_thread_blocked, id=21448, stack(0x000000f383c00000,0x000000f383d00000) (1024K)]
  0x0000029a13e5f970 JavaThread "Compiler Source File Reader" daemon [_thread_blocked, id=19144, stack(0x000000f383d00000,0x000000f383e00000) (1024K)]
  0x0000029a13e60000 JavaThread "Timer-2"                           [_thread_blocked, id=20688, stack(0x000000f382500000,0x000000f382600000) (1024K)]
  0x0000029a13e60d20 JavaThread "Timer-3"                           [_thread_blocked, id=9884, stack(0x000000f383e00000,0x000000f383f00000) (1024K)]
  0x0000029a13e613b0 JavaThread "Timer-4"                           [_thread_blocked, id=7280, stack(0x000000f383f00000,0x000000f384000000) (1024K)]
  0x0000029a0976cfd0 JavaThread "Timer-5"                           [_thread_blocked, id=19708, stack(0x000000f384000000,0x000000f384100000) (1024K)]
  0x0000029a13c24a60 JavaThread "Timer-6"                           [_thread_blocked, id=11552, stack(0x000000f384100000,0x000000f384200000) (1024K)]
  0x0000029a13c250f0 JavaThread "Timer-7"                           [_thread_blocked, id=18472, stack(0x000000f384200000,0x000000f384300000) (1024K)]
  0x0000029a13c243d0 JavaThread "Exec process"                      [_thread_blocked, id=896, stack(0x000000f384600000,0x000000f384700000) (1024K)]
  0x0000029a13c26b30 JavaThread "Exec process Thread 2"             [_thread_blocked, id=10536, stack(0x000000f384700000,0x000000f384800000) (1024K)]
  0x0000029a13c236b0 JavaThread "Exec process Thread 3"             [_thread_blocked, id=5268, stack(0x000000f384800000,0x000000f384900000) (1024K)]
  0x0000029a13c25780 JavaThread "Timer-8"                           [_thread_blocked, id=14272, stack(0x000000f384300000,0x000000f384400000) (1024K)]
  0x0000029a13c264a0 JavaThread "Timer-9"                           [_thread_blocked, id=3504, stack(0x000000f384500000,0x000000f384600000) (1024K)]
=>0x0000029a0629d090 JavaThread "C2 CompilerThread1"         daemon [_thread_in_native, id=10048, stack(0x000000f382200000,0x000000f382300000) (1024K)]
  0x0000029a13c27ee0 JavaThread "ForkJoinPool.commonPool-worker-1" daemon [_thread_blocked, id=11460, stack(0x000000f383100000,0x000000f383200000) (1024K)]
  0x0000029a13c29290 JavaThread "ForkJoinPool.commonPool-worker-2" daemon [_thread_blocked, id=2568, stack(0x000000f384900000,0x000000f384a00000) (1024K)]
  0x0000029a13c271c0 JavaThread "Worker-6: Publish Diagnostics"        [_thread_blocked, id=18420, stack(0x000000f384a00000,0x000000f384b00000) (1024K)]
  0x0000029a13c28570 JavaThread "Timer-10"                          [_thread_blocked, id=21356, stack(0x000000f384b00000,0x000000f384c00000) (1024K)]
  0x0000029a13c28c00 JavaThread "Timer-11"                          [_thread_blocked, id=18860, stack(0x000000f384d00000,0x000000f384e00000) (1024K)]
  0x0000029a1c2be910 JavaThread "ForkJoinPool.commonPool-worker-3" daemon [_thread_blocked, id=22156, stack(0x000000f385000000,0x000000f385100000) (1024K)]
  0x0000029a1c2befa0 JavaThread "ForkJoinPool.commonPool-worker-4" daemon [_thread_blocked, id=19576, stack(0x000000f385200000,0x000000f385300000) (1024K)]
  0x0000029a1c2bc1b0 JavaThread "ForkJoinPool.commonPool-worker-5" daemon [_thread_blocked, id=1620, stack(0x000000f385300000,0x000000f385400000) (1024K)]
  0x0000029a1c2bbb20 JavaThread "ForkJoinPool.commonPool-worker-6" daemon [_thread_blocked, id=12432, stack(0x000000f385400000,0x000000f385500000) (1024K)]
  0x0000029a1c2bdbf0 JavaThread "ForkJoinPool.commonPool-worker-7" daemon [_thread_blocked, id=10472, stack(0x000000f385500000,0x000000f385600000) (1024K)]
  0x0000029a1c2bfcc0 JavaThread "ForkJoinPool.commonPool-worker-8" daemon [_thread_blocked, id=15112, stack(0x000000f385600000,0x000000f385700000) (1024K)]
  0x0000029a1c2bf630 JavaThread "ForkJoinPool.commonPool-worker-9" daemon [_thread_in_vm, id=21724, stack(0x000000f385700000,0x000000f385800000) (1024K)]
  0x0000029a1c2bc840 JavaThread "ForkJoinPool.commonPool-worker-10" daemon [_thread_blocked, id=18664, stack(0x000000f385800000,0x000000f385900000) (1024K)]
  0x0000029a1c2c0350 JavaThread "Worker-7"                          [_thread_blocked, id=17652, stack(0x000000f385900000,0x000000f385a00000) (1024K)]
  0x0000029a1c2c09e0 JavaThread "Worker-8"                          [_thread_blocked, id=16144, stack(0x000000f385a00000,0x000000f385b00000) (1024K)]
Total: 91

Other Threads:
  0x00000299be5927d0 VMThread "VM Thread"                           [id=9108, stack(0x000000f3fee00000,0x000000f3fef00000) (1024K)]
  0x00000299a7b6a010 WatcherThread "VM Periodic Task Thread"        [id=22288, stack(0x000000f3fed00000,0x000000f3fee00000) (1024K)]
  0x00000299a7b1b690 WorkerThread "GC Thread#0"                     [id=21484, stack(0x000000f3fec00000,0x000000f3fed00000) (1024K)]
  0x0000029a062c5c40 WorkerThread "GC Thread#1"                     [id=2140, stack(0x000000f3ffb00000,0x000000f3ffc00000) (1024K)]
  0x0000029a066d8410 WorkerThread "GC Thread#2"                     [id=19200, stack(0x000000f3ffc00000,0x000000f3ffd00000) (1024K)]
  0x0000029a062e50b0 WorkerThread "GC Thread#3"                     [id=5352, stack(0x000000f3ffd00000,0x000000f3ffe00000) (1024K)]
  0x0000029a064400f0 WorkerThread "GC Thread#4"                     [id=2664, stack(0x000000f3ffe00000,0x000000f3fff00000) (1024K)]
  0x0000029a06440890 WorkerThread "GC Thread#5"                     [id=12132, stack(0x000000f3fff00000,0x000000f400000000) (1024K)]
  0x0000029a061f5010 WorkerThread "GC Thread#6"                     [id=21428, stack(0x000000f380000000,0x000000f380100000) (1024K)]
  0x0000029a061f48d0 WorkerThread "GC Thread#7"                     [id=14996, stack(0x000000f380200000,0x000000f380300000) (1024K)]
  0x0000029a061f3a50 WorkerThread "GC Thread#8"                     [id=20532, stack(0x000000f380600000,0x000000f380700000) (1024K)]
  0x0000029a061f3df0 WorkerThread "GC Thread#9"                     [id=17532, stack(0x000000f380700000,0x000000f380800000) (1024K)]
Total: 12

Threads with active compile tasks:
C2 CompilerThread0  88344 10589   !   4       lombok.core.FieldAugment$ReflectionFieldAugment::getAndSet (80 bytes)
C1 CompilerThread0  88344 11552       3       org.eclipse.jdt.internal.core.JavaProject::computePackageFragmentRoots (683 bytes)
C2 CompilerThread1  88344 10854       4       lombok.core.AST::buildWithField (21 bytes)
Total: 3

VM state: not at safepoint (normal execution)

VM Mutex/Monitor currently owned by a thread: None

Heap address: 0x0000000080000000, size: 2048 MB, Compressed Oops mode: 32-bit

CDS archive(s) mapped at: [0x00000299bf000000-0x00000299bfba0000-0x00000299bfba0000), size 12189696, SharedBaseAddress: 0x00000299bf000000, ArchiveRelocationMode: 1.
Compressed class space mapped at: 0x00000299c0000000-0x0000029a00000000, reserved size: 1073741824
Narrow klass base: 0x00000299bf000000, Narrow klass shift: 0, Narrow klass range: 0x100000000

GC Precious Log:
 CardTable entry size: 512
 CPUs: 12 total, 12 available
 Memory: 7913M
 Large Page Support: Disabled
 NUMA Support: Disabled
 Compressed Oops: Enabled (32-bit)
 Alignments: Space 512K, Generation 512K, Heap 2M
 Heap Min Capacity: 100M
 Heap Initial Capacity: 100M
 Heap Max Capacity: 2G
 Pre-touch: Disabled
 Parallel Workers: 10

Heap:
 PSYoungGen      total 9728K, used 1880K [0x00000000d5580000, 0x00000000d6080000, 0x0000000100000000)
  eden space 8704K, 17% used [0x00000000d5580000,0x00000000d56f2b78,0x00000000d5e00000)
  from space 1024K, 39% used [0x00000000d5e80000,0x00000000d5ee5638,0x00000000d5f80000)
  to   space 1024K, 0% used [0x00000000d5f80000,0x00000000d5f80000,0x00000000d6080000)
 ParOldGen       total 159744K, used 159723K [0x0000000080000000, 0x0000000089c00000, 0x00000000d5580000)
  object space 159744K, 99% used [0x0000000080000000,0x0000000089bfae60,0x0000000089c00000)
 Metaspace       used 78570K, committed 80192K, reserved 1179648K
  class space    used 9520K, committed 10240K, reserved 1048576K

Card table byte_map: [0x00000299a74a0000,0x00000299a78b0000] _byte_map_base: 0x00000299a70a0000

Marking Bits: (ParMarkBitMap*) 0x00007ff9fe3b2460
 Begin Bits: [0x00000299b9fb0000, 0x00000299bbfb0000)
 End Bits:   [0x00000299bbfb0000, 0x00000299bdfb0000)

Polling page: 0x00000299a5ce0000

Metaspace:

Usage:
  Non-class:     67.43 MB used.
      Class:      9.30 MB used.
       Both:     76.73 MB used.

Virtual space:
  Non-class space:      128.00 MB reserved,      68.31 MB ( 53%) committed,  2 nodes.
      Class space:        1.00 GB reserved,      10.00 MB ( <1%) committed,  1 nodes.
             Both:        1.12 GB reserved,      78.31 MB (  7%) committed. 

Chunk freelists:
   Non-Class:  10.09 MB
       Class:  5.94 MB
        Both:  16.03 MB

MaxMetaspaceSize: unlimited
CompressedClassSpaceSize: 1.00 GB
Initial GC threshold: 21.00 MB
Current GC threshold: 97.31 MB
CDS: on
 - commit_granule_bytes: 65536.
 - commit_granule_words: 8192.
 - virtual_space_node_default_size: 8388608.
 - enlarge_chunks_in_place: 1.
 - use_allocation_guard: 0.


Internal statistics:

num_allocs_failed_limit: 9.
num_arena_births: 1556.
num_arena_deaths: 14.
num_vsnodes_births: 3.
num_vsnodes_deaths: 0.
num_space_committed: 1253.
num_space_uncommitted: 0.
num_chunks_returned_to_freelist: 23.
num_chunks_taken_from_freelist: 5521.
num_chunk_merges: 15.
num_chunk_splits: 3284.
num_chunks_enlarged: 1607.
num_inconsistent_stats: 0.

CodeHeap 'non-profiled nmethods': size=120000Kb used=7227Kb max_used=7227Kb free=112772Kb
 bounds [0x00000299b27d0000, 0x00000299b2ee0000, 0x00000299b9d00000]
CodeHeap 'profiled nmethods': size=120000Kb used=22339Kb max_used=22339Kb free=97661Kb
 bounds [0x00000299aad00000, 0x00000299ac2e0000, 0x00000299b2230000]
CodeHeap 'non-nmethods': size=5760Kb used=1452Kb max_used=1499Kb free=4307Kb
 bounds [0x00000299b2230000, 0x00000299b24a0000, 0x00000299b27d0000]
CodeCache: size=245760Kb, used=31018Kb, max_used=31065Kb, free=214740Kb
 total_blobs=11382, nmethods=10619, adapters=669, full_count=0
Compilation: enabled, stopped_count=0, restarted_count=0

Compilation events (20 events):
Event: 85.301 Thread 0x0000029a01596a90 nmethod 11503 0x00000299ac2a7610 code [0x00000299ac2a77c0, 0x00000299ac2a79d0]
Event: 85.315 Thread 0x0000029a01596a90 11504       3       org.eclipse.jdt.internal.compiler.util.CharDeduplication::getThreadLocalInstance (44 bytes)
Event: 85.316 Thread 0x0000029a01596a90 nmethod 11504 0x00000299ac2a7a90 code [0x00000299ac2a7d00, 0x00000299ac2a8a98]
Event: 85.317 Thread 0x0000029a01596a90 11505   !   3       org.eclipse.jdt.internal.core.JarPackageFragmentRoot::computeChildren (605 bytes)
Event: 85.332 Thread 0x0000029a01596a90 nmethod 11505 0x00000299ac2a8e90 code [0x00000299ac2a9860, 0x00000299ac2b0380]
Event: 85.360 Thread 0x0000029a01596a90 11507       3       org.eclipse.jdt.internal.core.util.WeakHashSet::addValue (99 bytes)
Event: 85.361 Thread 0x0000029a01596a90 nmethod 11507 0x00000299ac2b3790 code [0x00000299ac2b39a0, 0x00000299ac2b40a8]
Event: 85.364 Thread 0x0000029a01596a90 11508       3       java.util.ArrayList::equalsRange (85 bytes)
Event: 85.365 Thread 0x0000029a01596a90 nmethod 11508 0x00000299ac2b4310 code [0x00000299ac2b4560, 0x00000299ac2b4e50]
Event: 85.401 Thread 0x0000029a01596a90 11509   !   3       java.lang.ref.ReferenceQueue::poll (40 bytes)
Event: 85.402 Thread 0x0000029a01596a90 nmethod 11509 0x00000299ac2b5110 code [0x00000299ac2b5380, 0x00000299ac2b5dd0]
Event: 85.407 Thread 0x0000029a01596a90 11511 % !   3       java.lang.ref.Reference::processPendingReferences @ 27 (118 bytes)
Event: 85.408 Thread 0x0000029a01596a90 nmethod 11511% 0x00000299ac2b6190 code [0x00000299ac2b6400, 0x00000299ac2b6e08]
Event: 85.441 Thread 0x0000029a01596a90 11514       3       java.text.MessageFormat::format (12 bytes)
Event: 85.442 Thread 0x0000029a01596a90 nmethod 11514 0x00000299ac2b7110 code [0x00000299ac2b72c0, 0x00000299ac2b74f8]
Event: 85.457 Thread 0x0000029a01596a90 11516       2       java.util.ImmutableCollections$MapN::entrySet (9 bytes)
Event: 85.458 Thread 0x0000029a01596a90 nmethod 11516 0x00000299ac2b7610 code [0x00000299ac2b77a0, 0x00000299ac2b7920]
Event: 85.458 Thread 0x0000029a01596a90 11517       2       java.util.ImmutableCollections$MapN$1::iterator (12 bytes)
Event: 85.458 Thread 0x0000029a01596a90 nmethod 11517 0x00000299ac2b7a10 code [0x00000299ac2b7bc0, 0x00000299ac2b7d50]
Event: 85.474 Thread 0x0000029a01596a90 11519       2       org.eclipse.jdt.internal.compiler.classfmt.FieldInfo::createField (450 bytes)

GC Heap History (20 events):
Event: 85.354 GC heap after
{Heap after GC invocations=229 (full 3):
 PSYoungGen      total 14336K, used 613K [0x00000000d5580000, 0x00000000d6480000, 0x0000000100000000)
  eden space 13312K, 0% used [0x00000000d5580000,0x00000000d5580000,0x00000000d6280000)
  from space 1024K, 59% used [0x00000000d6380000,0x00000000d6419758,0x00000000d6480000)
  to   space 1024K, 0% used [0x00000000d6280000,0x00000000d6280000,0x00000000d6380000)
 ParOldGen       total 143360K, used 143291K [0x0000000080000000, 0x0000000088c00000, 0x00000000d5580000)
  object space 143360K, 99% used [0x0000000080000000,0x0000000088beec10,0x0000000088c00000)
 Metaspace       used 78526K, committed 80128K, reserved 1179648K
  class space    used 9518K, committed 10240K, reserved 1048576K
}
Event: 85.369 GC heap before
{Heap before GC invocations=230 (full 3):
 PSYoungGen      total 14336K, used 13925K [0x00000000d5580000, 0x00000000d6480000, 0x0000000100000000)
  eden space 13312K, 100% used [0x00000000d5580000,0x00000000d6280000,0x00000000d6280000)
  from space 1024K, 59% used [0x00000000d6380000,0x00000000d6419758,0x00000000d6480000)
  to   space 1024K, 0% used [0x00000000d6280000,0x00000000d6280000,0x00000000d6380000)
 ParOldGen       total 143360K, used 143291K [0x0000000080000000, 0x0000000088c00000, 0x00000000d5580000)
  object space 143360K, 99% used [0x0000000080000000,0x0000000088beec10,0x0000000088c00000)
 Metaspace       used 78526K, committed 80128K, reserved 1179648K
  class space    used 9518K, committed 10240K, reserved 1048576K
}
Event: 85.371 GC heap after
{Heap after GC invocations=230 (full 3):
 PSYoungGen      total 14336K, used 401K [0x00000000d5580000, 0x00000000d6400000, 0x0000000100000000)
  eden space 13312K, 0% used [0x00000000d5580000,0x00000000d5580000,0x00000000d6280000)
  from space 1024K, 39% used [0x00000000d6280000,0x00000000d62e4400,0x00000000d6380000)
  to   space 512K, 0% used [0x00000000d6380000,0x00000000d6380000,0x00000000d6400000)
 ParOldGen       total 143872K, used 143663K [0x0000000080000000, 0x0000000088c80000, 0x00000000d5580000)
  object space 143872K, 99% used [0x0000000080000000,0x0000000088c4bf30,0x0000000088c80000)
 Metaspace       used 78526K, committed 80128K, reserved 1179648K
  class space    used 9518K, committed 10240K, reserved 1048576K
}
Event: 85.382 GC heap before
{Heap before GC invocations=231 (full 3):
 PSYoungGen      total 14336K, used 13713K [0x00000000d5580000, 0x00000000d6400000, 0x0000000100000000)
  eden space 13312K, 100% used [0x00000000d5580000,0x00000000d6280000,0x00000000d6280000)
  from space 1024K, 39% used [0x00000000d6280000,0x00000000d62e4400,0x00000000d6380000)
  to   space 512K, 0% used [0x00000000d6380000,0x00000000d6380000,0x00000000d6400000)
 ParOldGen       total 143872K, used 143663K [0x0000000080000000, 0x0000000088c80000, 0x00000000d5580000)
  object space 143872K, 99% used [0x0000000080000000,0x0000000088c4bf30,0x0000000088c80000)
 Metaspace       used 78526K, committed 80128K, reserved 1179648K
  class space    used 9518K, committed 10240K, reserved 1048576K
}
Event: 85.384 GC heap after
{Heap after GC invocations=231 (full 3):
 PSYoungGen      total 13824K, used 496K [0x00000000d5580000, 0x00000000d6480000, 0x0000000100000000)
  eden space 13312K, 0% used [0x00000000d5580000,0x00000000d5580000,0x00000000d6280000)
  from space 512K, 97% used [0x00000000d6380000,0x00000000d63fc340,0x00000000d6400000)
  to   space 1024K, 0% used [0x00000000d6280000,0x00000000d6280000,0x00000000d6380000)
 ParOldGen       total 143872K, used 143850K [0x0000000080000000, 0x0000000088c80000, 0x00000000d5580000)
  object space 143872K, 99% used [0x0000000080000000,0x0000000088c7aae0,0x0000000088c80000)
 Metaspace       used 78526K, committed 80128K, reserved 1179648K
  class space    used 9518K, committed 10240K, reserved 1048576K
}
Event: 85.395 GC heap before
{Heap before GC invocations=232 (full 3):
 PSYoungGen      total 13824K, used 13808K [0x00000000d5580000, 0x00000000d6480000, 0x0000000100000000)
  eden space 13312K, 100% used [0x00000000d5580000,0x00000000d6280000,0x00000000d6280000)
  from space 512K, 97% used [0x00000000d6380000,0x00000000d63fc340,0x00000000d6400000)
  to   space 1024K, 0% used [0x00000000d6280000,0x00000000d6280000,0x00000000d6380000)
 ParOldGen       total 143872K, used 143850K [0x0000000080000000, 0x0000000088c80000, 0x00000000d5580000)
  object space 143872K, 99% used [0x0000000080000000,0x0000000088c7aae0,0x0000000088c80000)
 Metaspace       used 78526K, committed 80128K, reserved 1179648K
  class space    used 9518K, committed 10240K, reserved 1048576K
}
Event: 85.396 GC heap after
{Heap after GC invocations=232 (full 3):
 PSYoungGen      total 14336K, used 448K [0x00000000d5580000, 0x00000000d6480000, 0x0000000100000000)
  eden space 13312K, 0% used [0x00000000d5580000,0x00000000d5580000,0x00000000d6280000)
  from space 1024K, 43% used [0x00000000d6280000,0x00000000d62f0000,0x00000000d6380000)
  to   space 1024K, 0% used [0x00000000d6380000,0x00000000d6380000,0x00000000d6480000)
 ParOldGen       total 144384K, used 144266K [0x0000000080000000, 0x0000000088d00000, 0x00000000d5580000)
  object space 144384K, 99% used [0x0000000080000000,0x0000000088ce29a0,0x0000000088d00000)
 Metaspace       used 78526K, committed 80128K, reserved 1179648K
  class space    used 9518K, committed 10240K, reserved 1048576K
}
Event: 85.404 GC heap before
{Heap before GC invocations=233 (full 3):
 PSYoungGen      total 14336K, used 13760K [0x00000000d5580000, 0x00000000d6480000, 0x0000000100000000)
  eden space 13312K, 100% used [0x00000000d5580000,0x00000000d6280000,0x00000000d6280000)
  from space 1024K, 43% used [0x00000000d6280000,0x00000000d62f0000,0x00000000d6380000)
  to   space 1024K, 0% used [0x00000000d6380000,0x00000000d6380000,0x00000000d6480000)
 ParOldGen       total 144384K, used 144266K [0x0000000080000000, 0x0000000088d00000, 0x00000000d5580000)
  object space 144384K, 99% used [0x0000000080000000,0x0000000088ce29a0,0x0000000088d00000)
 Metaspace       used 78526K, committed 80128K, reserved 1179648K
  class space    used 9518K, committed 10240K, reserved 1048576K
}
Event: 85.407 GC heap after
{Heap after GC invocations=233 (full 3):
 PSYoungGen      total 12288K, used 1018K [0x00000000d5580000, 0x00000000d6880000, 0x0000000100000000)
  eden space 11264K, 0% used [0x00000000d5580000,0x00000000d5580000,0x00000000d6080000)
  from space 1024K, 99% used [0x00000000d6380000,0x00000000d647e838,0x00000000d6480000)
  to   space 3072K, 0% used [0x00000000d6080000,0x00000000d6080000,0x00000000d6380000)
 ParOldGen       total 145920K, used 145532K [0x0000000080000000, 0x0000000088e80000, 0x00000000d5580000)
  object space 145920K, 99% used [0x0000000080000000,0x0000000088e1f1d8,0x0000000088e80000)
 Metaspace       used 78526K, committed 80128K, reserved 1179648K
  class space    used 9518K, committed 10240K, reserved 1048576K
}
Event: 85.420 GC heap before
{Heap before GC invocations=234 (full 3):
 PSYoungGen      total 12288K, used 12282K [0x00000000d5580000, 0x00000000d6880000, 0x0000000100000000)
  eden space 11264K, 100% used [0x00000000d5580000,0x00000000d6080000,0x00000000d6080000)
  from space 1024K, 99% used [0x00000000d6380000,0x00000000d647e838,0x00000000d6480000)
  to   space 3072K, 0% used [0x00000000d6080000,0x00000000d6080000,0x00000000d6380000)
 ParOldGen       total 145920K, used 145532K [0x0000000080000000, 0x0000000088e80000, 0x00000000d5580000)
  object space 145920K, 99% used [0x0000000080000000,0x0000000088e1f1d8,0x0000000088e80000)
 Metaspace       used 78526K, committed 80128K, reserved 1179648K
  class space    used 9518K, committed 10240K, reserved 1048576K
}
Event: 85.423 GC heap after
{Heap after GC invocations=234 (full 3):
 PSYoungGen      total 12800K, used 1050K [0x00000000d5580000, 0x00000000d6400000, 0x0000000100000000)
  eden space 11264K, 0% used [0x00000000d5580000,0x00000000d5580000,0x00000000d6080000)
  from space 1536K, 68% used [0x00000000d6080000,0x00000000d61868e0,0x00000000d6200000)
  to   space 1536K, 0% used [0x00000000d6280000,0x00000000d6280000,0x00000000d6400000)
 ParOldGen       total 146944K, used 146566K [0x0000000080000000, 0x0000000088f80000, 0x00000000d5580000)
  object space 146944K, 99% used [0x0000000080000000,0x0000000088f21a20,0x0000000088f80000)
 Metaspace       used 78526K, committed 80128K, reserved 1179648K
  class space    used 9518K, committed 10240K, reserved 1048576K
}
Event: 85.431 GC heap before
{Heap before GC invocations=235 (full 3):
 PSYoungGen      total 12800K, used 12314K [0x00000000d5580000, 0x00000000d6400000, 0x0000000100000000)
  eden space 11264K, 100% used [0x00000000d5580000,0x00000000d6080000,0x00000000d6080000)
  from space 1536K, 68% used [0x00000000d6080000,0x00000000d61868e0,0x00000000d6200000)
  to   space 1536K, 0% used [0x00000000d6280000,0x00000000d6280000,0x00000000d6400000)
 ParOldGen       total 146944K, used 146566K [0x0000000080000000, 0x0000000088f80000, 0x00000000d5580000)
  object space 146944K, 99% used [0x0000000080000000,0x0000000088f21a20,0x0000000088f80000)
 Metaspace       used 78526K, committed 80128K, reserved 1179648K
  class space    used 9518K, committed 10240K, reserved 1048576K
}
Event: 85.433 GC heap after
{Heap after GC invocations=235 (full 3):
 PSYoungGen      total 12288K, used 832K [0x00000000d5580000, 0x00000000d6380000, 0x0000000100000000)
  eden space 11264K, 0% used [0x00000000d5580000,0x00000000d5580000,0x00000000d6080000)
  from space 1024K, 81% used [0x00000000d6280000,0x00000000d6350000,0x00000000d6380000)
  to   space 1024K, 0% used [0x00000000d6180000,0x00000000d6180000,0x00000000d6280000)
 ParOldGen       total 147456K, used 147435K [0x0000000080000000, 0x0000000089000000, 0x00000000d5580000)
  object space 147456K, 99% used [0x0000000080000000,0x0000000088ffaee8,0x0000000089000000)
 Metaspace       used 78526K, committed 80128K, reserved 1179648K
  class space    used 9518K, committed 10240K, reserved 1048576K
}
Event: 85.443 GC heap before
{Heap before GC invocations=236 (full 3):
 PSYoungGen      total 12288K, used 12096K [0x00000000d5580000, 0x00000000d6380000, 0x0000000100000000)
  eden space 11264K, 100% used [0x00000000d5580000,0x00000000d6080000,0x00000000d6080000)
  from space 1024K, 81% used [0x00000000d6280000,0x00000000d6350000,0x00000000d6380000)
  to   space 1024K, 0% used [0x00000000d6180000,0x00000000d6180000,0x00000000d6280000)
 ParOldGen       total 147456K, used 147435K [0x0000000080000000, 0x0000000089000000, 0x00000000d5580000)
  object space 147456K, 99% used [0x0000000080000000,0x0000000088ffaee8,0x0000000089000000)
 Metaspace       used 78526K, committed 80128K, reserved 1179648K
  class space    used 9518K, committed 10240K, reserved 1048576K
}
Event: 85.445 GC heap after
{Heap after GC invocations=236 (full 3):
 PSYoungGen      total 12288K, used 576K [0x00000000d5580000, 0x00000000d6300000, 0x0000000100000000)
  eden space 11264K, 0% used [0x00000000d5580000,0x00000000d5580000,0x00000000d6080000)
  from space 1024K, 56% used [0x00000000d6180000,0x00000000d6210000,0x00000000d6280000)
  to   space 512K, 0% used [0x00000000d6280000,0x00000000d6280000,0x00000000d6300000)
 ParOldGen       total 148480K, used 148107K [0x0000000080000000, 0x0000000089100000, 0x00000000d5580000)
  object space 148480K, 99% used [0x0000000080000000,0x00000000890a2ee8,0x0000000089100000)
 Metaspace       used 78526K, committed 80128K, reserved 1179648K
  class space    used 9518K, committed 10240K, reserved 1048576K
}
Event: 85.454 GC heap before
{Heap before GC invocations=237 (full 3):
 PSYoungGen      total 12288K, used 11840K [0x00000000d5580000, 0x00000000d6300000, 0x0000000100000000)
  eden space 11264K, 100% used [0x00000000d5580000,0x00000000d6080000,0x00000000d6080000)
  from space 1024K, 56% used [0x00000000d6180000,0x00000000d6210000,0x00000000d6280000)
  to   space 512K, 0% used [0x00000000d6280000,0x00000000d6280000,0x00000000d6300000)
 ParOldGen       total 148480K, used 148107K [0x0000000080000000, 0x0000000089100000, 0x00000000d5580000)
  object space 148480K, 99% used [0x0000000080000000,0x00000000890a2ee8,0x0000000089100000)
 Metaspace       used 78526K, committed 80128K, reserved 1179648K
  class space    used 9518K, committed 10240K, reserved 1048576K
}
Event: 85.456 GC heap after
{Heap after GC invocations=237 (full 3):
 PSYoungGen      total 11776K, used 480K [0x00000000d5580000, 0x00000000d6300000, 0x0000000100000000)
  eden space 11264K, 0% used [0x00000000d5580000,0x00000000d5580000,0x00000000d6080000)
  from space 512K, 93% used [0x00000000d6280000,0x00000000d62f8000,0x00000000d6300000)
  to   space 1024K, 0% used [0x00000000d6100000,0x00000000d6100000,0x00000000d6200000)
 ParOldGen       total 148992K, used 148563K [0x0000000080000000, 0x0000000089180000, 0x00000000d5580000)
  object space 148992K, 99% used [0x0000000080000000,0x0000000089114ee8,0x0000000089180000)
 Metaspace       used 78526K, committed 80128K, reserved 1179648K
  class space    used 9518K, committed 10240K, reserved 1048576K
}
Event: 85.479 GC heap before
{Heap before GC invocations=238 (full 3):
 PSYoungGen      total 11776K, used 11744K [0x00000000d5580000, 0x00000000d6300000, 0x0000000100000000)
  eden space 11264K, 100% used [0x00000000d5580000,0x00000000d6080000,0x00000000d6080000)
  from space 512K, 93% used [0x00000000d6280000,0x00000000d62f8000,0x00000000d6300000)
  to   space 1024K, 0% used [0x00000000d6100000,0x00000000d6100000,0x00000000d6200000)
 ParOldGen       total 148992K, used 148563K [0x0000000080000000, 0x0000000089180000, 0x00000000d5580000)
  object space 148992K, 99% used [0x0000000080000000,0x0000000089114ee8,0x0000000089180000)
 Metaspace       used 78528K, committed 80128K, reserved 1179648K
  class space    used 9518K, committed 10240K, reserved 1048576K
}
Event: 86.851 GC heap after
{Heap after GC invocations=238 (full 3):
 PSYoungGen      total 12288K, used 995K [0x00000000d5580000, 0x00000000d6300000, 0x0000000100000000)
  eden space 11264K, 0% used [0x00000000d5580000,0x00000000d5580000,0x00000000d6080000)
  from space 1024K, 97% used [0x00000000d6100000,0x00000000d61f8d90,0x00000000d6200000)
  to   space 512K, 0% used [0x00000000d6280000,0x00000000d6280000,0x00000000d6300000)
 ParOldGen       total 149504K, used 149427K [0x0000000080000000, 0x0000000089200000, 0x00000000d5580000)
  object space 149504K, 99% used [0x0000000080000000,0x00000000891ecee8,0x0000000089200000)
 Metaspace       used 78528K, committed 80128K, reserved 1179648K
  class space    used 9518K, committed 10240K, reserved 1048576K
}
Event: 87.526 GC heap before
{Heap before GC invocations=239 (full 3):
 PSYoungGen      total 12288K, used 12259K [0x00000000d5580000, 0x00000000d6300000, 0x0000000100000000)
  eden space 11264K, 100% used [0x00000000d5580000,0x00000000d6080000,0x00000000d6080000)
  from space 1024K, 97% used [0x00000000d6100000,0x00000000d61f8d90,0x00000000d6200000)
  to   space 512K, 0% used [0x00000000d6280000,0x00000000d6280000,0x00000000d6300000)
 ParOldGen       total 149504K, used 149427K [0x0000000080000000, 0x0000000089200000, 0x00000000d5580000)
  object space 149504K, 99% used [0x0000000080000000,0x00000000891ecf88,0x0000000089200000)
 Metaspace       used 78529K, committed 80128K, reserved 1179648K
  class space    used 9518K, committed 10240K, reserved 1048576K
}

Dll operation events (15 events):
Event: 0.026 Loaded shared library c:\Users\nibin\.antigravity\extensions\redhat.java-1.51.0-win32-x64\jre\21.0.9-win32-x86_64\bin\java.dll
Event: 0.105 Loaded shared library c:\Users\nibin\.antigravity\extensions\redhat.java-1.51.0-win32-x64\jre\21.0.9-win32-x86_64\bin\zip.dll
Event: 0.128 Loaded shared library C:\Users\nibin\.antigravity\extensions\redhat.java-1.51.0-win32-x64\jre\21.0.9-win32-x86_64\bin\instrument.dll
Event: 0.133 Loaded shared library C:\Users\nibin\.antigravity\extensions\redhat.java-1.51.0-win32-x64\jre\21.0.9-win32-x86_64\bin\net.dll
Event: 0.136 Loaded shared library C:\Users\nibin\.antigravity\extensions\redhat.java-1.51.0-win32-x64\jre\21.0.9-win32-x86_64\bin\nio.dll
Event: 0.139 Loaded shared library C:\Users\nibin\.antigravity\extensions\redhat.java-1.51.0-win32-x64\jre\21.0.9-win32-x86_64\bin\zip.dll
Event: 0.159 Loaded shared library C:\Users\nibin\.antigravity\extensions\redhat.java-1.51.0-win32-x64\jre\21.0.9-win32-x86_64\bin\jimage.dll
Event: 0.231 Loaded shared library c:\Users\nibin\.antigravity\extensions\redhat.java-1.51.0-win32-x64\jre\21.0.9-win32-x86_64\bin\verify.dll
Event: 1.216 Loaded shared library C:\Users\nibin\AppData\Roaming\Antigravity\User\globalStorage\redhat.java\1.51.0\config_win\org.eclipse.equinox.launcher\org.eclipse.equinox.launcher.win32.win32.x86_64_1.2.1400.v20250801-0854\eclipse_11916.dll
Event: 2.480 Loaded shared library C:\Users\nibin\AppData\Local\Temp\jna-104812908\jna12852855491732160493.dll
Event: 5.336 Loaded shared library C:\Users\nibin\.gradle\native\1def1411415f61bf3af743bc5b6707747c0891f09f0c88961ee8f79bc544acac\windows-amd64\native-platform.dll
Event: 6.944 Loaded shared library C:\Users\nibin\.antigravity\extensions\redhat.java-1.51.0-win32-x64\jre\21.0.9-win32-x86_64\bin\management.dll
Event: 6.950 Loaded shared library C:\Users\nibin\.antigravity\extensions\redhat.java-1.51.0-win32-x64\jre\21.0.9-win32-x86_64\bin\management_ext.dll
Event: 9.754 Loaded shared library C:\Users\nibin\.antigravity\extensions\redhat.java-1.51.0-win32-x64\jre\21.0.9-win32-x86_64\bin\extnet.dll
Event: 12.017 Loaded shared library C:\Users\nibin\.antigravity\extensions\redhat.java-1.51.0-win32-x64\jre\21.0.9-win32-x86_64\bin\sunmscapi.dll

Deoptimization events (20 events):
Event: 85.360 Thread 0x0000029a1c2be910 Uncommon trap: trap_request=0xffffff45 fr.pc=0x00000299b2ecf8fc relative=0x000000000000051c
Event: 85.360 Thread 0x0000029a1c2be910 Uncommon trap: reason=unstable_if action=reinterpret pc=0x00000299b2ecf8fc method=org.eclipse.jdt.internal.core.util.WeakHashSet.addValue(Lorg/eclipse/jdt/internal/core/util/WeakHashSet$HashableWeakReference;)V @ 39 c2
Event: 85.360 Thread 0x0000029a1c2be910 DEOPT PACKING pc=0x00000299b2ecf8fc sp=0x000000f3850fdac0
Event: 85.360 Thread 0x0000029a1c2be910 DEOPT UNPACKING pc=0x00000299b2286da2 sp=0x000000f3850fda50 mode 2
Event: 85.364 Thread 0x0000029a1c2bc1b0 Uncommon trap: trap_request=0xffffff45 fr.pc=0x00000299b2ec3d9c relative=0x000000000000093c
Event: 85.364 Thread 0x0000029a1c2bc1b0 Uncommon trap: reason=unstable_if action=reinterpret pc=0x00000299b2ec3d9c method=java.util.ArrayList.equalsRange(Ljava/util/List;II)Z @ 76 c2
Event: 85.364 Thread 0x0000029a1c2bc1b0 DEOPT PACKING pc=0x00000299b2ec3d9c sp=0x000000f3853fdbe0
Event: 85.364 Thread 0x0000029a1c2bc1b0 DEOPT UNPACKING pc=0x00000299b2286da2 sp=0x000000f3853fdb70 mode 2
Event: 85.376 Thread 0x0000029a13c29290 DEOPT PACKING pc=0x00000299ab7b35e7 sp=0x000000f3849fd3c0
Event: 85.376 Thread 0x0000029a13c29290 DEOPT UNPACKING pc=0x00000299b22878e2 sp=0x000000f3849fc930 mode 0
Event: 85.384 Thread 0x0000029a1c2bbb20 Uncommon trap: trap_request=0xffffff45 fr.pc=0x00000299b29dde6c relative=0x00000000000001ec
Event: 85.384 Thread 0x0000029a1c2bbb20 Uncommon trap: reason=unstable_if action=reinterpret pc=0x00000299b29dde6c method=java.util.concurrent.locks.ReentrantLock$Sync.lock()V @ 4 c2
Event: 85.384 Thread 0x0000029a1c2bbb20 DEOPT PACKING pc=0x00000299b29dde6c sp=0x000000f3854fdcd0
Event: 85.384 Thread 0x0000029a1c2bbb20 DEOPT UNPACKING pc=0x00000299b2286da2 sp=0x000000f3854fdba8 mode 2
Event: 85.472 Thread 0x0000029a1c2bc1b0 DEOPT PACKING pc=0x00000299ab7b35e7 sp=0x000000f3853fd700
Event: 85.473 Thread 0x0000029a1c2bc1b0 DEOPT UNPACKING pc=0x00000299b22878e2 sp=0x000000f3853fcc70 mode 0
Event: 86.851 Thread 0x0000029a07196a00 Uncommon trap: trap_request=0xffffff45 fr.pc=0x00000299b2d207c8 relative=0x00000000000000a8
Event: 87.510 Thread 0x0000029a07196a00 Uncommon trap: reason=unstable_if action=reinterpret pc=0x00000299b2d207c8 method=org.eclipse.core.internal.jobs.InternalJob.getState()I @ 10 c2
Event: 87.526 Thread 0x0000029a07196a00 DEOPT PACKING pc=0x00000299b2d207c8 sp=0x000000f3810fef80
Event: 87.526 Thread 0x0000029a07196a00 DEOPT UNPACKING pc=0x00000299b2286da2 sp=0x000000f3810feeb0 mode 2

Classes loaded (20 events):
Event: 56.785 Loading class java/lang/Throwable$PrintStreamOrWriter done
Event: 56.785 Loading class java/lang/Throwable$WrappedPrintWriter done
Event: 57.098 Loading class java/security/DigestInputStream
Event: 57.100 Loading class java/security/DigestInputStream done
Event: 83.452 Loading class java/util/Collections$SynchronizedRandomAccessList
Event: 83.458 Loading class java/util/Collections$SynchronizedList
Event: 83.459 Loading class java/util/Collections$SynchronizedList done
Event: 83.459 Loading class java/util/Collections$SynchronizedRandomAccessList done
Event: 83.486 Loading class java/util/concurrent/CompletableFuture$UniApply
Event: 83.487 Loading class java/util/concurrent/CompletableFuture$Signaller
Event: 83.489 Loading class java/util/concurrent/CompletableFuture$Signaller done
Event: 83.489 Loading class java/util/concurrent/CompletableFuture$UniApply done
Event: 83.492 Loading class java/util/concurrent/CompletableFuture$UniExceptionally
Event: 83.493 Loading class java/util/concurrent/CompletableFuture$UniExceptionally done
Event: 83.884 Loading class java/util/Hashtable$ValueCollection
Event: 83.885 Loading class java/util/Hashtable$ValueCollection done
Event: 84.006 Loading class java/io/SequenceInputStream
Event: 84.007 Loading class java/io/SequenceInputStream done
Event: 84.801 Loading class java/util/Hashtable$KeySet
Event: 84.802 Loading class java/util/Hashtable$KeySet done

Classes unloaded (7 events):
Event: 2.961 Thread 0x00000299be5927d0 Unloading class 0x00000299c01acc00 'java/lang/invoke/LambdaForm$MH+0x00000299c01acc00'
Event: 2.961 Thread 0x00000299be5927d0 Unloading class 0x00000299c01ac800 'java/lang/invoke/LambdaForm$MH+0x00000299c01ac800'
Event: 2.961 Thread 0x00000299be5927d0 Unloading class 0x00000299c01ac400 'java/lang/invoke/LambdaForm$MH+0x00000299c01ac400'
Event: 2.961 Thread 0x00000299be5927d0 Unloading class 0x00000299c01ac000 'java/lang/invoke/LambdaForm$MH+0x00000299c01ac000'
Event: 2.961 Thread 0x00000299be5927d0 Unloading class 0x00000299c01abc00 'java/lang/invoke/LambdaForm$BMH+0x00000299c01abc00'
Event: 2.961 Thread 0x00000299be5927d0 Unloading class 0x00000299c01ab800 'java/lang/invoke/LambdaForm$DMH+0x00000299c01ab800'
Event: 2.961 Thread 0x00000299be5927d0 Unloading class 0x00000299c01aa400 'java/lang/invoke/LambdaForm$DMH+0x00000299c01aa400'

Classes redefined (0 events):
No events

Internal exceptions (20 events):
Event: 84.286 Thread 0x0000029a0976c2b0 Implicit null exception at 0x00000299b2adc380 to 0x00000299b2adc784
Event: 84.286 Thread 0x0000029a0976c2b0 Exception <a 'sun/nio/fs/WindowsException'{0x00000000d594abd0}> (0x00000000d594abd0) 
thrown [s\src\hotspot\share\prims\jni.cpp, line 520]
Event: 84.286 Thread 0x0000029a0976c2b0 Exception <a 'sun/nio/fs/WindowsException'{0x00000000d594b200}> (0x00000000d594b200) 
thrown [s\src\hotspot\share\prims\jni.cpp, line 520]
Event: 84.287 Thread 0x0000029a0976c2b0 Exception <a 'sun/nio/fs/WindowsException'{0x00000000d594e278}> (0x00000000d594e278) 
thrown [s\src\hotspot\share\prims\jni.cpp, line 520]
Event: 84.288 Thread 0x0000029a0976c2b0 Exception <a 'sun/nio/fs/WindowsException'{0x00000000d594e8a8}> (0x00000000d594e8a8) 
thrown [s\src\hotspot\share\prims\jni.cpp, line 520]
Event: 84.291 Thread 0x0000029a0976c2b0 Exception <a 'sun/nio/fs/WindowsException'{0x00000000d594fce8}> (0x00000000d594fce8) 
thrown [s\src\hotspot\share\prims\jni.cpp, line 520]
Event: 84.292 Thread 0x0000029a0976c2b0 Exception <a 'sun/nio/fs/WindowsException'{0x00000000d5950410}> (0x00000000d5950410) 
thrown [s\src\hotspot\share\prims\jni.cpp, line 520]
Event: 84.293 Thread 0x0000029a0976c2b0 Exception <a 'sun/nio/fs/WindowsException'{0x00000000d5951290}> (0x00000000d5951290) 
thrown [s\src\hotspot\share\prims\jni.cpp, line 520]
Event: 84.293 Thread 0x0000029a0976c2b0 Exception <a 'sun/nio/fs/WindowsException'{0x00000000d59519b8}> (0x00000000d59519b8) 
thrown [s\src\hotspot\share\prims\jni.cpp, line 520]
Event: 84.297 Thread 0x0000029a0976c2b0 Exception <a 'java/lang/IncompatibleClassChangeError'{0x00000000d5975d98}: Found class java.lang.Object, but interface was expected> (0x00000000d5975d98) 
thrown [s\src\hotspot\share\interpreter\linkResolver.cpp, line 840]
Event: 84.368 Thread 0x0000029a0976c2b0 Exception <a 'java/lang/IncompatibleClassChangeError'{0x00000000d571e980}: Found class java.lang.Object, but interface was expected> (0x00000000d571e980) 
thrown [s\src\hotspot\share\interpreter\linkResolver.cpp, line 840]
Event: 84.369 Thread 0x0000029a0976c2b0 Exception <a 'java/lang/IncompatibleClassChangeError'{0x00000000d5722410}: Found class java.lang.Object, but interface was expected> (0x00000000d5722410) 
thrown [s\src\hotspot\share\interpreter\linkResolver.cpp, line 840]
Event: 84.450 Thread 0x0000029a13c27ee0 Exception <a 'java/lang/NoSuchMethodError'{0x00000000d565d108}: 'int java.lang.invoke.Invokers$Holder.invokeExact_MT(java.lang.Object, java.lang.Object)'> (0x00000000d565d108) 
thrown [s\src\hotspot\share\interpreter\linkResolver.cpp, line 773]
Event: 84.530 Thread 0x0000029a0976c2b0 Exception <a 'java/lang/IncompatibleClassChangeError'{0x00000000d58800b8}: Found class java.lang.Object, but interface was expected> (0x00000000d58800b8) 
thrown [s\src\hotspot\share\interpreter\linkResolver.cpp, line 840]
Event: 84.559 Thread 0x0000029a0976c2b0 Exception <a 'java/lang/IncompatibleClassChangeError'{0x00000000d5860538}: Found class java.lang.Object, but interface was expected> (0x00000000d5860538) 
thrown [s\src\hotspot\share\interpreter\linkResolver.cpp, line 840]
Event: 84.669 Thread 0x0000029a0976c2b0 Exception <a 'java/lang/IncompatibleClassChangeError'{0x00000000d5826440}: Found class java.lang.Object, but interface was expected> (0x00000000d5826440) 
thrown [s\src\hotspot\share\interpreter\linkResolver.cpp, line 840]
Event: 84.784 Thread 0x0000029a1c2bc1b0 Implicit null exception at 0x00000299b2a7b326 to 0x00000299b2a7b8f4
Event: 84.924 Thread 0x0000029a13c271c0 Exception <a 'java/lang/NoSuchMethodError'{0x00000000d58aa610}: 'java.lang.Object java.lang.invoke.DirectMethodHandle$Holder.invokeSpecial(java.lang.Object, java.lang.Object, int, long)'> (0x00000000d58aa610) 
thrown [s\src\hotspot\share\interpreter\linkResolver.cpp, line 773]
Event: 85.004 Thread 0x0000029a1c2bfcc0 Exception <a 'java/lang/ArrayIndexOutOfBoundsException'{0x00000000d5655e98}> (0x00000000d5655e98) 
thrown [s\src\hotspot\share\runtime\sharedRuntime.cpp, line 625]
Event: 85.363 Thread 0x0000029a07197db0 Exception <a 'sun/nio/fs/WindowsException'{0x00000000d5f451e8}> (0x00000000d5f451e8) 
thrown [s\src\hotspot\share\prims\jni.cpp, line 520]

ZGC Phase Switch (0 events):
No events

VM Operations (20 events):
Event: 85.371 Executing VM operation: ParallelGCFailedAllocation (Allocation Failure) done
Event: 85.382 Executing VM operation: ParallelGCFailedAllocation (Allocation Failure)
Event: 85.384 Executing VM operation: ParallelGCFailedAllocation (Allocation Failure) done
Event: 85.393 Executing VM operation: ParallelGCFailedAllocation (Allocation Failure)
Event: 85.397 Executing VM operation: ParallelGCFailedAllocation (Allocation Failure) done
Event: 85.404 Executing VM operation: ParallelGCFailedAllocation (Allocation Failure)
Event: 85.407 Executing VM operation: ParallelGCFailedAllocation (Allocation Failure) done
Event: 85.420 Executing VM operation: ParallelGCFailedAllocation (Allocation Failure)
Event: 85.424 Executing VM operation: ParallelGCFailedAllocation (Allocation Failure) done
Event: 85.430 Executing VM operation: ParallelGCFailedAllocation (Allocation Failure)
Event: 85.433 Executing VM operation: ParallelGCFailedAllocation (Allocation Failure) done
Event: 85.442 Executing VM operation: ParallelGCFailedAllocation (Allocation Failure)
Event: 85.445 Executing VM operation: ParallelGCFailedAllocation (Allocation Failure) done
Event: 85.454 Executing VM operation: ParallelGCFailedAllocation (Allocation Failure)
Event: 85.456 Executing VM operation: ParallelGCFailedAllocation (Allocation Failure) done
Event: 85.475 Executing VM operation: ParallelGCFailedAllocation (Allocation Failure)
Event: 86.851 Executing VM operation: ParallelGCFailedAllocation (Allocation Failure) done
Event: 86.874 Executing VM operation: ParallelGCFailedAllocation (Allocation Failure)
Event: 87.526 Executing VM operation: ParallelGCFailedAllocation (Allocation Failure) done
Event: 87.526 Executing VM operation: ParallelGCSystemGC (GCLocker Initiated GC)

Memory protections (0 events):
No events

Nmethod flushes (20 events):
Event: 6.680 Thread 0x00000299be5927d0 flushing  nmethod 0x00000299ab67e090
Event: 6.680 Thread 0x00000299be5927d0 flushing  nmethod 0x00000299ab68f990
Event: 6.680 Thread 0x00000299be5927d0 flushing  nmethod 0x00000299ab690310
Event: 6.680 Thread 0x00000299be5927d0 flushing osr nmethod 0x00000299ab692210
Event: 6.680 Thread 0x00000299be5927d0 flushing  nmethod 0x00000299ab693f90
Event: 6.680 Thread 0x00000299be5927d0 flushing  nmethod 0x00000299ab6a0c90
Event: 6.680 Thread 0x00000299be5927d0 flushing  nmethod 0x00000299ab6a9010
Event: 6.680 Thread 0x00000299be5927d0 flushing  nmethod 0x00000299ab6aa610
Event: 6.680 Thread 0x00000299be5927d0 flushing  nmethod 0x00000299ab6dc190
Event: 6.680 Thread 0x00000299be5927d0 flushing  nmethod 0x00000299ab6f7710
Event: 6.680 Thread 0x00000299be5927d0 flushing  nmethod 0x00000299ab6fc190
Event: 6.680 Thread 0x00000299be5927d0 flushing  nmethod 0x00000299ab6fc890
Event: 6.680 Thread 0x00000299be5927d0 flushing  nmethod 0x00000299ab6fd610
Event: 6.680 Thread 0x00000299be5927d0 flushing  nmethod 0x00000299ab6fda90
Event: 6.680 Thread 0x00000299be5927d0 flushing  nmethod 0x00000299ab702110
Event: 6.680 Thread 0x00000299be5927d0 flushing  nmethod 0x00000299ab71ff90
Event: 6.680 Thread 0x00000299be5927d0 flushing  nmethod 0x00000299ab720490
Event: 6.680 Thread 0x00000299be5927d0 flushing  nmethod 0x00000299ab720a90
Event: 6.680 Thread 0x00000299be5927d0 flushing  nmethod 0x00000299ab721010
Event: 6.680 Thread 0x00000299be5927d0 flushing  nmethod 0x00000299ab779290

Events (20 events):
Event: 83.502 Thread 0x0000029a07196370 Thread added: 0x0000029a13c271c0
Event: 83.508 Thread 0x0000029a07195650 Thread added: 0x0000029a13c28570
Event: 83.515 Thread 0x0000029a07195650 Thread added: 0x0000029a13c28c00
Event: 83.568 Thread 0x0000029a13c28c00 Thread exited: 0x0000029a13c28c00
Event: 83.569 Thread 0x0000029a07195650 Thread added: 0x0000029a13c28c00
Event: 83.570 Thread 0x0000029a07195650 Thread added: 0x0000029a13c29fb0
Event: 83.633 Thread 0x0000029a13c29fb0 Thread added: 0x0000029a13c2acd0
Event: 84.011 Thread 0x0000029a13c29fb0 Thread added: 0x0000029a13c29920
Event: 84.018 Thread 0x0000029a13c29920 Thread added: 0x0000029a13c2a640
Event: 84.018 Thread 0x0000029a13c29920 Thread added: 0x0000029a13c27850
Event: 84.018 Thread 0x0000029a13c2a640 Thread exited: 0x0000029a13c2a640
Event: 84.444 Thread 0x0000029a0976c2b0 Thread added: 0x0000029a1c2be910
Event: 84.450 Thread 0x0000029a0976c2b0 Thread added: 0x0000029a1c2befa0
Event: 84.483 Thread 0x0000029a0976c2b0 Thread added: 0x0000029a1c2bc1b0
Event: 84.484 Thread 0x0000029a0976c2b0 Thread added: 0x0000029a1c2bbb20
Event: 84.667 Thread 0x0000029a0976c2b0 Thread added: 0x0000029a1c2bdbf0
Event: 84.671 Thread 0x0000029a0976c2b0 Thread added: 0x0000029a1c2bfcc0
Event: 84.675 Thread 0x0000029a1c2bfcc0 Thread added: 0x0000029a1c2bf630
Event: 84.678 Thread 0x0000029a1c2bf630 Thread added: 0x0000029a1c2bc840
Event: 84.905 Thread 0x0000029a13c271c0 Thread added: 0x0000029a1c2c0350


Dynamic libraries:
0x00007ff7139f0000 - 0x00007ff7139fe000 	c:\Users\nibin\.antigravity\extensions\redhat.java-1.51.0-win32-x64\jre\21.0.9-win32-x86_64\bin\java.exe
0x00007ffa870a0000 - 0x00007ffa87307000 	C:\Windows\SYSTEM32\ntdll.dll
0x00007ffa85e20000 - 0x00007ffa85ee9000 	C:\Windows\System32\KERNEL32.DLL
0x00007ffa845b0000 - 0x00007ffa8499f000 	C:\Windows\System32\KERNELBASE.dll
0x00007ffa84ae0000 - 0x00007ffa84c2b000 	C:\Windows\System32\ucrtbase.dll
0x00007ffa70b60000 - 0x00007ffa70b7e000 	c:\Users\nibin\.antigravity\extensions\redhat.java-1.51.0-win32-x64\jre\21.0.9-win32-x86_64\bin\VCRUNTIME140.dll
0x00007ffa7b090000 - 0x00007ffa7b0a8000 	c:\Users\nibin\.antigravity\extensions\redhat.java-1.51.0-win32-x64\jre\21.0.9-win32-x86_64\bin\jli.dll
0x00007ffa85b70000 - 0x00007ffa85d35000 	C:\Windows\System32\USER32.dll
0x00007ffa841f0000 - 0x00007ffa84217000 	C:\Windows\System32\win32u.dll
0x00007ffa65680000 - 0x00007ffa65913000 	C:\Windows\WinSxS\amd64_microsoft.windows.common-controls_6595b64144ccf1df_6.0.26100.7309_none_3e05feeae336a044\COMCTL32.dll
0x00007ffa85f40000 - 0x00007ffa85fe9000 	C:\Windows\System32\msvcrt.dll
0x00007ffa852d0000 - 0x00007ffa852fb000 	C:\Windows\System32\GDI32.dll
0x00007ffa849b0000 - 0x00007ffa84adc000 	C:\Windows\System32\gdi32full.dll
0x00007ffa842d0000 - 0x00007ffa84373000 	C:\Windows\System32\msvcp_win.dll
0x00007ffa85ef0000 - 0x00007ffa85f21000 	C:\Windows\System32\IMM32.DLL
0x00007ffa7ec90000 - 0x00007ffa7ec9c000 	c:\Users\nibin\.antigravity\extensions\redhat.java-1.51.0-win32-x64\jre\21.0.9-win32-x86_64\bin\vcruntime140_1.dll
0x00007ffa6f110000 - 0x00007ffa6f19d000 	c:\Users\nibin\.antigravity\extensions\redhat.java-1.51.0-win32-x64\jre\21.0.9-win32-x86_64\bin\msvcp140.dll
0x00007ff9fd6f0000 - 0x00007ff9fe490000 	c:\Users\nibin\.antigravity\extensions\redhat.java-1.51.0-win32-x64\jre\21.0.9-win32-x86_64\bin\server\jvm.dll
0x00007ffa861b0000 - 0x00007ffa86264000 	C:\Windows\System32\ADVAPI32.dll
0x00007ffa85d70000 - 0x00007ffa85e16000 	C:\Windows\System32\sechost.dll
0x00007ffa85300000 - 0x00007ffa85418000 	C:\Windows\System32\RPCRT4.dll
0x00007ffa85680000 - 0x00007ffa856f4000 	C:\Windows\System32\WS2_32.dll
0x00007ffa82e00000 - 0x00007ffa82e5e000 	C:\Windows\SYSTEM32\POWRPROF.dll
0x00007ffa75580000 - 0x00007ffa755b5000 	C:\Windows\SYSTEM32\WINMM.dll
0x00007ffa7d020000 - 0x00007ffa7d02b000 	C:\Windows\SYSTEM32\VERSION.dll
0x00007ffa82de0000 - 0x00007ffa82df4000 	C:\Windows\SYSTEM32\UMPDC.dll
0x00007ffa830c0000 - 0x00007ffa830db000 	C:\Windows\SYSTEM32\kernel.appcore.dll
0x00007ffa7b660000 - 0x00007ffa7b66a000 	c:\Users\nibin\.antigravity\extensions\redhat.java-1.51.0-win32-x64\jre\21.0.9-win32-x86_64\bin\jimage.dll
0x00007ffa81820000 - 0x00007ffa81a62000 	C:\Windows\SYSTEM32\DBGHELP.DLL
0x00007ffa857e0000 - 0x00007ffa85b66000 	C:\Windows\System32\combase.dll
0x00007ffa85700000 - 0x00007ffa857d6000 	C:\Windows\System32\OLEAUT32.dll
0x00007ffa7ee40000 - 0x00007ffa7ee7c000 	C:\Windows\SYSTEM32\dbgcore.DLL
0x00007ffa84220000 - 0x00007ffa842c5000 	C:\Windows\System32\bcryptPrimitives.dll
0x00007ffa7db80000 - 0x00007ffa7db8f000 	c:\Users\nibin\.antigravity\extensions\redhat.java-1.51.0-win32-x64\jre\21.0.9-win32-x86_64\bin\instrument.dll
0x00007ffa6f290000 - 0x00007ffa6f2b0000 	c:\Users\nibin\.antigravity\extensions\redhat.java-1.51.0-win32-x64\jre\21.0.9-win32-x86_64\bin\java.dll
0x00007ffa86840000 - 0x00007ffa86f93000 	C:\Windows\System32\SHELL32.dll
0x00007ffa84380000 - 0x00007ffa844ea000 	C:\Windows\System32\wintypes.dll
0x00007ffa81df0000 - 0x00007ffa8264e000 	C:\Windows\SYSTEM32\windows.storage.dll
0x00007ffa854a0000 - 0x00007ffa85595000 	C:\Windows\System32\SHCORE.dll
0x00007ffa86300000 - 0x00007ffa86366000 	C:\Windows\System32\shlwapi.dll
0x00007ffa84110000 - 0x00007ffa84139000 	C:\Windows\SYSTEM32\profapi.dll
0x00007ffa6f090000 - 0x00007ffa6f0a8000 	c:\Users\nibin\.antigravity\extensions\redhat.java-1.51.0-win32-x64\jre\21.0.9-win32-x86_64\bin\zip.dll
0x00007ffa7b080000 - 0x00007ffa7b090000 	C:\Users\nibin\.antigravity\extensions\redhat.java-1.51.0-win32-x64\jre\21.0.9-win32-x86_64\bin\net.dll
0x00007ffa7ce30000 - 0x00007ffa7cf58000 	C:\Windows\SYSTEM32\WINHTTP.dll
0x00007ffa83630000 - 0x00007ffa8369b000 	C:\Windows\system32\mswsock.dll
0x00007ffa6f070000 - 0x00007ffa6f086000 	C:\Users\nibin\.antigravity\extensions\redhat.java-1.51.0-win32-x64\jre\21.0.9-win32-x86_64\bin\nio.dll
0x00007ffa7db70000 - 0x00007ffa7db80000 	c:\Users\nibin\.antigravity\extensions\redhat.java-1.51.0-win32-x64\jre\21.0.9-win32-x86_64\bin\verify.dll
0x00007ffa554f0000 - 0x00007ffa55534000 	C:\Users\nibin\AppData\Roaming\Antigravity\User\globalStorage\redhat.java\1.51.0\config_win\org.eclipse.equinox.launcher\org.eclipse.equinox.launcher.win32.win32.x86_64_1.2.1400.v20250801-0854\eclipse_11916.dll
0x00007ffa86000000 - 0x00007ffa86197000 	C:\Windows\System32\ole32.dll
0x00007ffa838f0000 - 0x00007ffa8390b000 	C:\Windows\SYSTEM32\CRYPTSP.dll
0x00007ffa83020000 - 0x00007ffa8305a000 	C:\Windows\system32\rsaenh.dll
0x00007ffa836e0000 - 0x00007ffa8370b000 	C:\Windows\SYSTEM32\USERENV.dll
0x00007ffa840e0000 - 0x00007ffa8410a000 	C:\Windows\SYSTEM32\bcrypt.dll
0x00007ffa83910000 - 0x00007ffa8391c000 	C:\Windows\SYSTEM32\CRYPTBASE.dll
0x00007ffa82ad0000 - 0x00007ffa82b04000 	C:\Windows\SYSTEM32\IPHLPAPI.DLL
0x00007ffa85ff0000 - 0x00007ffa85ffa000 	C:\Windows\System32\NSI.dll
0x00007ffa6eea0000 - 0x00007ffa6eee9000 	C:\Users\nibin\AppData\Local\Temp\jna-104812908\jna12852855491732160493.dll
0x00007ffa861a0000 - 0x00007ffa861a8000 	C:\Windows\System32\PSAPI.DLL
0x00007ffa7d030000 - 0x00007ffa7d04e000 	C:\Windows\SYSTEM32\dhcpcsvc6.DLL
0x00007ffa7ccd0000 - 0x00007ffa7ccf3000 	C:\Windows\SYSTEM32\dhcpcsvc.DLL
0x00007ffa7d6f0000 - 0x00007ffa7d717000 	C:\Users\nibin\.gradle\native\1def1411415f61bf3af743bc5b6707747c0891f09f0c88961ee8f79bc544acac\windows-amd64\native-platform.dll
0x00007ffa7aed0000 - 0x00007ffa7aeda000 	C:\Users\nibin\.antigravity\extensions\redhat.java-1.51.0-win32-x64\jre\21.0.9-win32-x86_64\bin\management.dll
0x00007ffa6f060000 - 0x00007ffa6f06c000 	C:\Users\nibin\.antigravity\extensions\redhat.java-1.51.0-win32-x64\jre\21.0.9-win32-x86_64\bin\management_ext.dll
0x00007ffa7ed50000 - 0x00007ffa7ed59000 	C:\Users\nibin\.antigravity\extensions\redhat.java-1.51.0-win32-x64\jre\21.0.9-win32-x86_64\bin\extnet.dll
0x00007ffa7edd0000 - 0x00007ffa7edde000 	C:\Users\nibin\.antigravity\extensions\redhat.java-1.51.0-win32-x64\jre\21.0.9-win32-x86_64\bin\sunmscapi.dll
0x00007ffa84c30000 - 0x00007ffa84da7000 	C:\Windows\System32\CRYPT32.dll
0x00007ffa83b10000 - 0x00007ffa83b40000 	C:\Windows\SYSTEM32\ncrypt.dll
0x00007ffa83ac0000 - 0x00007ffa83aff000 	C:\Windows\SYSTEM32\NTASN1.dll
0x00007ffa7edc0000 - 0x00007ffa7edc8000 	C:\Windows\system32\wshunix.dll

JVMTI agents:
c:\Users\nibin\.antigravity\extensions\redhat.java-1.51.0-win32-x64\lombok\lombok-1.18.39-4050.jar path:c:\Users\nibin\.antigravity\extensions\redhat.java-1.51.0-win32-x64\jre\21.0.9-win32-x86_64\bin\instrument.dll, loaded, initialized, instrumentlib options:none

dbghelp: loaded successfully - version: 4.0.5 - missing functions: none
symbol engine: initialized successfully - sym options: 0x614 - pdb path: .;c:\Users\nibin\.antigravity\extensions\redhat.java-1.51.0-win32-x64\jre\21.0.9-win32-x86_64\bin;C:\Windows\SYSTEM32;C:\Windows\WinSxS\amd64_microsoft.windows.common-controls_6595b64144ccf1df_6.0.26100.7309_none_3e05feeae336a044;c:\Users\nibin\.antigravity\extensions\redhat.java-1.51.0-win32-x64\jre\21.0.9-win32-x86_64\bin\server;C:\Users\nibin\AppData\Roaming\Antigravity\User\globalStorage\redhat.java\1.51.0\config_win\org.eclipse.equinox.launcher\org.eclipse.equinox.launcher.win32.win32.x86_64_1.2.1400.v20250801-0854;C:\Users\nibin\AppData\Local\Temp\jna-104812908;C:\Users\nibin\.gradle\native\1def1411415f61bf3af743bc5b6707747c0891f09f0c88961ee8f79bc544acac\windows-amd64

VM Arguments:
jvm_args: --add-modules=ALL-SYSTEM --add-opens=java.base/java.util=ALL-UNNAMED --add-opens=java.base/java.lang=ALL-UNNAMED --add-opens=java.base/sun.nio.fs=ALL-UNNAMED -Declipse.application=org.eclipse.jdt.ls.core.id1 -Dosgi.bundles.defaultStartLevel=4 -Declipse.product=org.eclipse.jdt.ls.core.product -Djava.import.generatesMetadataFilesAtProjectRoot=false -DDetectVMInstallationsJob.disabled=true -Dfile.encoding=utf8 -XX:+UseParallelGC -XX:GCTimeRatio=4 -XX:AdaptiveSizePolicyWeight=90 -Dsun.zip.disableMemoryMapping=true -Xmx2G -Xms100m -Xlog:disable -javaagent:c:\Users\nibin\.antigravity\extensions\redhat.java-1.51.0-win32-x64\lombok\lombok-1.18.39-4050.jar -XX:+HeapDumpOnOutOfMemoryError -XX:HeapDumpPath=c:\Users\nibin\AppData\Roaming\Antigravity\User\workspaceStorage\01c68ddb43dc9f8e8a1833cb910c1e6d\redhat.java -Daether.dependencyCollector.impl=bf 
java_command: c:\Users\nibin\.antigravity\extensions\redhat.java-1.51.0-win32-x64\server\plugins\org.eclipse.equinox.launcher_1.7.100.v20251111-0406.jar -configuration c:\Users\nibin\AppData\Roaming\Antigravity\User\globalStorage\redhat.java\1.51.0\config_win -data c:\Users\nibin\AppData\Roaming\Antigravity\User\workspaceStorage\01c68ddb43dc9f8e8a1833cb910c1e6d\redhat.java\jdt_ws --pipe=\\.\pipe\lsp-27fcc23794ba75387dfefd6513413b47-sock
java_class_path (initial): c:\Users\nibin\.antigravity\extensions\redhat.java-1.51.0-win32-x64\server\plugins\org.eclipse.equinox.launcher_1.7.100.v20251111-0406.jar
Launcher Type: SUN_STANDARD

[Global flags]
    uintx AdaptiveSizePolicyWeight                 = 90                                        {product} {command line}
     intx CICompilerCount                          = 4                                         {product} {ergonomic}
    uintx GCTimeRatio                              = 4                                         {product} {command line}
     bool HeapDumpOnOutOfMemoryError               = true                                   {manageable} {command line}
    ccstr HeapDumpPath                             = c:\Users\nibin\AppData\Roaming\Antigravity\User\workspaceStorage\01c68ddb43dc9f8e8a1833cb910c1e6d\redhat.java         {manageable} {command line}
   size_t InitialHeapSize                          = 104857600                                 {product} {command line}
   size_t MaxHeapSize                              = 2147483648                                {product} {command line}
   size_t MaxNewSize                               = 715653120                                 {product} {ergonomic}
   size_t MinHeapDeltaBytes                        = 524288                                    {product} {ergonomic}
   size_t MinHeapSize                              = 104857600                                 {product} {command line}
   size_t NewSize                                  = 34603008                                  {product} {ergonomic}
    uintx NonNMethodCodeHeapSize                   = 5839372                                {pd product} {ergonomic}
    uintx NonProfiledCodeHeapSize                  = 122909434                              {pd product} {ergonomic}
   size_t OldSize                                  = 70254592                                  {product} {ergonomic}
    uintx ProfiledCodeHeapSize                     = 122909434                              {pd product} {ergonomic}
    uintx ReservedCodeCacheSize                    = 251658240                              {pd product} {ergonomic}
     bool SegmentedCodeCache                       = true                                      {product} {ergonomic}
   size_t SoftMaxHeapSize                          = 2147483648                             {manageable} {ergonomic}
     bool UseCompressedOops                        = true                           {product lp64_product} {ergonomic}
     bool UseLargePagesIndividualAllocation        = false                                  {pd product} {ergonomic}
     bool UseParallelGC                            = true                                      {product} {command line}

Logging:
Log output configuration:
 #0: stdout all=off uptime,level,tags foldmultilines=false
 #1: stderr all=off uptime,level,tags foldmultilines=false

Release file:
JAVA_VERSION="21.0.9" 
MODULES="java.base java.compiler java.datatransfer java.xml java.prefs java.desktop java.instrument java.logging java.management java.security.sasl java.naming java.rmi java.management.rmi java.net.http java.scripting java.security.jgss java.transaction.xa java.sql java.sql.rowset java.xml.crypto java.se java.smartcardio jdk.accessibility jdk.internal.jvmstat jdk.attach jdk.charsets jdk.internal.opt jdk.zipfs jdk.compiler jdk.crypto.ec jdk.crypto.cryptoki jdk.crypto.mscapi jdk.dynalink jdk.internal.ed jdk.editpad jdk.hotspot.agent jdk.httpserver jdk.internal.le jdk.internal.vm.ci jdk.internal.vm.compiler jdk.internal.vm.compiler.management jdk.jartool jdk.javadoc jdk.jcmd jdk.management jdk.management.agent jdk.jconsole jdk.jdeps jdk.jdwp.agent jdk.jdi jdk.jfr jdk.jshell jdk.jsobject jdk.jstatd jdk.localedata jdk.management.jfr jdk.naming.dns jdk.naming.rmi jdk.net jdk.nio.mapmode jdk.random jdk.sctp jdk.security.auth jdk.security.jgss jdk.unsupported jdk.unsupported.desktop jdk.xml.dom" 

Environment Variables:
JAVA_HOME=N:\Windows Files\DevTools\java
PATH=C:\Python314\Scripts\;C:\Python314\;C:\Windows\system32;C:\Windows;C:\Windows\System32\Wbem;C:\Windows\System32\WindowsPowerShell\v1.0\;C:\Windows\System32\OpenSSH\;N:\Windows Files\DevTools\Git\cmd;C:\Flutter\bin;N:\Windows Files\DevTools\apache-maven-3.9.12\bin;C:\Users\nibin\AppData\Local\Android\Sdk;N:\Windows Files\DevTools\java\bin;C:\Program Files\Eclipse Adoptium\jdk-17.0.17.10-hotspot\bin;C:\Program Files\Common Files\Oracle\Java\javapath;N:\Windows Files\DevTools\PostGres\bin;C:\Users\nibin\AppData\Local\Android\Sdk\platform-tools;N:\Windows Files\DevTools\CMake\bin;N:\Windows Files\DevTools\node\;C:\ProgramData\chocolatey\bin;C:\Program Files\Cloudflare\Cloudflare WARP\;C:\Users\nibin\AppData\Local\Microsoft\WindowsApps;N:\Windows Files\DevTools\Antigravity\bin;N:\Windows Files\DevTools\Microsoft VS Code\bin;N:\Windows Files\DevTools\IntelliJ IDEA\IntelliJ IDEA 2025.3.1\bin;C:\Users\nibin\AppData\Roaming\npm
USERNAME=nibin
OS=Windows_NT
PROCESSOR_IDENTIFIER=Intel64 Family 6 Model 141 Stepping 1, GenuineIntel
TMP=C:\Users\nibin\AppData\Local\Temp
TEMP=C:\Users\nibin\AppData\Local\Temp




Periodic native trim disabled

---------------  S Y S T E M  ---------------

OS:
 Windows 11 , 64 bit Build 26100 (10.0.26100.7623)
OS uptime: 0 days 7:17 hours
Hyper-V role detected

CPU: total 12 (initial active 12) (6 cores per cpu, 2 threads per core) family 6 model 141 stepping 1 microcode 0x50, cx8, cmov, fxsr, ht, mmx, 3dnowpref, sse, sse2, sse3, ssse3, sse4.1, sse4.2, popcnt, lzcnt, tsc, tscinvbit, avx, avx2, aes, erms, clmul, bmi1, bmi2, adx, avx512f, avx512dq, avx512cd, avx512bw, avx512vl, sha, fma, vzeroupper, avx512_vpopcntdq, avx512_vpclmulqdq, avx512_vaes, avx512_vnni, clflush, clflushopt, clwb, avx512_vbmi2, avx512_vbmi, hv, rdtscp, rdpid, fsrm, gfni, avx512_bitalg, f16c, cet_ibt, cet_ss, avx512_ifma
Processor Information for the first 12 processors :
  Max Mhz: 2688, Current Mhz: 2688, Mhz Limit: 2688

Memory: 4k page, system-wide physical 7913M (466M free)
TotalPageFile size 32489M (AvailPageFile size 245M)
current process WorkingSet (physical memory assigned to process): 361M, peak: 375M
current process commit charge ("private bytes"): 615M, peak: 628M

vm_info: OpenJDK 64-Bit Server VM (21.0.9+10-LTS) for windows-amd64 JRE (21.0.9+10-LTS), built on 2025-10-21T00:00:00Z by "admin" with unknown MS VC++:1942

END.
