#
# There is insufficient memory for the Java Runtime Environment to continue.
# Native memory allocation (malloc) failed to allocate 1848896 bytes. Error detail: Chunk::new
# Possible reasons:
#   The system is out of physical RAM or swap space
#   This process is running with CompressedOops enabled, and the Java Heap may be blocking the growth of the native heap
# Possible solutions:
#   Reduce memory load on the system
#   Increase physical memory or swap space
#   Check if swap backing store is full
#   Decrease Java heap size (-Xmx/-Xms)
#   Decrease number of Java threads
#   Decrease Java thread stack sizes (-Xss)
#   Set larger code cache with -XX:ReservedCodeCacheSize=
#   JVM is running with Unscaled Compressed Oops mode in which the Java heap is
#     placed in the first 4GB address space. The Java Heap base address is the
#     maximum limit for the native heap growth. Please use -XX:HeapBaseMinAddress
#     to set the Java Heap base and to place the Java Heap above 4GB virtual address.
# This output file may be truncated or incomplete.
#
#  Out of Memory Error (arena.cpp:168), pid=972, tid=6524
#
# JRE version: OpenJDK Runtime Environment Temurin-21.0.10+7 (21.0.10+7) (build 21.0.10+7-LTS)
# Java VM: OpenJDK 64-Bit Server VM Temurin-21.0.10+7 (21.0.10+7-LTS, mixed mode, sharing, tiered, compressed oops, compressed class ptrs, g1 gc, windows-amd64)
# No core dump will be written. Minidumps are not enabled by default on client versions of Windows
#

---------------  S U M M A R Y ------------

Command Line: --add-opens=java.base/java.lang=ALL-UNNAMED --add-opens=java.base/java.lang.invoke=ALL-UNNAMED --add-opens=java.base/java.util=ALL-UNNAMED --add-opens=java.prefs/java.util.prefs=ALL-UNNAMED --add-exports=jdk.compiler/com.sun.tools.javac.api=ALL-UNNAMED --add-exports=jdk.compiler/com.sun.tools.javac.util=ALL-UNNAMED --add-opens=java.base/java.util=ALL-UNNAMED --add-opens=java.prefs/java.util.prefs=ALL-UNNAMED --add-opens=java.base/java.nio.charset=ALL-UNNAMED --add-opens=java.base/java.net=ALL-UNNAMED --add-opens=java.base/java.util.concurrent.atomic=ALL-UNNAMED --add-opens=java.xml/javax.xml.namespace=ALL-UNNAMED -XX:MaxMetaspaceSize=512m -XX:ReservedCodeCacheSize=256m -XX:+HeapDumpOnOutOfMemoryError -Xmx2048m -Dfile.encoding=UTF-8 -Duser.country=US -Duser.language=en -Duser.variant -javaagent:C:\Users\nibin\.gradle\wrapper\dists\gradle-8.12-all\ejduaidbjup3bmmkhw3rie4zb\gradle-8.12\lib\agents\gradle-instrumentation-agent-8.12.jar org.gradle.launcher.daemon.bootstrap.GradleDaemon 8.12

Host: 11th Gen Intel(R) Core(TM) i5-11400H @ 2.70GHz, 12 cores, 7G,  Windows 11 , 64 bit Build 26100 (10.0.26100.7920)
Time: Sat Mar 14 14:46:44 2026 India Standard Time elapsed time: 4.850128 seconds (0d 0h 0m 4s)

---------------  T H R E A D  ---------------

Current thread (0x000001c0e299fe30):  JavaThread "C2 CompilerThread0" daemon [_thread_in_native, id=6524, stack(0x000000a0f4700000,0x000000a0f4800000) (1024K)]


Current CompileTask:
C2:4850 2710   !   4       java.lang.ClassLoader::loadClass (121 bytes)

Stack: [0x000000a0f4700000,0x000000a0f4800000]
Native frames: (J=compiled Java code, j=interpreted, Vv=VM code, C=native code)
V  [jvm.dll+0x6d7a39]
V  [jvm.dll+0x8b4b26]
V  [jvm.dll+0x8b70de]
V  [jvm.dll+0x8b77c3]
V  [jvm.dll+0x284346]
V  [jvm.dll+0xc66ed]
V  [jvm.dll+0xc6c31]
V  [jvm.dll+0x3bec3b]
V  [jvm.dll+0x1e3d62]
V  [jvm.dll+0x24c6b3]
V  [jvm.dll+0x24bb40]
V  [jvm.dll+0x1cb34e]
V  [jvm.dll+0x25b85d]
V  [jvm.dll+0x259dea]
V  [jvm.dll+0x3f857e]
V  [jvm.dll+0x85f59d]
V  [jvm.dll+0x6d626d]
C  [ucrtbase.dll+0x37b0]
C  [KERNEL32.DLL+0x2e8d7]
C  [ntdll.dll+0x8c48c]


---------------  P R O C E S S  ---------------

Threads class SMR info:
_java_thread_list=0x000001c084456380, length=24, elements={
0x000001c0c9de0130, 0x000001c0e2995540, 0x000001c0e299ace0, 0x000001c0e299c460,
0x000001c0e299cec0, 0x000001c0e299d920, 0x000001c0e299f0a0, 0x000001c0e299fe30,
0x000001c0e29a3030, 0x000001c0e2b6c730, 0x000001c0e2c31730, 0x000001c0ff4acf40,
0x000001c0840a5290, 0x000001c08413ecc0, 0x000001c08419f670, 0x000001c08413a440,
0x000001c0843685f0, 0x000001c084365800, 0x000001c084365e90, 0x000001c084366520,
0x000001c084367240, 0x000001c084365170, 0x000001c084366bb0, 0x000001c0843678d0
}

Java Threads: ( => current thread )
  0x000001c0c9de0130 JavaThread "main"                              [_thread_blocked, id=2120, stack(0x000000a0f3900000,0x000000a0f3a00000) (1024K)]
  0x000001c0e2995540 JavaThread "Reference Handler"          daemon [_thread_blocked, id=23224, stack(0x000000a0f4100000,0x000000a0f4200000) (1024K)]
  0x000001c0e299ace0 JavaThread "Finalizer"                  daemon [_thread_blocked, id=24056, stack(0x000000a0f4200000,0x000000a0f4300000) (1024K)]
  0x000001c0e299c460 JavaThread "Signal Dispatcher"          daemon [_thread_blocked, id=22308, stack(0x000000a0f4300000,0x000000a0f4400000) (1024K)]
  0x000001c0e299cec0 JavaThread "Attach Listener"            daemon [_thread_blocked, id=23080, stack(0x000000a0f4400000,0x000000a0f4500000) (1024K)]
  0x000001c0e299d920 JavaThread "Service Thread"             daemon [_thread_blocked, id=25560, stack(0x000000a0f4500000,0x000000a0f4600000) (1024K)]
  0x000001c0e299f0a0 JavaThread "Monitor Deflation Thread"   daemon [_thread_blocked, id=25196, stack(0x000000a0f4600000,0x000000a0f4700000) (1024K)]
=>0x000001c0e299fe30 JavaThread "C2 CompilerThread0"         daemon [_thread_in_native, id=6524, stack(0x000000a0f4700000,0x000000a0f4800000) (1024K)]
  0x000001c0e29a3030 JavaThread "C1 CompilerThread0"         daemon [_thread_blocked, id=24036, stack(0x000000a0f4800000,0x000000a0f4900000) (1024K)]
  0x000001c0e2b6c730 JavaThread "Common-Cleaner"             daemon [_thread_blocked, id=24260, stack(0x000000a0f4900000,0x000000a0f4a00000) (1024K)]
  0x000001c0e2c31730 JavaThread "Notification Thread"        daemon [_thread_blocked, id=25456, stack(0x000000a0f4a00000,0x000000a0f4b00000) (1024K)]
  0x000001c0ff4acf40 JavaThread "Daemon health stats"               [_thread_blocked, id=21328, stack(0x000000a0f5100000,0x000000a0f5200000) (1024K)]
  0x000001c0840a5290 JavaThread "Incoming local TCP Connector on port 52177"        [_thread_in_native, id=15036, stack(0x000000a0f5200000,0x000000a0f5300000) (1024K)]
  0x000001c08413ecc0 JavaThread "Daemon periodic checks"            [_thread_blocked, id=15144, stack(0x000000a0f5300000,0x000000a0f5400000) (1024K)]
  0x000001c08419f670 JavaThread "Daemon"                            [_thread_blocked, id=3364, stack(0x000000a0f5400000,0x000000a0f5500000) (1024K)]
  0x000001c08413a440 JavaThread "Handler for socket connection from /127.0.0.1:52177 to /127.0.0.1:52178"        [_thread_in_native, id=14656, stack(0x000000a0f5500000,0x000000a0f5600000) (1024K)]
  0x000001c0843685f0 JavaThread "Cancel handler"                    [_thread_blocked, id=21464, stack(0x000000a0f5600000,0x000000a0f5700000) (1024K)]
  0x000001c084365800 JavaThread "Daemon worker"                     [_thread_in_native, id=22712, stack(0x000000a0f5700000,0x000000a0f5800000) (1024K)]
  0x000001c084365e90 JavaThread "Asynchronous log dispatcher for DefaultDaemonConnection: socket connection from /127.0.0.1:52177 to /127.0.0.1:52178"        [_thread_blocked, id=25452, stack(0x000000a0f5800000,0x000000a0f5900000) (1024K)]
  0x000001c084366520 JavaThread "Stdin handler"                     [_thread_blocked, id=12788, stack(0x000000a0f5900000,0x000000a0f5a00000) (1024K)]
  0x000001c084367240 JavaThread "Daemon client event forwarder"        [_thread_blocked, id=11596, stack(0x000000a0f5a00000,0x000000a0f5b00000) (1024K)]
  0x000001c084365170 JavaThread "Cache worker for journal cache (C:\Users\nibin\.gradle\caches\journal-1)"        [_thread_blocked, id=25388, stack(0x000000a0f5b00000,0x000000a0f5c00000) (1024K)]
  0x000001c084366bb0 JavaThread "File lock request listener"        [_thread_in_native, id=21468, stack(0x000000a0f5c00000,0x000000a0f5d00000) (1024K)]
  0x000001c0843678d0 JavaThread "Cache worker for file hash cache (C:\Users\nibin\.gradle\caches\8.12\fileHashes)"        [_thread_blocked, id=13080, stack(0x000000a0f5d00000,0x000000a0f5e00000) (1024K)]
Total: 24

Other Threads:
  0x000001c0e2976530 VMThread "VM Thread"                           [id=10256, stack(0x000000a0f4000000,0x000000a0f4100000) (1024K)]
  0x000001c0e29620f0 WatcherThread "VM Periodic Task Thread"        [id=25432, stack(0x000000a0f3f00000,0x000000a0f4000000) (1024K)]
  0x000001c0c9e391d0 WorkerThread "GC Thread#0"                     [id=25384, stack(0x000000a0f3a00000,0x000000a0f3b00000) (1024K)]
  0x000001c0fe3634e0 WorkerThread "GC Thread#1"                     [id=24544, stack(0x000000a0f4b00000,0x000000a0f4c00000) (1024K)]
  0x000001c0fe3138d0 WorkerThread "GC Thread#2"                     [id=3544, stack(0x000000a0f4c00000,0x000000a0f4d00000) (1024K)]
  0x000001c0fe893f40 WorkerThread "GC Thread#3"                     [id=22336, stack(0x000000a0f4d00000,0x000000a0f4e00000) (1024K)]
  0x000001c0fe8942f0 WorkerThread "GC Thread#4"                     [id=15012, stack(0x000000a0f4e00000,0x000000a0f4f00000) (1024K)]
  0x000001c0feaa8350 WorkerThread "GC Thread#5"                     [id=25156, stack(0x000000a0f4f00000,0x000000a0f5000000) (1024K)]
  0x000001c0ff3444e0 WorkerThread "GC Thread#6"                     [id=24996, stack(0x000000a0f5000000,0x000000a0f5100000) (1024K)]
  0x000001c0c9e4b6f0 ConcurrentGCThread "G1 Main Marker"            [id=2268, stack(0x000000a0f3b00000,0x000000a0f3c00000) (1024K)]
  0x000001c0c9e4c110 WorkerThread "G1 Conc#0"                       [id=25400, stack(0x000000a0f3c00000,0x000000a0f3d00000) (1024K)]
  0x000001c0c9e9e700 ConcurrentGCThread "G1 Refine#0"               [id=11756, stack(0x000000a0f3d00000,0x000000a0f3e00000) (1024K)]
  0x000001c0e2832280 ConcurrentGCThread "G1 Service"                [id=15960, stack(0x000000a0f3e00000,0x000000a0f3f00000) (1024K)]
Total: 13

Threads with active compile tasks:
C2 CompilerThread0  4869 2710   !   4       java.lang.ClassLoader::loadClass (121 bytes)
Total: 1

VM state: not at safepoint (normal execution)

VM Mutex/Monitor currently owned by a thread: None

Heap address: 0x0000000080000000, size: 2048 MB, Compressed Oops mode: 32-bit

CDS archive(s) mapped at: [0x000001c0e3000000-0x000001c0e3ba0000-0x000001c0e3ba0000), size 12189696, SharedBaseAddress: 0x000001c0e3000000, ArchiveRelocationMode: 1.
Compressed class space mapped at: 0x000001c0e4000000-0x000001c0fe000000, reserved size: 436207616
Narrow klass base: 0x000001c0e3000000, Narrow klass shift: 0, Narrow klass range: 0x100000000

GC Precious Log:
 CardTable entry size: 512
 Card Set container configuration: InlinePtr #cards 5 size 8 Array Of Cards #cards 12 size 40 Howl #buckets 4 coarsen threshold 1843 Howl Bitmap #cards 512 size 80 coarsen threshold 460 Card regions per heap region 1 cards per card region 2048
 CPUs: 12 total, 12 available
 Memory: 7913M
 Large Page Support: Disabled
 NUMA Support: Disabled
 Compressed Oops: Enabled (32-bit)
 Heap Region Size: 1M
 Heap Min Capacity: 8M
 Heap Initial Capacity: 124M
 Heap Max Capacity: 2G
 Pre-touch: Disabled
 Parallel Workers: 10
 Concurrent Workers: 3
 Concurrent Refinement Workers: 10
 Periodic GC: Disabled

Heap:
 garbage-first heap   total 126976K, used 64140K [0x0000000080000000, 0x0000000100000000)
  region size 1024K, 53 young (54272K), 6 survivors (6144K)
 Metaspace       used 15134K, committed 15552K, reserved 491520K
  class space    used 2106K, committed 2304K, reserved 425984K

Heap Regions: E=young(eden), S=young(survivor), O=old, HS=humongous(starts), HC=humongous(continues), CS=collection set, F=free, TAMS=top-at-mark-start, PB=parsable bottom
|   0|0x0000000080000000, 0x0000000080100000, 0x0000000080100000|100%| O|  |TAMS 0x0000000080000000| PB 0x0000000080000000| Untracked 
|   1|0x0000000080100000, 0x0000000080200000, 0x0000000080200000|100%|HS|  |TAMS 0x0000000080100000| PB 0x0000000080100000| Complete 
|   2|0x0000000080200000, 0x0000000080300000, 0x0000000080300000|100%|HC|  |TAMS 0x0000000080200000| PB 0x0000000080200000| Complete 
|   3|0x0000000080300000, 0x0000000080400000, 0x0000000080400000|100%|HC|  |TAMS 0x0000000080300000| PB 0x0000000080300000| Complete 
|   4|0x0000000080400000, 0x0000000080500000, 0x0000000080500000|100%| O|  |TAMS 0x0000000080400000| PB 0x0000000080400000| Untracked 
|   5|0x0000000080500000, 0x0000000080600000, 0x0000000080600000|100%| O|  |TAMS 0x0000000080500000| PB 0x0000000080500000| Untracked 
|   6|0x0000000080600000, 0x0000000080700000, 0x0000000080700000|100%| O|  |TAMS 0x0000000080600000| PB 0x0000000080600000| Untracked 
|   7|0x0000000080700000, 0x0000000080800000, 0x0000000080800000|100%|HS|  |TAMS 0x0000000080700000| PB 0x0000000080700000| Complete 
|   8|0x0000000080800000, 0x0000000080800000, 0x0000000080900000|  0%| F|  |TAMS 0x0000000080800000| PB 0x0000000080800000| Untracked 
|   9|0x0000000080900000, 0x0000000080a00000, 0x0000000080a00000|100%| O|  |TAMS 0x0000000080900000| PB 0x0000000080900000| Untracked 
|  10|0x0000000080a00000, 0x0000000080b00000, 0x0000000080b00000|100%| O|  |TAMS 0x0000000080a00000| PB 0x0000000080a00000| Untracked 
|  11|0x0000000080b00000, 0x0000000080c00000, 0x0000000080c00000|100%| O|  |TAMS 0x0000000080b00000| PB 0x0000000080b00000| Untracked 
|  12|0x0000000080c00000, 0x0000000080ce6c80, 0x0000000080d00000| 90%| O|  |TAMS 0x0000000080c00000| PB 0x0000000080c00000| Untracked 
|  13|0x0000000080d00000, 0x0000000080d00000, 0x0000000080e00000|  0%| F|  |TAMS 0x0000000080d00000| PB 0x0000000080d00000| Untracked 
|  14|0x0000000080e00000, 0x0000000080e00000, 0x0000000080f00000|  0%| F|  |TAMS 0x0000000080e00000| PB 0x0000000080e00000| Untracked 
|  15|0x0000000080f00000, 0x0000000080f00000, 0x0000000081000000|  0%| F|  |TAMS 0x0000000080f00000| PB 0x0000000080f00000| Untracked 
|  16|0x0000000081000000, 0x0000000081000000, 0x0000000081100000|  0%| F|  |TAMS 0x0000000081000000| PB 0x0000000081000000| Untracked 
|  17|0x0000000081100000, 0x0000000081100000, 0x0000000081200000|  0%| F|  |TAMS 0x0000000081100000| PB 0x0000000081100000| Untracked 
|  18|0x0000000081200000, 0x0000000081200000, 0x0000000081300000|  0%| F|  |TAMS 0x0000000081200000| PB 0x0000000081200000| Untracked 
|  19|0x0000000081300000, 0x0000000081300000, 0x0000000081400000|  0%| F|  |TAMS 0x0000000081300000| PB 0x0000000081300000| Untracked 
|  20|0x0000000081400000, 0x0000000081400000, 0x0000000081500000|  0%| F|  |TAMS 0x0000000081400000| PB 0x0000000081400000| Untracked 
|  21|0x0000000081500000, 0x0000000081500000, 0x0000000081600000|  0%| F|  |TAMS 0x0000000081500000| PB 0x0000000081500000| Untracked 
|  22|0x0000000081600000, 0x0000000081600000, 0x0000000081700000|  0%| F|  |TAMS 0x0000000081600000| PB 0x0000000081600000| Untracked 
|  23|0x0000000081700000, 0x0000000081700000, 0x0000000081800000|  0%| F|  |TAMS 0x0000000081700000| PB 0x0000000081700000| Untracked 
|  24|0x0000000081800000, 0x0000000081800000, 0x0000000081900000|  0%| F|  |TAMS 0x0000000081800000| PB 0x0000000081800000| Untracked 
|  25|0x0000000081900000, 0x0000000081900000, 0x0000000081a00000|  0%| F|  |TAMS 0x0000000081900000| PB 0x0000000081900000| Untracked 
|  26|0x0000000081a00000, 0x0000000081a00000, 0x0000000081b00000|  0%| F|  |TAMS 0x0000000081a00000| PB 0x0000000081a00000| Untracked 
|  27|0x0000000081b00000, 0x0000000081b00000, 0x0000000081c00000|  0%| F|  |TAMS 0x0000000081b00000| PB 0x0000000081b00000| Untracked 
|  28|0x0000000081c00000, 0x0000000081c00000, 0x0000000081d00000|  0%| F|  |TAMS 0x0000000081c00000| PB 0x0000000081c00000| Untracked 
|  29|0x0000000081d00000, 0x0000000081d00000, 0x0000000081e00000|  0%| F|  |TAMS 0x0000000081d00000| PB 0x0000000081d00000| Untracked 
|  30|0x0000000081e00000, 0x0000000081e00000, 0x0000000081f00000|  0%| F|  |TAMS 0x0000000081e00000| PB 0x0000000081e00000| Untracked 
|  31|0x0000000081f00000, 0x0000000081f00000, 0x0000000082000000|  0%| F|  |TAMS 0x0000000081f00000| PB 0x0000000081f00000| Untracked 
|  32|0x0000000082000000, 0x0000000082000000, 0x0000000082100000|  0%| F|  |TAMS 0x0000000082000000| PB 0x0000000082000000| Untracked 
|  33|0x0000000082100000, 0x0000000082100000, 0x0000000082200000|  0%| F|  |TAMS 0x0000000082100000| PB 0x0000000082100000| Untracked 
|  34|0x0000000082200000, 0x0000000082200000, 0x0000000082300000|  0%| F|  |TAMS 0x0000000082200000| PB 0x0000000082200000| Untracked 
|  35|0x0000000082300000, 0x0000000082300000, 0x0000000082400000|  0%| F|  |TAMS 0x0000000082300000| PB 0x0000000082300000| Untracked 
|  36|0x0000000082400000, 0x0000000082400000, 0x0000000082500000|  0%| F|  |TAMS 0x0000000082400000| PB 0x0000000082400000| Untracked 
|  37|0x0000000082500000, 0x0000000082500000, 0x0000000082600000|  0%| F|  |TAMS 0x0000000082500000| PB 0x0000000082500000| Untracked 
|  38|0x0000000082600000, 0x0000000082600000, 0x0000000082700000|  0%| F|  |TAMS 0x0000000082600000| PB 0x0000000082600000| Untracked 
|  39|0x0000000082700000, 0x0000000082700000, 0x0000000082800000|  0%| F|  |TAMS 0x0000000082700000| PB 0x0000000082700000| Untracked 
|  40|0x0000000082800000, 0x0000000082800000, 0x0000000082900000|  0%| F|  |TAMS 0x0000000082800000| PB 0x0000000082800000| Untracked 
|  41|0x0000000082900000, 0x0000000082900000, 0x0000000082a00000|  0%| F|  |TAMS 0x0000000082900000| PB 0x0000000082900000| Untracked 
|  42|0x0000000082a00000, 0x0000000082a00000, 0x0000000082b00000|  0%| F|  |TAMS 0x0000000082a00000| PB 0x0000000082a00000| Untracked 
|  43|0x0000000082b00000, 0x0000000082b00000, 0x0000000082c00000|  0%| F|  |TAMS 0x0000000082b00000| PB 0x0000000082b00000| Untracked 
|  44|0x0000000082c00000, 0x0000000082c00000, 0x0000000082d00000|  0%| F|  |TAMS 0x0000000082c00000| PB 0x0000000082c00000| Untracked 
|  45|0x0000000082d00000, 0x0000000082d00000, 0x0000000082e00000|  0%| F|  |TAMS 0x0000000082d00000| PB 0x0000000082d00000| Untracked 
|  46|0x0000000082e00000, 0x0000000082e00000, 0x0000000082f00000|  0%| F|  |TAMS 0x0000000082e00000| PB 0x0000000082e00000| Untracked 
|  47|0x0000000082f00000, 0x0000000082f00000, 0x0000000083000000|  0%| F|  |TAMS 0x0000000082f00000| PB 0x0000000082f00000| Untracked 
|  48|0x0000000083000000, 0x0000000083000000, 0x0000000083100000|  0%| F|  |TAMS 0x0000000083000000| PB 0x0000000083000000| Untracked 
|  49|0x0000000083100000, 0x0000000083100000, 0x0000000083200000|  0%| F|  |TAMS 0x0000000083100000| PB 0x0000000083100000| Untracked 
|  50|0x0000000083200000, 0x0000000083200000, 0x0000000083300000|  0%| F|  |TAMS 0x0000000083200000| PB 0x0000000083200000| Untracked 
|  51|0x0000000083300000, 0x0000000083300000, 0x0000000083400000|  0%| F|  |TAMS 0x0000000083300000| PB 0x0000000083300000| Untracked 
|  52|0x0000000083400000, 0x0000000083400000, 0x0000000083500000|  0%| F|  |TAMS 0x0000000083400000| PB 0x0000000083400000| Untracked 
|  53|0x0000000083500000, 0x0000000083500000, 0x0000000083600000|  0%| F|  |TAMS 0x0000000083500000| PB 0x0000000083500000| Untracked 
|  54|0x0000000083600000, 0x0000000083600000, 0x0000000083700000|  0%| F|  |TAMS 0x0000000083600000| PB 0x0000000083600000| Untracked 
|  55|0x0000000083700000, 0x0000000083700000, 0x0000000083800000|  0%| F|  |TAMS 0x0000000083700000| PB 0x0000000083700000| Untracked 
|  56|0x0000000083800000, 0x0000000083800000, 0x0000000083900000|  0%| F|  |TAMS 0x0000000083800000| PB 0x0000000083800000| Untracked 
|  57|0x0000000083900000, 0x0000000083900000, 0x0000000083a00000|  0%| F|  |TAMS 0x0000000083900000| PB 0x0000000083900000| Untracked 
|  58|0x0000000083a00000, 0x0000000083a00000, 0x0000000083b00000|  0%| F|  |TAMS 0x0000000083a00000| PB 0x0000000083a00000| Untracked 
|  59|0x0000000083b00000, 0x0000000083b00000, 0x0000000083c00000|  0%| F|  |TAMS 0x0000000083b00000| PB 0x0000000083b00000| Untracked 
|  60|0x0000000083c00000, 0x0000000083c00000, 0x0000000083d00000|  0%| F|  |TAMS 0x0000000083c00000| PB 0x0000000083c00000| Untracked 
|  61|0x0000000083d00000, 0x0000000083d00000, 0x0000000083e00000|  0%| F|  |TAMS 0x0000000083d00000| PB 0x0000000083d00000| Untracked 
|  62|0x0000000083e00000, 0x0000000083e00000, 0x0000000083f00000|  0%| F|  |TAMS 0x0000000083e00000| PB 0x0000000083e00000| Untracked 
|  63|0x0000000083f00000, 0x0000000083f00000, 0x0000000084000000|  0%| F|  |TAMS 0x0000000083f00000| PB 0x0000000083f00000| Untracked 
|  64|0x0000000084000000, 0x0000000084000000, 0x0000000084100000|  0%| F|  |TAMS 0x0000000084000000| PB 0x0000000084000000| Untracked 
|  65|0x0000000084100000, 0x0000000084100000, 0x0000000084200000|  0%| F|  |TAMS 0x0000000084100000| PB 0x0000000084100000| Untracked 
|  66|0x0000000084200000, 0x0000000084200000, 0x0000000084300000|  0%| F|  |TAMS 0x0000000084200000| PB 0x0000000084200000| Untracked 
|  67|0x0000000084300000, 0x0000000084300000, 0x0000000084400000|  0%| F|  |TAMS 0x0000000084300000| PB 0x0000000084300000| Untracked 
|  68|0x0000000084400000, 0x00000000844bc6e8, 0x0000000084500000| 73%| S|CS|TAMS 0x0000000084400000| PB 0x0000000084400000| Complete 
|  69|0x0000000084500000, 0x0000000084600000, 0x0000000084600000|100%| S|CS|TAMS 0x0000000084500000| PB 0x0000000084500000| Complete 
|  70|0x0000000084600000, 0x0000000084700000, 0x0000000084700000|100%| S|CS|TAMS 0x0000000084600000| PB 0x0000000084600000| Complete 
|  71|0x0000000084700000, 0x0000000084800000, 0x0000000084800000|100%| S|CS|TAMS 0x0000000084700000| PB 0x0000000084700000| Complete 
|  72|0x0000000084800000, 0x0000000084900000, 0x0000000084900000|100%| S|CS|TAMS 0x0000000084800000| PB 0x0000000084800000| Complete 
|  73|0x0000000084900000, 0x0000000084a00000, 0x0000000084a00000|100%| S|CS|TAMS 0x0000000084900000| PB 0x0000000084900000| Complete 
|  74|0x0000000084a00000, 0x0000000084a00000, 0x0000000084b00000|  0%| F|  |TAMS 0x0000000084a00000| PB 0x0000000084a00000| Untracked 
|  75|0x0000000084b00000, 0x0000000084b00000, 0x0000000084c00000|  0%| F|  |TAMS 0x0000000084b00000| PB 0x0000000084b00000| Untracked 
|  76|0x0000000084c00000, 0x0000000084c00000, 0x0000000084d00000|  0%| F|  |TAMS 0x0000000084c00000| PB 0x0000000084c00000| Untracked 
|  77|0x0000000084d00000, 0x0000000084d74100, 0x0000000084e00000| 45%| E|  |TAMS 0x0000000084d00000| PB 0x0000000084d00000| Complete 
|  78|0x0000000084e00000, 0x0000000084f00000, 0x0000000084f00000|100%| E|CS|TAMS 0x0000000084e00000| PB 0x0000000084e00000| Complete 
|  79|0x0000000084f00000, 0x0000000085000000, 0x0000000085000000|100%| E|CS|TAMS 0x0000000084f00000| PB 0x0000000084f00000| Complete 
|  80|0x0000000085000000, 0x0000000085100000, 0x0000000085100000|100%| E|CS|TAMS 0x0000000085000000| PB 0x0000000085000000| Complete 
|  81|0x0000000085100000, 0x0000000085200000, 0x0000000085200000|100%| E|CS|TAMS 0x0000000085100000| PB 0x0000000085100000| Complete 
|  82|0x0000000085200000, 0x0000000085300000, 0x0000000085300000|100%| E|CS|TAMS 0x0000000085200000| PB 0x0000000085200000| Complete 
|  83|0x0000000085300000, 0x0000000085400000, 0x0000000085400000|100%| E|CS|TAMS 0x0000000085300000| PB 0x0000000085300000| Complete 
|  84|0x0000000085400000, 0x0000000085500000, 0x0000000085500000|100%| E|CS|TAMS 0x0000000085400000| PB 0x0000000085400000| Complete 
|  85|0x0000000085500000, 0x0000000085600000, 0x0000000085600000|100%| E|CS|TAMS 0x0000000085500000| PB 0x0000000085500000| Complete 
|  86|0x0000000085600000, 0x0000000085700000, 0x0000000085700000|100%| E|CS|TAMS 0x0000000085600000| PB 0x0000000085600000| Complete 
|  87|0x0000000085700000, 0x0000000085800000, 0x0000000085800000|100%| E|CS|TAMS 0x0000000085700000| PB 0x0000000085700000| Complete 
|  88|0x0000000085800000, 0x0000000085900000, 0x0000000085900000|100%| E|CS|TAMS 0x0000000085800000| PB 0x0000000085800000| Complete 
|  89|0x0000000085900000, 0x0000000085a00000, 0x0000000085a00000|100%| E|CS|TAMS 0x0000000085900000| PB 0x0000000085900000| Complete 
|  90|0x0000000085a00000, 0x0000000085b00000, 0x0000000085b00000|100%| E|CS|TAMS 0x0000000085a00000| PB 0x0000000085a00000| Complete 
|  91|0x0000000085b00000, 0x0000000085c00000, 0x0000000085c00000|100%| E|CS|TAMS 0x0000000085b00000| PB 0x0000000085b00000| Complete 
|  92|0x0000000085c00000, 0x0000000085d00000, 0x0000000085d00000|100%| E|CS|TAMS 0x0000000085c00000| PB 0x0000000085c00000| Complete 
|  93|0x0000000085d00000, 0x0000000085e00000, 0x0000000085e00000|100%| E|CS|TAMS 0x0000000085d00000| PB 0x0000000085d00000| Complete 
|  94|0x0000000085e00000, 0x0000000085f00000, 0x0000000085f00000|100%| E|CS|TAMS 0x0000000085e00000| PB 0x0000000085e00000| Complete 
|  95|0x0000000085f00000, 0x0000000086000000, 0x0000000086000000|100%| E|CS|TAMS 0x0000000085f00000| PB 0x0000000085f00000| Complete 
|  96|0x0000000086000000, 0x0000000086100000, 0x0000000086100000|100%| E|CS|TAMS 0x0000000086000000| PB 0x0000000086000000| Complete 
|  97|0x0000000086100000, 0x0000000086200000, 0x0000000086200000|100%| E|CS|TAMS 0x0000000086100000| PB 0x0000000086100000| Complete 
|  98|0x0000000086200000, 0x0000000086300000, 0x0000000086300000|100%| E|  |TAMS 0x0000000086200000| PB 0x0000000086200000| Complete 
|  99|0x0000000086300000, 0x0000000086400000, 0x0000000086400000|100%| E|CS|TAMS 0x0000000086300000| PB 0x0000000086300000| Complete 
| 100|0x0000000086400000, 0x0000000086500000, 0x0000000086500000|100%| E|CS|TAMS 0x0000000086400000| PB 0x0000000086400000| Complete 
| 101|0x0000000086500000, 0x0000000086600000, 0x0000000086600000|100%| E|CS|TAMS 0x0000000086500000| PB 0x0000000086500000| Complete 
| 102|0x0000000086600000, 0x0000000086700000, 0x0000000086700000|100%| E|CS|TAMS 0x0000000086600000| PB 0x0000000086600000| Complete 
| 103|0x0000000086700000, 0x0000000086800000, 0x0000000086800000|100%| E|CS|TAMS 0x0000000086700000| PB 0x0000000086700000| Complete 
| 104|0x0000000086800000, 0x0000000086900000, 0x0000000086900000|100%| E|CS|TAMS 0x0000000086800000| PB 0x0000000086800000| Complete 
| 105|0x0000000086900000, 0x0000000086a00000, 0x0000000086a00000|100%| E|CS|TAMS 0x0000000086900000| PB 0x0000000086900000| Complete 
| 106|0x0000000086a00000, 0x0000000086b00000, 0x0000000086b00000|100%| E|CS|TAMS 0x0000000086a00000| PB 0x0000000086a00000| Complete 
| 107|0x0000000086b00000, 0x0000000086c00000, 0x0000000086c00000|100%| E|CS|TAMS 0x0000000086b00000| PB 0x0000000086b00000| Complete 
| 108|0x0000000086c00000, 0x0000000086d00000, 0x0000000086d00000|100%| E|CS|TAMS 0x0000000086c00000| PB 0x0000000086c00000| Complete 
| 109|0x0000000086d00000, 0x0000000086e00000, 0x0000000086e00000|100%| E|CS|TAMS 0x0000000086d00000| PB 0x0000000086d00000| Complete 
| 110|0x0000000086e00000, 0x0000000086f00000, 0x0000000086f00000|100%| E|CS|TAMS 0x0000000086e00000| PB 0x0000000086e00000| Complete 
| 111|0x0000000086f00000, 0x0000000087000000, 0x0000000087000000|100%| E|CS|TAMS 0x0000000086f00000| PB 0x0000000086f00000| Complete 
| 112|0x0000000087000000, 0x0000000087100000, 0x0000000087100000|100%| E|CS|TAMS 0x0000000087000000| PB 0x0000000087000000| Complete 
| 113|0x0000000087100000, 0x0000000087200000, 0x0000000087200000|100%| E|CS|TAMS 0x0000000087100000| PB 0x0000000087100000| Complete 
| 114|0x0000000087200000, 0x0000000087300000, 0x0000000087300000|100%| E|CS|TAMS 0x0000000087200000| PB 0x0000000087200000| Complete 
| 115|0x0000000087300000, 0x0000000087400000, 0x0000000087400000|100%| E|CS|TAMS 0x0000000087300000| PB 0x0000000087300000| Complete 
| 116|0x0000000087400000, 0x0000000087500000, 0x0000000087500000|100%| E|CS|TAMS 0x0000000087400000| PB 0x0000000087400000| Complete 
| 117|0x0000000087500000, 0x0000000087600000, 0x0000000087600000|100%| E|CS|TAMS 0x0000000087500000| PB 0x0000000087500000| Complete 
| 118|0x0000000087600000, 0x0000000087700000, 0x0000000087700000|100%| E|CS|TAMS 0x0000000087600000| PB 0x0000000087600000| Complete 
| 119|0x0000000087700000, 0x0000000087800000, 0x0000000087800000|100%| E|CS|TAMS 0x0000000087700000| PB 0x0000000087700000| Complete 
| 120|0x0000000087800000, 0x0000000087900000, 0x0000000087900000|100%| E|CS|TAMS 0x0000000087800000| PB 0x0000000087800000| Complete 
| 121|0x0000000087900000, 0x0000000087a00000, 0x0000000087a00000|100%| E|CS|TAMS 0x0000000087900000| PB 0x0000000087900000| Complete 
| 122|0x0000000087a00000, 0x0000000087b00000, 0x0000000087b00000|100%| E|CS|TAMS 0x0000000087a00000| PB 0x0000000087a00000| Complete 
| 123|0x0000000087b00000, 0x0000000087c00000, 0x0000000087c00000|100%| E|CS|TAMS 0x0000000087b00000| PB 0x0000000087b00000| Complete 

Card table byte_map: [0x000001c0dd940000,0x000001c0ddd40000] _byte_map_base: 0x000001c0dd540000

Marking Bits: (CMBitMap*) 0x000001c0c9e397f0
 Bits: [0x000001c0ddd40000, 0x000001c0dfd40000)

Polling page: 0x000001c0c7c40000

Metaspace:

Usage:
  Non-class:     12.75 MB used.
      Class:      2.06 MB used.
       Both:     14.81 MB used.

Virtual space:
  Non-class space:       64.00 MB reserved,      12.94 MB ( 20%) committed,  1 nodes.
      Class space:      416.00 MB reserved,       2.25 MB ( <1%) committed,  1 nodes.
             Both:      480.00 MB reserved,      15.19 MB (  3%) committed. 

Chunk freelists:
   Non-Class:  2.92 MB
       Class:  13.75 MB
        Both:  16.68 MB

MaxMetaspaceSize: 512.00 MB
CompressedClassSpaceSize: 416.00 MB
Initial GC threshold: 21.00 MB
Current GC threshold: 21.00 MB
CDS: on
 - commit_granule_bytes: 65536.
 - commit_granule_words: 8192.
 - virtual_space_node_default_size: 8388608.
 - enlarge_chunks_in_place: 1.
 - use_allocation_guard: 0.


Internal statistics:

num_allocs_failed_limit: 0.
num_arena_births: 514.
num_arena_deaths: 0.
num_vsnodes_births: 2.
num_vsnodes_deaths: 0.
num_space_committed: 244.
num_space_uncommitted: 0.
num_chunks_returned_to_freelist: 0.
num_chunks_taken_from_freelist: 1021.
num_chunk_merges: 0.
num_chunk_splits: 669.
num_chunks_enlarged: 474.
num_inconsistent_stats: 0.

CodeHeap 'non-profiled nmethods': size=128192Kb used=1295Kb max_used=1295Kb free=126896Kb
 bounds [0x000001c0d52b0000, 0x000001c0d5520000, 0x000001c0dcfe0000]
CodeHeap 'profiled nmethods': size=128192Kb used=5501Kb max_used=5501Kb free=122690Kb
 bounds [0x000001c0ccfe0000, 0x000001c0cd540000, 0x000001c0d4d10000]
CodeHeap 'non-nmethods': size=5760Kb used=1522Kb max_used=1535Kb free=4237Kb
 bounds [0x000001c0d4d10000, 0x000001c0d4f80000, 0x000001c0d52b0000]
CodeCache: size=262144Kb, used=8318Kb, max_used=8331Kb, free=253823Kb
 total_blobs=3281, nmethods=2726, adapters=459, full_count=0
Compilation: enabled, stopped_count=0, restarted_count=0

Compilation events (20 events):
Event: 3.708 Thread 0x000001c0e29a3030 2721       3       org.gradle.util.internal.DefaultGradleVersion::compareTo (294 bytes)
Event: 3.709 Thread 0x000001c0e29a3030 nmethod 2721 0x000001c0cd536110 code [0x000001c0cd5364e0, 0x000001c0cd537ae0]
Event: 3.709 Thread 0x000001c0e29a3030 2724       3       org.gradle.util.internal.DefaultGradleVersion::compareTo (9 bytes)
Event: 3.709 Thread 0x000001c0e29a3030 nmethod 2724 0x000001c0cd538310 code [0x000001c0cd5384c0, 0x000001c0cd5386f0]
Event: 3.709 Thread 0x000001c0e29a3030 2722       3       java.util.TreeMap::leftOf (13 bytes)
Event: 3.709 Thread 0x000001c0e29a3030 nmethod 2722 0x000001c0cd538790 code [0x000001c0cd538940, 0x000001c0cd538aa8]
Event: 3.709 Thread 0x000001c0e29a3030 2725       3       java.util.TreeMap::setColor (10 bytes)
Event: 3.709 Thread 0x000001c0e29a3030 nmethod 2725 0x000001c0cd538b90 code [0x000001c0cd538d20, 0x000001c0cd538e48]
Event: 3.709 Thread 0x000001c0e29a3030 2723       3       java.lang.Long::<init> (10 bytes)
Event: 3.709 Thread 0x000001c0e29a3030 nmethod 2723 0x000001c0cd538f10 code [0x000001c0cd5390c0, 0x000001c0cd539288]
Event: 3.709 Thread 0x000001c0e29a3030 2726       3       java.util.regex.Pattern$GroupTail::match (111 bytes)
Event: 3.709 Thread 0x000001c0e29a3030 nmethod 2726 0x000001c0cd539390 code [0x000001c0cd539560, 0x000001c0cd539910]
Event: 3.717 Thread 0x000001c0e29a3030 2727       3       org.gradle.internal.service.DefaultServiceRegistry::assertValidServiceType (51 bytes)
Event: 3.717 Thread 0x000001c0e29a3030 nmethod 2727 0x000001c0cd539b10 code [0x000001c0cd539d20, 0x000001c0cd53a278]
Event: 3.717 Thread 0x000001c0e29a3030 2728       3       org.gradle.internal.service.DefaultServiceRegistry::find (151 bytes)
Event: 3.718 Thread 0x000001c0e29a3030 nmethod 2728 0x000001c0cd53a490 code [0x000001c0cd53a880, 0x000001c0cd53c4f0]
Event: 3.718 Thread 0x000001c0e29a3030 2729       3       org.gradle.internal.service.DefaultServiceRegistry::isSatisfiedBy (44 bytes)
Event: 3.718 Thread 0x000001c0e29a3030 nmethod 2729 0x000001c0cd53cd10 code [0x000001c0cd53cf20, 0x000001c0cd53d678]
Event: 3.882 Thread 0x000001c0e29a3030 2730       3       java.util.HashMap::removeNode (291 bytes)
Event: 4.848 Thread 0x000001c0e29a3030 nmethod 2730 0x000001c0cd53d790 code [0x000001c0cd53da40, 0x000001c0cd53ec68]

GC Heap History (6 events):
Event: 0.759 GC heap before
{Heap before GC invocations=0 (full 0):
 garbage-first heap   total 126976K, used 22528K [0x0000000080000000, 0x0000000100000000)
  region size 1024K, 23 young (23552K), 0 survivors (0K)
 Metaspace       used 1071K, committed 1216K, reserved 491520K
  class space    used 81K, committed 128K, reserved 425984K
}
Event: 0.765 GC heap after
{Heap after GC invocations=1 (full 0):
 garbage-first heap   total 126976K, used 3568K [0x0000000080000000, 0x0000000100000000)
  region size 1024K, 3 young (3072K), 3 survivors (3072K)
 Metaspace       used 1071K, committed 1216K, reserved 491520K
  class space    used 81K, committed 128K, reserved 425984K
}
Event: 1.490 GC heap before
{Heap before GC invocations=1 (full 0):
 garbage-first heap   total 126976K, used 39408K [0x0000000080000000, 0x0000000100000000)
  region size 1024K, 36 young (36864K), 3 survivors (3072K)
 Metaspace       used 4352K, committed 4544K, reserved 491520K
  class space    used 556K, committed 640K, reserved 425984K
}
Event: 1.500 GC heap after
{Heap after GC invocations=2 (full 0):
 garbage-first heap   total 126976K, used 11224K [0x0000000080000000, 0x0000000100000000)
  region size 1024K, 5 young (5120K), 5 survivors (5120K)
 Metaspace       used 4352K, committed 4544K, reserved 491520K
  class space    used 556K, committed 640K, reserved 425984K
}
Event: 2.089 GC heap before
{Heap before GC invocations=2 (full 0):
 garbage-first heap   total 126976K, used 59352K [0x0000000080000000, 0x0000000100000000)
  region size 1024K, 50 young (51200K), 5 survivors (5120K)
 Metaspace       used 5623K, committed 5888K, reserved 491520K
  class space    used 760K, committed 896K, reserved 425984K
}
Event: 2.099 GC heap after
{Heap after GC invocations=3 (full 0):
 garbage-first heap   total 126976K, used 18060K [0x0000000080000000, 0x0000000100000000)
  region size 1024K, 6 young (6144K), 6 survivors (6144K)
 Metaspace       used 5623K, committed 5888K, reserved 491520K
  class space    used 760K, committed 896K, reserved 425984K
}

Dll operation events (14 events):
Event: 0.045 Loaded shared library C:\Users\nibin\.antigravity\extensions\redhat.java-1.53.0-win32-x64\jre\21.0.10-win32-x86_64\bin\java.dll
Event: 0.208 Loaded shared library C:\Users\nibin\.antigravity\extensions\redhat.java-1.53.0-win32-x64\jre\21.0.10-win32-x86_64\bin\zip.dll
Event: 0.280 Loaded shared library C:\Users\nibin\.antigravity\extensions\redhat.java-1.53.0-win32-x64\jre\21.0.10-win32-x86_64\bin\instrument.dll
Event: 0.293 Loaded shared library C:\Users\nibin\.antigravity\extensions\redhat.java-1.53.0-win32-x64\jre\21.0.10-win32-x86_64\bin\net.dll
Event: 0.297 Loaded shared library C:\Users\nibin\.antigravity\extensions\redhat.java-1.53.0-win32-x64\jre\21.0.10-win32-x86_64\bin\nio.dll
Event: 0.306 Loaded shared library C:\Users\nibin\.antigravity\extensions\redhat.java-1.53.0-win32-x64\jre\21.0.10-win32-x86_64\bin\zip.dll
Event: 0.675 Loaded shared library C:\Users\nibin\.antigravity\extensions\redhat.java-1.53.0-win32-x64\jre\21.0.10-win32-x86_64\bin\jimage.dll
Event: 0.858 Loaded shared library C:\Users\nibin\.antigravity\extensions\redhat.java-1.53.0-win32-x64\jre\21.0.10-win32-x86_64\bin\verify.dll
Event: 1.027 Loaded shared library C:\Users\nibin\.gradle\native\1def1411415f61bf3af743bc5b6707747c0891f09f0c88961ee8f79bc544acac\windows-amd64\native-platform.dll
Event: 1.045 Loaded shared library C:\Users\nibin\.gradle\native\0.2.5\x86_64-windows-gnu\gradle-fileevents.dll
Event: 2.157 Loaded shared library C:\Users\nibin\.antigravity\extensions\redhat.java-1.53.0-win32-x64\jre\21.0.10-win32-x86_64\bin\management.dll
Event: 2.160 Loaded shared library C:\Users\nibin\.antigravity\extensions\redhat.java-1.53.0-win32-x64\jre\21.0.10-win32-x86_64\bin\management_ext.dll
Event: 2.473 Loaded shared library C:\Users\nibin\.antigravity\extensions\redhat.java-1.53.0-win32-x64\jre\21.0.10-win32-x86_64\bin\extnet.dll
Event: 2.621 Loaded shared library C:\Users\nibin\.antigravity\extensions\redhat.java-1.53.0-win32-x64\jre\21.0.10-win32-x86_64\bin\sunmscapi.dll

Deoptimization events (20 events):
Event: 3.004 Thread 0x000001c084365800 Uncommon trap: trap_request=0xffffffc6 fr.pc=0x000001c0d53cf750 relative=0x0000000000000ed0
Event: 3.004 Thread 0x000001c084365800 Uncommon trap: reason=bimorphic_or_optimized_type_check action=maybe_recompile pc=0x000001c0d53cf750 method=java.util.HashMap.putVal(ILjava/lang/Object;Ljava/lang/Object;ZZ)Ljava/lang/Object; @ 91 c2
Event: 3.004 Thread 0x000001c084365800 DEOPT PACKING pc=0x000001c0d53cf750 sp=0x000000a0f57fc590
Event: 3.004 Thread 0x000001c084365800 DEOPT UNPACKING pc=0x000001c0d4d67ba2 sp=0x000000a0f57fc530 mode 2
Event: 3.004 Thread 0x000001c084365800 Uncommon trap: trap_request=0xffffffc6 fr.pc=0x000001c0d53cf750 relative=0x0000000000000ed0
Event: 3.004 Thread 0x000001c084365800 Uncommon trap: reason=bimorphic_or_optimized_type_check action=maybe_recompile pc=0x000001c0d53cf750 method=java.util.HashMap.putVal(ILjava/lang/Object;Ljava/lang/Object;ZZ)Ljava/lang/Object; @ 91 c2
Event: 3.004 Thread 0x000001c084365800 DEOPT PACKING pc=0x000001c0d53cf750 sp=0x000000a0f57fc590
Event: 3.004 Thread 0x000001c084365800 DEOPT UNPACKING pc=0x000001c0d4d67ba2 sp=0x000000a0f57fc530 mode 2
Event: 3.021 Thread 0x000001c084365800 Uncommon trap: trap_request=0xffffff45 fr.pc=0x000001c0d533c218 relative=0x00000000000002d8
Event: 3.021 Thread 0x000001c084365800 Uncommon trap: reason=unstable_if action=reinterpret pc=0x000001c0d533c218 method=java.util.concurrent.ConcurrentHashMap.get(Ljava/lang/Object;)Ljava/lang/Object; @ 152 c2
Event: 3.021 Thread 0x000001c084365800 DEOPT PACKING pc=0x000001c0d533c218 sp=0x000000a0f57fbb30
Event: 3.021 Thread 0x000001c084365800 DEOPT UNPACKING pc=0x000001c0d4d67ba2 sp=0x000000a0f57fba98 mode 2
Event: 3.080 Thread 0x000001c084365800 Uncommon trap: trap_request=0xffffffcc fr.pc=0x000001c0d53d511c relative=0x000000000000035c
Event: 3.080 Thread 0x000001c084365800 Uncommon trap: reason=intrinsic_or_type_checked_inlining action=make_not_entrant pc=0x000001c0d53d511c method=java.util.Arrays.copyOf([Ljava/lang/Object;ILjava/lang/Class;)[Ljava/lang/Object; @ 35 c2
Event: 3.080 Thread 0x000001c084365800 DEOPT PACKING pc=0x000001c0d53d511c sp=0x000000a0f57fc7a0
Event: 3.080 Thread 0x000001c084365800 DEOPT UNPACKING pc=0x000001c0d4d67ba2 sp=0x000000a0f57fc748 mode 2
Event: 3.323 Thread 0x000001c084365800 Uncommon trap: trap_request=0xffffff45 fr.pc=0x000001c0d53d7348 relative=0x0000000000000e88
Event: 3.324 Thread 0x000001c084365800 Uncommon trap: reason=unstable_if action=reinterpret pc=0x000001c0d53d7348 method=java.lang.invoke.LambdaForm$Name.replaceNames([Ljava/lang/invoke/LambdaForm$Name;[Ljava/lang/invoke/LambdaForm$Name;II)Ljava/lang/invoke/LambdaForm$Name; @ 3 c2
Event: 3.324 Thread 0x000001c084365800 DEOPT PACKING pc=0x000001c0d53d7348 sp=0x000000a0f57fd160
Event: 3.324 Thread 0x000001c084365800 DEOPT UNPACKING pc=0x000001c0d4d67ba2 sp=0x000000a0f57fd128 mode 2

Classes loaded (20 events):
Event: 3.590 Loading class java/nio/file/NoSuchFileException
Event: 3.590 Loading class java/nio/file/FileSystemException
Event: 3.591 Loading class java/nio/file/FileSystemException done
Event: 3.591 Loading class java/nio/file/NoSuchFileException done
Event: 3.591 Loading class java/nio/file/attribute/PosixFilePermission
Event: 3.591 Loading class java/nio/file/attribute/PosixFilePermission done
Event: 3.592 Loading class java/nio/file/attribute/PosixFilePermissions
Event: 3.592 Loading class java/nio/file/attribute/PosixFilePermissions done
Event: 3.592 Loading class java/nio/file/attribute/PosixFilePermissions$1
Event: 3.592 Loading class java/nio/file/attribute/PosixFilePermissions$1 done
Event: 3.632 Loading class java/util/concurrent/ArrayBlockingQueue
Event: 3.633 Loading class java/util/concurrent/ArrayBlockingQueue done
Event: 3.633 Loading class java/util/concurrent/locks/ReentrantLock$FairSync
Event: 3.633 Loading class java/util/concurrent/locks/ReentrantLock$FairSync done
Event: 3.640 Loading class sun/misc/Unsafe
Event: 3.640 Loading class sun/misc/Unsafe done
Event: 3.648 Loading class java/net/DatagramPacket
Event: 3.648 Loading class java/net/DatagramPacket done
Event: 3.648 Loading class sun/nio/ch/DatagramChannelImpl$DatagramPackets
Event: 3.648 Loading class sun/nio/ch/DatagramChannelImpl$DatagramPackets done

Classes unloaded (0 events):
No events

Classes redefined (0 events):
No events

Internal exceptions (20 events):
Event: 2.266 Thread 0x000001c0c9de0130 Exception <a 'java/lang/NoSuchMethodError'{0x0000000087417be0}: 'java.lang.Object java.lang.invoke.DirectMethodHandle$Holder.invokeVirtual(java.lang.Object, java.lang.Object, java.lang.Object, java.lang.Object, java.lang.Object, java.lang.Object, java.lang.Object)'> (0x0000000087417be0) 
thrown [s\src\hotspot\share\interpreter\linkResolver.cpp, line 773]
Event: 2.277 Thread 0x000001c0c9de0130 Exception <a 'java/lang/NoSuchMethodError'{0x00000000874a7e18}: 'java.lang.Object java.lang.invoke.DirectMethodHandle$Holder.invokeVirtual(java.lang.Object, java.lang.Object, java.lang.Object, java.lang.Object, java.lang.Object, java.lang.Object, java.lang.Object, java.lang.Object, java.lang.Object)'> (0x00000000874a7e18) 
thrown [s\src\hotspot\share\interpreter\linkResolver.cpp, line 773]
Event: 2.321 Thread 0x000001c0c9de0130 Exception <a 'java/lang/NoSuchMethodError'{0x0000000087240098}: 'java.lang.Object java.lang.invoke.DirectMethodHandle$Holder.invokeStaticInit(java.lang.Object, int, int, int, int)'> (0x0000000087240098) 
thrown [s\src\hotspot\share\interpreter\linkResolver.cpp, line 773]
Event: 2.460 Thread 0x000001c0c9de0130 Exception <a 'java/lang/NoSuchMethodError'{0x0000000087125af0}: 'java.lang.Object java.lang.invoke.DirectMethodHandle$Holder.invokeStaticInit(java.lang.Object, java.lang.Object, int, int, int, int)'> (0x0000000087125af0) 
thrown [s\src\hotspot\share\interpreter\linkResolver.cpp, line 773]
Event: 2.563 Thread 0x000001c0c9de0130 Exception <a 'java/io/IOException'{0x0000000086ea1070}> (0x0000000086ea1070) 
thrown [s\src\hotspot\share\prims\jni.cpp, line 520]
Event: 2.569 Thread 0x000001c0c9de0130 Implicit null exception at 0x000001c0d5311620 to 0x000001c0d5311c2c
Event: 2.573 Thread 0x000001c0c9de0130 Exception <a 'java/lang/NoSuchMethodError'{0x0000000086efd988}: 'java.lang.Object java.lang.invoke.DirectMethodHandle$Holder.newInvokeSpecial(java.lang.Object, java.lang.Object, java.lang.Object, java.lang.Object, java.lang.Object)'> (0x0000000086efd988) 
thrown [s\src\hotspot\share\interpreter\linkResolver.cpp, line 773]
Event: 2.699 Thread 0x000001c08419f670 Exception <a 'java/lang/NoSuchMethodError'{0x0000000086a6b158}: 'void java.lang.invoke.DirectMethodHandle$Holder.invokeSpecial(java.lang.Object, java.lang.Object, java.lang.Object)'> (0x0000000086a6b158) 
thrown [s\src\hotspot\share\interpreter\linkResolver.cpp, line 773]
Event: 2.763 Thread 0x000001c084365800 Exception <a 'java/lang/NoSuchMethodError'{0x00000000864b0878}: 'long java.lang.invoke.DirectMethodHandle$Holder.invokeInterface(java.lang.Object, java.lang.Object)'> (0x00000000864b0878) 
thrown [s\src\hotspot\share\interpreter\linkResolver.cpp, line 773]
Event: 2.940 Thread 0x000001c084365800 Exception <a 'java/lang/NoSuchMethodError'{0x0000000085f59a88}: 'void java.lang.invoke.DirectMethodHandle$Holder.invokeStatic(java.lang.Object, java.lang.Object)'> (0x0000000085f59a88) 
thrown [s\src\hotspot\share\interpreter\linkResolver.cpp, line 773]
Event: 2.956 Thread 0x000001c084365800 Exception <a 'java/lang/NoSuchMethodError'{0x0000000085f9da08}: 'java.lang.Object java.lang.invoke.DirectMethodHandle$Holder.invokeVirtual(java.lang.Object, java.lang.Object, java.lang.Object, java.lang.Object, java.lang.Object, java.lang.Object, java.lang.Object, java.lang.Object, java.lang.Object, java.lang.Object, java.lang.Object, java.lang.Object)'> (0x0000000085f9da08) 
thrown [s\src\hotspot\share\interpreter\linkResolver.cpp, line 773]
Event: 2.957 Thread 0x000001c084365800 Exception <a 'java/lang/NoSuchMethodError'{0x0000000085fa2a30}: 'java.lang.Object java.lang.invoke.DirectMethodHandle$Holder.invokeSpecial(java.lang.Object, java.lang.Object, java.lang.Object, java.lang.Object, java.lang.Object, java.lang.Object, java.lang.Object, java.lang.Object, java.lang.Object, java.lang.Object, java.lang.Object, java.lang.Object, java.lang.Object)'> (0x0000000085fa2a30) 
thrown [s\src\hotspot\share\interpreter\linkResolver.cpp, line 773]
Event: 3.029 Thread 0x000001c084365800 Exception <a 'java/lang/NoSuchMethodError'{0x0000000085d8b4c8}: 'int java.lang.invoke.DirectMethodHandle$Holder.invokeVirtual(java.lang.Object, java.lang.Object, java.lang.Object)'> (0x0000000085d8b4c8) 
thrown [s\src\hotspot\share\interpreter\linkResolver.cpp, line 773]
Event: 3.153 Thread 0x000001c084365800 Exception <a 'java/lang/NoSuchMethodError'{0x0000000085bec628}: 'java.lang.Object java.lang.invoke.DirectMethodHandle$Holder.newInvokeSpecial(java.lang.Object, java.lang.Object, java.lang.Object, java.lang.Object, java.lang.Object, java.lang.Object)'> (0x0000000085bec628) 
thrown [s\src\hotspot\share\interpreter\linkResolver.cpp, line 773]
Event: 3.312 Thread 0x000001c084365800 Exception <a 'java/lang/NoSuchMethodError'{0x00000000858bf1f8}: 'void java.lang.invoke.DelegatingMethodHandle$Holder.reinvoke_L(java.lang.Object, java.lang.Object, java.lang.Object, java.lang.Object, java.lang.Object, java.lang.Object, java.lang.Object, java.lang.Object, java.lang.Object, java.lang.Object)'> (0x00000000858bf1f8) 
thrown [s\src\hotspot\share\interpreter\linkResolver.cpp, line 773]
Event: 3.313 Thread 0x000001c084365800 Exception <a 'java/lang/NoSuchMethodError'{0x00000000858c6cd8}: 'java.lang.Object java.lang.invoke.Invokers$Holder.invoker(java.lang.Object, java.lang.Object, java.lang.Object, java.lang.Object, java.lang.Object, java.lang.Object, java.lang.Object, java.lang.Object, java.lang.Object, java.lang.Object)'> (0x00000000858c6cd8) 
thrown [s\src\hotspot\share\interpreter\linkResolver.cpp, line 773]
Event: 3.520 Thread 0x000001c084365800 Exception <a 'java/lang/NoSuchMethodError'{0x0000000085315488}: 'void java.lang.invoke.DirectMethodHandle$Holder.invokeVirtual(java.lang.Object, java.lang.Object, java.lang.Object, java.lang.Object, java.lang.Object)'> (0x0000000085315488) 
thrown [s\src\hotspot\share\interpreter\linkResolver.cpp, line 773]
Event: 3.599 Thread 0x000001c084365800 Exception <a 'java/lang/NoSuchMethodError'{0x00000000852f44b0}: 'void java.lang.invoke.DirectMethodHandle$Holder.invokeInterface(java.lang.Object, java.lang.Object)'> (0x00000000852f44b0) 
thrown [s\src\hotspot\share\interpreter\linkResolver.cpp, line 773]
Event: 3.599 Thread 0x000001c084365800 Exception <a 'java/lang/IncompatibleClassChangeError'{0x00000000852f7a30}: Found class java.lang.Object, but interface was expected> (0x00000000852f7a30) 
thrown [s\src\hotspot\share\interpreter\linkResolver.cpp, line 840]
Event: 3.637 Thread 0x000001c084365800 Exception <a 'java/lang/NoSuchMethodError'{0x00000000850190a8}: 'java.lang.Object java.lang.invoke.DirectMethodHandle$Holder.newInvokeSpecial(java.lang.Object, java.lang.Object, int)'> (0x00000000850190a8) 
thrown [s\src\hotspot\share\interpreter\linkResolver.cpp, line 773]

ZGC Phase Switch (0 events):
No events

VM Operations (20 events):
Event: 2.201 Executing non-safepoint VM operation: HandshakeAllThreads (Deoptimize) done
Event: 2.201 Executing non-safepoint VM operation: HandshakeAllThreads (Deoptimize)
Event: 2.201 Executing non-safepoint VM operation: HandshakeAllThreads (Deoptimize) done
Event: 2.235 Executing non-safepoint VM operation: HandshakeAllThreads (Deoptimize)
Event: 2.235 Executing non-safepoint VM operation: HandshakeAllThreads (Deoptimize) done
Event: 2.263 Executing non-safepoint VM operation: HandshakeAllThreads (Deoptimize)
Event: 2.263 Executing non-safepoint VM operation: HandshakeAllThreads (Deoptimize) done
Event: 2.301 Executing non-safepoint VM operation: HandshakeAllThreads (Deoptimize)
Event: 2.301 Executing non-safepoint VM operation: HandshakeAllThreads (Deoptimize) done
Event: 2.345 Executing non-safepoint VM operation: HandshakeAllThreads (Deoptimize)
Event: 2.345 Executing non-safepoint VM operation: HandshakeAllThreads (Deoptimize) done
Event: 2.535 Executing non-safepoint VM operation: HandshakeAllThreads (Deoptimize)
Event: 2.535 Executing non-safepoint VM operation: HandshakeAllThreads (Deoptimize) done
Event: 2.595 Executing non-safepoint VM operation: HandshakeAllThreads (Deoptimize)
Event: 2.595 Executing non-safepoint VM operation: HandshakeAllThreads (Deoptimize) done
Event: 3.018 Executing safepoint VM operation: ICBufferFull
Event: 3.018 Executing safepoint VM operation: ICBufferFull done
Event: 3.634 Executing non-safepoint VM operation: HandshakeAllThreads (Deoptimize)
Event: 3.634 Executing non-safepoint VM operation: HandshakeAllThreads (Deoptimize) done
Event: 4.645 Executing safepoint VM operation: Cleanup

Memory protections (0 events):
No events

Nmethod flushes (0 events):
No events

Events (20 events):
Event: 0.149 Thread 0x000001c0c9de0130 Thread added: 0x000001c0e299cec0
Event: 0.150 Thread 0x000001c0c9de0130 Thread added: 0x000001c0e299d920
Event: 0.150 Thread 0x000001c0c9de0130 Thread added: 0x000001c0e299f0a0
Event: 0.150 Thread 0x000001c0c9de0130 Thread added: 0x000001c0e299fe30
Event: 0.150 Thread 0x000001c0c9de0130 Thread added: 0x000001c0e29a3030
Event: 0.283 Thread 0x000001c0c9de0130 Thread added: 0x000001c0e2b6c730
Event: 0.326 Thread 0x000001c0c9de0130 Thread added: 0x000001c0e2c31730
Event: 2.202 Thread 0x000001c0c9de0130 Thread added: 0x000001c0ff4acf40
Event: 2.509 Thread 0x000001c0c9de0130 Thread added: 0x000001c0840a5290
Event: 2.579 Thread 0x000001c0c9de0130 Thread added: 0x000001c08413ecc0
Event: 2.646 Thread 0x000001c0840a5290 Thread added: 0x000001c08419f670
Event: 2.651 Thread 0x000001c08419f670 Thread added: 0x000001c08413a440
Event: 2.693 Thread 0x000001c08419f670 Thread added: 0x000001c0843685f0
Event: 2.700 Thread 0x000001c08419f670 Thread added: 0x000001c084365800
Event: 2.711 Thread 0x000001c084365800 Thread added: 0x000001c084365e90
Event: 2.716 Thread 0x000001c084365800 Thread added: 0x000001c084366520
Event: 2.718 Thread 0x000001c084365800 Thread added: 0x000001c084367240
Event: 3.635 Thread 0x000001c084365800 Thread added: 0x000001c084365170
Event: 3.647 Thread 0x000001c084365800 Thread added: 0x000001c084366bb0
Event: 3.720 Thread 0x000001c084365800 Thread added: 0x000001c0843678d0


Dynamic libraries:
0x00007ff62e010000 - 0x00007ff62e01e000 	C:\Users\nibin\.antigravity\extensions\redhat.java-1.53.0-win32-x64\jre\21.0.10-win32-x86_64\bin\java.exe
0x00007ffab3a80000 - 0x00007ffab3ce7000 	C:\Windows\SYSTEM32\ntdll.dll
0x00007ffab1af0000 - 0x00007ffab1bb9000 	C:\Windows\System32\KERNEL32.DLL
0x00007ffab1240000 - 0x00007ffab1631000 	C:\Windows\System32\KERNELBASE.dll
0x00007ffa24bb0000 - 0x00007ffa24bce000 	C:\Users\nibin\.antigravity\extensions\redhat.java-1.53.0-win32-x64\jre\21.0.10-win32-x86_64\bin\VCRUNTIME140.dll
0x00007ffab1640000 - 0x00007ffab178b000 	C:\Windows\System32\ucrtbase.dll
0x00007ffa24bd0000 - 0x00007ffa24be8000 	C:\Users\nibin\.antigravity\extensions\redhat.java-1.53.0-win32-x64\jre\21.0.10-win32-x86_64\bin\jli.dll
0x00007ffab2120000 - 0x00007ffab22e5000 	C:\Windows\System32\USER32.dll
0x00007ffab10e0000 - 0x00007ffab1107000 	C:\Windows\System32\win32u.dll
0x00007ffab1da0000 - 0x00007ffab1dcb000 	C:\Windows\System32\GDI32.dll
0x00007ffab1110000 - 0x00007ffab123b000 	C:\Windows\System32\gdi32full.dll
0x00007ffa94fe0000 - 0x00007ffa95273000 	C:\Windows\WinSxS\amd64_microsoft.windows.common-controls_6595b64144ccf1df_6.0.26100.8037_none_3e092faae333b53b\COMCTL32.dll
0x00007ffab0360000 - 0x00007ffab0403000 	C:\Windows\System32\msvcp_win.dll
0x00007ffab1f70000 - 0x00007ffab2019000 	C:\Windows\System32\msvcrt.dll
0x00007ffab2c10000 - 0x00007ffab2c41000 	C:\Windows\System32\IMM32.DLL
0x00007ffa911f0000 - 0x00007ffa911fc000 	C:\Users\nibin\.antigravity\extensions\redhat.java-1.53.0-win32-x64\jre\21.0.10-win32-x86_64\bin\vcruntime140_1.dll
0x00007ffa24b20000 - 0x00007ffa24bad000 	C:\Users\nibin\.antigravity\extensions\redhat.java-1.53.0-win32-x64\jre\21.0.10-win32-x86_64\bin\msvcp140.dll
0x00007ffa1fb80000 - 0x00007ffa20921000 	C:\Users\nibin\.antigravity\extensions\redhat.java-1.53.0-win32-x64\jre\21.0.10-win32-x86_64\bin\server\jvm.dll
0x00007ffab3980000 - 0x00007ffab3a3b000 	C:\Windows\System32\ADVAPI32.dll
0x00007ffab1a40000 - 0x00007ffab1ae7000 	C:\Windows\System32\sechost.dll
0x00007ffab2c50000 - 0x00007ffab2d68000 	C:\Windows\System32\RPCRT4.dll
0x00007ffab1ec0000 - 0x00007ffab1f34000 	C:\Windows\System32\WS2_32.dll
0x00007ffaaef60000 - 0x00007ffaaefbe000 	C:\Windows\SYSTEM32\POWRPROF.dll
0x00007ffaa1fd0000 - 0x00007ffaa2005000 	C:\Windows\SYSTEM32\WINMM.dll
0x00007ffaad9e0000 - 0x00007ffaad9eb000 	C:\Windows\SYSTEM32\VERSION.dll
0x00007ffaaef40000 - 0x00007ffaaef54000 	C:\Windows\SYSTEM32\UMPDC.dll
0x00007ffaaf210000 - 0x00007ffaaf22b000 	C:\Windows\SYSTEM32\kernel.appcore.dll
0x00007ffa2b810000 - 0x00007ffa2b81a000 	C:\Users\nibin\.antigravity\extensions\redhat.java-1.53.0-win32-x64\jre\21.0.10-win32-x86_64\bin\jimage.dll
0x00007ffaae1e0000 - 0x00007ffaae422000 	C:\Windows\SYSTEM32\DBGHELP.DLL
0x00007ffab2300000 - 0x00007ffab2682000 	C:\Windows\System32\combase.dll
0x00007ffab2690000 - 0x00007ffab2767000 	C:\Windows\System32\OLEAUT32.dll
0x00007ffa93db0000 - 0x00007ffa93deb000 	C:\Windows\SYSTEM32\dbgcore.DLL
0x00007ffab0590000 - 0x00007ffab0635000 	C:\Windows\System32\bcryptPrimitives.dll
0x00007ffa24e30000 - 0x00007ffa24e3f000 	C:\Users\nibin\.antigravity\extensions\redhat.java-1.53.0-win32-x64\jre\21.0.10-win32-x86_64\bin\instrument.dll
0x00007ffa24b00000 - 0x00007ffa24b20000 	C:\Users\nibin\.antigravity\extensions\redhat.java-1.53.0-win32-x64\jre\21.0.10-win32-x86_64\bin\java.dll
0x00007ffab2d70000 - 0x00007ffab34cf000 	C:\Windows\System32\SHELL32.dll
0x00007ffab0f70000 - 0x00007ffab10da000 	C:\Windows\System32\wintypes.dll
0x00007ffab0700000 - 0x00007ffab0f64000 	C:\Windows\System32\windows.storage.dll
0x00007ffab35e0000 - 0x00007ffab36d7000 	C:\Windows\System32\SHCORE.dll
0x00007ffab2020000 - 0x00007ffab2087000 	C:\Windows\System32\shlwapi.dll
0x00007ffab0280000 - 0x00007ffab02a9000 	C:\Windows\SYSTEM32\profapi.dll
0x00007ffa24d20000 - 0x00007ffa24d38000 	C:\Users\nibin\.antigravity\extensions\redhat.java-1.53.0-win32-x64\jre\21.0.10-win32-x86_64\bin\zip.dll
0x00007ffa24e60000 - 0x00007ffa24e70000 	C:\Users\nibin\.antigravity\extensions\redhat.java-1.53.0-win32-x64\jre\21.0.10-win32-x86_64\bin\net.dll
0x00007ffaa9d90000 - 0x00007ffaa9eb7000 	C:\Windows\SYSTEM32\WINHTTP.dll
0x00007ffaaf780000 - 0x00007ffaaf7eb000 	C:\Windows\system32\mswsock.dll
0x00007ffa24e40000 - 0x00007ffa24e56000 	C:\Users\nibin\.antigravity\extensions\redhat.java-1.53.0-win32-x64\jre\21.0.10-win32-x86_64\bin\nio.dll
0x00007ffa24bf0000 - 0x00007ffa24c00000 	C:\Users\nibin\.antigravity\extensions\redhat.java-1.53.0-win32-x64\jre\21.0.10-win32-x86_64\bin\verify.dll
0x00007ffa45cc0000 - 0x00007ffa45ce7000 	C:\Users\nibin\.gradle\native\1def1411415f61bf3af743bc5b6707747c0891f09f0c88961ee8f79bc544acac\windows-amd64\native-platform.dll
0x0000000069dc0000 - 0x0000000069e33000 	C:\Users\nibin\.gradle\native\0.2.5\x86_64-windows-gnu\gradle-fileevents.dll
0x00007ffa24d40000 - 0x00007ffa24d4a000 	C:\Users\nibin\.antigravity\extensions\redhat.java-1.53.0-win32-x64\jre\21.0.10-win32-x86_64\bin\management.dll
0x00007ffa24c20000 - 0x00007ffa24c2c000 	C:\Users\nibin\.antigravity\extensions\redhat.java-1.53.0-win32-x64\jre\21.0.10-win32-x86_64\bin\management_ext.dll
0x00007ffab2770000 - 0x00007ffab2778000 	C:\Windows\System32\PSAPI.DLL
0x00007ffaafa60000 - 0x00007ffaafa7b000 	C:\Windows\SYSTEM32\CRYPTSP.dll
0x00007ffaaf170000 - 0x00007ffaaf1a9000 	C:\Windows\system32\rsaenh.dll
0x00007ffaaf830000 - 0x00007ffaaf862000 	C:\Windows\SYSTEM32\USERENV.dll
0x00007ffab0250000 - 0x00007ffab027a000 	C:\Windows\SYSTEM32\bcrypt.dll
0x00007ffaafa80000 - 0x00007ffaafa8c000 	C:\Windows\SYSTEM32\CRYPTBASE.dll
0x00007ffaaebc0000 - 0x00007ffaaebf3000 	C:\Windows\SYSTEM32\IPHLPAPI.DLL
0x00007ffab3920000 - 0x00007ffab392a000 	C:\Windows\System32\NSI.dll
0x00007ffa24c00000 - 0x00007ffa24c09000 	C:\Users\nibin\.antigravity\extensions\redhat.java-1.53.0-win32-x64\jre\21.0.10-win32-x86_64\bin\extnet.dll
0x00007ffa24c10000 - 0x00007ffa24c1e000 	C:\Users\nibin\.antigravity\extensions\redhat.java-1.53.0-win32-x64\jre\21.0.10-win32-x86_64\bin\sunmscapi.dll
0x00007ffab0410000 - 0x00007ffab0587000 	C:\Windows\System32\CRYPT32.dll
0x00007ffaafc80000 - 0x00007ffaafcb0000 	C:\Windows\SYSTEM32\ncrypt.dll
0x00007ffaafc30000 - 0x00007ffaafc6f000 	C:\Windows\SYSTEM32\NTASN1.dll
0x00007ffa64ac0000 - 0x00007ffa64ac8000 	C:\Windows\system32\wshunix.dll

JVMTI agents:
C:\Users\nibin\.gradle\wrapper\dists\gradle-8.12-all\ejduaidbjup3bmmkhw3rie4zb\gradle-8.12\lib\agents\gradle-instrumentation-agent-8.12.jar path:C:\Users\nibin\.antigravity\extensions\redhat.java-1.53.0-win32-x64\jre\21.0.10-win32-x86_64\bin\instrument.dll, loaded, initialized, instrumentlib options:none

dbghelp: loaded successfully - version: 4.0.5 - missing functions: none
symbol engine: initialized successfully - sym options: 0x614 - pdb path: .;C:\Users\nibin\.antigravity\extensions\redhat.java-1.53.0-win32-x64\jre\21.0.10-win32-x86_64\bin;C:\Windows\SYSTEM32;C:\Windows\WinSxS\amd64_microsoft.windows.common-controls_6595b64144ccf1df_6.0.26100.8037_none_3e092faae333b53b;C:\Users\nibin\.antigravity\extensions\redhat.java-1.53.0-win32-x64\jre\21.0.10-win32-x86_64\bin\server;C:\Users\nibin\.gradle\native\1def1411415f61bf3af743bc5b6707747c0891f09f0c88961ee8f79bc544acac\windows-amd64;C:\Users\nibin\.gradle\native\0.2.5\x86_64-windows-gnu

VM Arguments:
jvm_args: --add-opens=java.base/java.lang=ALL-UNNAMED --add-opens=java.base/java.lang.invoke=ALL-UNNAMED --add-opens=java.base/java.util=ALL-UNNAMED --add-opens=java.prefs/java.util.prefs=ALL-UNNAMED --add-exports=jdk.compiler/com.sun.tools.javac.api=ALL-UNNAMED --add-exports=jdk.compiler/com.sun.tools.javac.util=ALL-UNNAMED --add-opens=java.base/java.util=ALL-UNNAMED --add-opens=java.prefs/java.util.prefs=ALL-UNNAMED --add-opens=java.base/java.nio.charset=ALL-UNNAMED --add-opens=java.base/java.net=ALL-UNNAMED --add-opens=java.base/java.util.concurrent.atomic=ALL-UNNAMED --add-opens=java.xml/javax.xml.namespace=ALL-UNNAMED -XX:MaxMetaspaceSize=512m -XX:ReservedCodeCacheSize=256m -XX:+HeapDumpOnOutOfMemoryError -Xmx2048m -Dfile.encoding=UTF-8 -Duser.country=US -Duser.language=en -Duser.variant -javaagent:C:\Users\nibin\.gradle\wrapper\dists\gradle-8.12-all\ejduaidbjup3bmmkhw3rie4zb\gradle-8.12\lib\agents\gradle-instrumentation-agent-8.12.jar 
java_command: org.gradle.launcher.daemon.bootstrap.GradleDaemon 8.12
java_class_path (initial): C:\Users\nibin\.gradle\wrapper\dists\gradle-8.12-all\ejduaidbjup3bmmkhw3rie4zb\gradle-8.12\lib\gradle-daemon-main-8.12.jar
Launcher Type: SUN_STANDARD

[Global flags]
     intx CICompilerCount                          = 4                                         {product} {ergonomic}
   size_t CompressedClassSpaceSize                 = 436207616                                 {product} {ergonomic}
     uint ConcGCThreads                            = 3                                         {product} {ergonomic}
     uint G1ConcRefinementThreads                  = 10                                        {product} {ergonomic}
   size_t G1HeapRegionSize                         = 1048576                                   {product} {ergonomic}
    uintx GCDrainStackTargetSize                   = 64                                        {product} {ergonomic}
     bool HeapDumpOnOutOfMemoryError               = true                                   {manageable} {command line}
   size_t InitialHeapSize                          = 130023424                                 {product} {ergonomic}
   size_t MarkStackSize                            = 4194304                                   {product} {ergonomic}
   size_t MaxHeapSize                              = 2147483648                                {product} {command line}
   size_t MaxMetaspaceSize                         = 536870912                                 {product} {command line}
   size_t MaxNewSize                               = 1287651328                                {product} {ergonomic}
   size_t MinHeapDeltaBytes                        = 1048576                                   {product} {ergonomic}
   size_t MinHeapSize                              = 8388608                                   {product} {ergonomic}
    uintx NonNMethodCodeHeapSize                   = 5839372                                {pd product} {ergonomic}
    uintx NonProfiledCodeHeapSize                  = 131298042                              {pd product} {ergonomic}
    uintx ProfiledCodeHeapSize                     = 131298042                              {pd product} {ergonomic}
    uintx ReservedCodeCacheSize                    = 268435456                              {pd product} {command line}
     bool SegmentedCodeCache                       = true                                      {product} {ergonomic}
   size_t SoftMaxHeapSize                          = 2147483648                             {manageable} {ergonomic}
     bool UseCompressedOops                        = true                           {product lp64_product} {ergonomic}
     bool UseG1GC                                  = true                                      {product} {ergonomic}
     bool UseLargePagesIndividualAllocation        = false                                  {pd product} {ergonomic}

Logging:
Log output configuration:
 #0: stdout all=warning uptime,level,tags foldmultilines=false
 #1: stderr all=off uptime,level,tags foldmultilines=false

Release file:
JAVA_VERSION="21.0.10" 
MODULES="java.base java.compiler java.datatransfer java.xml java.prefs java.desktop java.instrument java.logging java.management java.security.sasl java.naming java.rmi java.management.rmi java.net.http java.scripting java.security.jgss java.transaction.xa java.sql java.sql.rowset java.xml.crypto java.se java.smartcardio jdk.accessibility jdk.internal.jvmstat jdk.attach jdk.charsets jdk.internal.opt jdk.zipfs jdk.compiler jdk.crypto.ec jdk.crypto.cryptoki jdk.crypto.mscapi jdk.dynalink jdk.internal.ed jdk.editpad jdk.hotspot.agent jdk.httpserver jdk.internal.le jdk.internal.vm.ci jdk.internal.vm.compiler jdk.internal.vm.compiler.management jdk.jartool jdk.javadoc jdk.jcmd jdk.management jdk.management.agent jdk.jconsole jdk.jdeps jdk.jdwp.agent jdk.jdi jdk.jfr jdk.jshell jdk.jsobject jdk.jstatd jdk.localedata jdk.management.jfr jdk.naming.dns jdk.naming.rmi jdk.net jdk.nio.mapmode jdk.random jdk.sctp jdk.security.auth jdk.security.jgss jdk.unsupported jdk.unsupported.desktop jdk.xml.dom" 

Environment Variables:
JAVA_HOME=N:\Windows Files\DevTools\java
PATH=C:\Python314\Scripts\;C:\Python314\;C:\Windows\system32;C:\Windows;C:\Windows\System32\Wbem;C:\Windows\System32\WindowsPowerShell\v1.0\;C:\Windows\System32\OpenSSH\;N:\Windows Files\DevTools\Git\cmd;C:\Flutter\bin;N:\Windows Files\DevTools\apache-maven-3.9.12\bin;C:\Users\nibin\AppData\Local\Android\Sdk;N:\Windows Files\DevTools\java\bin;C:\Program Files\Eclipse Adoptium\jdk-17.0.17.10-hotspot\bin;C:\Program Files\Common Files\Oracle\Java\javapath;N:\Windows Files\DevTools\PostGres\bin;C:\Users\nibin\AppData\Local\Android\Sdk\platform-tools;N:\Windows Files\DevTools\CMake\bin;N:\Windows Files\DevTools\node\;C:\ProgramData\chocolatey\bin;N:\Windows Files\DevTools\GoLang\bin;C:\Program Files\MySQL\MySQL Server 8.0\bin;;C:\Program Files\Docker\Docker\resources\bin;C:\Program Files\Cloudflare\Cloudflare WARP\;C:\Users\nibin\AppData\Local\Microsoft\WindowsApps;N:\Windows Files\DevTools\Microsoft VS Code\bin;N:\Windows Files\DevTools\IntelliJ IDEA\IntelliJ IDEA 2025.3.1\bin;C:\Users\nibin\AppData\Roaming\npm;C:\Users\nibin\go\bin;N:\Windows Files\DevTools\Antigravity\bin;N:\Windows Files\DevTools\cursor\resources\app\bin
USERNAME=nibin
OS=Windows_NT
PROCESSOR_IDENTIFIER=Intel64 Family 6 Model 141 Stepping 1, GenuineIntel
TMP=C:\Users\nibin\AppData\Local\Temp
TEMP=C:\Users\nibin\AppData\Local\Temp




Periodic native trim disabled

---------------  S Y S T E M  ---------------

OS:
 Windows 11 , 64 bit Build 26100 (10.0.26100.7920)
OS uptime: 0 days 1:39 hours
Hyper-V role detected

CPU: total 12 (initial active 12) (6 cores per cpu, 2 threads per core) family 6 model 141 stepping 1 microcode 0x50, cx8, cmov, fxsr, ht, mmx, 3dnowpref, sse, sse2, sse3, ssse3, sse4.1, sse4.2, popcnt, lzcnt, tsc, tscinvbit, avx, avx2, aes, erms, clmul, bmi1, bmi2, adx, avx512f, avx512dq, avx512cd, avx512bw, avx512vl, sha, fma, vzeroupper, avx512_vpopcntdq, avx512_vpclmulqdq, avx512_vaes, avx512_vnni, clflush, clflushopt, clwb, avx512_vbmi2, avx512_vbmi, hv, rdtscp, rdpid, fsrm, gfni, avx512_bitalg, f16c, cet_ibt, cet_ss, avx512_ifma
Processor Information for the first 12 processors :
  Max Mhz: 2688, Current Mhz: 2688, Mhz Limit: 2688

Memory: 4k page, system-wide physical 7913M (104M free)
TotalPageFile size 32489M (AvailPageFile size 6M)
current process WorkingSet (physical memory assigned to process): 175M, peak: 176M
current process commit charge ("private bytes"): 276M, peak: 277M

vm_info: OpenJDK 64-Bit Server VM (21.0.10+7-LTS) for windows-amd64 JRE (21.0.10+7-LTS), built on 2026-01-20T00:00:00Z by "admin" with MS VC++ 17.12 (VS2022)

END.
