#
# There is insufficient memory for the Java Runtime Environment to continue.
# Native memory allocation (malloc) failed to allocate 1462896 bytes for Chunk::new
# Possible reasons:
#   The system is out of physical RAM or swap space
#   The process is running with CompressedOops enabled, and the Java Heap may be blocking the growth of the native heap
# Possible solutions:
#   Reduce memory load on the system
#   Increase physical memory or swap space
#   Check if swap backing store is full
#   Decrease Java heap size (-Xmx/-Xms)
#   Decrease number of Java threads
#   Decrease Java thread stack sizes (-Xss)
#   Set larger code cache with -XX:ReservedCodeCacheSize=
#   JVM is running with Zero Based Compressed Oops mode in which the Java heap is
#     placed in the first 32GB address space. The Java Heap base address is the
#     maximum limit for the native heap growth. Please use -XX:HeapBaseMinAddress
#     to set the Java Heap base and to place the Java Heap above 32GB virtual address.
# This output file may be truncated or incomplete.
#
#  Out of Memory Error (arena.cpp:168), pid=12536, tid=20240
#
# JRE version: Java(TM) SE Runtime Environment (21.0.9+7) (build 21.0.9+7-LTS-338)
# Java VM: Java HotSpot(TM) 64-Bit Server VM (21.0.9+7-LTS-338, mixed mode, sharing, tiered, compressed oops, compressed class ptrs, g1 gc, windows-amd64)
# No core dump will be written. Minidumps are not enabled by default on client versions of Windows
#

---------------  S U M M A R Y ------------

Command Line: --add-opens=java.base/java.lang=ALL-UNNAMED --add-opens=java.base/java.lang.invoke=ALL-UNNAMED --add-opens=java.base/java.util=ALL-UNNAMED --add-opens=java.prefs/java.util.prefs=ALL-UNNAMED --add-exports=jdk.compiler/com.sun.tools.javac.api=ALL-UNNAMED --add-exports=jdk.compiler/com.sun.tools.javac.util=ALL-UNNAMED --add-opens=java.base/java.util=ALL-UNNAMED --add-opens=java.prefs/java.util.prefs=ALL-UNNAMED --add-opens=java.base/java.nio.charset=ALL-UNNAMED --add-opens=java.base/java.net=ALL-UNNAMED --add-opens=java.base/java.util.concurrent.atomic=ALL-UNNAMED --add-opens=java.xml/javax.xml.namespace=ALL-UNNAMED -XX:MaxMetaspaceSize=4G -XX:ReservedCodeCacheSize=512m -XX:+HeapDumpOnOutOfMemoryError -Xmx8G -Dfile.encoding=UTF-8 -Duser.country=US -Duser.language=en -Duser.variant -javaagent:C:\Users\nibin\.gradle\wrapper\dists\gradle-8.12-all\ejduaidbjup3bmmkhw3rie4zb\gradle-8.12\lib\agents\gradle-instrumentation-agent-8.12.jar org.gradle.launcher.daemon.bootstrap.GradleDaemon 8.12

Host: 11th Gen Intel(R) Core(TM) i5-11400H @ 2.70GHz, 12 cores, 7G,  Windows 11 , 64 bit Build 26100 (10.0.26100.7623)
Time: Wed Jan 21 16:42:46 2026 India Standard Time elapsed time: 12.930739 seconds (0d 0h 0m 12s)

---------------  T H R E A D  ---------------

Current thread (0x000001a4cb3c1ed0):  JavaThread "C2 CompilerThread0" daemon [_thread_in_native, id=20240, stack(0x0000004b30600000,0x0000004b30700000) (1024K)]


Current CompileTask:
C2:  12930 6983   !   4       java.net.URLClassLoader::findClass (47 bytes)

Stack: [0x0000004b30600000,0x0000004b30700000]
Native frames: (J=compiled Java code, j=interpreted, Vv=VM code, C=native code)
V  [jvm.dll+0x6cbf89]
V  [jvm.dll+0x858421]
V  [jvm.dll+0x85a94e]
V  [jvm.dll+0x85b023]
V  [jvm.dll+0x27ebc6]
V  [jvm.dll+0xc4f4d]
V  [jvm.dll+0xc5483]
V  [jvm.dll+0x3b69c2]
V  [jvm.dll+0x1e0363]
V  [jvm.dll+0x247792]
V  [jvm.dll+0x246c1f]
V  [jvm.dll+0x1c7a3e]
V  [jvm.dll+0x256329]
V  [jvm.dll+0x2548ba]
V  [jvm.dll+0x3efdee]
V  [jvm.dll+0x80265b]
V  [jvm.dll+0x6ca66d]
C  [ucrtbase.dll+0x37b0]
C  [KERNEL32.DLL+0x2e8d7]
C  [ntdll.dll+0x8c53c]


---------------  P R O C E S S  ---------------

Threads class SMR info:
_java_thread_list=0x000001a5162735d0, length=76, elements={
0x000001a4942b6c70, 0x000001a4cb3a8c60, 0x000001a4cb3a97c0, 0x000001a4cb3aca40,
0x000001a4cb3add10, 0x000001a4cb3b1550, 0x000001a4cb3b4a90, 0x000001a4cb3c1ed0,
0x000001a4cb3c2dd0, 0x000001a4cb3b5120, 0x000001a4cb3b36e0, 0x000001a4cb3b57b0,
0x000001a4cb3b5e40, 0x000001a4cb3b64d0, 0x000001a4cb3b3d70, 0x000001a4cb3b4400,
0x000001a512cb1b70, 0x000001a512cb2890, 0x000001a512cb2200, 0x000001a512caf410,
0x000001a512cb2f20, 0x000001a512cafaa0, 0x000001a512cb35b0, 0x000001a512cb14e0,
0x000001a512cb0130, 0x000001a512cb3c40, 0x000001a512cb42d0, 0x000001a512cb0e50,
0x000001a512cb63a0, 0x000001a512cb4960, 0x000001a512cb4ff0, 0x000001a512cb5680,
0x000001a512cb5d10, 0x000001a514dc8320, 0x000001a514dc7c90, 0x000001a514dc89b0,
0x000001a514dc6f70, 0x000001a514dc5bc0, 0x000001a514dc5530, 0x000001a516e297d0,
0x000001a516e28ab0, 0x000001a516e29140, 0x000001a516e269e0, 0x000001a516e2a4f0,
0x000001a516e2ab80, 0x000001a516e2b210, 0x000001a516e27d90, 0x000001a516e2b8a0,
0x000001a516e28420, 0x000001a516e2bf30, 0x000001a516e2d970, 0x000001a516e2c5c0,
0x000001a516e2cc50, 0x000001a516e2d2e0, 0x000001a514831eb0, 0x000001a514833f80,
0x000001a514834610, 0x000001a514834ca0, 0x000001a514835330, 0x000001a5148359c0,
0x000001a5148338f0, 0x000001a514832bd0, 0x000001a514833260, 0x000001a514832540,
0x000001a5148366e0, 0x000001a514838e40, 0x000001a5148387b0, 0x000001a5148394d0,
0x000001a514838120, 0x000001a514837400, 0x000001a514836050, 0x000001a514836d70,
0x000001a514837a90, 0x000001a514b15490, 0x000001a514b13a50, 0x000001a514b12010
}

Java Threads: ( => current thread )
  0x000001a4942b6c70 JavaThread "main"                              [_thread_blocked, id=6760, stack(0x0000004b2f800000,0x0000004b2f900000) (1024K)]
  0x000001a4cb3a8c60 JavaThread "Reference Handler"          daemon [_thread_blocked, id=21464, stack(0x0000004b30000000,0x0000004b30100000) (1024K)]
  0x000001a4cb3a97c0 JavaThread "Finalizer"                  daemon [_thread_blocked, id=7908, stack(0x0000004b30100000,0x0000004b30200000) (1024K)]
  0x000001a4cb3aca40 JavaThread "Signal Dispatcher"          daemon [_thread_blocked, id=19564, stack(0x0000004b30200000,0x0000004b30300000) (1024K)]
  0x000001a4cb3add10 JavaThread "Attach Listener"            daemon [_thread_blocked, id=16704, stack(0x0000004b30300000,0x0000004b30400000) (1024K)]
  0x000001a4cb3b1550 JavaThread "Service Thread"             daemon [_thread_blocked, id=200, stack(0x0000004b30400000,0x0000004b30500000) (1024K)]
  0x000001a4cb3b4a90 JavaThread "Monitor Deflation Thread"   daemon [_thread_blocked, id=7272, stack(0x0000004b30500000,0x0000004b30600000) (1024K)]
=>0x000001a4cb3c1ed0 JavaThread "C2 CompilerThread0"         daemon [_thread_in_native, id=20240, stack(0x0000004b30600000,0x0000004b30700000) (1024K)]
  0x000001a4cb3c2dd0 JavaThread "C1 CompilerThread0"         daemon [_thread_blocked, id=12372, stack(0x0000004b30700000,0x0000004b30800000) (1024K)]
  0x000001a4cb3b5120 JavaThread "Common-Cleaner"             daemon [_thread_blocked, id=23404, stack(0x0000004b30800000,0x0000004b30900000) (1024K)]
  0x000001a4cb3b36e0 JavaThread "Notification Thread"        daemon [_thread_blocked, id=16220, stack(0x0000004b30900000,0x0000004b30a00000) (1024K)]
  0x000001a4cb3b57b0 JavaThread "Daemon health stats"               [_thread_blocked, id=10600, stack(0x0000004b30f00000,0x0000004b31000000) (1024K)]
  0x000001a4cb3b5e40 JavaThread "Incoming local TCP Connector on port 57748"        [_thread_in_native, id=21484, stack(0x0000004b31000000,0x0000004b31100000) (1024K)]
  0x000001a4cb3b64d0 JavaThread "Daemon periodic checks"            [_thread_blocked, id=9108, stack(0x0000004b31100000,0x0000004b31200000) (1024K)]
  0x000001a4cb3b3d70 JavaThread "Daemon"                            [_thread_blocked, id=2140, stack(0x0000004b31200000,0x0000004b31300000) (1024K)]
  0x000001a4cb3b4400 JavaThread "Handler for socket connection from /127.0.0.1:57748 to /127.0.0.1:57749"        [_thread_in_native, id=19200, stack(0x0000004b31300000,0x0000004b31400000) (1024K)]
  0x000001a512cb1b70 JavaThread "Cancel handler"                    [_thread_blocked, id=20392, stack(0x0000004b31400000,0x0000004b31500000) (1024K)]
  0x000001a512cb2890 JavaThread "Daemon worker"                     [_thread_in_Java, id=22372, stack(0x0000004b31500000,0x0000004b31600000) (1024K)]
  0x000001a512cb2200 JavaThread "Asynchronous log dispatcher for DefaultDaemonConnection: socket connection from /127.0.0.1:57748 to /127.0.0.1:57749"        [_thread_blocked, id=17100, stack(0x0000004b31600000,0x0000004b31700000) (1024K)]
  0x000001a512caf410 JavaThread "Stdin handler"                     [_thread_blocked, id=23332, stack(0x0000004b31700000,0x0000004b31800000) (1024K)]
  0x000001a512cb2f20 JavaThread "Daemon client event forwarder"        [_thread_blocked, id=21416, stack(0x0000004b31800000,0x0000004b31900000) (1024K)]
  0x000001a512cafaa0 JavaThread "Cache worker for journal cache (C:\Users\nibin\.gradle\caches\journal-1)"        [_thread_blocked, id=19708, stack(0x0000004b31900000,0x0000004b31a00000) (1024K)]
  0x000001a512cb35b0 JavaThread "File lock request listener"        [_thread_in_native, id=1784, stack(0x0000004b31a00000,0x0000004b31b00000) (1024K)]
  0x000001a512cb14e0 JavaThread "Cache worker for file hash cache (C:\Users\nibin\.gradle\caches\8.12\fileHashes)"        [_thread_blocked, id=2972, stack(0x0000004b31b00000,0x0000004b31c00000) (1024K)]
  0x000001a512cb0130 JavaThread "Cache worker for file hash cache (N:\Downloads\Projects\Flutter\Aura\aura_app\android\.gradle\8.12\fileHashes)"        [_thread_blocked, id=11656, stack(0x0000004b32400000,0x0000004b32500000) (1024K)]
  0x000001a512cb3c40 JavaThread "Cache worker for Build Output Cleanup Cache (N:\Downloads\Projects\Flutter\Aura\aura_app\android\.gradle\buildOutputCleanup)"        [_thread_blocked, id=22300, stack(0x0000004b32500000,0x0000004b32600000) (1024K)]
  0x000001a512cb42d0 JavaThread "File watcher server"        daemon [_thread_in_native, id=23172, stack(0x0000004b32600000,0x0000004b32700000) (1024K)]
  0x000001a512cb0e50 JavaThread "File watcher consumer"      daemon [_thread_blocked, id=4516, stack(0x0000004b32700000,0x0000004b32800000) (1024K)]
  0x000001a512cb63a0 JavaThread "jar transforms"                    [_thread_blocked, id=6060, stack(0x0000004b32800000,0x0000004b32900000) (1024K)]
  0x000001a512cb4960 JavaThread "jar transforms Thread 2"           [_thread_blocked, id=21448, stack(0x0000004b32900000,0x0000004b32a00000) (1024K)]
  0x000001a512cb4ff0 JavaThread "jar transforms Thread 3"           [_thread_blocked, id=19144, stack(0x0000004b32a00000,0x0000004b32b00000) (1024K)]
  0x000001a512cb5680 JavaThread "jar transforms Thread 4"           [_thread_blocked, id=16144, stack(0x0000004b31c00000,0x0000004b31d00000) (1024K)]
  0x000001a512cb5d10 JavaThread "jar transforms Thread 5"           [_thread_blocked, id=18420, stack(0x0000004b32b00000,0x0000004b32c00000) (1024K)]
  0x000001a514dc8320 JavaThread "Cache worker for checksums cache (N:\Downloads\Projects\Flutter\Aura\aura_app\android\.gradle\8.12\checksums)"        [_thread_blocked, id=896, stack(0x0000004b32d00000,0x0000004b32e00000) (1024K)]
  0x000001a514dc7c90 JavaThread "Cache worker for file content cache (C:\Users\nibin\.gradle\caches\8.12\fileContent)"        [_thread_blocked, id=7280, stack(0x0000004b32e00000,0x0000004b32f00000) (1024K)]
  0x000001a514dc89b0 JavaThread "jar transforms Thread 6"           [_thread_blocked, id=18472, stack(0x0000004b32f00000,0x0000004b33000000) (1024K)]
  0x000001a514dc6f70 JavaThread "jar transforms Thread 7"           [_thread_blocked, id=9884, stack(0x0000004b33000000,0x0000004b33100000) (1024K)]
  0x000001a514dc5bc0 JavaThread "jar transforms Thread 8"           [_thread_blocked, id=20688, stack(0x0000004b33100000,0x0000004b33200000) (1024K)]
  0x000001a514dc5530 JavaThread "jar transforms Thread 9"           [_thread_blocked, id=11552, stack(0x0000004b33200000,0x0000004b33300000) (1024K)]
  0x000001a516e297d0 JavaThread "Cache worker for cache directory md-rule (C:\Users\nibin\.gradle\caches\8.12\md-rule)"        [_thread_blocked, id=10536, stack(0x0000004b33300000,0x0000004b33400000) (1024K)]
  0x000001a516e28ab0 JavaThread "Cache worker for cache directory md-supplier (C:\Users\nibin\.gradle\caches\8.12\md-supplier)"        [_thread_blocked, id=5268, stack(0x0000004b33400000,0x0000004b33500000) (1024K)]
  0x000001a516e29140 JavaThread "Cache worker for Build Output Cleanup Cache (C:\Flutter\packages\flutter_tools\gradle\.gradle\buildOutputCleanup)"        [_thread_blocked, id=21724, stack(0x0000004b33500000,0x0000004b33600000) (1024K)]
  0x000001a516e269e0 JavaThread "Unconstrained build operations"        [_thread_blocked, id=13304, stack(0x0000004b30a00000,0x0000004b30b00000) (1024K)]
  0x000001a516e2a4f0 JavaThread "Unconstrained build operations Thread 2"        [_thread_blocked, id=18972, stack(0x0000004b32c00000,0x0000004b32d00000) (1024K)]
  0x000001a516e2ab80 JavaThread "Unconstrained build operations Thread 3"        [_thread_blocked, id=18292, stack(0x0000004b33600000,0x0000004b33700000) (1024K)]
  0x000001a516e2b210 JavaThread "Unconstrained build operations Thread 4"        [_thread_blocked, id=1372, stack(0x0000004b33700000,0x0000004b33800000) (1024K)]
  0x000001a516e27d90 JavaThread "Unconstrained build operations Thread 5"        [_thread_blocked, id=11664, stack(0x0000004b33800000,0x0000004b33900000) (1024K)]
  0x000001a516e2b8a0 JavaThread "Unconstrained build operations Thread 6"        [_thread_blocked, id=16908, stack(0x0000004b33900000,0x0000004b33a00000) (1024K)]
  0x000001a516e28420 JavaThread "Unconstrained build operations Thread 7"        [_thread_blocked, id=17800, stack(0x0000004b33a00000,0x0000004b33b00000) (1024K)]
  0x000001a516e2bf30 JavaThread "Unconstrained build operations Thread 8"        [_thread_blocked, id=19716, stack(0x0000004b33b00000,0x0000004b33c00000) (1024K)]
  0x000001a516e2d970 JavaThread "Unconstrained build operations Thread 9"        [_thread_blocked, id=19212, stack(0x0000004b33c00000,0x0000004b33d00000) (1024K)]
  0x000001a516e2c5c0 JavaThread "Unconstrained build operations Thread 10"        [_thread_blocked, id=8568, stack(0x0000004b33d00000,0x0000004b33e00000) (1024K)]
  0x000001a516e2cc50 JavaThread "Unconstrained build operations Thread 11"        [_thread_blocked, id=1460, stack(0x0000004b33e00000,0x0000004b33f00000) (1024K)]
  0x000001a516e2d2e0 JavaThread "Unconstrained build operations Thread 12"        [_thread_blocked, id=4856, stack(0x0000004b33f00000,0x0000004b34000000) (1024K)]
  0x000001a514831eb0 JavaThread "Unconstrained build operations Thread 13"        [_thread_blocked, id=15104, stack(0x0000004b34000000,0x0000004b34100000) (1024K)]
  0x000001a514833f80 JavaThread "Unconstrained build operations Thread 14"        [_thread_blocked, id=2296, stack(0x0000004b34100000,0x0000004b34200000) (1024K)]
  0x000001a514834610 JavaThread "Unconstrained build operations Thread 15"        [_thread_blocked, id=21304, stack(0x0000004b34200000,0x0000004b34300000) (1024K)]
  0x000001a514834ca0 JavaThread "Unconstrained build operations Thread 16"        [_thread_blocked, id=2656, stack(0x0000004b34300000,0x0000004b34400000) (1024K)]
  0x000001a514835330 JavaThread "Unconstrained build operations Thread 17"        [_thread_blocked, id=15416, stack(0x0000004b34400000,0x0000004b34500000) (1024K)]
  0x000001a5148359c0 JavaThread "Unconstrained build operations Thread 18"        [_thread_blocked, id=17756, stack(0x0000004b34500000,0x0000004b34600000) (1024K)]
  0x000001a5148338f0 JavaThread "Unconstrained build operations Thread 19"        [_thread_blocked, id=616, stack(0x0000004b34600000,0x0000004b34700000) (1024K)]
  0x000001a514832bd0 JavaThread "Unconstrained build operations Thread 20"        [_thread_blocked, id=13676, stack(0x0000004b34700000,0x0000004b34800000) (1024K)]
  0x000001a514833260 JavaThread "Unconstrained build operations Thread 21"        [_thread_blocked, id=6828, stack(0x0000004b34800000,0x0000004b34900000) (1024K)]
  0x000001a514832540 JavaThread "Unconstrained build operations Thread 22"        [_thread_blocked, id=20132, stack(0x0000004b34900000,0x0000004b34a00000) (1024K)]
  0x000001a5148366e0 JavaThread "Unconstrained build operations Thread 23"        [_thread_blocked, id=10228, stack(0x0000004b34a00000,0x0000004b34b00000) (1024K)]
  0x000001a514838e40 JavaThread "Unconstrained build operations Thread 24"        [_thread_blocked, id=22616, stack(0x0000004b34b00000,0x0000004b34c00000) (1024K)]
  0x000001a5148387b0 JavaThread "Unconstrained build operations Thread 25"        [_thread_blocked, id=5876, stack(0x0000004b34c00000,0x0000004b34d00000) (1024K)]
  0x000001a5148394d0 JavaThread "Unconstrained build operations Thread 26"        [_thread_blocked, id=23532, stack(0x0000004b34d00000,0x0000004b34e00000) (1024K)]
  0x000001a514838120 JavaThread "Unconstrained build operations Thread 27"        [_thread_blocked, id=11152, stack(0x0000004b34e00000,0x0000004b34f00000) (1024K)]
  0x000001a514837400 JavaThread "Unconstrained build operations Thread 28"        [_thread_blocked, id=21644, stack(0x0000004b34f00000,0x0000004b35000000) (1024K)]
  0x000001a514836050 JavaThread "Unconstrained build operations Thread 29"        [_thread_blocked, id=17752, stack(0x0000004b35000000,0x0000004b35100000) (1024K)]
  0x000001a514836d70 JavaThread "Unconstrained build operations Thread 30"        [_thread_blocked, id=18212, stack(0x0000004b35100000,0x0000004b35200000) (1024K)]
  0x000001a514837a90 JavaThread "Unconstrained build operations Thread 31"        [_thread_blocked, id=22728, stack(0x0000004b35200000,0x0000004b35300000) (1024K)]
  0x000001a514b15490 JavaThread "Unconstrained build operations Thread 32"        [_thread_blocked, id=20580, stack(0x0000004b35300000,0x0000004b35400000) (1024K)]
  0x000001a514b13a50 JavaThread "Unconstrained build operations Thread 33"        [_thread_blocked, id=22768, stack(0x0000004b35400000,0x0000004b35500000) (1024K)]
  0x000001a514b12010 JavaThread "Memory manager"                    [_thread_blocked, id=19916, stack(0x0000004b35500000,0x0000004b35600000) (1024K)]
Total: 76

Other Threads:
  0x000001a4cb38b4e0 VMThread "VM Thread"                           [id=17772, stack(0x0000004b2ff00000,0x0000004b30000000) (1024K)]
  0x000001a4cb379690 WatcherThread "VM Periodic Task Thread"        [id=4656, stack(0x0000004b2fe00000,0x0000004b2ff00000) (1024K)]
  0x000001a496573e00 WorkerThread "GC Thread#0"                     [id=3960, stack(0x0000004b2f900000,0x0000004b2fa00000) (1024K)]
  0x000001a5112d0050 WorkerThread "GC Thread#1"                     [id=19472, stack(0x0000004b30b00000,0x0000004b30c00000) (1024K)]
  0x000001a5113543c0 WorkerThread "GC Thread#2"                     [id=15572, stack(0x0000004b30c00000,0x0000004b30d00000) (1024K)]
  0x000001a511edf980 WorkerThread "GC Thread#3"                     [id=18288, stack(0x0000004b30d00000,0x0000004b30e00000) (1024K)]
  0x000001a511f99170 WorkerThread "GC Thread#4"                     [id=22228, stack(0x0000004b30e00000,0x0000004b30f00000) (1024K)]
  0x000001a513265ab0 WorkerThread "GC Thread#5"                     [id=11360, stack(0x0000004b31d00000,0x0000004b31e00000) (1024K)]
  0x000001a5143fd1b0 WorkerThread "GC Thread#6"                     [id=10856, stack(0x0000004b31e00000,0x0000004b31f00000) (1024K)]
  0x000001a5143fd560 WorkerThread "GC Thread#7"                     [id=21292, stack(0x0000004b31f00000,0x0000004b32000000) (1024K)]
  0x000001a514690f80 WorkerThread "GC Thread#8"                     [id=4076, stack(0x0000004b32000000,0x0000004b32100000) (1024K)]
  0x000001a514690820 WorkerThread "GC Thread#9"                     [id=17940, stack(0x0000004b32100000,0x0000004b32200000) (1024K)]
  0x000001a496584f50 ConcurrentGCThread "G1 Main Marker"            [id=11240, stack(0x0000004b2fa00000,0x0000004b2fb00000) (1024K)]
  0x000001a496587630 WorkerThread "G1 Conc#0"                       [id=13064, stack(0x0000004b2fb00000,0x0000004b2fc00000) (1024K)]
  0x000001a5172547c0 WorkerThread "G1 Conc#1"                       [id=19188, stack(0x0000004b32200000,0x0000004b32300000) (1024K)]
  0x000001a517253900 WorkerThread "G1 Conc#2"                       [id=19436, stack(0x0000004b32300000,0x0000004b32400000) (1024K)]
  0x000001a4cb247ae0 ConcurrentGCThread "G1 Refine#0"               [id=22424, stack(0x0000004b2fc00000,0x0000004b2fd00000) (1024K)]
  0x000001a4cb248410 ConcurrentGCThread "G1 Service"                [id=11232, stack(0x0000004b2fd00000,0x0000004b2fe00000) (1024K)]
Total: 18

Threads with active compile tasks:
C2 CompilerThread0    12955 6983   !   4       java.net.URLClassLoader::findClass (47 bytes)
Total: 1

VM state: not at safepoint (normal execution)

VM Mutex/Monitor currently owned by a thread: None

Heap address: 0x0000000600000000, size: 8192 MB, Compressed Oops mode: Zero based, Oop shift amount: 3

CDS archive(s) mapped at: [0x000001a4cc000000-0x000001a4ccc90000-0x000001a4ccc90000), size 13172736, SharedBaseAddress: 0x000001a4cc000000, ArchiveRelocationMode: 1.
Compressed class space mapped at: 0x000001a4cd000000-0x000001a50d000000, reserved size: 1073741824
Narrow klass base: 0x000001a4cc000000, Narrow klass shift: 0, Narrow klass range: 0x100000000

GC Precious Log:
 CardTable entry size: 512
 Card Set container configuration: InlinePtr #cards 4 size 8 Array Of Cards #cards 32 size 80 Howl #buckets 8 coarsen threshold 7372 Howl Bitmap #cards 1024 size 144 coarsen threshold 921 Card regions per heap region 1 cards per card region 8192
 CPUs: 12 total, 12 available
 Memory: 7913M
 Large Page Support: Disabled
 NUMA Support: Disabled
 Compressed Oops: Enabled (Zero based)
 Heap Region Size: 4M
 Heap Min Capacity: 8M
 Heap Initial Capacity: 124M
 Heap Max Capacity: 8G
 Pre-touch: Disabled
 Parallel Workers: 10
 Concurrent Workers: 3
 Concurrent Refinement Workers: 10
 Periodic GC: Disabled

Heap:
 garbage-first heap   total 131072K, used 75025K [0x0000000600000000, 0x0000000800000000)
  region size 4096K, 10 young (40960K), 3 survivors (12288K)
 Metaspace       used 57270K, committed 59264K, reserved 1114112K
  class space    used 8193K, committed 9152K, reserved 1048576K

Heap Regions: E=young(eden), S=young(survivor), O=old, HS=humongous(starts), HC=humongous(continues), CS=collection set, F=free, TAMS=top-at-mark-start, PB=parsable bottom
|   0|0x0000000600000000, 0x0000000600400000, 0x0000000600400000|100%|HS|  |TAMS 0x0000000600000000| PB 0x0000000600000000| Complete 
|   1|0x0000000600400000, 0x0000000600800000, 0x0000000600800000|100%| O|  |TAMS 0x0000000600400000| PB 0x0000000600400000| Untracked 
|   2|0x0000000600800000, 0x0000000600c00000, 0x0000000600c00000|100%| O|  |TAMS 0x0000000600800000| PB 0x0000000600800000| Untracked 
|   3|0x0000000600c00000, 0x0000000600fc7178, 0x0000000601000000| 94%| O|  |TAMS 0x0000000600c00000| PB 0x0000000600c00000| Untracked 
|   4|0x0000000601000000, 0x0000000601400000, 0x0000000601400000|100%| O|  |TAMS 0x0000000601000000| PB 0x0000000601000000| Untracked 
|   5|0x0000000601400000, 0x0000000601800000, 0x0000000601800000|100%| O|  |TAMS 0x0000000601400000| PB 0x0000000601400000| Untracked 
|   6|0x0000000601800000, 0x0000000601c00000, 0x0000000601c00000|100%| O|  |TAMS 0x0000000601800000| PB 0x0000000601800000| Untracked 
|   7|0x0000000601c00000, 0x0000000602000000, 0x0000000602000000|100%| O|  |TAMS 0x0000000601c00000| PB 0x0000000601c00000| Untracked 
|   8|0x0000000602000000, 0x000000060217d658, 0x0000000602400000| 37%| O|  |TAMS 0x0000000602000000| PB 0x0000000602000000| Untracked 
|   9|0x0000000602400000, 0x0000000602400000, 0x0000000602800000|  0%| F|  |TAMS 0x0000000602400000| PB 0x0000000602400000| Untracked 
|  10|0x0000000602800000, 0x0000000602c00000, 0x0000000602c00000|100%| S|CS|TAMS 0x0000000602800000| PB 0x0000000602800000| Complete 
|  11|0x0000000602c00000, 0x0000000603000000, 0x0000000603000000|100%| S|CS|TAMS 0x0000000602c00000| PB 0x0000000602c00000| Complete 
|  12|0x0000000603000000, 0x0000000603400000, 0x0000000603400000|100%| S|CS|TAMS 0x0000000603000000| PB 0x0000000603000000| Complete 
|  13|0x0000000603400000, 0x0000000603400000, 0x0000000603800000|  0%| F|  |TAMS 0x0000000603400000| PB 0x0000000603400000| Untracked 
|  14|0x0000000603800000, 0x0000000603800000, 0x0000000603c00000|  0%| F|  |TAMS 0x0000000603800000| PB 0x0000000603800000| Untracked 
|  15|0x0000000603c00000, 0x0000000603c00000, 0x0000000604000000|  0%| F|  |TAMS 0x0000000603c00000| PB 0x0000000603c00000| Untracked 
|  16|0x0000000604000000, 0x0000000604000000, 0x0000000604400000|  0%| F|  |TAMS 0x0000000604000000| PB 0x0000000604000000| Untracked 
|  17|0x0000000604400000, 0x0000000604400000, 0x0000000604800000|  0%| F|  |TAMS 0x0000000604400000| PB 0x0000000604400000| Untracked 
|  18|0x0000000604800000, 0x0000000604800000, 0x0000000604c00000|  0%| F|  |TAMS 0x0000000604800000| PB 0x0000000604800000| Untracked 
|  19|0x0000000604c00000, 0x0000000604c00000, 0x0000000605000000|  0%| F|  |TAMS 0x0000000604c00000| PB 0x0000000604c00000| Untracked 
|  20|0x0000000605000000, 0x0000000605000000, 0x0000000605400000|  0%| F|  |TAMS 0x0000000605000000| PB 0x0000000605000000| Untracked 
|  21|0x0000000605400000, 0x0000000605400000, 0x0000000605800000|  0%| F|  |TAMS 0x0000000605400000| PB 0x0000000605400000| Untracked 
|  22|0x0000000605800000, 0x0000000605800000, 0x0000000605c00000|  0%| F|  |TAMS 0x0000000605800000| PB 0x0000000605800000| Untracked 
|  23|0x0000000605c00000, 0x0000000605c00000, 0x0000000606000000|  0%| F|  |TAMS 0x0000000605c00000| PB 0x0000000605c00000| Untracked 
|  24|0x0000000606000000, 0x00000006063cc848, 0x0000000606400000| 94%| E|  |TAMS 0x0000000606000000| PB 0x0000000606000000| Complete 
|  25|0x0000000606400000, 0x0000000606800000, 0x0000000606800000|100%| E|CS|TAMS 0x0000000606400000| PB 0x0000000606400000| Complete 
|  26|0x0000000606800000, 0x0000000606c00000, 0x0000000606c00000|100%| E|CS|TAMS 0x0000000606800000| PB 0x0000000606800000| Complete 
|  27|0x0000000606c00000, 0x0000000607000000, 0x0000000607000000|100%| E|CS|TAMS 0x0000000606c00000| PB 0x0000000606c00000| Complete 
|  28|0x0000000607000000, 0x0000000607400000, 0x0000000607400000|100%| E|CS|TAMS 0x0000000607000000| PB 0x0000000607000000| Complete 
|  29|0x0000000607400000, 0x0000000607800000, 0x0000000607800000|100%| E|CS|TAMS 0x0000000607400000| PB 0x0000000607400000| Complete 
|  30|0x0000000607800000, 0x0000000607c00000, 0x0000000607c00000|100%| E|CS|TAMS 0x0000000607800000| PB 0x0000000607800000| Complete 
|2047|0x00000007ffc00000, 0x0000000800000000, 0x0000000800000000|100%| O|  |TAMS 0x00000007ffc00000| PB 0x00000007ffc00000| Untracked 

Card table byte_map: [0x000001a4c00e0000,0x000001a4c10e0000] _byte_map_base: 0x000001a4bd0e0000

Marking Bits: (CMBitMap*) 0x000001a496574510
 Bits: [0x000001a4c10e0000, 0x000001a4c90e0000)

Polling page: 0x000001a494420000

Metaspace:

Usage:
  Non-class:     47.93 MB used.
      Class:      8.00 MB used.
       Both:     55.93 MB used.

Virtual space:
  Non-class space:       64.00 MB reserved,      48.94 MB ( 76%) committed,  1 nodes.
      Class space:        1.00 GB reserved,       8.94 MB ( <1%) committed,  1 nodes.
             Both:        1.06 GB reserved,      57.88 MB (  5%) committed. 

Chunk freelists:
   Non-Class:  14.75 MB
       Class:  6.94 MB
        Both:  21.69 MB

MaxMetaspaceSize: 4.00 GB
CompressedClassSpaceSize: 1.00 GB
Initial GC threshold: 21.00 MB
Current GC threshold: 58.88 MB
CDS: on
 - commit_granule_bytes: 65536.
 - commit_granule_words: 8192.
 - virtual_space_node_default_size: 8388608.
 - enlarge_chunks_in_place: 1.
 - use_allocation_guard: 0.


Internal statistics:

num_allocs_failed_limit: 6.
num_arena_births: 3566.
num_arena_deaths: 0.
num_vsnodes_births: 2.
num_vsnodes_deaths: 0.
num_space_committed: 926.
num_space_uncommitted: 0.
num_chunks_returned_to_freelist: 6.
num_chunks_taken_from_freelist: 6400.
num_chunk_merges: 3.
num_chunk_splits: 4070.
num_chunks_enlarged: 2390.
num_inconsistent_stats: 0.

CodeHeap 'non-profiled nmethods': size=259264Kb used=3962Kb max_used=3962Kb free=255301Kb
 bounds [0x000001a4aec40000, 0x000001a4af020000, 0x000001a4be970000]
CodeHeap 'profiled nmethods': size=259264Kb used=12912Kb max_used=12912Kb free=246351Kb
 bounds [0x000001a49e970000, 0x000001a49f610000, 0x000001a4ae6a0000]
CodeHeap 'non-nmethods': size=5760Kb used=3008Kb max_used=3021Kb free=2751Kb
 bounds [0x000001a4ae6a0000, 0x000001a4ae9a0000, 0x000001a4aec40000]
 total_blobs=7464 nmethods=6580 adapters=788
 compilation: enabled
              stopped_count=0, restarted_count=0
 full_count=0

Compilation events (20 events):
Event: 11.912 Thread 0x000001a4cb3c2dd0 7067       1       org.gradle.internal.code.DefaultUserCodeApplicationContext::access$000 (5 bytes)
Event: 11.912 Thread 0x000001a4cb3c2dd0 nmethod 7067 0x000001a4af01da90 code [0x000001a4af01dc20, 0x000001a4af01dcd0]
Event: 11.912 Thread 0x000001a4cb3c2dd0 7069       3       org.apache.commons.lang.text.StrBuilder::ensureCapacity (39 bytes)
Event: 11.913 Thread 0x000001a4cb3c2dd0 nmethod 7069 0x000001a49f604190 code [0x000001a49f604340, 0x000001a49f604648]
Event: 11.913 Thread 0x000001a4cb3c2dd0 7070       3       org.gradle.internal.operations.DefaultBuildOperationListenerManager$1::started (47 bytes)
Event: 11.913 Thread 0x000001a4cb3c2dd0 nmethod 7070 0x000001a49f604790 code [0x000001a49f604980, 0x000001a49f604ef0]
Event: 11.913 Thread 0x000001a4cb3c2dd0 7071       1       org.gradle.internal.extensibility.ExtensionsStorage$ExtensionHolder::getPublicType (5 bytes)
Event: 11.913 Thread 0x000001a4cb3c2dd0 nmethod 7071 0x000001a4af01dd90 code [0x000001a4af01df20, 0x000001a4af01dff0]
Event: 11.921 Thread 0x000001a4cb3c2dd0 7072       3       org.gradle.internal.instantiation.generator.AsmBackedClassGenerator$ClassBuilderImpl$$Lambda/0x000001a4cd1e6d58::emit (13 bytes)
Event: 11.921 Thread 0x000001a4cb3c2dd0 nmethod 7072 0x000001a49f605090 code [0x000001a49f605240, 0x000001a49f605398]
Event: 11.921 Thread 0x000001a4cb3c2dd0 7073       3       org.gradle.internal.instantiation.generator.AsmBackedClassGenerator$ClassBuilderImpl::lambda$addSetter$13 (12 bytes)
Event: 11.921 Thread 0x000001a4cb3c2dd0 nmethod 7073 0x000001a49f605490 code [0x000001a49f6056a0, 0x000001a49f605de8]
Event: 11.921 Thread 0x000001a4cb3c2dd0 7074       3       org.gradle.internal.instantiation.generator.AsmBackedClassGenerator$ClassBuilderImpl$14::<init> (28 bytes)
Event: 11.922 Thread 0x000001a4cb3c2dd0 nmethod 7074 0x000001a49f606010 code [0x000001a49f606200, 0x000001a49f606888]
Event: 11.925 Thread 0x000001a4cb3c2dd0 7076       3       com.google.common.base.Preconditions::checkArgument (29 bytes)
Event: 11.925 Thread 0x000001a4cb3c2dd0 nmethod 7076 0x000001a49f606a90 code [0x000001a49f606c80, 0x000001a49f607250]
Event: 11.925 Thread 0x000001a4cb3c2dd0 7077       3       org.gradle.internal.instantiation.generator.AsmBackedClassGenerator$ClassBuilderImpl::access$7200 (4 bytes)
Event: 11.925 Thread 0x000001a4cb3c2dd0 nmethod 7077 0x000001a49f607410 code [0x000001a49f6075a0, 0x000001a49f607698]
Event: 11.925 Thread 0x000001a4cb3c2dd0 7078       1       org.gradle.internal.instantiation.generator.AsmBackedClassGenerator$ClassBuilderImpl::access$7500 (5 bytes)
Event: 11.926 Thread 0x000001a4cb3c2dd0 nmethod 7078 0x000001a4af01e090 code [0x000001a4af01e220, 0x000001a4af01e2d0]

GC Heap History (20 events):
Event: 4.274 GC heap before
{Heap before GC invocations=2 (full 0):
 garbage-first heap   total 126976K, used 52704K [0x0000000600000000, 0x0000000800000000)
  region size 4096K, 12 young (49152K), 2 survivors (8192K)
 Metaspace       used 4641K, committed 4864K, reserved 1114112K
  class space    used 576K, committed 704K, reserved 1048576K
}
Event: 4.282 GC heap after
{Heap after GC invocations=3 (full 0):
 garbage-first heap   total 126976K, used 16763K [0x0000000600000000, 0x0000000800000000)
  region size 4096K, 2 young (8192K), 2 survivors (8192K)
 Metaspace       used 4641K, committed 4864K, reserved 1114112K
  class space    used 576K, committed 704K, reserved 1048576K
}
Event: 5.752 GC heap before
{Heap before GC invocations=3 (full 0):
 garbage-first heap   total 126976K, used 82299K [0x0000000600000000, 0x0000000800000000)
  region size 4096K, 18 young (73728K), 2 survivors (8192K)
 Metaspace       used 17297K, committed 17856K, reserved 1114112K
  class space    used 2358K, committed 2624K, reserved 1048576K
}
Event: 5.760 GC heap after
{Heap after GC invocations=4 (full 0):
 garbage-first heap   total 126976K, used 22292K [0x0000000600000000, 0x0000000800000000)
  region size 4096K, 3 young (12288K), 3 survivors (12288K)
 Metaspace       used 17297K, committed 17856K, reserved 1114112K
  class space    used 2358K, committed 2624K, reserved 1048576K
}
Event: 6.262 GC heap before
{Heap before GC invocations=4 (full 0):
 garbage-first heap   total 126976K, used 46868K [0x0000000600000000, 0x0000000800000000)
  region size 4096K, 10 young (40960K), 3 survivors (12288K)
 Metaspace       used 20817K, committed 21504K, reserved 1114112K
  class space    used 2979K, committed 3328K, reserved 1048576K
}
Event: 6.270 GC heap after
{Heap after GC invocations=5 (full 0):
 garbage-first heap   total 126976K, used 24256K [0x0000000600000000, 0x0000000800000000)
  region size 4096K, 2 young (8192K), 2 survivors (8192K)
 Metaspace       used 20817K, committed 21504K, reserved 1114112K
  class space    used 2979K, committed 3328K, reserved 1048576K
}
Event: 7.348 GC heap before
{Heap before GC invocations=6 (full 0):
 garbage-first heap   total 98304K, used 89792K [0x0000000600000000, 0x0000000800000000)
  region size 4096K, 18 young (73728K), 2 survivors (8192K)
 Metaspace       used 29552K, committed 30592K, reserved 1114112K
  class space    used 4313K, committed 4800K, reserved 1048576K
}
Event: 7.356 GC heap after
{Heap after GC invocations=7 (full 0):
 garbage-first heap   total 106496K, used 29626K [0x0000000600000000, 0x0000000800000000)
  region size 4096K, 2 young (8192K), 2 survivors (8192K)
 Metaspace       used 29552K, committed 30592K, reserved 1114112K
  class space    used 4313K, committed 4800K, reserved 1048576K
}
Event: 7.905 GC heap before
{Heap before GC invocations=7 (full 0):
 garbage-first heap   total 106496K, used 50106K [0x0000000600000000, 0x0000000800000000)
  region size 4096K, 9 young (36864K), 2 survivors (8192K)
 Metaspace       used 35028K, committed 36096K, reserved 1114112K
  class space    used 4901K, committed 5440K, reserved 1048576K
}
Event: 7.911 GC heap after
{Heap after GC invocations=8 (full 0):
 garbage-first heap   total 106496K, used 33737K [0x0000000600000000, 0x0000000800000000)
  region size 4096K, 2 young (8192K), 2 survivors (8192K)
 Metaspace       used 35028K, committed 36096K, reserved 1114112K
  class space    used 4901K, committed 5440K, reserved 1048576K
}
Event: 8.574 GC heap before
{Heap before GC invocations=9 (full 0):
 garbage-first heap   total 106496K, used 78793K [0x0000000600000000, 0x0000000800000000)
  region size 4096K, 14 young (57344K), 2 survivors (8192K)
 Metaspace       used 38461K, committed 39616K, reserved 1114112K
  class space    used 5273K, committed 5824K, reserved 1048576K
}
Event: 8.580 GC heap after
{Heap after GC invocations=10 (full 0):
 garbage-first heap   total 106496K, used 37189K [0x0000000600000000, 0x0000000800000000)
  region size 4096K, 2 young (8192K), 2 survivors (8192K)
 Metaspace       used 38461K, committed 39616K, reserved 1114112K
  class space    used 5273K, committed 5824K, reserved 1048576K
}
Event: 9.057 GC heap before
{Heap before GC invocations=10 (full 0):
 garbage-first heap   total 106496K, used 82245K [0x0000000600000000, 0x0000000800000000)
  region size 4096K, 14 young (57344K), 2 survivors (8192K)
 Metaspace       used 41771K, committed 43136K, reserved 1114112K
  class space    used 5670K, committed 6336K, reserved 1048576K
}
Event: 9.062 GC heap after
{Heap after GC invocations=11 (full 0):
 garbage-first heap   total 106496K, used 39266K [0x0000000600000000, 0x0000000800000000)
  region size 4096K, 1 young (4096K), 1 survivors (4096K)
 Metaspace       used 41771K, committed 43136K, reserved 1114112K
  class space    used 5670K, committed 6336K, reserved 1048576K
}
Event: 9.660 GC heap before
{Heap before GC invocations=11 (full 0):
 garbage-first heap   total 106496K, used 88418K [0x0000000600000000, 0x0000000800000000)
  region size 4096K, 13 young (53248K), 1 survivors (4096K)
 Metaspace       used 46275K, committed 47936K, reserved 1114112K
  class space    used 6415K, committed 7232K, reserved 1048576K
}
Event: 9.664 GC heap after
{Heap after GC invocations=12 (full 0):
 garbage-first heap   total 131072K, used 40962K [0x0000000600000000, 0x0000000800000000)
  region size 4096K, 2 young (8192K), 2 survivors (8192K)
 Metaspace       used 46275K, committed 47936K, reserved 1114112K
  class space    used 6415K, committed 7232K, reserved 1048576K
}
Event: 10.721 GC heap before
{Heap before GC invocations=12 (full 0):
 garbage-first heap   total 131072K, used 106498K [0x0000000600000000, 0x0000000800000000)
  region size 4096K, 18 young (73728K), 2 survivors (8192K)
 Metaspace       used 51090K, committed 52992K, reserved 1114112K
  class space    used 7187K, committed 8128K, reserved 1048576K
}
Event: 10.727 GC heap after
{Heap after GC invocations=13 (full 0):
 garbage-first heap   total 131072K, used 44694K [0x0000000600000000, 0x0000000800000000)
  region size 4096K, 2 young (8192K), 2 survivors (8192K)
 Metaspace       used 51090K, committed 52992K, reserved 1114112K
  class space    used 7187K, committed 8128K, reserved 1048576K
}
Event: 11.534 GC heap before
{Heap before GC invocations=13 (full 0):
 garbage-first heap   total 131072K, used 110230K [0x0000000600000000, 0x0000000800000000)
  region size 4096K, 18 young (73728K), 2 survivors (8192K)
 Metaspace       used 54668K, committed 56512K, reserved 1114112K
  class space    used 7727K, committed 8640K, reserved 1048576K
}
Event: 11.543 GC heap after
{Heap after GC invocations=14 (full 0):
 garbage-first heap   total 131072K, used 50449K [0x0000000600000000, 0x0000000800000000)
  region size 4096K, 3 young (12288K), 3 survivors (12288K)
 Metaspace       used 54668K, committed 56512K, reserved 1114112K
  class space    used 7727K, committed 8640K, reserved 1048576K
}

Dll operation events (16 events):
Event: 0.579 Loaded shared library N:\Windows Files\DevTools\java\bin\java.dll
Event: 0.619 Loaded shared library N:\Windows Files\DevTools\java\bin\jsvml.dll
Event: 0.675 Loaded shared library N:\Windows Files\DevTools\java\bin\zip.dll
Event: 0.683 Loaded shared library N:\Windows Files\DevTools\java\bin\instrument.dll
Event: 0.695 Loaded shared library N:\Windows Files\DevTools\java\bin\net.dll
Event: 0.702 Loaded shared library N:\Windows Files\DevTools\java\bin\nio.dll
Event: 0.706 Loaded shared library N:\Windows Files\DevTools\java\bin\zip.dll
Event: 1.013 Loaded shared library N:\Windows Files\DevTools\java\bin\jimage.dll
Event: 1.177 Loaded shared library N:\Windows Files\DevTools\java\bin\verify.dll
Event: 2.382 Loaded shared library C:\Users\nibin\.gradle\native\1def1411415f61bf3af743bc5b6707747c0891f09f0c88961ee8f79bc544acac\windows-amd64\native-platform.dll
Event: 2.391 Loaded shared library C:\Users\nibin\.gradle\native\0.2.5\x86_64-windows-gnu\gradle-fileevents.dll
Event: 4.492 Loaded shared library N:\Windows Files\DevTools\java\bin\management.dll
Event: 4.497 Loaded shared library N:\Windows Files\DevTools\java\bin\management_ext.dll
Event: 4.722 Loaded shared library N:\Windows Files\DevTools\java\bin\extnet.dll
Event: 4.870 Loaded shared library N:\Windows Files\DevTools\java\bin\sunmscapi.dll
Event: 5.604 Loaded shared library C:\Users\nibin\AppData\Local\Temp\native-platform7376668126040377125dir\gradle-fileevents.dll

Deoptimization events (20 events):
Event: 11.816 Thread 0x000001a512cb2890 Uncommon trap: trap_request=0xffffffde fr.pc=0x000001a4aed0636c relative=0x000000000000020c
Event: 11.816 Thread 0x000001a512cb2890 Uncommon trap: reason=class_check action=maybe_recompile pc=0x000001a4aed0636c method=java.util.regex.Matcher.search(I)Z @ 121 c2
Event: 11.816 Thread 0x000001a512cb2890 DEOPT PACKING pc=0x000001a4aed0636c sp=0x0000004b315f3560
Event: 11.816 Thread 0x000001a512cb2890 DEOPT UNPACKING pc=0x000001a4ae6f7da2 sp=0x0000004b315f34a8 mode 2
Event: 11.816 Thread 0x000001a512cb2890 Uncommon trap: trap_request=0xffffffde fr.pc=0x000001a4aed0636c relative=0x000000000000020c
Event: 11.816 Thread 0x000001a512cb2890 Uncommon trap: reason=class_check action=maybe_recompile pc=0x000001a4aed0636c method=java.util.regex.Matcher.search(I)Z @ 121 c2
Event: 11.816 Thread 0x000001a512cb2890 DEOPT PACKING pc=0x000001a4aed0636c sp=0x0000004b315f3560
Event: 11.816 Thread 0x000001a512cb2890 DEOPT UNPACKING pc=0x000001a4ae6f7da2 sp=0x0000004b315f34a8 mode 2
Event: 11.826 Thread 0x000001a512cb2890 Uncommon trap: trap_request=0xffffffde fr.pc=0x000001a4aed0636c relative=0x000000000000020c
Event: 11.826 Thread 0x000001a512cb2890 Uncommon trap: reason=class_check action=maybe_recompile pc=0x000001a4aed0636c method=java.util.regex.Matcher.search(I)Z @ 121 c2
Event: 11.826 Thread 0x000001a512cb2890 DEOPT PACKING pc=0x000001a4aed0636c sp=0x0000004b315f3500
Event: 11.826 Thread 0x000001a512cb2890 DEOPT UNPACKING pc=0x000001a4ae6f7da2 sp=0x0000004b315f3448 mode 2
Event: 11.826 Thread 0x000001a512cb2890 Uncommon trap: trap_request=0xffffffde fr.pc=0x000001a4aed0636c relative=0x000000000000020c
Event: 11.826 Thread 0x000001a512cb2890 Uncommon trap: reason=class_check action=maybe_recompile pc=0x000001a4aed0636c method=java.util.regex.Matcher.search(I)Z @ 121 c2
Event: 11.826 Thread 0x000001a512cb2890 DEOPT PACKING pc=0x000001a4aed0636c sp=0x0000004b315f3500
Event: 11.826 Thread 0x000001a512cb2890 DEOPT UNPACKING pc=0x000001a4ae6f7da2 sp=0x0000004b315f3448 mode 2
Event: 11.841 Thread 0x000001a512cb2890 Uncommon trap: trap_request=0xffffffde fr.pc=0x000001a4aec8edac relative=0x00000000000001ec
Event: 11.841 Thread 0x000001a512cb2890 Uncommon trap: reason=class_check action=maybe_recompile pc=0x000001a4aec8edac method=java.util.regex.Matcher.search(I)Z @ 121 c2
Event: 11.841 Thread 0x000001a512cb2890 DEOPT PACKING pc=0x000001a4aec8edac sp=0x0000004b315f34e0
Event: 11.841 Thread 0x000001a512cb2890 DEOPT UNPACKING pc=0x000001a4ae6f7da2 sp=0x0000004b315f34a0 mode 2

Classes loaded (20 events):
Event: 11.603 Loading class jdk/xml/internal/XMLSecurityManager$Limit
Event: 11.603 Loading class jdk/xml/internal/XMLSecurityManager$Limit done
Event: 11.603 Loading class jdk/xml/internal/XMLSecurityManager$Processor
Event: 11.603 Loading class jdk/xml/internal/XMLSecurityManager$Processor done
Event: 11.603 Loading class jdk/xml/internal/XMLSecurityManager$NameMap
Event: 11.603 Loading class jdk/xml/internal/XMLSecurityManager$NameMap done
Event: 11.604 Loading class com/sun/org/apache/xerces/internal/utils/XMLSecurityPropertyManager
Event: 11.604 Loading class com/sun/org/apache/xerces/internal/utils/XMLSecurityPropertyManager done
Event: 11.604 Loading class com/sun/org/apache/xerces/internal/utils/XMLSecurityPropertyManager$State
Event: 11.604 Loading class com/sun/org/apache/xerces/internal/utils/XMLSecurityPropertyManager$State done
Event: 11.604 Loading class com/sun/org/apache/xerces/internal/utils/XMLSecurityPropertyManager$Property
Event: 11.604 Loading class com/sun/org/apache/xerces/internal/utils/XMLSecurityPropertyManager$Property done
Event: 11.605 Loading class javax/xml/parsers/DocumentBuilderFactory
Event: 11.605 Loading class javax/xml/parsers/DocumentBuilderFactory done
Event: 11.605 Loading class javax/xml/parsers/FactoryFinder
Event: 11.605 Loading class javax/xml/parsers/FactoryFinder done
Event: 11.606 Loading class javax/xml/parsers/FactoryFinder$1
Event: 11.606 Loading class javax/xml/parsers/FactoryFinder$1 done
Event: 11.606 Loading class com/sun/org/apache/xerces/internal/jaxp/DocumentBuilderFactoryImpl
Event: 11.607 Loading class com/sun/org/apache/xerces/internal/jaxp/DocumentBuilderFactoryImpl done

Classes unloaded (0 events):
No events

Classes redefined (0 events):
No events

Internal exceptions (20 events):
Event: 10.275 Thread 0x000001a512cb2890 Exception <a 'java/lang/ClassNotFoundException'{0x00000006052748d8}: java/lang/StringBeanInfo> (0x00000006052748d8) 
thrown [s\open\src\hotspot\share\classfile\systemDictionary.cpp, line 312]
Event: 10.275 Thread 0x000001a512cb2890 Exception <a 'java/lang/ClassNotFoundException'{0x0000000605281810}: java/lang/StringCustomizer> (0x0000000605281810) 
thrown [s\open\src\hotspot\share\classfile\systemDictionary.cpp, line 312]
Event: 10.277 Thread 0x000001a512cb2890 Implicit null exception at 0x000001a4aeec906d to 0x000001a4aeecbf9c
Event: 10.278 Thread 0x000001a512cb2890 Implicit null exception at 0x000001a4aecff5f5 to 0x000001a4aed00858
Event: 10.281 Thread 0x000001a512cb2890 Exception <a 'java/lang/ClassNotFoundException'{0x00000006052e1bd0}: java/io/FileBeanInfo> (0x00000006052e1bd0) 
thrown [s\open\src\hotspot\share\classfile\systemDictionary.cpp, line 312]
Event: 10.282 Thread 0x000001a512cb2890 Exception <a 'java/lang/ClassNotFoundException'{0x00000006052eea30}: java/io/FileCustomizer> (0x00000006052eea30) 
thrown [s\open\src\hotspot\share\classfile\systemDictionary.cpp, line 312]
Event: 10.306 Thread 0x000001a512cb2f20 Exception <a 'java/lang/NoSuchMethodError'{0x0000000604c00df8}: static Lorg/gradle/internal/build/event/types/DefaultProjectConfigurationDescriptor;.<clinit>()V> (0x0000000604c00df8) 
thrown [s\open\src\hotspot\share\prims\jni.cpp, line 1111]
Event: 10.636 Thread 0x000001a512cb2890 Exception <a 'java/lang/NoSuchMethodError'{0x00000006043479d8}: 'java.lang.Object java.lang.invoke.DirectMethodHandle$Holder.newInvokeSpecial(java.lang.Object, int, java.lang.Object)'> (0x00000006043479d8) 
thrown [s\open\src\hotspot\share\interpreter\linkResolver.cpp, line 773]
Event: 10.789 Thread 0x000001a512cb2890 Exception <a 'java/lang/NoSuchMethodError'{0x0000000607b57c28}: 'int java.lang.invoke.DirectMethodHandle$Holder.invokeSpecialIFC(java.lang.Object, java.lang.Object, java.lang.Object)'> (0x0000000607b57c28) 
thrown [s\open\src\hotspot\share\interpreter\linkResolver.cpp, line 773]
Event: 10.890 Thread 0x000001a512cb2890 Exception <a 'java/lang/NoSuchMethodError'{0x000000060701dad8}: 'void java.lang.invoke.DirectMethodHandle$Holder.invokeStatic(java.lang.Object, java.lang.Object, java.lang.Object, int, java.lang.Object)'> (0x000000060701dad8) 
thrown [s\open\src\hotspot\share\interpreter\linkResolver.cpp, line 773]
Event: 10.914 Thread 0x000001a512cb2890 Exception <a 'java/lang/NoSuchMethodError'{0x0000000607204178}: 'int java.lang.invoke.DirectMethodHandle$Holder.invokeInterface(java.lang.Object, java.lang.Object, java.lang.Object, java.lang.Object, java.lang.Object)'> (0x0000000607204178) 
thrown [s\open\src\hotspot\share\interpreter\linkResolver.cpp, line 773]
Event: 10.961 Thread 0x000001a512cb2890 Exception <a 'java/lang/NoSuchMethodError'{0x0000000606c7aba8}: 'java.lang.Object java.lang.invoke.DirectMethodHandle$Holder.invokeSpecial(java.lang.Object, java.lang.Object, long, java.lang.Object, java.lang.Object)'> (0x0000000606c7aba8) 
thrown [s\open\src\hotspot\share\interpreter\linkResolver.cpp, line 773]
Event: 11.097 Thread 0x000001a512cb2890 Exception <a 'java/lang/IncompatibleClassChangeError'{0x0000000606b124c0}: Found class java.lang.Object, but interface was expected> (0x0000000606b124c0) 
thrown [s\open\src\hotspot\share\interpreter\linkResolver.cpp, line 840]
Event: 11.162 Thread 0x000001a512cb2890 Exception <a 'java/lang/NoSuchMethodError'{0x00000006060131c0}: 'java.lang.Object java.lang.invoke.DirectMethodHandle$Holder.newInvokeSpecial(java.lang.Object, java.lang.Object, java.lang.Object, java.lang.Object, int, java.lang.Object)'> (0x00000006060131c0) 
thrown [s\open\src\hotspot\share\interpreter\linkResolver.cpp, line 773]
Event: 11.163 Thread 0x000001a512cb2890 Exception <a 'java/lang/NoSuchMethodError'{0x000000060601c1f0}: 'java.lang.Object java.lang.invoke.Invokers$Holder.linkToTargetMethod(java.lang.Object, java.lang.Object, java.lang.Object, int, java.lang.Object, java.lang.Object)'> (0x000000060601c1f0) 
thrown [s\open\src\hotspot\share\interpreter\linkResolver.cpp, line 773]
Event: 11.300 Thread 0x000001a512cb2890 Exception <a 'java/lang/NoSuchMethodError'{0x0000000605b74508}: 'java.lang.Object java.lang.invoke.DirectMethodHandle$Holder.invokeSpecialIFC(java.lang.Object, java.lang.Object, java.lang.Object)'> (0x0000000605b74508) 
thrown [s\open\src\hotspot\share\interpreter\linkResolver.cpp, line 773]
Event: 11.609 Thread 0x000001a512cb2890 Exception <a 'java/lang/NoSuchMethodError'{0x0000000607bdc2d0}: 'java.lang.Object java.lang.invoke.DirectMethodHandle$Holder.newInvokeSpecial(java.lang.Object, java.lang.Object, java.lang.Object, java.lang.Object, java.lang.Object, java.lang.Object, java.lang.Object, java.lang.Object, java.lang.Object, java.lang.Object, java.lang.Object, java.lang.Object, java.lang.Object, java.lang.Object, java.lang.Object, java.lang.Object)'> (0x0000000607bdc2d0) 
thrown [s\open\src\hotspot\share\interpreter\linkResolver
Event: 11.610 Thread 0x000001a512cb2890 Exception <a 'java/lang/NoSuchMethodError'{0x0000000607be3738}: 'java.lang.Object java.lang.invoke.DirectMethodHandle$Holder.invokeSpecial(java.lang.Object, java.lang.Object, java.lang.Object, java.lang.Object, java.lang.Object, java.lang.Object, java.lang.Object, java.lang.Object, java.lang.Object, java.lang.Object, java.lang.Object, java.lang.Object, java.lang.Object, java.lang.Object, java.lang.Object, java.lang.Object, java.lang.Object)'> (0x0000000607be3738) 
thrown [s\open\src\hotspot\share\interpret
Event: 11.610 Thread 0x000001a512cb2890 Exception <a 'java/lang/NoSuchMethodError'{0x0000000607be9dd8}: 'java.lang.Object java.lang.invoke.DelegatingMethodHandle$Holder.reinvoke_L(java.lang.Object, java.lang.Object, java.lang.Object, java.lang.Object, java.lang.Object, java.lang.Object, java.lang.Object, java.lang.Object, java.lang.Object, java.lang.Object, java.lang.Object, java.lang.Object, java.lang.Object, java.lang.Object, java.lang.Object, java.lang.Object)'> (0x0000000607be9dd8) 
thrown [s\open\src\hotspot\share\interpreter\linkResolver.c
Event: 11.886 Thread 0x000001a512cb2890 Exception <a 'java/lang/NoSuchMethodError'{0x000000060663ec30}: 'java.lang.Object java.lang.invoke.DirectMethodHandle$Holder.newInvokeSpecial(java.lang.Object, java.lang.Object, java.lang.Object, java.lang.Object, java.lang.Object, java.lang.Object, java.lang.Object, java.lang.Object, java.lang.Object, java.lang.Object, java.lang.Object, java.lang.Object, java.lang.Object, java.lang.Object, java.lang.Object, java.lang.Object, java.lang.Object, java.lang.Object, java.lang.Object, java.lang.Object, java.lang

ZGC Phase Switch (0 events):
No events

VM Operations (20 events):
Event: 10.809 Executing VM operation: HandshakeAllThreads (Deoptimize)
Event: 10.809 Executing VM operation: HandshakeAllThreads (Deoptimize) done
Event: 11.080 Executing VM operation: ICBufferFull
Event: 11.080 Executing VM operation: ICBufferFull done
Event: 11.136 Executing VM operation: HandshakeAllThreads (Deoptimize)
Event: 11.136 Executing VM operation: HandshakeAllThreads (Deoptimize) done
Event: 11.158 Executing VM operation: HandshakeAllThreads (Deoptimize)
Event: 11.159 Executing VM operation: HandshakeAllThreads (Deoptimize) done
Event: 11.304 Executing VM operation: ICBufferFull
Event: 11.305 Executing VM operation: ICBufferFull done
Event: 11.305 Executing VM operation: ICBufferFull
Event: 11.305 Executing VM operation: ICBufferFull done
Event: 11.526 Executing VM operation: ICBufferFull
Event: 11.527 Executing VM operation: ICBufferFull done
Event: 11.534 Executing VM operation: G1CollectForAllocation (G1 Evacuation Pause)
Event: 11.543 Executing VM operation: G1CollectForAllocation (G1 Evacuation Pause) done
Event: 11.617 Executing VM operation: HandshakeAllThreads (Deoptimize)
Event: 11.617 Executing VM operation: HandshakeAllThreads (Deoptimize) done
Event: 12.618 Executing VM operation: Cleanup
Event: 12.618 Executing VM operation: Cleanup done

Events (20 events):
Event: 11.211 Thread 0x000001a514834610 Thread added: 0x000001a514834610
Event: 11.213 Thread 0x000001a514834ca0 Thread added: 0x000001a514834ca0
Event: 11.215 Thread 0x000001a514835330 Thread added: 0x000001a514835330
Event: 11.219 Thread 0x000001a5148359c0 Thread added: 0x000001a5148359c0
Event: 11.221 Thread 0x000001a5148338f0 Thread added: 0x000001a5148338f0
Event: 11.222 Thread 0x000001a514832bd0 Thread added: 0x000001a514832bd0
Event: 11.225 Thread 0x000001a514833260 Thread added: 0x000001a514833260
Event: 11.229 Thread 0x000001a514832540 Thread added: 0x000001a514832540
Event: 11.300 Thread 0x000001a5148366e0 Thread added: 0x000001a5148366e0
Event: 11.301 Thread 0x000001a514838e40 Thread added: 0x000001a514838e40
Event: 11.302 Thread 0x000001a5148387b0 Thread added: 0x000001a5148387b0
Event: 11.303 Thread 0x000001a5148394d0 Thread added: 0x000001a5148394d0
Event: 11.303 Thread 0x000001a514838120 Thread added: 0x000001a514838120
Event: 11.304 Thread 0x000001a514837400 Thread added: 0x000001a514837400
Event: 11.305 Thread 0x000001a514836050 Thread added: 0x000001a514836050
Event: 11.305 Thread 0x000001a514836d70 Thread added: 0x000001a514836d70
Event: 11.306 Thread 0x000001a514837a90 Thread added: 0x000001a514837a90
Event: 11.307 Thread 0x000001a514b15490 Thread added: 0x000001a514b15490
Event: 11.308 Thread 0x000001a514b13a50 Thread added: 0x000001a514b13a50
Event: 11.675 Thread 0x000001a514b12010 Thread added: 0x000001a514b12010


Dynamic libraries:
0x00007ff6d4e80000 - 0x00007ff6d4e90000 	N:\Windows Files\DevTools\java\bin\java.exe
0x00007ffa870a0000 - 0x00007ffa87307000 	C:\Windows\SYSTEM32\ntdll.dll
0x00007ffa85e20000 - 0x00007ffa85ee9000 	C:\Windows\System32\KERNEL32.DLL
0x00007ffa845b0000 - 0x00007ffa8499f000 	C:\Windows\System32\KERNELBASE.dll
0x00007ffa84ae0000 - 0x00007ffa84c2b000 	C:\Windows\System32\ucrtbase.dll
0x00007ffa7d6b0000 - 0x00007ffa7d6cb000 	N:\Windows Files\DevTools\java\bin\VCRUNTIME140.dll
0x00007ffa7d6d0000 - 0x00007ffa7d6e9000 	N:\Windows Files\DevTools\java\bin\jli.dll
0x00007ffa861b0000 - 0x00007ffa86264000 	C:\Windows\System32\ADVAPI32.dll
0x00007ffa85f40000 - 0x00007ffa85fe9000 	C:\Windows\System32\msvcrt.dll
0x00007ffa85d70000 - 0x00007ffa85e16000 	C:\Windows\System32\sechost.dll
0x00007ffa85300000 - 0x00007ffa85418000 	C:\Windows\System32\RPCRT4.dll
0x00007ffa85b70000 - 0x00007ffa85d35000 	C:\Windows\System32\USER32.dll
0x00007ffa841f0000 - 0x00007ffa84217000 	C:\Windows\System32\win32u.dll
0x00007ffa852d0000 - 0x00007ffa852fb000 	C:\Windows\System32\GDI32.dll
0x00007ffa65680000 - 0x00007ffa65913000 	C:\Windows\WinSxS\amd64_microsoft.windows.common-controls_6595b64144ccf1df_6.0.26100.7309_none_3e05feeae336a044\COMCTL32.dll
0x00007ffa849b0000 - 0x00007ffa84adc000 	C:\Windows\System32\gdi32full.dll
0x00007ffa842d0000 - 0x00007ffa84373000 	C:\Windows\System32\msvcp_win.dll
0x00007ffa7d020000 - 0x00007ffa7d02b000 	C:\Windows\SYSTEM32\VERSION.dll
0x00007ffa85ef0000 - 0x00007ffa85f21000 	C:\Windows\System32\IMM32.DLL
0x00007ffa7eeb0000 - 0x00007ffa7eebc000 	N:\Windows Files\DevTools\java\bin\vcruntime140_1.dll
0x00007ffa7b100000 - 0x00007ffa7b18e000 	N:\Windows Files\DevTools\java\bin\msvcp140.dll
0x00007ffa00e60000 - 0x00007ffa01b7d000 	N:\Windows Files\DevTools\java\bin\server\jvm.dll
0x00007ffa85680000 - 0x00007ffa856f4000 	C:\Windows\System32\WS2_32.dll
0x00007ffa82e00000 - 0x00007ffa82e5e000 	C:\Windows\SYSTEM32\POWRPROF.dll
0x00007ffa75580000 - 0x00007ffa755b5000 	C:\Windows\SYSTEM32\WINMM.dll
0x00007ffa82de0000 - 0x00007ffa82df4000 	C:\Windows\SYSTEM32\UMPDC.dll
0x00007ffa830c0000 - 0x00007ffa830db000 	C:\Windows\SYSTEM32\kernel.appcore.dll
0x00007ffa7c370000 - 0x00007ffa7c37a000 	N:\Windows Files\DevTools\java\bin\jimage.dll
0x00007ffa81820000 - 0x00007ffa81a62000 	C:\Windows\SYSTEM32\DBGHELP.DLL
0x00007ffa857e0000 - 0x00007ffa85b66000 	C:\Windows\System32\combase.dll
0x00007ffa85700000 - 0x00007ffa857d6000 	C:\Windows\System32\OLEAUT32.dll
0x00007ffa7ee40000 - 0x00007ffa7ee7c000 	C:\Windows\SYSTEM32\dbgcore.DLL
0x00007ffa84220000 - 0x00007ffa842c5000 	C:\Windows\System32\bcryptPrimitives.dll
0x00007ffa7c350000 - 0x00007ffa7c35f000 	N:\Windows Files\DevTools\java\bin\instrument.dll
0x00007ffa7c330000 - 0x00007ffa7c34f000 	N:\Windows Files\DevTools\java\bin\java.dll
0x00007ffa86840000 - 0x00007ffa86f93000 	C:\Windows\System32\SHELL32.dll
0x00007ffa84380000 - 0x00007ffa844ea000 	C:\Windows\System32\wintypes.dll
0x00007ffa81df0000 - 0x00007ffa8264e000 	C:\Windows\SYSTEM32\windows.storage.dll
0x00007ffa854a0000 - 0x00007ffa85595000 	C:\Windows\System32\SHCORE.dll
0x00007ffa86300000 - 0x00007ffa86366000 	C:\Windows\System32\shlwapi.dll
0x00007ffa84110000 - 0x00007ffa84139000 	C:\Windows\SYSTEM32\profapi.dll
0x00007ffa55690000 - 0x00007ffa55767000 	N:\Windows Files\DevTools\java\bin\jsvml.dll
0x00007ffa7b0c0000 - 0x00007ffa7b0d8000 	N:\Windows Files\DevTools\java\bin\zip.dll
0x00007ffa7c360000 - 0x00007ffa7c370000 	N:\Windows Files\DevTools\java\bin\net.dll
0x00007ffa7ce30000 - 0x00007ffa7cf58000 	C:\Windows\SYSTEM32\WINHTTP.dll
0x00007ffa83630000 - 0x00007ffa8369b000 	C:\Windows\system32\mswsock.dll
0x00007ffa7b0e0000 - 0x00007ffa7b0f6000 	N:\Windows Files\DevTools\java\bin\nio.dll
0x00007ffa7b250000 - 0x00007ffa7b260000 	N:\Windows Files\DevTools\java\bin\verify.dll
0x00007ffa7d6f0000 - 0x00007ffa7d717000 	C:\Users\nibin\.gradle\native\1def1411415f61bf3af743bc5b6707747c0891f09f0c88961ee8f79bc544acac\windows-amd64\native-platform.dll
0x00000000656e0000 - 0x0000000065753000 	C:\Users\nibin\.gradle\native\0.2.5\x86_64-windows-gnu\gradle-fileevents.dll
0x00007ffa6f1a0000 - 0x00007ffa6f1aa000 	N:\Windows Files\DevTools\java\bin\management.dll
0x00007ffa6f030000 - 0x00007ffa6f03b000 	N:\Windows Files\DevTools\java\bin\management_ext.dll
0x00007ffa861a0000 - 0x00007ffa861a8000 	C:\Windows\System32\PSAPI.DLL
0x00007ffa838f0000 - 0x00007ffa8390b000 	C:\Windows\SYSTEM32\CRYPTSP.dll
0x00007ffa83020000 - 0x00007ffa8305a000 	C:\Windows\system32\rsaenh.dll
0x00007ffa836e0000 - 0x00007ffa8370b000 	C:\Windows\SYSTEM32\USERENV.dll
0x00007ffa840e0000 - 0x00007ffa8410a000 	C:\Windows\SYSTEM32\bcrypt.dll
0x00007ffa83910000 - 0x00007ffa8391c000 	C:\Windows\SYSTEM32\CRYPTBASE.dll
0x00007ffa82ad0000 - 0x00007ffa82b04000 	C:\Windows\SYSTEM32\IPHLPAPI.DLL
0x00007ffa85ff0000 - 0x00007ffa85ffa000 	C:\Windows\System32\NSI.dll
0x00007ffa612e0000 - 0x00007ffa612e9000 	N:\Windows Files\DevTools\java\bin\extnet.dll
0x00007ffa66310000 - 0x00007ffa6631e000 	N:\Windows Files\DevTools\java\bin\sunmscapi.dll
0x00007ffa84c30000 - 0x00007ffa84da7000 	C:\Windows\System32\CRYPT32.dll
0x00007ffa83b10000 - 0x00007ffa83b40000 	C:\Windows\SYSTEM32\ncrypt.dll
0x00007ffa83ac0000 - 0x00007ffa83aff000 	C:\Windows\SYSTEM32\NTASN1.dll
0x00007ffa7edc0000 - 0x00007ffa7edc8000 	C:\Windows\system32\wshunix.dll
0x0000000065660000 - 0x00000000656d3000 	C:\Users\nibin\AppData\Local\Temp\native-platform7376668126040377125dir\gradle-fileevents.dll

dbghelp: loaded successfully - version: 4.0.5 - missing functions: none
symbol engine: initialized successfully - sym options: 0x614 - pdb path: .;N:\Windows Files\DevTools\java\bin;C:\Windows\SYSTEM32;C:\Windows\WinSxS\amd64_microsoft.windows.common-controls_6595b64144ccf1df_6.0.26100.7309_none_3e05feeae336a044;N:\Windows Files\DevTools\java\bin\server;C:\Users\nibin\.gradle\native\1def1411415f61bf3af743bc5b6707747c0891f09f0c88961ee8f79bc544acac\windows-amd64;C:\Users\nibin\.gradle\native\0.2.5\x86_64-windows-gnu;C:\Users\nibin\AppData\Local\Temp\native-platform7376668126040377125dir

VM Arguments:
jvm_args: --add-opens=java.base/java.lang=ALL-UNNAMED --add-opens=java.base/java.lang.invoke=ALL-UNNAMED --add-opens=java.base/java.util=ALL-UNNAMED --add-opens=java.prefs/java.util.prefs=ALL-UNNAMED --add-exports=jdk.compiler/com.sun.tools.javac.api=ALL-UNNAMED --add-exports=jdk.compiler/com.sun.tools.javac.util=ALL-UNNAMED --add-opens=java.base/java.util=ALL-UNNAMED --add-opens=java.prefs/java.util.prefs=ALL-UNNAMED --add-opens=java.base/java.nio.charset=ALL-UNNAMED --add-opens=java.base/java.net=ALL-UNNAMED --add-opens=java.base/java.util.concurrent.atomic=ALL-UNNAMED --add-opens=java.xml/javax.xml.namespace=ALL-UNNAMED -XX:MaxMetaspaceSize=4G -XX:ReservedCodeCacheSize=512m -XX:+HeapDumpOnOutOfMemoryError -Xmx8G -Dfile.encoding=UTF-8 -Duser.country=US -Duser.language=en -Duser.variant -javaagent:C:\Users\nibin\.gradle\wrapper\dists\gradle-8.12-all\ejduaidbjup3bmmkhw3rie4zb\gradle-8.12\lib\agents\gradle-instrumentation-agent-8.12.jar 
java_command: org.gradle.launcher.daemon.bootstrap.GradleDaemon 8.12
java_class_path (initial): C:\Users\nibin\.gradle\wrapper\dists\gradle-8.12-all\ejduaidbjup3bmmkhw3rie4zb\gradle-8.12\lib\gradle-daemon-main-8.12.jar
Launcher Type: SUN_STANDARD

[Global flags]
     intx CICompilerCount                          = 4                                         {product} {ergonomic}
     uint ConcGCThreads                            = 3                                         {product} {ergonomic}
     uint G1ConcRefinementThreads                  = 10                                        {product} {ergonomic}
   size_t G1HeapRegionSize                         = 4194304                                   {product} {ergonomic}
    uintx GCDrainStackTargetSize                   = 64                                        {product} {ergonomic}
     bool HeapDumpOnOutOfMemoryError               = true                                   {manageable} {command line}
   size_t InitialHeapSize                          = 130023424                                 {product} {ergonomic}
   size_t MarkStackSize                            = 4194304                                   {product} {ergonomic}
   size_t MaxHeapSize                              = 8589934592                                {product} {command line}
   size_t MaxMetaspaceSize                         = 4294967296                                {product} {command line}
   size_t MaxNewSize                               = 5150605312                                {product} {ergonomic}
   size_t MinHeapDeltaBytes                        = 4194304                                   {product} {ergonomic}
   size_t MinHeapSize                              = 8388608                                   {product} {ergonomic}
    uintx NonNMethodCodeHeapSize                   = 5839372                                {pd product} {ergonomic}
    uintx NonProfiledCodeHeapSize                  = 265515770                              {pd product} {ergonomic}
    uintx ProfiledCodeHeapSize                     = 265515770                              {pd product} {ergonomic}
    uintx ReservedCodeCacheSize                    = 536870912                              {pd product} {command line}
     bool SegmentedCodeCache                       = true                                      {product} {ergonomic}
   size_t SoftMaxHeapSize                          = 8589934592                             {manageable} {ergonomic}
     bool UseCompressedOops                        = true                           {product lp64_product} {ergonomic}
     bool UseG1GC                                  = true                                      {product} {ergonomic}
     bool UseLargePagesIndividualAllocation        = false                                  {pd product} {ergonomic}

Logging:
Log output configuration:
 #0: stdout all=warning uptime,level,tags foldmultilines=false
 #1: stderr all=off uptime,level,tags foldmultilines=false

Environment Variables:
JAVA_HOME=N:\Windows Files\DevTools\java
PATH=C:\Python314\Scripts\;C:\Python314\;C:\Windows\system32;C:\Windows;C:\Windows\System32\Wbem;C:\Windows\System32\WindowsPowerShell\v1.0\;C:\Windows\System32\OpenSSH\;N:\Windows Files\DevTools\Git\cmd;C:\Flutter\bin;N:\Windows Files\DevTools\apache-maven-3.9.12\bin;C:\Users\nibin\AppData\Local\Android\Sdk;N:\Windows Files\DevTools\java\bin;C:\Program Files\Eclipse Adoptium\jdk-17.0.17.10-hotspot\bin;C:\Program Files\Common Files\Oracle\Java\javapath;N:\Windows Files\DevTools\PostGres\bin;C:\Users\nibin\AppData\Local\Android\Sdk\platform-tools;N:\Windows Files\DevTools\CMake\bin;N:\Windows Files\DevTools\node\;C:\ProgramData\chocolatey\bin;C:\Program Files\Cloudflare\Cloudflare WARP\;C:\Users\nibin\AppData\Local\Microsoft\WindowsApps;N:\Windows Files\DevTools\Antigravity\bin;N:\Windows Files\DevTools\Microsoft VS Code\bin;N:\Windows Files\DevTools\IntelliJ IDEA\IntelliJ IDEA 2025.3.1\bin;C:\Users\nibin\AppData\Roaming\npm
USERNAME=nibin
OS=Windows_NT
PROCESSOR_IDENTIFIER=Intel64 Family 6 Model 141 Stepping 1, GenuineIntel
TMP=C:\Users\nibin\AppData\Local\Temp
TEMP=C:\Users\nibin\AppData\Local\Temp




Periodic native trim disabled

---------------  S Y S T E M  ---------------

OS:
 Windows 11 , 64 bit Build 26100 (10.0.26100.7623)
OS uptime: 0 days 7:18 hours
Hyper-V role detected

CPU: total 12 (initial active 12) (6 cores per cpu, 2 threads per core) family 6 model 141 stepping 1 microcode 0x50, cx8, cmov, fxsr, ht, mmx, 3dnowpref, sse, sse2, sse3, ssse3, sse4.1, sse4.2, popcnt, lzcnt, tsc, tscinvbit, avx, avx2, aes, erms, clmul, bmi1, bmi2, adx, avx512f, avx512dq, avx512cd, avx512bw, avx512vl, sha, fma, vzeroupper, avx512_vpopcntdq, avx512_vpclmulqdq, avx512_vaes, avx512_vnni, clflush, clflushopt, clwb, avx512_vbmi2, avx512_vbmi, hv, rdtscp, rdpid, fsrm, gfni, avx512_bitalg, f16c, cet_ibt, cet_ss, avx512_ifma
Processor Information for all 12 processors :
  Max Mhz: 2688, Current Mhz: 2688, Mhz Limit: 2688

Memory: 4k page, system-wide physical 7913M (253M free)
TotalPageFile size 32489M (AvailPageFile size 83M)
current process WorkingSet (physical memory assigned to process): 321M, peak: 339M
current process commit charge ("private bytes"): 371M, peak: 383M

vm_info: Java HotSpot(TM) 64-Bit Server VM (21.0.9+7-LTS-338) for windows-amd64 JRE (21.0.9+7-LTS-338), built on 2025-09-26T06:33:49Z by "mach5run" with MS VC++ 17.6 (VS2022)

END.
