#
# There is insufficient memory for the Java Runtime Environment to continue.
# Native memory allocation (malloc) failed to allocate 964896 bytes for Chunk::new
# Possible reasons:
#   The system is out of physical RAM or swap space
#   The process is running with CompressedOops enabled, and the Java Heap may be blocking the growth of the native heap
# Possible solutions:
#   Reduce memory load on the system
#   Increase physical memory or swap space
#   Check if swap backing store is full
#   Decrease Java heap size (-Xmx/-Xms)
#   Decrease number of Java threads
#   Decrease Java thread stack sizes (-Xss)
#   Set larger code cache with -XX:ReservedCodeCacheSize=
#   JVM is running with Zero Based Compressed Oops mode in which the Java heap is
#     placed in the first 32GB address space. The Java Heap base address is the
#     maximum limit for the native heap growth. Please use -XX:HeapBaseMinAddress
#     to set the Java Heap base and to place the Java Heap above 32GB virtual address.
# This output file may be truncated or incomplete.
#
#  Out of Memory Error (arena.cpp:168), pid=20648, tid=21836
#
# JRE version: Java(TM) SE Runtime Environment (21.0.9+7) (build 21.0.9+7-LTS-338)
# Java VM: Java HotSpot(TM) 64-Bit Server VM (21.0.9+7-LTS-338, mixed mode, sharing, tiered, compressed oops, compressed class ptrs, g1 gc, windows-amd64)
# No core dump will be written. Minidumps are not enabled by default on client versions of Windows
#

---------------  S U M M A R Y ------------

Command Line: --add-opens=java.base/java.lang=ALL-UNNAMED --add-opens=java.base/java.lang.invoke=ALL-UNNAMED --add-opens=java.base/java.util=ALL-UNNAMED --add-opens=java.prefs/java.util.prefs=ALL-UNNAMED --add-exports=jdk.compiler/com.sun.tools.javac.api=ALL-UNNAMED --add-exports=jdk.compiler/com.sun.tools.javac.util=ALL-UNNAMED --add-opens=java.base/java.util=ALL-UNNAMED --add-opens=java.prefs/java.util.prefs=ALL-UNNAMED --add-opens=java.base/java.nio.charset=ALL-UNNAMED --add-opens=java.base/java.net=ALL-UNNAMED --add-opens=java.base/java.util.concurrent.atomic=ALL-UNNAMED --add-opens=java.xml/javax.xml.namespace=ALL-UNNAMED -XX:MaxMetaspaceSize=4G -XX:ReservedCodeCacheSize=512m -XX:+HeapDumpOnOutOfMemoryError -Xmx8G -Dfile.encoding=UTF-8 -Duser.country=US -Duser.language=en -Duser.variant -javaagent:C:\Users\nibin\.gradle\wrapper\dists\gradle-8.12-all\ejduaidbjup3bmmkhw3rie4zb\gradle-8.12\lib\agents\gradle-instrumentation-agent-8.12.jar org.gradle.launcher.daemon.bootstrap.GradleDaemon 8.12

Host: 11th Gen Intel(R) Core(TM) i5-11400H @ 2.70GHz, 12 cores, 7G,  Windows 11 , 64 bit Build 26100 (10.0.26100.7623)
Time: Wed Jan 21 16:43:03 2026 India Standard Time elapsed time: 15.510761 seconds (0d 0h 0m 15s)

---------------  T H R E A D  ---------------

Current thread (0x00000186da4239d0):  JavaThread "C2 CompilerThread0" daemon [_thread_in_native, id=21836, stack(0x00000048a5900000,0x00000048a5a00000) (1024K)]


Current CompileTask:
C2:  15510 8208 %     4       org.gradle.internal.instantiation.generator.AbstractClassGenerator::inspectType @ 341 (560 bytes)

Stack: [0x00000048a5900000,0x00000048a5a00000]
Native frames: (J=compiled Java code, j=interpreted, Vv=VM code, C=native code)
V  [jvm.dll+0x6cbf89]
V  [jvm.dll+0x858421]
V  [jvm.dll+0x85a94e]
V  [jvm.dll+0x85b023]
V  [jvm.dll+0x27ebc6]
V  [jvm.dll+0xc4f4d]
V  [jvm.dll+0xc5483]
V  [jvm.dll+0x2f1f8d]
V  [jvm.dll+0x5f6cea]
V  [jvm.dll+0x2506d2]
V  [jvm.dll+0x24903f]
V  [jvm.dll+0x246b14]
V  [jvm.dll+0x1c7a3e]
V  [jvm.dll+0x256329]
V  [jvm.dll+0x2548ba]
V  [jvm.dll+0x3efdee]
V  [jvm.dll+0x80265b]
V  [jvm.dll+0x6ca66d]
C  [ucrtbase.dll+0x37b0]
C  [KERNEL32.DLL+0x2e8d7]
C  [ntdll.dll+0x8c53c]


---------------  P R O C E S S  ---------------

Threads class SMR info:
_java_thread_list=0x0000018725aa6920, length=77, elements={
0x00000186a33e8600, 0x00000186da403af0, 0x00000186da406960, 0x00000186da408f30,
0x00000186da40bd30, 0x00000186da40d940, 0x00000186da419b80, 0x00000186da4239d0,
0x00000186da42a100, 0x00000186da41a210, 0x00000186da41a8a0, 0x00000186da41bc50,
0x00000186da4194f0, 0x00000186da418e60, 0x00000186da41b5c0, 0x00000186da4187d0,
0x0000018721d69080, 0x0000018721d6b7e0, 0x0000018721d6be70, 0x0000018721d6aac0,
0x0000018721d6b150, 0x0000018721d69da0, 0x0000018721d6a430, 0x0000018721d6c500,
0x0000018721d69710, 0x0000018721d6d8b0, 0x0000018721d6f2f0, 0x0000018721d6e5d0,
0x0000018721d6f980, 0x0000018721d706a0, 0x0000018721d6ec60, 0x0000018721d70010,
0x0000018721d6d220, 0x0000018725fd3620, 0x0000018725fd2f90, 0x0000018725fd2270,
0x0000018725fd2900, 0x0000018725fd1be0, 0x0000018725fd3cb0, 0x0000018725332060,
0x0000018725330cb0, 0x000001872532ebe0, 0x0000018725333410, 0x000001872532ff90,
0x0000018725336200, 0x0000018725333aa0, 0x00000187253347c0, 0x0000018725334130,
0x0000018725334e50, 0x00000187253354e0, 0x0000018725335b70, 0x00000187227bff20,
0x00000187227c1960, 0x00000187227beb70, 0x00000187227bf890, 0x00000187227be4e0,
0x00000187227c2680, 0x00000187227c1ff0, 0x00000187227c05b0, 0x00000187227bf200,
0x00000187227c2d10, 0x00000187227c33a0, 0x00000187227c40c0, 0x00000187227c3a30,
0x00000187227c12d0, 0x00000187227c0c40, 0x00000187227c4de0, 0x00000187227c4750,
0x00000187227c5470, 0x00000187227c5b00, 0x000001872224e480, 0x000001872224d760,
0x000001872224eb10, 0x000001872224f1a0, 0x000001872224bd20, 0x000001872224f830,
0x0000018722250550
}

Java Threads: ( => current thread )
  0x00000186a33e8600 JavaThread "main"                              [_thread_blocked, id=4632, stack(0x00000048a4b00000,0x00000048a4c00000) (1024K)]
  0x00000186da403af0 JavaThread "Reference Handler"          daemon [_thread_blocked, id=23448, stack(0x00000048a5300000,0x00000048a5400000) (1024K)]
  0x00000186da406960 JavaThread "Finalizer"                  daemon [_thread_blocked, id=21684, stack(0x00000048a5400000,0x00000048a5500000) (1024K)]
  0x00000186da408f30 JavaThread "Signal Dispatcher"          daemon [_thread_blocked, id=19800, stack(0x00000048a5500000,0x00000048a5600000) (1024K)]
  0x00000186da40bd30 JavaThread "Attach Listener"            daemon [_thread_blocked, id=19500, stack(0x00000048a5600000,0x00000048a5700000) (1024K)]
  0x00000186da40d940 JavaThread "Service Thread"             daemon [_thread_blocked, id=15460, stack(0x00000048a5700000,0x00000048a5800000) (1024K)]
  0x00000186da419b80 JavaThread "Monitor Deflation Thread"   daemon [_thread_blocked, id=3800, stack(0x00000048a5800000,0x00000048a5900000) (1024K)]
=>0x00000186da4239d0 JavaThread "C2 CompilerThread0"         daemon [_thread_in_native, id=21836, stack(0x00000048a5900000,0x00000048a5a00000) (1024K)]
  0x00000186da42a100 JavaThread "C1 CompilerThread0"         daemon [_thread_in_native, id=23328, stack(0x00000048a5a00000,0x00000048a5b00000) (1024K)]
  0x00000186da41a210 JavaThread "Common-Cleaner"             daemon [_thread_blocked, id=19316, stack(0x00000048a5b00000,0x00000048a5c00000) (1024K)]
  0x00000186da41a8a0 JavaThread "Notification Thread"        daemon [_thread_blocked, id=21568, stack(0x00000048a5c00000,0x00000048a5d00000) (1024K)]
  0x00000186da41bc50 JavaThread "Daemon health stats"               [_thread_blocked, id=11468, stack(0x00000048a6500000,0x00000048a6600000) (1024K)]
  0x00000186da4194f0 JavaThread "Incoming local TCP Connector on port 57750"        [_thread_in_native, id=15400, stack(0x00000048a6600000,0x00000048a6700000) (1024K)]
  0x00000186da418e60 JavaThread "Daemon periodic checks"            [_thread_blocked, id=20596, stack(0x00000048a6700000,0x00000048a6800000) (1024K)]
  0x00000186da41b5c0 JavaThread "Daemon"                            [_thread_blocked, id=17096, stack(0x00000048a6800000,0x00000048a6900000) (1024K)]
  0x00000186da4187d0 JavaThread "Handler for socket connection from /127.0.0.1:57750 to /127.0.0.1:57751"        [_thread_in_native, id=17920, stack(0x00000048a6900000,0x00000048a6a00000) (1024K)]
  0x0000018721d69080 JavaThread "Cancel handler"                    [_thread_blocked, id=18136, stack(0x00000048a6a00000,0x00000048a6b00000) (1024K)]
  0x0000018721d6b7e0 JavaThread "Daemon worker"                     [_thread_in_Java, id=17688, stack(0x00000048a6b00000,0x00000048a6c00000) (1024K)]
  0x0000018721d6be70 JavaThread "Asynchronous log dispatcher for DefaultDaemonConnection: socket connection from /127.0.0.1:57750 to /127.0.0.1:57751"        [_thread_blocked, id=12524, stack(0x00000048a6c00000,0x00000048a6d00000) (1024K)]
  0x0000018721d6aac0 JavaThread "Stdin handler"                     [_thread_blocked, id=20792, stack(0x00000048a6d00000,0x00000048a6e00000) (1024K)]
  0x0000018721d6b150 JavaThread "Daemon client event forwarder"        [_thread_blocked, id=18016, stack(0x00000048a6e00000,0x00000048a6f00000) (1024K)]
  0x0000018721d69da0 JavaThread "Cache worker for journal cache (C:\Users\nibin\.gradle\caches\journal-1)"        [_thread_blocked, id=11876, stack(0x00000048a6f00000,0x00000048a7000000) (1024K)]
  0x0000018721d6a430 JavaThread "File lock request listener"        [_thread_in_native, id=6164, stack(0x00000048a7000000,0x00000048a7100000) (1024K)]
  0x0000018721d6c500 JavaThread "Cache worker for file hash cache (C:\Users\nibin\.gradle\caches\8.12\fileHashes)"        [_thread_blocked, id=23276, stack(0x00000048a7100000,0x00000048a7200000) (1024K)]
  0x0000018721d69710 JavaThread "Cache worker for file hash cache (N:\Downloads\Projects\Flutter\Aura\aura_app\android\.gradle\8.12\fileHashes)"        [_thread_blocked, id=17656, stack(0x00000048a7700000,0x00000048a7800000) (1024K)]
  0x0000018721d6d8b0 JavaThread "Cache worker for Build Output Cleanup Cache (N:\Downloads\Projects\Flutter\Aura\aura_app\android\.gradle\buildOutputCleanup)"        [_thread_blocked, id=6364, stack(0x00000048a7800000,0x00000048a7900000) (1024K)]
  0x0000018721d6f2f0 JavaThread "File watcher server"        daemon [_thread_in_native, id=2424, stack(0x00000048a7900000,0x00000048a7a00000) (1024K)]
  0x0000018721d6e5d0 JavaThread "File watcher consumer"      daemon [_thread_blocked, id=22904, stack(0x00000048a7a00000,0x00000048a7b00000) (1024K)]
  0x0000018721d6f980 JavaThread "jar transforms"                    [_thread_blocked, id=17104, stack(0x00000048a7200000,0x00000048a7300000) (1024K)]
  0x0000018721d706a0 JavaThread "jar transforms Thread 2"           [_thread_blocked, id=10400, stack(0x00000048a7b00000,0x00000048a7c00000) (1024K)]
  0x0000018721d6ec60 JavaThread "jar transforms Thread 3"           [_thread_blocked, id=16888, stack(0x00000048a7c00000,0x00000048a7d00000) (1024K)]
  0x0000018721d70010 JavaThread "jar transforms Thread 4"           [_thread_blocked, id=21596, stack(0x00000048a7e00000,0x00000048a7f00000) (1024K)]
  0x0000018721d6d220 JavaThread "jar transforms Thread 5"           [_thread_blocked, id=13900, stack(0x00000048a7f00000,0x00000048a8000000) (1024K)]
  0x0000018725fd3620 JavaThread "Cache worker for checksums cache (N:\Downloads\Projects\Flutter\Aura\aura_app\android\.gradle\8.12\checksums)"        [_thread_blocked, id=19768, stack(0x00000048a8000000,0x00000048a8100000) (1024K)]
  0x0000018725fd2f90 JavaThread "Cache worker for file content cache (C:\Users\nibin\.gradle\caches\8.12\fileContent)"        [_thread_blocked, id=17188, stack(0x00000048a8100000,0x00000048a8200000) (1024K)]
  0x0000018725fd2270 JavaThread "jar transforms Thread 6"           [_thread_blocked, id=17976, stack(0x00000048a8200000,0x00000048a8300000) (1024K)]
  0x0000018725fd2900 JavaThread "jar transforms Thread 7"           [_thread_blocked, id=16272, stack(0x00000048a8300000,0x00000048a8400000) (1024K)]
  0x0000018725fd1be0 JavaThread "jar transforms Thread 8"           [_thread_blocked, id=16096, stack(0x00000048a8400000,0x00000048a8500000) (1024K)]
  0x0000018725fd3cb0 JavaThread "jar transforms Thread 9"           [_thread_blocked, id=9156, stack(0x00000048a8500000,0x00000048a8600000) (1024K)]
  0x0000018725332060 JavaThread "Cache worker for cache directory md-rule (C:\Users\nibin\.gradle\caches\8.12\md-rule)"        [_thread_blocked, id=18456, stack(0x00000048a8600000,0x00000048a8700000) (1024K)]
  0x0000018725330cb0 JavaThread "Cache worker for cache directory md-supplier (C:\Users\nibin\.gradle\caches\8.12\md-supplier)"        [_thread_blocked, id=11200, stack(0x00000048a8700000,0x00000048a8800000) (1024K)]
  0x000001872532ebe0 JavaThread "Cache worker for Build Output Cleanup Cache (C:\Flutter\packages\flutter_tools\gradle\.gradle\buildOutputCleanup)"        [_thread_blocked, id=1048, stack(0x00000048a8800000,0x00000048a8900000) (1024K)]
  0x0000018725333410 JavaThread "Unconstrained build operations"        [_thread_blocked, id=3224, stack(0x00000048a8900000,0x00000048a8a00000) (1024K)]
  0x000001872532ff90 JavaThread "Unconstrained build operations Thread 2"        [_thread_blocked, id=3316, stack(0x00000048a8a00000,0x00000048a8b00000) (1024K)]
  0x0000018725336200 JavaThread "Unconstrained build operations Thread 3"        [_thread_blocked, id=18728, stack(0x00000048a8b00000,0x00000048a8c00000) (1024K)]
  0x0000018725333aa0 JavaThread "Unconstrained build operations Thread 4"        [_thread_blocked, id=19620, stack(0x00000048a8c00000,0x00000048a8d00000) (1024K)]
  0x00000187253347c0 JavaThread "Unconstrained build operations Thread 5"        [_thread_blocked, id=14884, stack(0x00000048a8d00000,0x00000048a8e00000) (1024K)]
  0x0000018725334130 JavaThread "Unconstrained build operations Thread 6"        [_thread_blocked, id=17320, stack(0x00000048a8e00000,0x00000048a8f00000) (1024K)]
  0x0000018725334e50 JavaThread "Unconstrained build operations Thread 7"        [_thread_blocked, id=12632, stack(0x00000048a8f00000,0x00000048a9000000) (1024K)]
  0x00000187253354e0 JavaThread "Unconstrained build operations Thread 8"        [_thread_blocked, id=17252, stack(0x00000048a9000000,0x00000048a9100000) (1024K)]
  0x0000018725335b70 JavaThread "Unconstrained build operations Thread 9"        [_thread_blocked, id=18392, stack(0x00000048a9100000,0x00000048a9200000) (1024K)]
  0x00000187227bff20 JavaThread "Unconstrained build operations Thread 10"        [_thread_blocked, id=18788, stack(0x00000048a9200000,0x00000048a9300000) (1024K)]
  0x00000187227c1960 JavaThread "Unconstrained build operations Thread 11"        [_thread_blocked, id=20628, stack(0x00000048a9300000,0x00000048a9400000) (1024K)]
  0x00000187227beb70 JavaThread "Unconstrained build operations Thread 12"        [_thread_blocked, id=15704, stack(0x00000048a9400000,0x00000048a9500000) (1024K)]
  0x00000187227bf890 JavaThread "Unconstrained build operations Thread 13"        [_thread_blocked, id=19632, stack(0x00000048a9500000,0x00000048a9600000) (1024K)]
  0x00000187227be4e0 JavaThread "Unconstrained build operations Thread 14"        [_thread_blocked, id=13872, stack(0x00000048a9600000,0x00000048a9700000) (1024K)]
  0x00000187227c2680 JavaThread "Unconstrained build operations Thread 15"        [_thread_blocked, id=4808, stack(0x00000048a9700000,0x00000048a9800000) (1024K)]
  0x00000187227c1ff0 JavaThread "Unconstrained build operations Thread 16"        [_thread_blocked, id=21156, stack(0x00000048a9800000,0x00000048a9900000) (1024K)]
  0x00000187227c05b0 JavaThread "Unconstrained build operations Thread 17"        [_thread_blocked, id=17644, stack(0x00000048a9900000,0x00000048a9a00000) (1024K)]
  0x00000187227bf200 JavaThread "Unconstrained build operations Thread 18"        [_thread_blocked, id=20932, stack(0x00000048a9a00000,0x00000048a9b00000) (1024K)]
  0x00000187227c2d10 JavaThread "Unconstrained build operations Thread 19"        [_thread_blocked, id=20784, stack(0x00000048a9b00000,0x00000048a9c00000) (1024K)]
  0x00000187227c33a0 JavaThread "Unconstrained build operations Thread 20"        [_thread_blocked, id=12412, stack(0x00000048a9c00000,0x00000048a9d00000) (1024K)]
  0x00000187227c40c0 JavaThread "Unconstrained build operations Thread 21"        [_thread_blocked, id=19488, stack(0x00000048a9d00000,0x00000048a9e00000) (1024K)]
  0x00000187227c3a30 JavaThread "Unconstrained build operations Thread 22"        [_thread_blocked, id=23116, stack(0x00000048a9e00000,0x00000048a9f00000) (1024K)]
  0x00000187227c12d0 JavaThread "Unconstrained build operations Thread 23"        [_thread_blocked, id=22188, stack(0x00000048a9f00000,0x00000048aa000000) (1024K)]
  0x00000187227c0c40 JavaThread "Unconstrained build operations Thread 24"        [_thread_blocked, id=19304, stack(0x00000048aa000000,0x00000048aa100000) (1024K)]
  0x00000187227c4de0 JavaThread "Unconstrained build operations Thread 25"        [_thread_blocked, id=9164, stack(0x00000048aa100000,0x00000048aa200000) (1024K)]
  0x00000187227c4750 JavaThread "Unconstrained build operations Thread 26"        [_thread_blocked, id=18348, stack(0x00000048aa200000,0x00000048aa300000) (1024K)]
  0x00000187227c5470 JavaThread "Unconstrained build operations Thread 27"        [_thread_blocked, id=22024, stack(0x00000048aa300000,0x00000048aa400000) (1024K)]
  0x00000187227c5b00 JavaThread "Unconstrained build operations Thread 28"        [_thread_blocked, id=21152, stack(0x00000048aa400000,0x00000048aa500000) (1024K)]
  0x000001872224e480 JavaThread "Unconstrained build operations Thread 29"        [_thread_blocked, id=22612, stack(0x00000048aa500000,0x00000048aa600000) (1024K)]
  0x000001872224d760 JavaThread "Unconstrained build operations Thread 30"        [_thread_blocked, id=19820, stack(0x00000048aa600000,0x00000048aa700000) (1024K)]
  0x000001872224eb10 JavaThread "Unconstrained build operations Thread 31"        [_thread_blocked, id=11568, stack(0x00000048aa700000,0x00000048aa800000) (1024K)]
  0x000001872224f1a0 JavaThread "Unconstrained build operations Thread 32"        [_thread_blocked, id=14376, stack(0x00000048aa800000,0x00000048aa900000) (1024K)]
  0x000001872224bd20 JavaThread "Unconstrained build operations Thread 33"        [_thread_blocked, id=20984, stack(0x00000048aa900000,0x00000048aaa00000) (1024K)]
  0x000001872224f830 JavaThread "Memory manager"                    [_thread_blocked, id=9464, stack(0x00000048aaa00000,0x00000048aab00000) (1024K)]
  0x0000018722250550 JavaThread "build event listener"              [_thread_blocked, id=21308, stack(0x00000048a7d00000,0x00000048a7e00000) (1024K)]
Total: 77

Other Threads:
  0x00000186da3ec4b0 VMThread "VM Thread"                           [id=22184, stack(0x00000048a5200000,0x00000048a5300000) (1024K)]
  0x00000186a5637ad0 WatcherThread "VM Periodic Task Thread"        [id=5480, stack(0x00000048a5100000,0x00000048a5200000) (1024K)]
  0x00000186a56e7790 WorkerThread "GC Thread#0"                     [id=1532, stack(0x00000048a4c00000,0x00000048a4d00000) (1024K)]
  0x0000018720696bc0 WorkerThread "GC Thread#1"                     [id=21972, stack(0x00000048a5f00000,0x00000048a6000000) (1024K)]
  0x000001872045ed90 WorkerThread "GC Thread#2"                     [id=21360, stack(0x00000048a6000000,0x00000048a6100000) (1024K)]
  0x000001872117c0a0 WorkerThread "GC Thread#3"                     [id=12696, stack(0x00000048a6100000,0x00000048a6200000) (1024K)]
  0x000001872117c450 WorkerThread "GC Thread#4"                     [id=14880, stack(0x00000048a6200000,0x00000048a6300000) (1024K)]
  0x0000018720e83300 WorkerThread "GC Thread#5"                     [id=12304, stack(0x00000048a5e00000,0x00000048a5f00000) (1024K)]
  0x000001872126e7e0 WorkerThread "GC Thread#6"                     [id=22532, stack(0x00000048a6300000,0x00000048a6400000) (1024K)]
  0x0000018720feea60 WorkerThread "GC Thread#7"                     [id=17328, stack(0x00000048a6400000,0x00000048a6500000) (1024K)]
  0x000001872232cec0 WorkerThread "GC Thread#8"                     [id=20568, stack(0x00000048a7300000,0x00000048a7400000) (1024K)]
  0x000001872232b4f0 WorkerThread "GC Thread#9"                     [id=21004, stack(0x00000048a7400000,0x00000048a7500000) (1024K)]
  0x00000186a56f8690 ConcurrentGCThread "G1 Main Marker"            [id=19180, stack(0x00000048a4d00000,0x00000048a4e00000) (1024K)]
  0x00000186a56f9f30 WorkerThread "G1 Conc#0"                       [id=22008, stack(0x00000048a4e00000,0x00000048a4f00000) (1024K)]
  0x00000187249f4570 WorkerThread "G1 Conc#1"                       [id=20460, stack(0x00000048a7500000,0x00000048a7600000) (1024K)]
  0x00000187249f0e20 WorkerThread "G1 Conc#2"                       [id=23248, stack(0x00000048a7600000,0x00000048a7700000) (1024K)]
  0x00000186da2acc10 ConcurrentGCThread "G1 Refine#0"               [id=18840, stack(0x00000048a4f00000,0x00000048a5000000) (1024K)]
  0x00000186da2ad6a0 ConcurrentGCThread "G1 Service"                [id=20616, stack(0x00000048a5000000,0x00000048a5100000) (1024K)]
Total: 18

Threads with active compile tasks:
C2 CompilerThread0    15534 8208 %     4       org.gradle.internal.instantiation.generator.AbstractClassGenerator::inspectType @ 341 (560 bytes)
C1 CompilerThread0    15534 8287       3       org.gradle.internal.reflect.annotations.impl.DefaultTypeAnnotationMetadataStore$HasAnnotationMetadataBuilder::resolveAnnotations (142 bytes)
C2 CompilerThread1    15535 8288       4       com.google.common.collect.ImmutableMap$Builder::put (35 bytes)
Total: 3

VM state: not at safepoint (normal execution)

VM Mutex/Monitor currently owned by a thread: None

Heap address: 0x0000000600000000, size: 8192 MB, Compressed Oops mode: Zero based, Oop shift amount: 3

CDS archive(s) mapped at: [0x00000186db000000-0x00000186dbc90000-0x00000186dbc90000), size 13172736, SharedBaseAddress: 0x00000186db000000, ArchiveRelocationMode: 1.
Compressed class space mapped at: 0x00000186dc000000-0x000001871c000000, reserved size: 1073741824
Narrow klass base: 0x00000186db000000, Narrow klass shift: 0, Narrow klass range: 0x100000000

GC Precious Log:
 CardTable entry size: 512
 Card Set container configuration: InlinePtr #cards 4 size 8 Array Of Cards #cards 32 size 80 Howl #buckets 8 coarsen threshold 7372 Howl Bitmap #cards 1024 size 144 coarsen threshold 921 Card regions per heap region 1 cards per card region 8192
 CPUs: 12 total, 12 available
 Memory: 7913M
 Large Page Support: Disabled
 NUMA Support: Disabled
 Compressed Oops: Enabled (Zero based)
 Heap Region Size: 4M
 Heap Min Capacity: 8M
 Heap Initial Capacity: 124M
 Heap Max Capacity: 8G
 Pre-touch: Disabled
 Parallel Workers: 10
 Concurrent Workers: 3
 Concurrent Refinement Workers: 10
 Periodic GC: Disabled

Heap:
 garbage-first heap   total 163840K, used 102694K [0x0000000600000000, 0x0000000800000000)
  region size 4096K, 11 young (45056K), 2 survivors (8192K)
 Metaspace       used 71008K, committed 73152K, reserved 1114112K
  class space    used 10050K, committed 11136K, reserved 1048576K

Heap Regions: E=young(eden), S=young(survivor), O=old, HS=humongous(starts), HC=humongous(continues), CS=collection set, F=free, TAMS=top-at-mark-start, PB=parsable bottom
|   0|0x0000000600000000, 0x0000000600400000, 0x0000000600400000|100%|HS|  |TAMS 0x0000000600000000| PB 0x0000000600000000| Complete 
|   1|0x0000000600400000, 0x0000000600800000, 0x0000000600800000|100%| O|  |TAMS 0x0000000600400000| PB 0x0000000600400000| Untracked 
|   2|0x0000000600800000, 0x0000000600c00000, 0x0000000600c00000|100%| O|  |TAMS 0x0000000600800000| PB 0x0000000600800000| Untracked 
|   3|0x0000000600c00000, 0x0000000601000000, 0x0000000601000000|100%| O|  |TAMS 0x0000000600c00000| PB 0x0000000600c00000| Untracked 
|   4|0x0000000601000000, 0x0000000601000000, 0x0000000601400000|  0%| F|  |TAMS 0x0000000601000000| PB 0x0000000601000000| Untracked 
|   5|0x0000000601400000, 0x0000000601800000, 0x0000000601800000|100%| O|  |TAMS 0x0000000601400000| PB 0x0000000601400000| Untracked 
|   6|0x0000000601800000, 0x0000000601c00000, 0x0000000601c00000|100%| O|  |TAMS 0x0000000601800000| PB 0x0000000601800000| Untracked 
|   7|0x0000000601c00000, 0x0000000602000000, 0x0000000602000000|100%|HS|  |TAMS 0x0000000601c00000| PB 0x0000000601c00000| Complete 
|   8|0x0000000602000000, 0x0000000602400000, 0x0000000602400000|100%| O|  |TAMS 0x0000000602000000| PB 0x0000000602000000| Untracked 
|   9|0x0000000602400000, 0x0000000602800000, 0x0000000602800000|100%| O|  |TAMS 0x0000000602400000| PB 0x0000000602400000| Untracked 
|  10|0x0000000602800000, 0x0000000602c00000, 0x0000000602c00000|100%| O|  |TAMS 0x0000000602800000| PB 0x0000000602800000| Untracked 
|  11|0x0000000602c00000, 0x0000000603000000, 0x0000000603000000|100%| O|  |TAMS 0x0000000602c00000| PB 0x0000000602c00000| Untracked 
|  12|0x0000000603000000, 0x00000006033a3240, 0x0000000603400000| 90%| O|  |TAMS 0x0000000603000000| PB 0x0000000603000000| Untracked 
|  13|0x0000000603400000, 0x0000000603800000, 0x0000000603800000|100%|HS|  |TAMS 0x0000000603400000| PB 0x0000000603400000| Complete 
|  14|0x0000000603800000, 0x0000000603c00000, 0x0000000603c00000|100%| O|  |TAMS 0x0000000603800000| PB 0x0000000603800000| Untracked 
|  15|0x0000000603c00000, 0x0000000604000000, 0x0000000604000000|100%| O|  |TAMS 0x0000000603c00000| PB 0x0000000603c00000| Untracked 
|  16|0x0000000604000000, 0x0000000604400000, 0x0000000604400000|100%| O|  |TAMS 0x0000000604000000| PB 0x0000000604000000| Untracked 
|  17|0x0000000604400000, 0x0000000604400000, 0x0000000604800000|  0%| F|  |TAMS 0x0000000604400000| PB 0x0000000604400000| Untracked 
|  18|0x0000000604800000, 0x0000000604800000, 0x0000000604c00000|  0%| F|  |TAMS 0x0000000604800000| PB 0x0000000604800000| Untracked 
|  19|0x0000000604c00000, 0x0000000604ca6970, 0x0000000605000000| 16%| S|CS|TAMS 0x0000000604c00000| PB 0x0000000604c00000| Complete 
|  20|0x0000000605000000, 0x0000000605400000, 0x0000000605400000|100%| S|CS|TAMS 0x0000000605000000| PB 0x0000000605000000| Complete 
|  21|0x0000000605400000, 0x0000000605400000, 0x0000000605800000|  0%| F|  |TAMS 0x0000000605400000| PB 0x0000000605400000| Untracked 
|  22|0x0000000605800000, 0x0000000605800000, 0x0000000605c00000|  0%| F|  |TAMS 0x0000000605800000| PB 0x0000000605800000| Untracked 
|  23|0x0000000605c00000, 0x0000000605c00000, 0x0000000606000000|  0%| F|  |TAMS 0x0000000605c00000| PB 0x0000000605c00000| Untracked 
|  24|0x0000000606000000, 0x0000000606000000, 0x0000000606400000|  0%| F|  |TAMS 0x0000000606000000| PB 0x0000000606000000| Untracked 
|  25|0x0000000606400000, 0x0000000606400000, 0x0000000606800000|  0%| F|  |TAMS 0x0000000606400000| PB 0x0000000606400000| Untracked 
|  26|0x0000000606800000, 0x0000000606800000, 0x0000000606c00000|  0%| F|  |TAMS 0x0000000606800000| PB 0x0000000606800000| Untracked 
|  27|0x0000000606c00000, 0x0000000606c00000, 0x0000000607000000|  0%| F|  |TAMS 0x0000000606c00000| PB 0x0000000606c00000| Untracked 
|  28|0x0000000607000000, 0x0000000607000000, 0x0000000607400000|  0%| F|  |TAMS 0x0000000607000000| PB 0x0000000607000000| Untracked 
|  29|0x0000000607400000, 0x0000000607400000, 0x0000000607800000|  0%| F|  |TAMS 0x0000000607400000| PB 0x0000000607400000| Untracked 
|  30|0x0000000607800000, 0x0000000607800000, 0x0000000607c00000|  0%| F|  |TAMS 0x0000000607800000| PB 0x0000000607800000| Untracked 
|  31|0x0000000607c00000, 0x0000000607ec87d8, 0x0000000608000000| 69%| E|  |TAMS 0x0000000607c00000| PB 0x0000000607c00000| Complete 
|  32|0x0000000608000000, 0x0000000608400000, 0x0000000608400000|100%| E|CS|TAMS 0x0000000608000000| PB 0x0000000608000000| Complete 
|  33|0x0000000608400000, 0x0000000608800000, 0x0000000608800000|100%| E|CS|TAMS 0x0000000608400000| PB 0x0000000608400000| Complete 
|  34|0x0000000608800000, 0x0000000608c00000, 0x0000000608c00000|100%| E|CS|TAMS 0x0000000608800000| PB 0x0000000608800000| Complete 
|  35|0x0000000608c00000, 0x0000000609000000, 0x0000000609000000|100%| E|CS|TAMS 0x0000000608c00000| PB 0x0000000608c00000| Complete 
|  36|0x0000000609000000, 0x0000000609400000, 0x0000000609400000|100%| E|CS|TAMS 0x0000000609000000| PB 0x0000000609000000| Complete 
|  37|0x0000000609400000, 0x0000000609800000, 0x0000000609800000|100%| E|CS|TAMS 0x0000000609400000| PB 0x0000000609400000| Complete 
|  38|0x0000000609800000, 0x0000000609c00000, 0x0000000609c00000|100%| E|CS|TAMS 0x0000000609800000| PB 0x0000000609800000| Complete 
|  39|0x0000000609c00000, 0x000000060a000000, 0x000000060a000000|100%| E|CS|TAMS 0x0000000609c00000| PB 0x0000000609c00000| Complete 

Card table byte_map: [0x00000186cf250000,0x00000186d0250000] _byte_map_base: 0x00000186cc250000

Marking Bits: (CMBitMap*) 0x00000186a56e7db0
 Bits: [0x00000186d0250000, 0x00000186d8250000)

Polling page: 0x00000186a3770000

Metaspace:

Usage:
  Non-class:     59.53 MB used.
      Class:      9.82 MB used.
       Both:     69.35 MB used.

Virtual space:
  Non-class space:       64.00 MB reserved,      60.56 MB ( 95%) committed,  1 nodes.
      Class space:        1.00 GB reserved,      10.88 MB (  1%) committed,  1 nodes.
             Both:        1.06 GB reserved,      71.44 MB (  7%) committed. 

Chunk freelists:
   Non-Class:  2.80 MB
       Class:  4.98 MB
        Both:  7.78 MB

MaxMetaspaceSize: 4.00 GB
CompressedClassSpaceSize: 1.00 GB
Initial GC threshold: 21.00 MB
Current GC threshold: 99.00 MB
CDS: on
 - commit_granule_bytes: 65536.
 - commit_granule_words: 8192.
 - virtual_space_node_default_size: 8388608.
 - enlarge_chunks_in_place: 1.
 - use_allocation_guard: 0.


Internal statistics:

num_allocs_failed_limit: 12.
num_arena_births: 3714.
num_arena_deaths: 0.
num_vsnodes_births: 2.
num_vsnodes_deaths: 0.
num_space_committed: 1143.
num_space_uncommitted: 0.
num_chunks_returned_to_freelist: 12.
num_chunks_taken_from_freelist: 7106.
num_chunk_merges: 6.
num_chunk_splits: 4559.
num_chunks_enlarged: 2759.
num_inconsistent_stats: 0.

CodeHeap 'non-profiled nmethods': size=259264Kb used=4670Kb max_used=4670Kb free=254593Kb
 bounds [0x00000186bddb0000, 0x00000186be240000, 0x00000186cdae0000]
CodeHeap 'profiled nmethods': size=259264Kb used=14495Kb max_used=14495Kb free=244768Kb
 bounds [0x00000186adae0000, 0x00000186ae910000, 0x00000186bd810000]
CodeHeap 'non-nmethods': size=5760Kb used=3083Kb max_used=3140Kb free=2677Kb
 bounds [0x00000186bd810000, 0x00000186bdb30000, 0x00000186bddb0000]
 total_blobs=8459 nmethods=7529 adapters=834
 compilation: enabled
              stopped_count=0, restarted_count=0
 full_count=0

Compilation events (20 events):
Event: 12.476 Thread 0x00000186da42a100 8227       3       java.util.stream.AbstractPipeline::evaluateToArrayNode (78 bytes)
Event: 12.477 Thread 0x00000186da42a100 nmethod 8227 0x00000186ae8e9a90 code [0x00000186ae8e9cc0, 0x00000186ae8ea2a0]
Event: 12.477 Thread 0x00000186da42a100 8228       3       java.util.stream.ReferencePipeline::makeNodeBuilder (6 bytes)
Event: 12.477 Thread 0x00000186da42a100 nmethod 8228 0x00000186ae8ea490 code [0x00000186ae8ea640, 0x00000186ae8ea780]
Event: 12.479 Thread 0x0000018725aaac40 8229       4       org.gradle.model.internal.asm.ClassVisitorScope::publicMethod (11 bytes)
Event: 12.480 Thread 0x00000186da42a100 8230       3       org.objectweb.asm.SymbolTable::putBootstrapMethods (56 bytes)
Event: 12.480 Thread 0x00000186da42a100 nmethod 8230 0x00000186ae8ea810 code [0x00000186ae8eaa00, 0x00000186ae8eacf0]
Event: 12.481 Thread 0x00000186da42a100 8231       3       com.google.common.collect.Iterables::toArray (10 bytes)
Event: 12.481 Thread 0x00000186da42a100 nmethod 8231 0x00000186ae8eae90 code [0x00000186ae8eb0c0, 0x00000186ae8eb948]
Event: 12.481 Thread 0x0000018725aaac40 nmethod 8229 0x00000186be23ec90 code [0x00000186be23ee40, 0x00000186be23efe0]
Event: 12.912 Thread 0x00000186da42a100 8232       3       java.lang.invoke.DirectMethodHandle$Holder::invokeStatic (14 bytes)
Event: 12.912 Thread 0x00000186da42a100 nmethod 8232 0x00000186ae8ebb90 code [0x00000186ae8ebd60, 0x00000186ae8ec270]
Event: 12.912 Thread 0x00000186da42a100 8233       3       java.lang.invoke.DirectMethodHandle$Holder::invokeStatic (17 bytes)
Event: 12.912 Thread 0x00000186da42a100 nmethod 8233 0x00000186ae8ec390 code [0x00000186ae8ec560, 0x00000186ae8eca08]
Event: 13.909 Thread 0x00000186da42a100 8234       1       org.gradle.internal.concurrent.AbstractManagedExecutor::access$000 (5 bytes)
Event: 13.910 Thread 0x00000186da42a100 nmethod 8234 0x00000186be23f210 code [0x00000186be23f3a0, 0x00000186be23f450]
Event: 13.910 Thread 0x00000186da42a100 8235       3       java.lang.invoke.DirectMethodHandle$Holder::invokeStatic (17 bytes)
Event: 13.910 Thread 0x00000186da42a100 nmethod 8235 0x00000186ae8ecb10 code [0x00000186ae8ecce0, 0x00000186ae8ed1f0]
Event: 14.921 Thread 0x00000186da42a100 8237       1       javax.management.ObjectName::getCanonicalName (5 bytes)
Event: 14.921 Thread 0x00000186da42a100 nmethod 8237 0x00000186be23f510 code [0x00000186be23f6a0, 0x00000186be23f770]

GC Heap History (20 events):
Event: 4.510 GC heap before
{Heap before GC invocations=6 (full 0):
 garbage-first heap   total 110592K, used 85921K [0x0000000600000000, 0x0000000800000000)
  region size 4096K, 18 young (73728K), 2 survivors (8192K)
 Metaspace       used 29618K, committed 30592K, reserved 1114112K
  class space    used 4330K, committed 4800K, reserved 1048576K
}
Event: 4.519 GC heap after
{Heap after GC invocations=7 (full 0):
 garbage-first heap   total 110592K, used 29822K [0x0000000600000000, 0x0000000800000000)
  region size 4096K, 3 young (12288K), 3 survivors (12288K)
 Metaspace       used 29618K, committed 30592K, reserved 1114112K
  class space    used 4330K, committed 4800K, reserved 1048576K
}
Event: 5.046 GC heap before
{Heap before GC invocations=7 (full 0):
 garbage-first heap   total 110592K, used 50302K [0x0000000600000000, 0x0000000800000000)
  region size 4096K, 9 young (36864K), 3 survivors (12288K)
 Metaspace       used 34903K, committed 35968K, reserved 1114112K
  class space    used 4886K, committed 5440K, reserved 1048576K
}
Event: 5.055 GC heap after
{Heap after GC invocations=8 (full 0):
 garbage-first heap   total 110592K, used 32230K [0x0000000600000000, 0x0000000800000000)
  region size 4096K, 1 young (4096K), 1 survivors (4096K)
 Metaspace       used 34903K, committed 35968K, reserved 1114112K
  class space    used 4886K, committed 5440K, reserved 1048576K
}
Event: 5.117 GC heap before
{Heap before GC invocations=8 (full 0):
 garbage-first heap   total 110592K, used 36326K [0x0000000600000000, 0x0000000800000000)
  region size 4096K, 3 young (12288K), 1 survivors (4096K)
 Metaspace       used 35241K, committed 36288K, reserved 1114112K
  class space    used 4914K, committed 5440K, reserved 1048576K
}
Event: 5.120 GC heap after
{Heap after GC invocations=9 (full 0):
 garbage-first heap   total 135168K, used 32703K [0x0000000600000000, 0x0000000800000000)
  region size 4096K, 1 young (4096K), 1 survivors (4096K)
 Metaspace       used 35241K, committed 36288K, reserved 1114112K
  class space    used 4914K, committed 5440K, reserved 1048576K
}
Event: 5.761 GC heap before
{Heap before GC invocations=10 (full 0):
 garbage-first heap   total 135168K, used 98239K [0x0000000600000000, 0x0000000800000000)
  region size 4096K, 18 young (73728K), 1 survivors (4096K)
 Metaspace       used 40255K, committed 41472K, reserved 1114112K
  class space    used 5435K, committed 6016K, reserved 1048576K
}
Event: 5.766 GC heap after
{Heap after GC invocations=11 (full 0):
 garbage-first heap   total 135168K, used 36935K [0x0000000600000000, 0x0000000800000000)
  region size 4096K, 2 young (8192K), 2 survivors (8192K)
 Metaspace       used 40255K, committed 41472K, reserved 1114112K
  class space    used 5435K, committed 6016K, reserved 1048576K
}
Event: 6.501 GC heap before
{Heap before GC invocations=11 (full 0):
 garbage-first heap   total 135168K, used 102471K [0x0000000600000000, 0x0000000800000000)
  region size 4096K, 19 young (77824K), 2 survivors (8192K)
 Metaspace       used 46238K, committed 47936K, reserved 1114112K
  class space    used 6410K, committed 7232K, reserved 1048576K
}
Event: 6.507 GC heap after
{Heap after GC invocations=12 (full 0):
 garbage-first heap   total 135168K, used 40754K [0x0000000600000000, 0x0000000800000000)
  region size 4096K, 3 young (12288K), 3 survivors (12288K)
 Metaspace       used 46238K, committed 47936K, reserved 1114112K
  class space    used 6410K, committed 7232K, reserved 1048576K
}
Event: 7.145 GC heap before
{Heap before GC invocations=12 (full 0):
 garbage-first heap   total 135168K, used 106290K [0x0000000600000000, 0x0000000800000000)
  region size 4096K, 19 young (77824K), 3 survivors (12288K)
 Metaspace       used 50604K, committed 52480K, reserved 1114112K
  class space    used 7125K, committed 8064K, reserved 1048576K
}
Event: 7.153 GC heap after
{Heap after GC invocations=13 (full 0):
 garbage-first heap   total 135168K, used 44655K [0x0000000600000000, 0x0000000800000000)
  region size 4096K, 2 young (8192K), 2 survivors (8192K)
 Metaspace       used 50604K, committed 52480K, reserved 1114112K
  class space    used 7125K, committed 8064K, reserved 1048576K
}
Event: 7.859 GC heap before
{Heap before GC invocations=13 (full 0):
 garbage-first heap   total 135168K, used 114287K [0x0000000600000000, 0x0000000800000000)
  region size 4096K, 19 young (77824K), 2 survivors (8192K)
 Metaspace       used 54591K, committed 56448K, reserved 1114112K
  class space    used 7725K, committed 8640K, reserved 1048576K
}
Event: 7.866 GC heap after
{Heap after GC invocations=14 (full 0):
 garbage-first heap   total 135168K, used 51252K [0x0000000600000000, 0x0000000800000000)
  region size 4096K, 3 young (12288K), 3 survivors (12288K)
 Metaspace       used 54591K, committed 56448K, reserved 1114112K
  class space    used 7725K, committed 8640K, reserved 1048576K
}
Event: 8.497 GC heap before
{Heap before GC invocations=14 (full 0):
 garbage-first heap   total 135168K, used 100404K [0x0000000600000000, 0x0000000800000000)
  region size 4096K, 15 young (61440K), 3 survivors (12288K)
 Metaspace       used 58590K, committed 60608K, reserved 1114112K
  class space    used 8393K, committed 9408K, reserved 1048576K
}
Event: 8.504 GC heap after
{Heap after GC invocations=15 (full 0):
 garbage-first heap   total 135168K, used 61147K [0x0000000600000000, 0x0000000800000000)
  region size 4096K, 2 young (8192K), 2 survivors (8192K)
 Metaspace       used 58590K, committed 60608K, reserved 1114112K
  class space    used 8393K, committed 9408K, reserved 1048576K
}
Event: 9.093 GC heap before
{Heap before GC invocations=16 (full 0):
 garbage-first heap   total 135168K, used 106203K [0x0000000600000000, 0x0000000800000000)
  region size 4096K, 14 young (57344K), 2 survivors (8192K)
 Metaspace       used 64071K, committed 66240K, reserved 1114112K
  class space    used 9099K, committed 10176K, reserved 1048576K
}
Event: 9.097 GC heap after
{Heap after GC invocations=17 (full 0):
 garbage-first heap   total 163840K, used 63354K [0x0000000600000000, 0x0000000800000000)
  region size 4096K, 1 young (4096K), 1 survivors (4096K)
 Metaspace       used 64071K, committed 66240K, reserved 1114112K
  class space    used 9099K, committed 10176K, reserved 1048576K
}
Event: 11.039 GC heap before
{Heap before GC invocations=17 (full 0):
 garbage-first heap   total 163840K, used 145274K [0x0000000600000000, 0x0000000800000000)
  region size 4096K, 20 young (81920K), 1 survivors (4096K)
 Metaspace       used 69237K, committed 71360K, reserved 1114112K
  class space    used 9807K, committed 10880K, reserved 1048576K
}
Event: 11.045 GC heap after
{Heap after GC invocations=18 (full 0):
 garbage-first heap   total 163840K, used 69926K [0x0000000600000000, 0x0000000800000000)
  region size 4096K, 2 young (8192K), 2 survivors (8192K)
 Metaspace       used 69237K, committed 71360K, reserved 1114112K
  class space    used 9807K, committed 10880K, reserved 1048576K
}

Dll operation events (16 events):
Event: 0.095 Loaded shared library N:\Windows Files\DevTools\java\bin\java.dll
Event: 0.127 Loaded shared library N:\Windows Files\DevTools\java\bin\jsvml.dll
Event: 0.214 Loaded shared library N:\Windows Files\DevTools\java\bin\zip.dll
Event: 0.233 Loaded shared library N:\Windows Files\DevTools\java\bin\instrument.dll
Event: 0.263 Loaded shared library N:\Windows Files\DevTools\java\bin\net.dll
Event: 0.311 Loaded shared library N:\Windows Files\DevTools\java\bin\nio.dll
Event: 0.314 Loaded shared library N:\Windows Files\DevTools\java\bin\zip.dll
Event: 0.605 Loaded shared library N:\Windows Files\DevTools\java\bin\jimage.dll
Event: 0.715 Loaded shared library N:\Windows Files\DevTools\java\bin\verify.dll
Event: 0.865 Loaded shared library C:\Users\nibin\.gradle\native\1def1411415f61bf3af743bc5b6707747c0891f09f0c88961ee8f79bc544acac\windows-amd64\native-platform.dll
Event: 0.873 Loaded shared library C:\Users\nibin\.gradle\native\0.2.5\x86_64-windows-gnu\gradle-fileevents.dll
Event: 1.864 Loaded shared library N:\Windows Files\DevTools\java\bin\management.dll
Event: 1.867 Loaded shared library N:\Windows Files\DevTools\java\bin\management_ext.dll
Event: 2.092 Loaded shared library N:\Windows Files\DevTools\java\bin\extnet.dll
Event: 2.213 Loaded shared library N:\Windows Files\DevTools\java\bin\sunmscapi.dll
Event: 2.815 Loaded shared library C:\Users\nibin\AppData\Local\Temp\native-platform16734242112261552581dir\gradle-fileevents.dll

Deoptimization events (20 events):
Event: 11.248 Thread 0x0000018721d6b7e0 Uncommon trap: trap_request=0xffffffd6 fr.pc=0x00000186be214424 relative=0x0000000000000544
Event: 11.248 Thread 0x0000018721d6b7e0 Uncommon trap: reason=array_check action=maybe_recompile pc=0x00000186be214424 method=com.google.common.collect.ImmutableMap$Builder.put(Ljava/lang/Object;Ljava/lang/Object;)Lcom/google/common/collect/ImmutableMap$Builder; @ 32 c2
Event: 11.248 Thread 0x0000018721d6b7e0 DEOPT PACKING pc=0x00000186be214424 sp=0x00000048a6bf51c0
Event: 11.248 Thread 0x0000018721d6b7e0 DEOPT UNPACKING pc=0x00000186bd867da2 sp=0x00000048a6bf51a8 mode 2
Event: 11.248 Thread 0x0000018721d6b7e0 Uncommon trap: trap_request=0xffffffd6 fr.pc=0x00000186be214424 relative=0x0000000000000544
Event: 11.248 Thread 0x0000018721d6b7e0 Uncommon trap: reason=array_check action=maybe_recompile pc=0x00000186be214424 method=com.google.common.collect.ImmutableMap$Builder.put(Ljava/lang/Object;Ljava/lang/Object;)Lcom/google/common/collect/ImmutableMap$Builder; @ 32 c2
Event: 11.248 Thread 0x0000018721d6b7e0 DEOPT PACKING pc=0x00000186be214424 sp=0x00000048a6bf3a80
Event: 11.248 Thread 0x0000018721d6b7e0 DEOPT UNPACKING pc=0x00000186bd867da2 sp=0x00000048a6bf3a50 mode 2
Event: 11.248 Thread 0x0000018721d6b7e0 Uncommon trap: trap_request=0xffffffd6 fr.pc=0x00000186be214424 relative=0x0000000000000544
Event: 11.248 Thread 0x0000018721d6b7e0 Uncommon trap: reason=array_check action=maybe_recompile pc=0x00000186be214424 method=com.google.common.collect.ImmutableMap$Builder.put(Ljava/lang/Object;Ljava/lang/Object;)Lcom/google/common/collect/ImmutableMap$Builder; @ 32 c2
Event: 11.248 Thread 0x0000018721d6b7e0 DEOPT PACKING pc=0x00000186be214424 sp=0x00000048a6bf3a80
Event: 11.248 Thread 0x0000018721d6b7e0 DEOPT UNPACKING pc=0x00000186bd867da2 sp=0x00000048a6bf3a50 mode 2
Event: 11.275 Thread 0x0000018721d6b7e0 Uncommon trap: trap_request=0xffffffde fr.pc=0x00000186be17c398 relative=0x00000000000025b8
Event: 11.275 Thread 0x0000018721d6b7e0 Uncommon trap: reason=class_check action=maybe_recompile pc=0x00000186be17c398 method=java.net.URLClassLoader.defineClass(Ljava/lang/String;Ljdk/internal/loader/Resource;)Ljava/lang/Class; @ 34 c2
Event: 11.275 Thread 0x0000018721d6b7e0 DEOPT PACKING pc=0x00000186be17c398 sp=0x00000048a6bf5270
Event: 11.275 Thread 0x0000018721d6b7e0 DEOPT UNPACKING pc=0x00000186bd867da2 sp=0x00000048a6bf5038 mode 2
Event: 11.307 Thread 0x0000018721d6b7e0 Uncommon trap: trap_request=0xffffff45 fr.pc=0x00000186be0833bc relative=0x000000000000093c
Event: 11.307 Thread 0x0000018721d6b7e0 Uncommon trap: reason=unstable_if action=reinterpret pc=0x00000186be0833bc method=org.objectweb.asm.Frame.execute(IILorg/objectweb/asm/Symbol;Lorg/objectweb/asm/SymbolTable;)V @ 1 c2
Event: 11.307 Thread 0x0000018721d6b7e0 DEOPT PACKING pc=0x00000186be0833bc sp=0x00000048a6bf4210
Event: 11.307 Thread 0x0000018721d6b7e0 DEOPT UNPACKING pc=0x00000186bd867da2 sp=0x00000048a6bf4198 mode 2

Classes loaded (20 events):
Event: 12.212 Loading class java/util/concurrent/LinkedBlockingDeque$AbstractItr done
Event: 12.212 Loading class java/util/concurrent/LinkedBlockingDeque$Itr done
Event: 12.455 Loading class java/util/concurrent/ConcurrentSkipListMap$KeySet
Event: 12.455 Loading class java/util/concurrent/ConcurrentSkipListMap$KeySet done
Event: 12.455 Loading class java/util/concurrent/ConcurrentSkipListMap$KeyIterator
Event: 12.455 Loading class java/util/concurrent/ConcurrentSkipListMap$KeyIterator done
Event: 12.455 Loading class java/net/InetAddress$NameServiceAddresses
Event: 12.456 Loading class java/net/InetAddress$Addresses
Event: 12.456 Loading class java/net/InetAddress$Addresses done
Event: 12.456 Loading class java/net/InetAddress$NameServiceAddresses done
Event: 12.456 Loading class java/net/spi/InetAddressResolverProvider
Event: 12.456 Loading class java/net/spi/InetAddressResolverProvider done
Event: 12.476 Loading class sun/net/InetAddressCachePolicy
Event: 12.476 Loading class sun/net/InetAddressCachePolicy done
Event: 12.476 Loading class sun/net/InetAddressCachePolicy$1
Event: 12.477 Loading class sun/net/InetAddressCachePolicy$1 done
Event: 12.477 Loading class java/net/InetAddress$CachedLookup
Event: 12.477 Loading class java/net/InetAddress$CachedLookup done
Event: 12.477 Loading class java/net/InetAddress$CachedLocalHost
Event: 12.477 Loading class java/net/InetAddress$CachedLocalHost done

Classes unloaded (0 events):
No events

Classes redefined (0 events):
No events

Internal exceptions (20 events):
Event: 8.831 Thread 0x0000018721d6b7e0 Exception <a 'java/lang/NoSuchMethodError'{0x0000000606751270}: static Lorg/jetbrains/kotlin/gradle/plugin/internal/DefaultBasePluginConfigurationVariantFactory;.<clinit>()V> (0x0000000606751270) 
thrown [s\open\src\hotspot\share\prims\jni.cpp, line 1111]
Event: 8.832 Thread 0x0000018721d6b7e0 Exception <a 'java/lang/NoSuchMethodError'{0x00000006067786f0}: static Lorg/jetbrains/kotlin/gradle/plugin/internal/DefaultAttributeConfigurationHelperVariantFactory;.<clinit>()V> (0x00000006067786f0) 
thrown [s\open\src\hotspot\share\prims\jni.cpp, line 1111]
Event: 8.888 Thread 0x0000018721d6b7e0 Exception <a 'java/lang/IncompatibleClassChangeError'{0x00000006063051e8}: Found class java.lang.Object, but interface was expected> (0x00000006063051e8) 
thrown [s\open\src\hotspot\share\interpreter\linkResolver.cpp, line 840]
Event: 9.075 Thread 0x0000018721d6b7e0 Implicit null exception at 0x00000186be10e85d to 0x00000186be10ed64
Event: 9.075 Thread 0x0000018721d6b7e0 Implicit null exception at 0x00000186be11665f to 0x00000186be116b48
Event: 10.718 Thread 0x0000018721d6b7e0 Exception <a 'java/lang/NoSuchMethodError'{0x0000000606d3e3d8}: static Lorg/jetbrains/kotlin/gradle/plugin/internal/DefaultIdeaSyncDetector$createIdeaPropertiesEvaluator$1;.<clinit>()V> (0x0000000606d3e3d8) 
thrown [s\open\src\hotspot\share\prims\jni.cpp, line 1111]
Event: 10.802 Thread 0x0000018721d6b7e0 Exception <a 'java/lang/ClassNotFoundException'{0x000000060641a900}: sun/misc/SharedSecrets> (0x000000060641a900) 
thrown [s\open\src\hotspot\share\classfile\systemDictionary.cpp, line 312]
Event: 10.803 Thread 0x0000018721d6b7e0 Exception <a 'java/lang/ClassNotFoundException'{0x0000000606421608}: org/jetbrains/kotlin/gradle/targets/js/npm/DefaultNpmDependencyExtensionBeanInfo> (0x0000000606421608) 
thrown [s\open\src\hotspot\share\classfile\systemDictionary.cpp, line 312]
Event: 10.803 Thread 0x0000018721d6b7e0 Exception <a 'java/lang/ClassNotFoundException'{0x00000006064316e8}: org/jetbrains/kotlin/gradle/targets/js/npm/DefaultNpmDependencyExtensionCustomizer> (0x00000006064316e8) 
thrown [s\open\src\hotspot\share\classfile\systemDictionary.cpp, line 312]
Event: 10.810 Thread 0x0000018721d6b7e0 Exception <a 'java/lang/ClassNotFoundException'{0x00000006064d1168}: org/jetbrains/kotlin/gradle/targets/js/npm/NpmDependencyExtensionKt$defaultNpmDependencyDelegate$1BeanInfo> (0x00000006064d1168) 
thrown [s\open\src\hotspot\share\classfile\systemDictionary.cpp, line 312]
Event: 10.810 Thread 0x0000018721d6b7e0 Exception <a 'java/lang/ClassNotFoundException'{0x00000006064e1288}: org/jetbrains/kotlin/gradle/targets/js/npm/NpmDependencyExtensionDelegateBeanInfo> (0x00000006064e1288) 
thrown [s\open\src\hotspot\share\classfile\systemDictionary.cpp, line 312]
Event: 10.810 Thread 0x0000018721d6b7e0 Exception <a 'java/lang/ClassNotFoundException'{0x00000006064f15f0}: org/jetbrains/kotlin/gradle/targets/js/npm/NpmDependencyExtensionDelegateCustomizer> (0x00000006064f15f0) 
thrown [s\open\src\hotspot\share\classfile\systemDictionary.cpp, line 312]
Event: 10.811 Thread 0x0000018721d6b7e0 Exception <a 'java/lang/ClassNotFoundException'{0x000000060652ef60}: org/jetbrains/kotlin/gradle/targets/js/npm/NpmDependencyExtensionKt$defaultNpmDependencyDelegate$1Customizer> (0x000000060652ef60) 
thrown [s\open\src\hotspot\share\classfile\systemDictionary.cpp, line 312]
Event: 10.814 Thread 0x0000018721d6b7e0 Exception <a 'java/lang/ClassNotFoundException'{0x0000000606576e08}: org/jetbrains/kotlin/gradle/targets/js/npm/DefaultDevNpmDependencyExtensionBeanInfo> (0x0000000606576e08) 
thrown [s\open\src\hotspot\share\classfile\systemDictionary.cpp, line 312]
Event: 10.815 Thread 0x0000018721d6b7e0 Exception <a 'java/lang/ClassNotFoundException'{0x0000000606586f00}: org/jetbrains/kotlin/gradle/targets/js/npm/DefaultDevNpmDependencyExtensionCustomizer> (0x0000000606586f00) 
thrown [s\open\src\hotspot\share\classfile\systemDictionary.cpp, line 312]
Event: 10.818 Thread 0x0000018721d6b7e0 Exception <a 'java/lang/ClassNotFoundException'{0x00000006065d9ce8}: org/jetbrains/kotlin/gradle/targets/js/npm/DefaultPeerNpmDependencyExtensionBeanInfo> (0x00000006065d9ce8) 
thrown [s\open\src\hotspot\share\classfile\systemDictionary.cpp, line 312]
Event: 10.818 Thread 0x0000018721d6b7e0 Exception <a 'java/lang/ClassNotFoundException'{0x00000006065e9de8}: org/jetbrains/kotlin/gradle/targets/js/npm/DefaultPeerNpmDependencyExtensionCustomizer> (0x00000006065e9de8) 
thrown [s\open\src\hotspot\share\classfile\systemDictionary.cpp, line 312]
Event: 10.820 Thread 0x0000018721d6b7e0 Exception <a 'java/lang/ClassNotFoundException'{0x0000000606645218}: org/jetbrains/kotlin/gradle/targets/js/npm/DefaultPeerNpmDependencyExtension$delegate$1BeanInfo> (0x0000000606645218) 
thrown [s\open\src\hotspot\share\classfile\systemDictionary.cpp, line 312]
Event: 10.821 Thread 0x0000018721d6b7e0 Exception <a 'java/lang/ClassNotFoundException'{0x0000000606655408}: org/jetbrains/kotlin/gradle/targets/js/npm/DefaultPeerNpmDependencyExtension$delegate$1Customizer> (0x0000000606655408) 
thrown [s\open\src\hotspot\share\classfile\systemDictionary.cpp, line 312]
Event: 10.985 Thread 0x0000018721d6b7e0 Exception <a 'java/lang/NoSuchMethodError'{0x00000006054195c0}: 'int java.lang.invoke.DirectMethodHandle$Holder.invokeSpecialIFC(java.lang.Object, java.lang.Object, java.lang.Object, java.lang.Object, java.lang.Object)'> (0x00000006054195c0) 
thrown [s\open\src\hotspot\share\interpreter\linkResolver.cpp, line 773]

ZGC Phase Switch (0 events):
No events

VM Operations (20 events):
Event: 8.941 Executing VM operation: HandshakeAllThreads (Deoptimize)
Event: 8.941 Executing VM operation: HandshakeAllThreads (Deoptimize) done
Event: 9.043 Executing VM operation: HandshakeAllThreads (Deoptimize)
Event: 9.043 Executing VM operation: HandshakeAllThreads (Deoptimize) done
Event: 9.047 Executing VM operation: HandshakeAllThreads (Deoptimize)
Event: 9.047 Executing VM operation: HandshakeAllThreads (Deoptimize) done
Event: 9.092 Executing VM operation: G1CollectForAllocation (G1 Evacuation Pause)
Event: 9.097 Executing VM operation: G1CollectForAllocation (G1 Evacuation Pause) done
Event: 10.110 Executing VM operation: Cleanup
Event: 10.110 Executing VM operation: Cleanup done
Event: 11.039 Executing VM operation: G1CollectForAllocation (G1 Evacuation Pause)
Event: 11.045 Executing VM operation: G1CollectForAllocation (G1 Evacuation Pause) done
Event: 11.350 Executing VM operation: ICBufferFull
Event: 11.351 Executing VM operation: ICBufferFull done
Event: 12.352 Executing VM operation: Cleanup
Event: 12.352 Executing VM operation: Cleanup done
Event: 12.440 Executing VM operation: HandshakeAllThreads (Deoptimize)
Event: 12.440 Executing VM operation: HandshakeAllThreads (Deoptimize) done
Event: 13.441 Executing VM operation: Cleanup
Event: 13.441 Executing VM operation: Cleanup done

Events (20 events):
Event: 8.530 Thread 0x00000186da3ec4b0 flushing nmethod 0x00000186adefbb90
Event: 8.530 Thread 0x00000186da3ec4b0 flushing nmethod 0x00000186adf36990
Event: 8.530 Thread 0x00000186da3ec4b0 flushing nmethod 0x00000186adf37590
Event: 8.530 Thread 0x00000186da3ec4b0 flushing nmethod 0x00000186ae02a210
Event: 8.530 Thread 0x00000186da3ec4b0 flushing nmethod 0x00000186ae04a090
Event: 8.530 Thread 0x00000186da3ec4b0 flushing nmethod 0x00000186ae04a490
Event: 8.530 Thread 0x00000186da3ec4b0 flushing nmethod 0x00000186ae0cb790
Event: 8.530 Thread 0x00000186da3ec4b0 flushing nmethod 0x00000186ae10ea90
Event: 8.530 Thread 0x00000186da3ec4b0 flushing nmethod 0x00000186ae114690
Event: 8.610 Thread 0x000001872356ec10 Thread exited: 0x000001872356ec10
Event: 9.045 Thread 0x0000018722250550 Thread added: 0x0000018722250550
Event: 9.467 Thread 0x0000018720405f10 Thread exited: 0x0000018720405f10
Event: 9.544 Thread 0x0000018725423b60 Thread added: 0x0000018725423b60
Event: 9.630 Thread 0x00000187232ce730 Thread added: 0x00000187232ce730
Event: 9.909 Thread 0x00000187232ce730 Thread exited: 0x00000187232ce730
Event: 9.909 Thread 0x0000018725423b60 Thread exited: 0x0000018725423b60
Event: 10.859 Thread 0x0000018725aaac40 Thread added: 0x0000018725aaac40
Event: 11.264 Thread 0x00000187263b6110 Thread added: 0x00000187263b6110
Event: 12.912 Thread 0x00000187263b6110 Thread exited: 0x00000187263b6110
Event: 12.912 Thread 0x0000018725aaac40 Thread exited: 0x0000018725aaac40


Dynamic libraries:
0x00007ff6d4e80000 - 0x00007ff6d4e90000 	N:\Windows Files\DevTools\java\bin\java.exe
0x00007ffa870a0000 - 0x00007ffa87307000 	C:\Windows\SYSTEM32\ntdll.dll
0x00007ffa85e20000 - 0x00007ffa85ee9000 	C:\Windows\System32\KERNEL32.DLL
0x00007ffa845b0000 - 0x00007ffa8499f000 	C:\Windows\System32\KERNELBASE.dll
0x00007ffa84ae0000 - 0x00007ffa84c2b000 	C:\Windows\System32\ucrtbase.dll
0x00007ffa7d6d0000 - 0x00007ffa7d6e9000 	N:\Windows Files\DevTools\java\bin\jli.dll
0x00007ffa7d6b0000 - 0x00007ffa7d6cb000 	N:\Windows Files\DevTools\java\bin\VCRUNTIME140.dll
0x00007ffa861b0000 - 0x00007ffa86264000 	C:\Windows\System32\ADVAPI32.dll
0x00007ffa85f40000 - 0x00007ffa85fe9000 	C:\Windows\System32\msvcrt.dll
0x00007ffa85d70000 - 0x00007ffa85e16000 	C:\Windows\System32\sechost.dll
0x00007ffa85300000 - 0x00007ffa85418000 	C:\Windows\System32\RPCRT4.dll
0x00007ffa85b70000 - 0x00007ffa85d35000 	C:\Windows\System32\USER32.dll
0x00007ffa841f0000 - 0x00007ffa84217000 	C:\Windows\System32\win32u.dll
0x00007ffa852d0000 - 0x00007ffa852fb000 	C:\Windows\System32\GDI32.dll
0x00007ffa65680000 - 0x00007ffa65913000 	C:\Windows\WinSxS\amd64_microsoft.windows.common-controls_6595b64144ccf1df_6.0.26100.7309_none_3e05feeae336a044\COMCTL32.dll
0x00007ffa849b0000 - 0x00007ffa84adc000 	C:\Windows\System32\gdi32full.dll
0x00007ffa842d0000 - 0x00007ffa84373000 	C:\Windows\System32\msvcp_win.dll
0x00007ffa7d020000 - 0x00007ffa7d02b000 	C:\Windows\SYSTEM32\VERSION.dll
0x00007ffa85ef0000 - 0x00007ffa85f21000 	C:\Windows\System32\IMM32.DLL
0x00007ffa7eeb0000 - 0x00007ffa7eebc000 	N:\Windows Files\DevTools\java\bin\vcruntime140_1.dll
0x00007ffa7b100000 - 0x00007ffa7b18e000 	N:\Windows Files\DevTools\java\bin\msvcp140.dll
0x00007ffa00e60000 - 0x00007ffa01b7d000 	N:\Windows Files\DevTools\java\bin\server\jvm.dll
0x00007ffa85680000 - 0x00007ffa856f4000 	C:\Windows\System32\WS2_32.dll
0x00007ffa82e00000 - 0x00007ffa82e5e000 	C:\Windows\SYSTEM32\POWRPROF.dll
0x00007ffa75580000 - 0x00007ffa755b5000 	C:\Windows\SYSTEM32\WINMM.dll
0x00007ffa82de0000 - 0x00007ffa82df4000 	C:\Windows\SYSTEM32\UMPDC.dll
0x00007ffa830c0000 - 0x00007ffa830db000 	C:\Windows\SYSTEM32\kernel.appcore.dll
0x00007ffa7c370000 - 0x00007ffa7c37a000 	N:\Windows Files\DevTools\java\bin\jimage.dll
0x00007ffa81820000 - 0x00007ffa81a62000 	C:\Windows\SYSTEM32\DBGHELP.DLL
0x00007ffa857e0000 - 0x00007ffa85b66000 	C:\Windows\System32\combase.dll
0x00007ffa85700000 - 0x00007ffa857d6000 	C:\Windows\System32\OLEAUT32.dll
0x00007ffa7ee40000 - 0x00007ffa7ee7c000 	C:\Windows\SYSTEM32\dbgcore.DLL
0x00007ffa84220000 - 0x00007ffa842c5000 	C:\Windows\System32\bcryptPrimitives.dll
0x00007ffa7c350000 - 0x00007ffa7c35f000 	N:\Windows Files\DevTools\java\bin\instrument.dll
0x00007ffa7c330000 - 0x00007ffa7c34f000 	N:\Windows Files\DevTools\java\bin\java.dll
0x00007ffa86840000 - 0x00007ffa86f93000 	C:\Windows\System32\SHELL32.dll
0x00007ffa84380000 - 0x00007ffa844ea000 	C:\Windows\System32\wintypes.dll
0x00007ffa81df0000 - 0x00007ffa8264e000 	C:\Windows\SYSTEM32\windows.storage.dll
0x00007ffa854a0000 - 0x00007ffa85595000 	C:\Windows\System32\SHCORE.dll
0x00007ffa86300000 - 0x00007ffa86366000 	C:\Windows\System32\shlwapi.dll
0x00007ffa84110000 - 0x00007ffa84139000 	C:\Windows\SYSTEM32\profapi.dll
0x00007ffa55690000 - 0x00007ffa55767000 	N:\Windows Files\DevTools\java\bin\jsvml.dll
0x00007ffa7b0c0000 - 0x00007ffa7b0d8000 	N:\Windows Files\DevTools\java\bin\zip.dll
0x00007ffa7c360000 - 0x00007ffa7c370000 	N:\Windows Files\DevTools\java\bin\net.dll
0x00007ffa7ce30000 - 0x00007ffa7cf58000 	C:\Windows\SYSTEM32\WINHTTP.dll
0x00007ffa83630000 - 0x00007ffa8369b000 	C:\Windows\system32\mswsock.dll
0x00007ffa7b0e0000 - 0x00007ffa7b0f6000 	N:\Windows Files\DevTools\java\bin\nio.dll
0x00007ffa7b250000 - 0x00007ffa7b260000 	N:\Windows Files\DevTools\java\bin\verify.dll
0x00007ffa7d6f0000 - 0x00007ffa7d717000 	C:\Users\nibin\.gradle\native\1def1411415f61bf3af743bc5b6707747c0891f09f0c88961ee8f79bc544acac\windows-amd64\native-platform.dll
0x00000000656e0000 - 0x0000000065753000 	C:\Users\nibin\.gradle\native\0.2.5\x86_64-windows-gnu\gradle-fileevents.dll
0x00007ffa6f1a0000 - 0x00007ffa6f1aa000 	N:\Windows Files\DevTools\java\bin\management.dll
0x00007ffa6f030000 - 0x00007ffa6f03b000 	N:\Windows Files\DevTools\java\bin\management_ext.dll
0x00007ffa861a0000 - 0x00007ffa861a8000 	C:\Windows\System32\PSAPI.DLL
0x00007ffa838f0000 - 0x00007ffa8390b000 	C:\Windows\SYSTEM32\CRYPTSP.dll
0x00007ffa83020000 - 0x00007ffa8305a000 	C:\Windows\system32\rsaenh.dll
0x00007ffa836e0000 - 0x00007ffa8370b000 	C:\Windows\SYSTEM32\USERENV.dll
0x00007ffa840e0000 - 0x00007ffa8410a000 	C:\Windows\SYSTEM32\bcrypt.dll
0x00007ffa83910000 - 0x00007ffa8391c000 	C:\Windows\SYSTEM32\CRYPTBASE.dll
0x00007ffa82ad0000 - 0x00007ffa82b04000 	C:\Windows\SYSTEM32\IPHLPAPI.DLL
0x00007ffa85ff0000 - 0x00007ffa85ffa000 	C:\Windows\System32\NSI.dll
0x00007ffa612e0000 - 0x00007ffa612e9000 	N:\Windows Files\DevTools\java\bin\extnet.dll
0x00007ffa66310000 - 0x00007ffa6631e000 	N:\Windows Files\DevTools\java\bin\sunmscapi.dll
0x00007ffa84c30000 - 0x00007ffa84da7000 	C:\Windows\System32\CRYPT32.dll
0x00007ffa83b10000 - 0x00007ffa83b40000 	C:\Windows\SYSTEM32\ncrypt.dll
0x00007ffa83ac0000 - 0x00007ffa83aff000 	C:\Windows\SYSTEM32\NTASN1.dll
0x00007ffa7edc0000 - 0x00007ffa7edc8000 	C:\Windows\system32\wshunix.dll
0x0000000065660000 - 0x00000000656d3000 	C:\Users\nibin\AppData\Local\Temp\native-platform16734242112261552581dir\gradle-fileevents.dll
0x00007ffa7eec0000 - 0x00007ffa7eed8000 	C:\Windows\system32\napinsp.dll
0x00007ffa82b10000 - 0x00007ffa82c3c000 	C:\Windows\SYSTEM32\DNSAPI.dll
0x00007ffa7b670000 - 0x00007ffa7b682000 	C:\Windows\System32\winrnr.dll
0x00007ffa1aa40000 - 0x00007ffa1aa62000 	C:\Windows\system32\nlansp_c.dll
0x00007ffa78610000 - 0x00007ffa78626000 	C:\Windows\system32\wshbth.dll
0x00007ffa7ba20000 - 0x00007ffa7ba2b000 	C:\Windows\System32\rasadhlp.dll
0x00007ffa7cf60000 - 0x00007ffa7cfe6000 	C:\Windows\System32\fwpuclnt.dll

dbghelp: loaded successfully - version: 4.0.5 - missing functions: none
symbol engine: initialized successfully - sym options: 0x614 - pdb path: .;N:\Windows Files\DevTools\java\bin;C:\Windows\SYSTEM32;C:\Windows\WinSxS\amd64_microsoft.windows.common-controls_6595b64144ccf1df_6.0.26100.7309_none_3e05feeae336a044;N:\Windows Files\DevTools\java\bin\server;C:\Users\nibin\.gradle\native\1def1411415f61bf3af743bc5b6707747c0891f09f0c88961ee8f79bc544acac\windows-amd64;C:\Users\nibin\.gradle\native\0.2.5\x86_64-windows-gnu;C:\Users\nibin\AppData\Local\Temp\native-platform16734242112261552581dir

VM Arguments:
jvm_args: --add-opens=java.base/java.lang=ALL-UNNAMED --add-opens=java.base/java.lang.invoke=ALL-UNNAMED --add-opens=java.base/java.util=ALL-UNNAMED --add-opens=java.prefs/java.util.prefs=ALL-UNNAMED --add-exports=jdk.compiler/com.sun.tools.javac.api=ALL-UNNAMED --add-exports=jdk.compiler/com.sun.tools.javac.util=ALL-UNNAMED --add-opens=java.base/java.util=ALL-UNNAMED --add-opens=java.prefs/java.util.prefs=ALL-UNNAMED --add-opens=java.base/java.nio.charset=ALL-UNNAMED --add-opens=java.base/java.net=ALL-UNNAMED --add-opens=java.base/java.util.concurrent.atomic=ALL-UNNAMED --add-opens=java.xml/javax.xml.namespace=ALL-UNNAMED -XX:MaxMetaspaceSize=4G -XX:ReservedCodeCacheSize=512m -XX:+HeapDumpOnOutOfMemoryError -Xmx8G -Dfile.encoding=UTF-8 -Duser.country=US -Duser.language=en -Duser.variant -javaagent:C:\Users\nibin\.gradle\wrapper\dists\gradle-8.12-all\ejduaidbjup3bmmkhw3rie4zb\gradle-8.12\lib\agents\gradle-instrumentation-agent-8.12.jar 
java_command: org.gradle.launcher.daemon.bootstrap.GradleDaemon 8.12
java_class_path (initial): C:\Users\nibin\.gradle\wrapper\dists\gradle-8.12-all\ejduaidbjup3bmmkhw3rie4zb\gradle-8.12\lib\gradle-daemon-main-8.12.jar
Launcher Type: SUN_STANDARD

[Global flags]
     intx CICompilerCount                          = 4                                         {product} {ergonomic}
     uint ConcGCThreads                            = 3                                         {product} {ergonomic}
     uint G1ConcRefinementThreads                  = 10                                        {product} {ergonomic}
   size_t G1HeapRegionSize                         = 4194304                                   {product} {ergonomic}
    uintx GCDrainStackTargetSize                   = 64                                        {product} {ergonomic}
     bool HeapDumpOnOutOfMemoryError               = true                                   {manageable} {command line}
   size_t InitialHeapSize                          = 130023424                                 {product} {ergonomic}
   size_t MarkStackSize                            = 4194304                                   {product} {ergonomic}
   size_t MaxHeapSize                              = 8589934592                                {product} {command line}
   size_t MaxMetaspaceSize                         = 4294967296                                {product} {command line}
   size_t MaxNewSize                               = 5150605312                                {product} {ergonomic}
   size_t MinHeapDeltaBytes                        = 4194304                                   {product} {ergonomic}
   size_t MinHeapSize                              = 8388608                                   {product} {ergonomic}
    uintx NonNMethodCodeHeapSize                   = 5839372                                {pd product} {ergonomic}
    uintx NonProfiledCodeHeapSize                  = 265515770                              {pd product} {ergonomic}
    uintx ProfiledCodeHeapSize                     = 265515770                              {pd product} {ergonomic}
    uintx ReservedCodeCacheSize                    = 536870912                              {pd product} {command line}
     bool SegmentedCodeCache                       = true                                      {product} {ergonomic}
   size_t SoftMaxHeapSize                          = 8589934592                             {manageable} {ergonomic}
     bool UseCompressedOops                        = true                           {product lp64_product} {ergonomic}
     bool UseG1GC                                  = true                                      {product} {ergonomic}
     bool UseLargePagesIndividualAllocation        = false                                  {pd product} {ergonomic}

Logging:
Log output configuration:
 #0: stdout all=warning uptime,level,tags foldmultilines=false
 #1: stderr all=off uptime,level,tags foldmultilines=false

Environment Variables:
JAVA_HOME=N:\Windows Files\DevTools\java
PATH=C:\Python314\Scripts\;C:\Python314\;C:\Windows\system32;C:\Windows;C:\Windows\System32\Wbem;C:\Windows\System32\WindowsPowerShell\v1.0\;C:\Windows\System32\OpenSSH\;N:\Windows Files\DevTools\Git\cmd;C:\Flutter\bin;N:\Windows Files\DevTools\apache-maven-3.9.12\bin;C:\Users\nibin\AppData\Local\Android\Sdk;N:\Windows Files\DevTools\java\bin;C:\Program Files\Eclipse Adoptium\jdk-17.0.17.10-hotspot\bin;C:\Program Files\Common Files\Oracle\Java\javapath;N:\Windows Files\DevTools\PostGres\bin;C:\Users\nibin\AppData\Local\Android\Sdk\platform-tools;N:\Windows Files\DevTools\CMake\bin;N:\Windows Files\DevTools\node\;C:\ProgramData\chocolatey\bin;C:\Program Files\Cloudflare\Cloudflare WARP\;C:\Users\nibin\AppData\Local\Microsoft\WindowsApps;N:\Windows Files\DevTools\Antigravity\bin;N:\Windows Files\DevTools\Microsoft VS Code\bin;N:\Windows Files\DevTools\IntelliJ IDEA\IntelliJ IDEA 2025.3.1\bin;C:\Users\nibin\AppData\Roaming\npm
USERNAME=nibin
OS=Windows_NT
PROCESSOR_IDENTIFIER=Intel64 Family 6 Model 141 Stepping 1, GenuineIntel
TMP=C:\Users\nibin\AppData\Local\Temp
TEMP=C:\Users\nibin\AppData\Local\Temp




Periodic native trim disabled

---------------  S Y S T E M  ---------------

OS:
 Windows 11 , 64 bit Build 26100 (10.0.26100.7623)
OS uptime: 0 days 7:18 hours
Hyper-V role detected

CPU: total 12 (initial active 12) (6 cores per cpu, 2 threads per core) family 6 model 141 stepping 1 microcode 0x50, cx8, cmov, fxsr, ht, mmx, 3dnowpref, sse, sse2, sse3, ssse3, sse4.1, sse4.2, popcnt, lzcnt, tsc, tscinvbit, avx, avx2, aes, erms, clmul, bmi1, bmi2, adx, avx512f, avx512dq, avx512cd, avx512bw, avx512vl, sha, fma, vzeroupper, avx512_vpopcntdq, avx512_vpclmulqdq, avx512_vaes, avx512_vnni, clflush, clflushopt, clwb, avx512_vbmi2, avx512_vbmi, hv, rdtscp, rdpid, fsrm, gfni, avx512_bitalg, f16c, cet_ibt, cet_ss, avx512_ifma
Processor Information for all 12 processors :
  Max Mhz: 2688, Current Mhz: 2688, Mhz Limit: 2688

Memory: 4k page, system-wide physical 7913M (840M free)
TotalPageFile size 32489M (AvailPageFile size 4M)
current process WorkingSet (physical memory assigned to process): 385M, peak: 386M
current process commit charge ("private bytes"): 428M, peak: 430M

vm_info: Java HotSpot(TM) 64-Bit Server VM (21.0.9+7-LTS-338) for windows-amd64 JRE (21.0.9+7-LTS-338), built on 2025-09-26T06:33:49Z by "mach5run" with MS VC++ 17.6 (VS2022)

END.
