#
# There is insufficient memory for the Java Runtime Environment to continue.
# Native memory allocation (malloc) failed to allocate 2080336 bytes for Chunk::new
# Possible reasons:
#   The system is out of physical RAM or swap space
#   The process is running with CompressedOops enabled, and the Java Heap may be blocking the growth of the native heap
# Possible solutions:
#   Reduce memory load on the system
#   Increase physical memory or swap space
#   Check if swap backing store is full
#   Decrease Java heap size (-Xmx/-Xms)
#   Decrease number of Java threads
#   Decrease Java thread stack sizes (-Xss)
#   Set larger code cache with -XX:ReservedCodeCacheSize=
#   JVM is running with Unscaled Compressed Oops mode in which the Java heap is
#     placed in the first 4GB address space. The Java Heap base address is the
#     maximum limit for the native heap growth. Please use -XX:HeapBaseMinAddress
#     to set the Java Heap base and to place the Java Heap above 4GB virtual address.
# This output file may be truncated or incomplete.
#
#  Out of Memory Error (arena.cpp:168), pid=22664, tid=3316
#
# JRE version: Java(TM) SE Runtime Environment (21.0.9+7) (build 21.0.9+7-LTS-338)
# Java VM: Java HotSpot(TM) 64-Bit Server VM (21.0.9+7-LTS-338, mixed mode, sharing, tiered, compressed oops, compressed class ptrs, g1 gc, windows-amd64)
# No core dump will be written. Minidumps are not enabled by default on client versions of Windows
#

---------------  S U M M A R Y ------------

Command Line: --enable-native-access=ALL-UNNAMED -Dclassworlds.conf=N:\Windows Files\DevTools\apache-maven-3.9.12\bin\m2.conf -Dmaven.home=N:\Windows Files\DevTools\apache-maven-3.9.12 -Dlibrary.jansi.path=N:\Windows Files\DevTools\apache-maven-3.9.12\lib\jansi-native -Dmaven.multiModuleProjectDirectory=N:\Downloads\Projects\Flutter\Aura\aura_backend org.codehaus.plexus.classworlds.launcher.Launcher compile -q

Host: 11th Gen Intel(R) Core(TM) i5-11400H @ 2.70GHz, 12 cores, 7G,  Windows 11 , 64 bit Build 26100 (10.0.26100.7623)
Time: Wed Jan 21 16:42:37 2026 India Standard Time elapsed time: 14.710677 seconds (0d 0h 0m 14s)

---------------  T H R E A D  ---------------

Current thread (0x000001bcff2ccc90):  JavaThread "C2 CompilerThread0" daemon [_thread_in_native, id=3316, stack(0x000000b747c00000,0x000000b747d00000) (1024K)]


Current CompileTask:
C2:  14710 8133       4       lombok.core.AST::buildWithField (21 bytes)

Stack: [0x000000b747c00000,0x000000b747d00000]
Native frames: (J=compiled Java code, j=interpreted, Vv=VM code, C=native code)
V  [jvm.dll+0x6cbf89]
V  [jvm.dll+0x858421]
V  [jvm.dll+0x85a94e]
V  [jvm.dll+0x85b023]
V  [jvm.dll+0x27ebc6]
V  [jvm.dll+0xc4f4d]
V  [jvm.dll+0xc5483]
V  [jvm.dll+0x3b69c2]
V  [jvm.dll+0x382925]
V  [jvm.dll+0x381d9a]
V  [jvm.dll+0x247640]
V  [jvm.dll+0x246c1f]
V  [jvm.dll+0x1c7a3e]
V  [jvm.dll+0x256329]
V  [jvm.dll+0x2548ba]
V  [jvm.dll+0x3efdee]
V  [jvm.dll+0x80265b]
V  [jvm.dll+0x6ca66d]
C  [ucrtbase.dll+0x37b0]
C  [KERNEL32.DLL+0x2e8d7]
C  [ntdll.dll+0x8c53c]


---------------  P R O C E S S  ---------------

Threads class SMR info:
_java_thread_list=0x000001bcca67f670, length=13, elements={
0x000001bce42839a0, 0x000001bcff2a7fd0, 0x000001bcff2a8a30, 0x000001bcff2ad930,
0x000001bcff2b0860, 0x000001bcff2b9840, 0x000001bcff2ba8d0, 0x000001bcff2ccc90,
0x000001bcff2d3b20, 0x000001bcc91c8a40, 0x000001bcc91c9680, 0x000001bcca7b3dc0,
0x000001bccaef4c70
}

Java Threads: ( => current thread )
  0x000001bce42839a0 JavaThread "main"                              [_thread_in_Java, id=11736, stack(0x000000b746e00000,0x000000b746f00000) (1024K)]
  0x000001bcff2a7fd0 JavaThread "Reference Handler"          daemon [_thread_blocked, id=16068, stack(0x000000b747600000,0x000000b747700000) (1024K)]
  0x000001bcff2a8a30 JavaThread "Finalizer"                  daemon [_thread_blocked, id=21120, stack(0x000000b747700000,0x000000b747800000) (1024K)]
  0x000001bcff2ad930 JavaThread "Signal Dispatcher"          daemon [_thread_blocked, id=9744, stack(0x000000b747800000,0x000000b747900000) (1024K)]
  0x000001bcff2b0860 JavaThread "Attach Listener"            daemon [_thread_blocked, id=23424, stack(0x000000b747900000,0x000000b747a00000) (1024K)]
  0x000001bcff2b9840 JavaThread "Service Thread"             daemon [_thread_blocked, id=22244, stack(0x000000b747a00000,0x000000b747b00000) (1024K)]
  0x000001bcff2ba8d0 JavaThread "Monitor Deflation Thread"   daemon [_thread_blocked, id=15168, stack(0x000000b747b00000,0x000000b747c00000) (1024K)]
=>0x000001bcff2ccc90 JavaThread "C2 CompilerThread0"         daemon [_thread_in_native, id=3316, stack(0x000000b747c00000,0x000000b747d00000) (1024K)]
  0x000001bcff2d3b20 JavaThread "C1 CompilerThread0"         daemon [_thread_in_native, id=23012, stack(0x000000b747d00000,0x000000b747e00000) (1024K)]
  0x000001bcc91c8a40 JavaThread "Notification Thread"        daemon [_thread_blocked, id=19768, stack(0x000000b747e00000,0x000000b747f00000) (1024K)]
  0x000001bcc91c9680 JavaThread "Common-Cleaner"             daemon [_thread_blocked, id=17188, stack(0x000000b747f00000,0x000000b748000000) (1024K)]
  0x000001bcca7b3dc0 JavaThread "C2 CompilerThread1"         daemon [_thread_in_native, id=3224, stack(0x000000b748000000,0x000000b748100000) (1024K)]
  0x000001bccaef4c70 JavaThread "C2 CompilerThread2"         daemon [_thread_in_native, id=14968, stack(0x000000b748c00000,0x000000b748d00000) (1024K)]
Total: 13

Other Threads:
  0x000001bcff28d840 VMThread "VM Thread"                           [id=12048, stack(0x000000b747500000,0x000000b747600000) (1024K)]
  0x000001bcff27b430 WatcherThread "VM Periodic Task Thread"        [id=13900, stack(0x000000b747400000,0x000000b747500000) (1024K)]
  0x000001bce64de780 WorkerThread "GC Thread#0"                     [id=10252, stack(0x000000b746f00000,0x000000b747000000) (1024K)]
  0x000001bcc9fc1ff0 WorkerThread "GC Thread#1"                     [id=17976, stack(0x000000b748100000,0x000000b748200000) (1024K)]
  0x000001bcc9fdea10 WorkerThread "GC Thread#2"                     [id=16272, stack(0x000000b748200000,0x000000b748300000) (1024K)]
  0x000001bcca0b07a0 WorkerThread "GC Thread#3"                     [id=16096, stack(0x000000b748300000,0x000000b748400000) (1024K)]
  0x000001bcca0b0b50 WorkerThread "GC Thread#4"                     [id=9156, stack(0x000000b748400000,0x000000b748500000) (1024K)]
  0x000001bcca0b1b20 WorkerThread "GC Thread#5"                     [id=3492, stack(0x000000b748500000,0x000000b748600000) (1024K)]
  0x000001bcca0b26f0 WorkerThread "GC Thread#6"                     [id=1916, stack(0x000000b748600000,0x000000b748700000) (1024K)]
  0x000001bcca0b36c0 WorkerThread "GC Thread#7"                     [id=18456, stack(0x000000b748700000,0x000000b748800000) (1024K)]
  0x000001bcca1c5d50 WorkerThread "GC Thread#8"                     [id=11200, stack(0x000000b748800000,0x000000b748900000) (1024K)]
  0x000001bcca0f9700 WorkerThread "GC Thread#9"                     [id=1048, stack(0x000000b748900000,0x000000b748a00000) (1024K)]
  0x000001bce650bf90 ConcurrentGCThread "G1 Main Marker"            [id=22020, stack(0x000000b747000000,0x000000b747100000) (1024K)]
  0x000001bce650caa0 WorkerThread "G1 Conc#0"                       [id=12760, stack(0x000000b747100000,0x000000b747200000) (1024K)]
  0x000001bcca2c6e50 WorkerThread "G1 Conc#1"                       [id=18336, stack(0x000000b748a00000,0x000000b748b00000) (1024K)]
  0x000001bcca2c75b0 WorkerThread "G1 Conc#2"                       [id=17948, stack(0x000000b748b00000,0x000000b748c00000) (1024K)]
  0x000001bcff151110 ConcurrentGCThread "G1 Refine#0"               [id=21160, stack(0x000000b747200000,0x000000b747300000) (1024K)]
  0x000001bcff152a40 ConcurrentGCThread "G1 Service"                [id=21596, stack(0x000000b747300000,0x000000b747400000) (1024K)]
Total: 18

Threads with active compile tasks:
C2 CompilerThread0    14734 8133       4       lombok.core.AST::buildWithField (21 bytes)
C1 CompilerThread0    14734 8399       2       sun.invoke.util.ValueConversions::unboxInteger (27 bytes)
C2 CompilerThread1    14734 8156   !   4       lombok.javac.JavacAST::drill (146 bytes)
C2 CompilerThread2    14735 8134   !   4       lombok.core.AST::buildWithField0 (121 bytes)
Total: 4

VM state: not at safepoint (normal execution)

VM Mutex/Monitor currently owned by a thread: None

Heap address: 0x0000000084400000, size: 1980 MB, Compressed Oops mode: 32-bit

CDS archive(s) mapped at: [0x000001bc84000000-0x000001bc84c90000-0x000001bc84c90000), size 13172736, SharedBaseAddress: 0x000001bc84000000, ArchiveRelocationMode: 1.
Compressed class space mapped at: 0x000001bc85000000-0x000001bcc5000000, reserved size: 1073741824
Narrow klass base: 0x000001bc84000000, Narrow klass shift: 0, Narrow klass range: 0x100000000

GC Precious Log:
 CardTable entry size: 512
 Card Set container configuration: InlinePtr #cards 5 size 8 Array Of Cards #cards 12 size 40 Howl #buckets 4 coarsen threshold 1843 Howl Bitmap #cards 512 size 80 coarsen threshold 460 Card regions per heap region 1 cards per card region 2048
 CPUs: 12 total, 12 available
 Memory: 7913M
 Large Page Support: Disabled
 NUMA Support: Disabled
 Compressed Oops: Enabled (32-bit)
 Heap Region Size: 1M
 Heap Min Capacity: 8M
 Heap Initial Capacity: 124M
 Heap Max Capacity: 1980M
 Pre-touch: Disabled
 Parallel Workers: 10
 Concurrent Workers: 3
 Concurrent Refinement Workers: 10
 Periodic GC: Disabled

Heap:
 garbage-first heap   total 146432K, used 89215K [0x0000000084400000, 0x0000000100000000)
  region size 1024K, 38 young (38912K), 7 survivors (7168K)
 Metaspace       used 30342K, committed 30784K, reserved 1114112K
  class space    used 3308K, committed 3520K, reserved 1048576K

Heap Regions: E=young(eden), S=young(survivor), O=old, HS=humongous(starts), HC=humongous(continues), CS=collection set, F=free, TAMS=top-at-mark-start, PB=parsable bottom
|   0|0x0000000084400000, 0x0000000084500000, 0x0000000084500000|100%| O|  |TAMS 0x0000000084400000| PB 0x0000000084400000| Untracked 
|   1|0x0000000084500000, 0x0000000084600000, 0x0000000084600000|100%| O|  |TAMS 0x0000000084500000| PB 0x0000000084500000| Untracked 
|   2|0x0000000084600000, 0x0000000084700000, 0x0000000084700000|100%| O|  |TAMS 0x0000000084600000| PB 0x0000000084600000| Untracked 
|   3|0x0000000084700000, 0x0000000084800000, 0x0000000084800000|100%| O|  |TAMS 0x0000000084700000| PB 0x0000000084700000| Untracked 
|   4|0x0000000084800000, 0x0000000084900000, 0x0000000084900000|100%| O|  |TAMS 0x0000000084800000| PB 0x0000000084800000| Untracked 
|   5|0x0000000084900000, 0x0000000084a00000, 0x0000000084a00000|100%| O|  |TAMS 0x0000000084900000| PB 0x0000000084900000| Untracked 
|   6|0x0000000084a00000, 0x0000000084b00000, 0x0000000084b00000|100%| O|  |TAMS 0x0000000084a00000| PB 0x0000000084a00000| Untracked 
|   7|0x0000000084b00000, 0x0000000084c00000, 0x0000000084c00000|100%| O|  |TAMS 0x0000000084b00000| PB 0x0000000084b00000| Untracked 
|   8|0x0000000084c00000, 0x0000000084d00000, 0x0000000084d00000|100%| O|  |TAMS 0x0000000084c00000| PB 0x0000000084c00000| Untracked 
|   9|0x0000000084d00000, 0x0000000084e00000, 0x0000000084e00000|100%| O|  |TAMS 0x0000000084d00000| PB 0x0000000084d00000| Untracked 
|  10|0x0000000084e00000, 0x0000000084f00000, 0x0000000084f00000|100%| O|  |TAMS 0x0000000084e00000| PB 0x0000000084e00000| Untracked 
|  11|0x0000000084f00000, 0x0000000085000000, 0x0000000085000000|100%| O|  |TAMS 0x0000000084f00000| PB 0x0000000084f00000| Untracked 
|  12|0x0000000085000000, 0x0000000085100000, 0x0000000085100000|100%| O|  |TAMS 0x0000000085000000| PB 0x0000000085000000| Untracked 
|  13|0x0000000085100000, 0x0000000085200000, 0x0000000085200000|100%|HS|  |TAMS 0x0000000085100000| PB 0x0000000085100000| Complete 
|  14|0x0000000085200000, 0x0000000085300000, 0x0000000085300000|100%| O|  |TAMS 0x0000000085200000| PB 0x0000000085200000| Untracked 
|  15|0x0000000085300000, 0x0000000085400000, 0x0000000085400000|100%| O|  |TAMS 0x0000000085300000| PB 0x0000000085300000| Untracked 
|  16|0x0000000085400000, 0x0000000085500000, 0x0000000085500000|100%| O|  |TAMS 0x0000000085400000| PB 0x0000000085400000| Untracked 
|  17|0x0000000085500000, 0x0000000085600000, 0x0000000085600000|100%|HS|  |TAMS 0x0000000085500000| PB 0x0000000085500000| Complete 
|  18|0x0000000085600000, 0x0000000085700000, 0x0000000085700000|100%|HC|  |TAMS 0x0000000085600000| PB 0x0000000085600000| Complete 
|  19|0x0000000085700000, 0x0000000085800000, 0x0000000085800000|100%|HC|  |TAMS 0x0000000085700000| PB 0x0000000085700000| Complete 
|  20|0x0000000085800000, 0x0000000085800000, 0x0000000085900000|  0%| F|  |TAMS 0x0000000085800000| PB 0x0000000085800000| Untracked 
|  21|0x0000000085900000, 0x0000000085a00000, 0x0000000085a00000|100%| O|  |TAMS 0x0000000085900000| PB 0x0000000085900000| Untracked 
|  22|0x0000000085a00000, 0x0000000085b00000, 0x0000000085b00000|100%| O|  |TAMS 0x0000000085a00000| PB 0x0000000085a00000| Untracked 
|  23|0x0000000085b00000, 0x0000000085c00000, 0x0000000085c00000|100%| O|  |TAMS 0x0000000085b00000| PB 0x0000000085b00000| Untracked 
|  24|0x0000000085c00000, 0x0000000085d00000, 0x0000000085d00000|100%| O|  |TAMS 0x0000000085c00000| PB 0x0000000085c00000| Untracked 
|  25|0x0000000085d00000, 0x0000000085e00000, 0x0000000085e00000|100%| O|  |TAMS 0x0000000085d00000| PB 0x0000000085d00000| Untracked 
|  26|0x0000000085e00000, 0x0000000085f00000, 0x0000000085f00000|100%| O|  |TAMS 0x0000000085e00000| PB 0x0000000085e00000| Untracked 
|  27|0x0000000085f00000, 0x0000000086000000, 0x0000000086000000|100%| O|  |TAMS 0x0000000085f00000| PB 0x0000000085f00000| Untracked 
|  28|0x0000000086000000, 0x0000000086100000, 0x0000000086100000|100%| O|  |TAMS 0x0000000086000000| PB 0x0000000086000000| Untracked 
|  29|0x0000000086100000, 0x0000000086200000, 0x0000000086200000|100%| O|  |TAMS 0x0000000086100000| PB 0x0000000086100000| Untracked 
|  30|0x0000000086200000, 0x0000000086280000, 0x0000000086300000| 50%| O|  |TAMS 0x0000000086200000| PB 0x0000000086200000| Untracked 
|  31|0x0000000086300000, 0x0000000086300000, 0x0000000086400000|  0%| F|  |TAMS 0x0000000086300000| PB 0x0000000086300000| Untracked 
|  32|0x0000000086400000, 0x0000000086400000, 0x0000000086500000|  0%| F|  |TAMS 0x0000000086400000| PB 0x0000000086400000| Untracked 
|  33|0x0000000086500000, 0x0000000086500000, 0x0000000086600000|  0%| F|  |TAMS 0x0000000086500000| PB 0x0000000086500000| Untracked 
|  34|0x0000000086600000, 0x0000000086600000, 0x0000000086700000|  0%| F|  |TAMS 0x0000000086600000| PB 0x0000000086600000| Untracked 
|  35|0x0000000086700000, 0x0000000086700000, 0x0000000086800000|  0%| F|  |TAMS 0x0000000086700000| PB 0x0000000086700000| Untracked 
|  36|0x0000000086800000, 0x0000000086800000, 0x0000000086900000|  0%| F|  |TAMS 0x0000000086800000| PB 0x0000000086800000| Untracked 
|  37|0x0000000086900000, 0x0000000086900000, 0x0000000086a00000|  0%| F|  |TAMS 0x0000000086900000| PB 0x0000000086900000| Untracked 
|  38|0x0000000086a00000, 0x0000000086a00000, 0x0000000086b00000|  0%| F|  |TAMS 0x0000000086a00000| PB 0x0000000086a00000| Untracked 
|  39|0x0000000086b00000, 0x0000000086b9fff0, 0x0000000086c00000| 62%| S|CS|TAMS 0x0000000086b00000| PB 0x0000000086b00000| Complete 
|  40|0x0000000086c00000, 0x0000000086d00000, 0x0000000086d00000|100%| S|CS|TAMS 0x0000000086c00000| PB 0x0000000086c00000| Complete 
|  41|0x0000000086d00000, 0x0000000086e00000, 0x0000000086e00000|100%| S|CS|TAMS 0x0000000086d00000| PB 0x0000000086d00000| Complete 
|  42|0x0000000086e00000, 0x0000000086f00000, 0x0000000086f00000|100%| S|CS|TAMS 0x0000000086e00000| PB 0x0000000086e00000| Complete 
|  43|0x0000000086f00000, 0x0000000087000000, 0x0000000087000000|100%| S|CS|TAMS 0x0000000086f00000| PB 0x0000000086f00000| Complete 
|  44|0x0000000087000000, 0x0000000087100000, 0x0000000087100000|100%| S|CS|TAMS 0x0000000087000000| PB 0x0000000087000000| Complete 
|  45|0x0000000087100000, 0x0000000087200000, 0x0000000087200000|100%| S|CS|TAMS 0x0000000087100000| PB 0x0000000087100000| Complete 
|  46|0x0000000087200000, 0x0000000087200000, 0x0000000087300000|  0%| F|  |TAMS 0x0000000087200000| PB 0x0000000087200000| Untracked 
|  47|0x0000000087300000, 0x0000000087300000, 0x0000000087400000|  0%| F|  |TAMS 0x0000000087300000| PB 0x0000000087300000| Untracked 
|  48|0x0000000087400000, 0x0000000087400000, 0x0000000087500000|  0%| F|  |TAMS 0x0000000087400000| PB 0x0000000087400000| Untracked 
|  49|0x0000000087500000, 0x0000000087500000, 0x0000000087600000|  0%| F|  |TAMS 0x0000000087500000| PB 0x0000000087500000| Untracked 
|  50|0x0000000087600000, 0x0000000087600000, 0x0000000087700000|  0%| F|  |TAMS 0x0000000087600000| PB 0x0000000087600000| Untracked 
|  51|0x0000000087700000, 0x0000000087700000, 0x0000000087800000|  0%| F|  |TAMS 0x0000000087700000| PB 0x0000000087700000| Untracked 
|  52|0x0000000087800000, 0x0000000087800000, 0x0000000087900000|  0%| F|  |TAMS 0x0000000087800000| PB 0x0000000087800000| Untracked 
|  53|0x0000000087900000, 0x0000000087900000, 0x0000000087a00000|  0%| F|  |TAMS 0x0000000087900000| PB 0x0000000087900000| Untracked 
|  54|0x0000000087a00000, 0x0000000087a00000, 0x0000000087b00000|  0%| F|  |TAMS 0x0000000087a00000| PB 0x0000000087a00000| Untracked 
|  55|0x0000000087b00000, 0x0000000087b00000, 0x0000000087c00000|  0%| F|  |TAMS 0x0000000087b00000| PB 0x0000000087b00000| Untracked 
|  56|0x0000000087c00000, 0x0000000087c00000, 0x0000000087d00000|  0%| F|  |TAMS 0x0000000087c00000| PB 0x0000000087c00000| Untracked 
|  57|0x0000000087d00000, 0x0000000087d00000, 0x0000000087e00000|  0%| F|  |TAMS 0x0000000087d00000| PB 0x0000000087d00000| Untracked 
|  58|0x0000000087e00000, 0x0000000087e00000, 0x0000000087f00000|  0%| F|  |TAMS 0x0000000087e00000| PB 0x0000000087e00000| Untracked 
|  59|0x0000000087f00000, 0x0000000087f00000, 0x0000000088000000|  0%| F|  |TAMS 0x0000000087f00000| PB 0x0000000087f00000| Untracked 
|  60|0x0000000088000000, 0x0000000088000000, 0x0000000088100000|  0%| F|  |TAMS 0x0000000088000000| PB 0x0000000088000000| Untracked 
|  61|0x0000000088100000, 0x0000000088100000, 0x0000000088200000|  0%| F|  |TAMS 0x0000000088100000| PB 0x0000000088100000| Untracked 
|  62|0x0000000088200000, 0x0000000088200000, 0x0000000088300000|  0%| F|  |TAMS 0x0000000088200000| PB 0x0000000088200000| Untracked 
|  63|0x0000000088300000, 0x0000000088300000, 0x0000000088400000|  0%| F|  |TAMS 0x0000000088300000| PB 0x0000000088300000| Untracked 
|  64|0x0000000088400000, 0x0000000088400000, 0x0000000088500000|  0%| F|  |TAMS 0x0000000088400000| PB 0x0000000088400000| Untracked 
|  65|0x0000000088500000, 0x0000000088500000, 0x0000000088600000|  0%| F|  |TAMS 0x0000000088500000| PB 0x0000000088500000| Untracked 
|  66|0x0000000088600000, 0x0000000088600000, 0x0000000088700000|  0%| F|  |TAMS 0x0000000088600000| PB 0x0000000088600000| Untracked 
|  67|0x0000000088700000, 0x0000000088700000, 0x0000000088800000|  0%| F|  |TAMS 0x0000000088700000| PB 0x0000000088700000| Untracked 
|  68|0x0000000088800000, 0x0000000088800000, 0x0000000088900000|  0%| F|  |TAMS 0x0000000088800000| PB 0x0000000088800000| Untracked 
|  69|0x0000000088900000, 0x0000000088900000, 0x0000000088a00000|  0%| F|  |TAMS 0x0000000088900000| PB 0x0000000088900000| Untracked 
|  70|0x0000000088a00000, 0x0000000088a00000, 0x0000000088b00000|  0%| F|  |TAMS 0x0000000088a00000| PB 0x0000000088a00000| Untracked 
|  71|0x0000000088b00000, 0x0000000088b00000, 0x0000000088c00000|  0%| F|  |TAMS 0x0000000088b00000| PB 0x0000000088b00000| Untracked 
|  72|0x0000000088c00000, 0x0000000088c00000, 0x0000000088d00000|  0%| F|  |TAMS 0x0000000088c00000| PB 0x0000000088c00000| Untracked 
|  73|0x0000000088d00000, 0x0000000088d00000, 0x0000000088e00000|  0%| F|  |TAMS 0x0000000088d00000| PB 0x0000000088d00000| Untracked 
|  74|0x0000000088e00000, 0x0000000088e00000, 0x0000000088f00000|  0%| F|  |TAMS 0x0000000088e00000| PB 0x0000000088e00000| Untracked 
|  75|0x0000000088f00000, 0x0000000088f00000, 0x0000000089000000|  0%| F|  |TAMS 0x0000000088f00000| PB 0x0000000088f00000| Untracked 
|  76|0x0000000089000000, 0x0000000089000000, 0x0000000089100000|  0%| F|  |TAMS 0x0000000089000000| PB 0x0000000089000000| Untracked 
|  77|0x0000000089100000, 0x0000000089100000, 0x0000000089200000|  0%| F|  |TAMS 0x0000000089100000| PB 0x0000000089100000| Untracked 
|  78|0x0000000089200000, 0x0000000089200000, 0x0000000089300000|  0%| F|  |TAMS 0x0000000089200000| PB 0x0000000089200000| Untracked 
|  79|0x0000000089300000, 0x0000000089300000, 0x0000000089400000|  0%| F|  |TAMS 0x0000000089300000| PB 0x0000000089300000| Untracked 
|  80|0x0000000089400000, 0x0000000089400000, 0x0000000089500000|  0%| F|  |TAMS 0x0000000089400000| PB 0x0000000089400000| Untracked 
|  81|0x0000000089500000, 0x0000000089500000, 0x0000000089600000|  0%| F|  |TAMS 0x0000000089500000| PB 0x0000000089500000| Untracked 
|  82|0x0000000089600000, 0x0000000089600000, 0x0000000089700000|  0%| F|  |TAMS 0x0000000089600000| PB 0x0000000089600000| Untracked 
|  83|0x0000000089700000, 0x0000000089700000, 0x0000000089800000|  0%| F|  |TAMS 0x0000000089700000| PB 0x0000000089700000| Untracked 
|  84|0x0000000089800000, 0x0000000089800000, 0x0000000089900000|  0%| F|  |TAMS 0x0000000089800000| PB 0x0000000089800000| Untracked 
|  85|0x0000000089900000, 0x0000000089900000, 0x0000000089a00000|  0%| F|  |TAMS 0x0000000089900000| PB 0x0000000089900000| Untracked 
|  86|0x0000000089a00000, 0x0000000089a00000, 0x0000000089b00000|  0%| F|  |TAMS 0x0000000089a00000| PB 0x0000000089a00000| Untracked 
|  87|0x0000000089b00000, 0x0000000089b00000, 0x0000000089c00000|  0%| F|  |TAMS 0x0000000089b00000| PB 0x0000000089b00000| Untracked 
|  88|0x0000000089c00000, 0x0000000089c00000, 0x0000000089d00000|  0%| F|  |TAMS 0x0000000089c00000| PB 0x0000000089c00000| Untracked 
|  89|0x0000000089d00000, 0x0000000089d00000, 0x0000000089e00000|  0%| F|  |TAMS 0x0000000089d00000| PB 0x0000000089d00000| Untracked 
|  90|0x0000000089e00000, 0x0000000089e00000, 0x0000000089f00000|  0%| F|  |TAMS 0x0000000089e00000| PB 0x0000000089e00000| Untracked 
|  91|0x0000000089f00000, 0x0000000089f80000, 0x000000008a000000| 50%| E|  |TAMS 0x0000000089f00000| PB 0x0000000089f00000| Complete 
|  92|0x000000008a000000, 0x000000008a100000, 0x000000008a100000|100%| E|CS|TAMS 0x000000008a000000| PB 0x000000008a000000| Complete 
|  93|0x000000008a100000, 0x000000008a200000, 0x000000008a200000|100%| E|CS|TAMS 0x000000008a100000| PB 0x000000008a100000| Complete 
|  94|0x000000008a200000, 0x000000008a300000, 0x000000008a300000|100%| E|CS|TAMS 0x000000008a200000| PB 0x000000008a200000| Complete 
|  95|0x000000008a300000, 0x000000008a400000, 0x000000008a400000|100%| E|CS|TAMS 0x000000008a300000| PB 0x000000008a300000| Complete 
|  96|0x000000008a400000, 0x000000008a500000, 0x000000008a500000|100%| E|CS|TAMS 0x000000008a400000| PB 0x000000008a400000| Complete 
|  97|0x000000008a500000, 0x000000008a600000, 0x000000008a600000|100%| E|CS|TAMS 0x000000008a500000| PB 0x000000008a500000| Complete 
|  98|0x000000008a600000, 0x000000008a700000, 0x000000008a700000|100%| E|CS|TAMS 0x000000008a600000| PB 0x000000008a600000| Complete 
|  99|0x000000008a700000, 0x000000008a800000, 0x000000008a800000|100%| E|CS|TAMS 0x000000008a700000| PB 0x000000008a700000| Complete 
| 100|0x000000008a800000, 0x000000008a900000, 0x000000008a900000|100%| E|CS|TAMS 0x000000008a800000| PB 0x000000008a800000| Complete 
| 101|0x000000008a900000, 0x000000008aa00000, 0x000000008aa00000|100%| E|CS|TAMS 0x000000008a900000| PB 0x000000008a900000| Complete 
| 102|0x000000008aa00000, 0x000000008ab00000, 0x000000008ab00000|100%| E|CS|TAMS 0x000000008aa00000| PB 0x000000008aa00000| Complete 
| 103|0x000000008ab00000, 0x000000008ac00000, 0x000000008ac00000|100%| E|CS|TAMS 0x000000008ab00000| PB 0x000000008ab00000| Complete 
| 104|0x000000008ac00000, 0x000000008ad00000, 0x000000008ad00000|100%| E|CS|TAMS 0x000000008ac00000| PB 0x000000008ac00000| Complete 
| 105|0x000000008ad00000, 0x000000008ae00000, 0x000000008ae00000|100%| E|CS|TAMS 0x000000008ad00000| PB 0x000000008ad00000| Complete 
| 106|0x000000008ae00000, 0x000000008af00000, 0x000000008af00000|100%| E|CS|TAMS 0x000000008ae00000| PB 0x000000008ae00000| Complete 
| 107|0x000000008af00000, 0x000000008b000000, 0x000000008b000000|100%| E|CS|TAMS 0x000000008af00000| PB 0x000000008af00000| Complete 
| 108|0x000000008b000000, 0x000000008b100000, 0x000000008b100000|100%| E|CS|TAMS 0x000000008b000000| PB 0x000000008b000000| Complete 
| 109|0x000000008b100000, 0x000000008b200000, 0x000000008b200000|100%| E|CS|TAMS 0x000000008b100000| PB 0x000000008b100000| Complete 
| 110|0x000000008b200000, 0x000000008b300000, 0x000000008b300000|100%| E|CS|TAMS 0x000000008b200000| PB 0x000000008b200000| Complete 
| 111|0x000000008b300000, 0x000000008b400000, 0x000000008b400000|100%| E|CS|TAMS 0x000000008b300000| PB 0x000000008b300000| Complete 
| 112|0x000000008b400000, 0x000000008b500000, 0x000000008b500000|100%| E|CS|TAMS 0x000000008b400000| PB 0x000000008b400000| Complete 
| 113|0x000000008b500000, 0x000000008b600000, 0x000000008b600000|100%| E|CS|TAMS 0x000000008b500000| PB 0x000000008b500000| Complete 
| 114|0x000000008b600000, 0x000000008b700000, 0x000000008b700000|100%| E|CS|TAMS 0x000000008b600000| PB 0x000000008b600000| Complete 
| 115|0x000000008b700000, 0x000000008b800000, 0x000000008b800000|100%| E|CS|TAMS 0x000000008b700000| PB 0x000000008b700000| Complete 
| 116|0x000000008b800000, 0x000000008b900000, 0x000000008b900000|100%| E|CS|TAMS 0x000000008b800000| PB 0x000000008b800000| Complete 
| 117|0x000000008b900000, 0x000000008ba00000, 0x000000008ba00000|100%| E|CS|TAMS 0x000000008b900000| PB 0x000000008b900000| Complete 
| 118|0x000000008ba00000, 0x000000008bb00000, 0x000000008bb00000|100%| E|CS|TAMS 0x000000008ba00000| PB 0x000000008ba00000| Complete 
| 119|0x000000008bb00000, 0x000000008bc00000, 0x000000008bc00000|100%| E|CS|TAMS 0x000000008bb00000| PB 0x000000008bb00000| Complete 
| 120|0x000000008bc00000, 0x000000008bd00000, 0x000000008bd00000|100%| E|CS|TAMS 0x000000008bc00000| PB 0x000000008bc00000| Complete 
| 148|0x000000008d800000, 0x000000008d900000, 0x000000008d900000|100%| E|CS|TAMS 0x000000008d800000| PB 0x000000008d800000| Complete 
|1959|0x00000000feb00000, 0x00000000fec00000, 0x00000000fec00000|100%| O|  |TAMS 0x00000000feb00000| PB 0x00000000feb00000| Untracked 
|1960|0x00000000fec00000, 0x00000000fed00000, 0x00000000fed00000|100%| O|  |TAMS 0x00000000fec00000| PB 0x00000000fec00000| Untracked 
|1961|0x00000000fed00000, 0x00000000fee00000, 0x00000000fee00000|100%| O|  |TAMS 0x00000000fed00000| PB 0x00000000fed00000| Untracked 
|1962|0x00000000fee00000, 0x00000000fef00000, 0x00000000fef00000|100%| O|  |TAMS 0x00000000fee00000| PB 0x00000000fee00000| Untracked 
|1963|0x00000000fef00000, 0x00000000ff000000, 0x00000000ff000000|100%| O|  |TAMS 0x00000000fef00000| PB 0x00000000fef00000| Untracked 
|1964|0x00000000ff000000, 0x00000000ff100000, 0x00000000ff100000|100%| O|  |TAMS 0x00000000ff000000| PB 0x00000000ff000000| Untracked 
|1965|0x00000000ff100000, 0x00000000ff200000, 0x00000000ff200000|100%| O|  |TAMS 0x00000000ff100000| PB 0x00000000ff100000| Untracked 
|1966|0x00000000ff200000, 0x00000000ff300000, 0x00000000ff300000|100%| O|  |TAMS 0x00000000ff200000| PB 0x00000000ff200000| Untracked 
|1967|0x00000000ff300000, 0x00000000ff400000, 0x00000000ff400000|100%| O|  |TAMS 0x00000000ff300000| PB 0x00000000ff300000| Untracked 
|1968|0x00000000ff400000, 0x00000000ff500000, 0x00000000ff500000|100%| O|  |TAMS 0x00000000ff400000| PB 0x00000000ff400000| Untracked 
|1969|0x00000000ff500000, 0x00000000ff600000, 0x00000000ff600000|100%| O|  |TAMS 0x00000000ff500000| PB 0x00000000ff500000| Untracked 
|1970|0x00000000ff600000, 0x00000000ff700000, 0x00000000ff700000|100%| O|  |TAMS 0x00000000ff600000| PB 0x00000000ff600000| Untracked 
|1971|0x00000000ff700000, 0x00000000ff800000, 0x00000000ff800000|100%| O|  |TAMS 0x00000000ff700000| PB 0x00000000ff700000| Untracked 
|1972|0x00000000ff800000, 0x00000000ff900000, 0x00000000ff900000|100%| O|  |TAMS 0x00000000ff800000| PB 0x00000000ff800000| Untracked 
|1973|0x00000000ff900000, 0x00000000ffa00000, 0x00000000ffa00000|100%| O|  |TAMS 0x00000000ff900000| PB 0x00000000ff900000| Untracked 
|1974|0x00000000ffa00000, 0x00000000ffb00000, 0x00000000ffb00000|100%| O|  |TAMS 0x00000000ffa00000| PB 0x00000000ffa00000| Untracked 
|1975|0x00000000ffb00000, 0x00000000ffc00000, 0x00000000ffc00000|100%| O|  |TAMS 0x00000000ffb00000| PB 0x00000000ffb00000| Untracked 
|1976|0x00000000ffc00000, 0x00000000ffd00000, 0x00000000ffd00000|100%| O|  |TAMS 0x00000000ffc00000| PB 0x00000000ffc00000| Untracked 
|1977|0x00000000ffd00000, 0x00000000ffe00000, 0x00000000ffe00000|100%| O|  |TAMS 0x00000000ffd00000| PB 0x00000000ffd00000| Untracked 
|1978|0x00000000ffe00000, 0x00000000fff00000, 0x00000000fff00000|100%| O|  |TAMS 0x00000000ffe00000| PB 0x00000000ffe00000| Untracked 
|1979|0x00000000fff00000, 0x0000000100000000, 0x0000000100000000|100%| O|  |TAMS 0x00000000fff00000| PB 0x00000000fff00000| Untracked 

Card table byte_map: [0x000001bcfe260000,0x000001bcfe640000] _byte_map_base: 0x000001bcfde3e000

Marking Bits: (CMBitMap*) 0x000001bce64dee90
 Bits: [0x000001bc80000000, 0x000001bc81ef0000)

Polling page: 0x000001bce4220000

Metaspace:

Usage:
  Non-class:     26.41 MB used.
      Class:      3.23 MB used.
       Both:     29.64 MB used.

Virtual space:
  Non-class space:       64.00 MB reserved,      26.69 MB ( 42%) committed,  1 nodes.
      Class space:        1.00 GB reserved,       3.44 MB ( <1%) committed,  1 nodes.
             Both:        1.06 GB reserved,      30.12 MB (  3%) committed. 

Chunk freelists:
   Non-Class:  5.37 MB
       Class:  12.52 MB
        Both:  17.89 MB

MaxMetaspaceSize: unlimited
CompressedClassSpaceSize: 1.00 GB
Initial GC threshold: 21.00 MB
Current GC threshold: 35.25 MB
CDS: on
 - commit_granule_bytes: 65536.
 - commit_granule_words: 8192.
 - virtual_space_node_default_size: 8388608.
 - enlarge_chunks_in_place: 1.
 - use_allocation_guard: 0.


Internal statistics:

num_allocs_failed_limit: 3.
num_arena_births: 432.
num_arena_deaths: 0.
num_vsnodes_births: 2.
num_vsnodes_deaths: 0.
num_space_committed: 482.
num_space_uncommitted: 0.
num_chunks_returned_to_freelist: 3.
num_chunks_taken_from_freelist: 1570.
num_chunk_merges: 3.
num_chunk_splits: 1111.
num_chunks_enlarged: 824.
num_inconsistent_stats: 0.

CodeHeap 'non-profiled nmethods': size=120000Kb used=5184Kb max_used=5184Kb free=114815Kb
 bounds [0x000001bcf6400000, 0x000001bcf6920000, 0x000001bcfd930000]
CodeHeap 'profiled nmethods': size=120000Kb used=19801Kb max_used=19801Kb free=100199Kb
 bounds [0x000001bcee930000, 0x000001bcefc90000, 0x000001bcf5e60000]
CodeHeap 'non-nmethods': size=5760Kb used=1614Kb max_used=1647Kb free=4146Kb
 bounds [0x000001bcf5e60000, 0x000001bcf60d0000, 0x000001bcf6400000]
 total_blobs=8930 nmethods=8391 adapters=443
 compilation: enabled
              stopped_count=0, restarted_count=0
 full_count=0

Compilation events (20 events):
Event: 13.695 Thread 0x000001bcff2d3b20 nmethod 8373 0x000001bcefc6c990 code [0x000001bcefc6cc20, 0x000001bcefc6d388]
Event: 13.695 Thread 0x000001bcff2d3b20 8374       2       java.lang.invoke.LambdaForm$MH/0x000001bc851b6800::invoke (25 bytes)
Event: 13.695 Thread 0x000001bcff2d3b20 nmethod 8374 0x000001bcefc6d990 code [0x000001bcefc6db40, 0x000001bcefc6dcf8]
Event: 13.695 Thread 0x000001bcff2d3b20 8375       2       java.lang.invoke.DirectMethodHandle$Holder::invokeStatic (15 bytes)
Event: 13.696 Thread 0x000001bcff2d3b20 nmethod 8375 0x000001bcefc6de10 code [0x000001bcefc6dfc0, 0x000001bcefc6e128]
Event: 13.696 Thread 0x000001bcff2d3b20 8377       2       java.util.LinkedHashMap$LinkedKeySet::contains (9 bytes)
Event: 13.696 Thread 0x000001bcff2d3b20 nmethod 8377 0x000001bcefc6e210 code [0x000001bcefc6e3c0, 0x000001bcefc6e500]
Event: 13.696 Thread 0x000001bcff2d3b20 8378       2       lombok.core.FieldAugment$MapWeakFieldAugment::write (20 bytes)
Event: 13.696 Thread 0x000001bcff2d3b20 nmethod 8378 0x000001bcefc6e610 code [0x000001bcefc6e7c0, 0x000001bcefc6ea28]
Event: 13.696 Thread 0x000001bcff2d3b20 8381       2       java.lang.invoke.DirectMethodHandle$Holder::invokeInterface (28 bytes)
Event: 13.696 Thread 0x000001bcff2d3b20 nmethod 8381 0x000001bcefc6eb10 code [0x000001bcefc6ece0, 0x000001bcefc6eec0]
Event: 13.696 Thread 0x000001bcff2d3b20 8376       2       lombok.javac.handlers.JavacHandlerUtil::inNetbeansEditor (37 bytes)
Event: 13.696 Thread 0x000001bcff2d3b20 nmethod 8376 0x000001bcefc6f010 code [0x000001bcefc6f220, 0x000001bcefc6f6a0]
Event: 13.696 Thread 0x000001bcff2d3b20 8379       2       java.lang.invoke.LambdaForm$MH/0x000001bc8537a800::invoke (81 bytes)
Event: 13.697 Thread 0x000001bcff2d3b20 nmethod 8379 0x000001bcefc6f910 code [0x000001bcefc6fb20, 0x000001bcefc6ff08]
Event: 13.697 Thread 0x000001bcff2d3b20 8380       2       java.lang.invoke.LambdaForm$MH/0x000001bc8537ac00::invoke (85 bytes)
Event: 13.697 Thread 0x000001bcff2d3b20 nmethod 8380 0x000001bcefc70190 code [0x000001bcefc703c0, 0x000001bcefc708a0]
Event: 13.697 Thread 0x000001bcff2d3b20 8382       2       com.sun.tools.javac.tree.JCTree::getEndPosition (6 bytes)
Event: 13.698 Thread 0x000001bcff2d3b20 nmethod 8382 0x000001bcefc70c10 code [0x000001bcefc70dc0, 0x000001bcefc70ee0]
Event: 13.698 Thread 0x000001bcff2d3b20 8383       2       com.sun.tools.javac.tree.TreeInfo::getEndPos (649 bytes)

GC Heap History (20 events):
Event: 1.009 GC heap before
{Heap before GC invocations=0 (full 0):
 garbage-first heap   total 126976K, used 22528K [0x0000000084400000, 0x0000000100000000)
  region size 1024K, 23 young (23552K), 0 survivors (0K)
 Metaspace       used 5606K, committed 5760K, reserved 1114112K
  class space    used 648K, committed 768K, reserved 1048576K
}
Event: 1.018 GC heap after
{Heap after GC invocations=1 (full 0):
 garbage-first heap   total 126976K, used 3812K [0x0000000084400000, 0x0000000100000000)
  region size 1024K, 3 young (3072K), 3 survivors (3072K)
 Metaspace       used 5606K, committed 5760K, reserved 1114112K
  class space    used 648K, committed 768K, reserved 1048576K
}
Event: 1.702 GC heap before
{Heap before GC invocations=1 (full 0):
 garbage-first heap   total 126976K, used 34532K [0x0000000084400000, 0x0000000100000000)
  region size 1024K, 33 young (33792K), 3 survivors (3072K)
 Metaspace       used 9696K, committed 9856K, reserved 1114112K
  class space    used 1140K, committed 1216K, reserved 1048576K
}
Event: 1.712 GC heap after
{Heap after GC invocations=2 (full 0):
 garbage-first heap   total 126976K, used 5544K [0x0000000084400000, 0x0000000100000000)
  region size 1024K, 2 young (2048K), 2 survivors (2048K)
 Metaspace       used 9696K, committed 9856K, reserved 1114112K
  class space    used 1140K, committed 1216K, reserved 1048576K
}
Event: 3.463 GC heap before
{Heap before GC invocations=2 (full 0):
 garbage-first heap   total 126976K, used 79272K [0x0000000084400000, 0x0000000100000000)
  region size 1024K, 74 young (75776K), 2 survivors (2048K)
 Metaspace       used 15649K, committed 15872K, reserved 1114112K
  class space    used 1810K, committed 1920K, reserved 1048576K
}
Event: 3.485 GC heap after
{Heap after GC invocations=3 (full 0):
 garbage-first heap   total 126976K, used 12921K [0x0000000084400000, 0x0000000100000000)
  region size 1024K, 9 young (9216K), 9 survivors (9216K)
 Metaspace       used 15649K, committed 15872K, reserved 1114112K
  class space    used 1810K, committed 1920K, reserved 1048576K
}
Event: 4.498 GC heap before
{Heap before GC invocations=3 (full 0):
 garbage-first heap   total 126976K, used 79481K [0x0000000084400000, 0x0000000100000000)
  region size 1024K, 74 young (75776K), 9 survivors (9216K)
 Metaspace       used 16193K, committed 16384K, reserved 1114112K
  class space    used 1812K, committed 1920K, reserved 1048576K
}
Event: 4.522 GC heap after
{Heap after GC invocations=4 (full 0):
 garbage-first heap   total 126976K, used 14741K [0x0000000084400000, 0x0000000100000000)
  region size 1024K, 2 young (2048K), 2 survivors (2048K)
 Metaspace       used 16193K, committed 16384K, reserved 1114112K
  class space    used 1812K, committed 1920K, reserved 1048576K
}
Event: 5.486 GC heap before
{Heap before GC invocations=4 (full 0):
 garbage-first heap   total 126976K, used 88469K [0x0000000084400000, 0x0000000100000000)
  region size 1024K, 74 young (75776K), 2 survivors (2048K)
 Metaspace       used 16365K, committed 16576K, reserved 1114112K
  class space    used 1818K, committed 1920K, reserved 1048576K
}
Event: 5.492 GC heap after
{Heap after GC invocations=5 (full 0):
 garbage-first heap   total 126976K, used 16087K [0x0000000084400000, 0x0000000100000000)
  region size 1024K, 4 young (4096K), 4 survivors (4096K)
 Metaspace       used 16365K, committed 16576K, reserved 1114112K
  class space    used 1818K, committed 1920K, reserved 1048576K
}
Event: 6.471 GC heap before
{Heap before GC invocations=5 (full 0):
 garbage-first heap   total 126976K, used 87767K [0x0000000084400000, 0x0000000100000000)
  region size 1024K, 74 young (75776K), 4 survivors (4096K)
 Metaspace       used 16553K, committed 16832K, reserved 1114112K
  class space    used 1819K, committed 1920K, reserved 1048576K
}
Event: 6.481 GC heap after
{Heap after GC invocations=6 (full 0):
 garbage-first heap   total 126976K, used 17813K [0x0000000084400000, 0x0000000100000000)
  region size 1024K, 5 young (5120K), 5 survivors (5120K)
 Metaspace       used 16553K, committed 16832K, reserved 1114112K
  class space    used 1819K, committed 1920K, reserved 1048576K
}
Event: 7.317 GC heap before
{Heap before GC invocations=6 (full 0):
 garbage-first heap   total 126976K, used 88469K [0x0000000084400000, 0x0000000100000000)
  region size 1024K, 74 young (75776K), 5 survivors (5120K)
 Metaspace       used 16765K, committed 16960K, reserved 1114112K
  class space    used 1831K, committed 1920K, reserved 1048576K
}
Event: 7.328 GC heap after
{Heap after GC invocations=7 (full 0):
 garbage-first heap   total 152576K, used 19799K [0x0000000084400000, 0x0000000100000000)
  region size 1024K, 7 young (7168K), 7 survivors (7168K)
 Metaspace       used 16765K, committed 16960K, reserved 1114112K
  class space    used 1831K, committed 1920K, reserved 1048576K
}
Event: 9.009 GC heap before
{Heap before GC invocations=7 (full 0):
 garbage-first heap   total 152576K, used 80215K [0x0000000084400000, 0x0000000100000000)
  region size 1024K, 60 young (61440K), 7 survivors (7168K)
 Metaspace       used 21271K, committed 21504K, reserved 1114112K
  class space    used 2341K, committed 2432K, reserved 1048576K
}
Event: 9.026 GC heap after
{Heap after GC invocations=8 (full 0):
 garbage-first heap   total 152576K, used 32506K [0x0000000084400000, 0x0000000100000000)
  region size 1024K, 12 young (12288K), 12 survivors (12288K)
 Metaspace       used 21271K, committed 21504K, reserved 1114112K
  class space    used 2341K, committed 2432K, reserved 1048576K
}
Event: 10.993 GC heap before
{Heap before GC invocations=9 (full 0):
 garbage-first heap   total 112640K, used 112378K [0x0000000084400000, 0x0000000100000000)
  region size 1024K, 89 young (91136K), 12 survivors (12288K)
 Metaspace       used 27128K, committed 27456K, reserved 1114112K
  class space    used 2997K, committed 3136K, reserved 1048576K
}
Event: 11.052 GC heap after
{Heap after GC invocations=10 (full 0):
 garbage-first heap   total 146432K, used 51450K [0x0000000084400000, 0x0000000100000000)
  region size 1024K, 12 young (12288K), 12 survivors (12288K)
 Metaspace       used 27128K, committed 27456K, reserved 1114112K
  class space    used 2997K, committed 3136K, reserved 1048576K
}
Event: 12.223 GC heap before
{Heap before GC invocations=10 (full 0):
 garbage-first heap   total 146432K, used 115962K [0x0000000084400000, 0x0000000100000000)
  region size 1024K, 76 young (77824K), 12 survivors (12288K)
 Metaspace       used 29373K, committed 29760K, reserved 1114112K
  class space    used 3189K, committed 3392K, reserved 1048576K
}
Event: 12.248 GC heap after
{Heap after GC invocations=11 (full 0):
 garbage-first heap   total 146432K, used 58495K [0x0000000084400000, 0x0000000100000000)
  region size 1024K, 7 young (7168K), 7 survivors (7168K)
 Metaspace       used 29373K, committed 29760K, reserved 1114112K
  class space    used 3189K, committed 3392K, reserved 1048576K
}

Dll operation events (8 events):
Event: 0.009 Loaded shared library N:\Windows Files\DevTools\java\bin\java.dll
Event: 0.054 Loaded shared library N:\Windows Files\DevTools\java\bin\jsvml.dll
Event: 0.075 Loaded shared library N:\Windows Files\DevTools\java\bin\net.dll
Event: 0.079 Loaded shared library N:\Windows Files\DevTools\java\bin\nio.dll
Event: 0.088 Loaded shared library N:\Windows Files\DevTools\java\bin\zip.dll
Event: 0.342 Loaded shared library N:\Windows Files\DevTools\java\bin\jimage.dll
Event: 0.345 Loaded shared library N:\Windows Files\DevTools\apache-maven-3.9.12\lib\jansi-native\Windows\x86_64\jansi.dll
Event: 0.359 Loaded shared library N:\Windows Files\DevTools\java\bin\verify.dll

Deoptimization events (20 events):
Event: 12.597 Thread 0x000001bce42839a0 DEOPT PACKING pc=0x000001bcf68761a0 sp=0x000000b746efbf60
Event: 12.597 Thread 0x000001bce42839a0 DEOPT UNPACKING pc=0x000001bcf5eb7da2 sp=0x000000b746efbed8 mode 2
Event: 12.603 Thread 0x000001bce42839a0 Uncommon trap: trap_request=0xffffff45 fr.pc=0x000001bcf671fa84 relative=0x00000000000001c4
Event: 12.603 Thread 0x000001bce42839a0 Uncommon trap: reason=unstable_if action=reinterpret pc=0x000001bcf671fa84 method=java.util.IdentityHashMap.maskNull(Ljava/lang/Object;)Ljava/lang/Object; @ 1 c2
Event: 12.603 Thread 0x000001bce42839a0 DEOPT PACKING pc=0x000001bcf671fa84 sp=0x000000b746efd040
Event: 12.603 Thread 0x000001bce42839a0 DEOPT UNPACKING pc=0x000001bcf5eb7da2 sp=0x000000b746efcf68 mode 2
Event: 12.604 Thread 0x000001bce42839a0 Uncommon trap: trap_request=0xffffff45 fr.pc=0x000001bcf6720164 relative=0x0000000000000044
Event: 12.604 Thread 0x000001bce42839a0 Uncommon trap: reason=unstable_if action=reinterpret pc=0x000001bcf6720164 method=java.util.IdentityHashMap.maskNull(Ljava/lang/Object;)Ljava/lang/Object; @ 1 c2
Event: 12.604 Thread 0x000001bce42839a0 DEOPT PACKING pc=0x000001bcf6720164 sp=0x000000b746efcfd0
Event: 12.604 Thread 0x000001bce42839a0 DEOPT UNPACKING pc=0x000001bcf5eb7da2 sp=0x000000b746efcf70 mode 2
Event: 12.606 Thread 0x000001bce42839a0 Uncommon trap: trap_request=0xffffffde fr.pc=0x000001bcf68761a0 relative=0x0000000000000ee0
Event: 12.606 Thread 0x000001bce42839a0 Uncommon trap: reason=class_check action=maybe_recompile pc=0x000001bcf68761a0 method=com.sun.tools.javac.code.DeferredCompletionFailureHandler.classSymbolCompleteFailed(Lcom/sun/tools/javac/code/Symbol$ClassSymbol;Lcom/sun/tools/javac/code/Symbol$Complet
Event: 12.606 Thread 0x000001bce42839a0 DEOPT PACKING pc=0x000001bcf68761a0 sp=0x000000b746efbd80
Event: 12.606 Thread 0x000001bce42839a0 DEOPT UNPACKING pc=0x000001bcf5eb7da2 sp=0x000000b746efbcf8 mode 2
Event: 12.607 Thread 0x000001bce42839a0 Uncommon trap: trap_request=0xffffffde fr.pc=0x000001bcf68761a0 relative=0x0000000000000ee0
Event: 12.607 Thread 0x000001bce42839a0 Uncommon trap: reason=class_check action=maybe_recompile pc=0x000001bcf68761a0 method=com.sun.tools.javac.code.DeferredCompletionFailureHandler.classSymbolCompleteFailed(Lcom/sun/tools/javac/code/Symbol$ClassSymbol;Lcom/sun/tools/javac/code/Symbol$Complet
Event: 12.607 Thread 0x000001bce42839a0 DEOPT PACKING pc=0x000001bcf68761a0 sp=0x000000b746efbd80
Event: 12.607 Thread 0x000001bce42839a0 DEOPT UNPACKING pc=0x000001bcf5eb7da2 sp=0x000000b746efbcf8 mode 2
Event: 12.633 Thread 0x000001bce42839a0 DEOPT PACKING pc=0x000001bcefb7618e sp=0x000000b746ef85b0
Event: 12.633 Thread 0x000001bce42839a0 DEOPT UNPACKING pc=0x000001bcf5eb88e2 sp=0x000000b746ef7a98 mode 0

Classes loaded (20 events):
Event: 12.009 Loading class java/io/PushbackInputStream
Event: 12.010 Loading class java/io/PushbackInputStream done
Event: 12.253 Loading class java/util/Collections$UnmodifiableSortedSet
Event: 12.254 Loading class java/util/Collections$UnmodifiableSortedSet done
Event: 12.264 Loading class java/util/IdentityHashMap$EntrySet
Event: 12.264 Loading class java/util/IdentityHashMap$EntrySet done
Event: 12.264 Loading class java/util/IdentityHashMap$EntryIterator
Event: 12.265 Loading class java/util/IdentityHashMap$EntryIterator done
Event: 12.265 Loading class java/util/IdentityHashMap$EntryIterator$Entry
Event: 12.265 Loading class java/util/IdentityHashMap$EntryIterator$Entry done
Event: 12.276 Loading class java/util/function/UnaryOperator
Event: 12.276 Loading class java/util/function/UnaryOperator done
Event: 12.287 Loading class java/util/regex/Pattern$Caret
Event: 12.287 Loading class java/util/regex/Pattern$Caret done
Event: 12.532 Loading class java/util/regex/Pattern$SliceI
Event: 12.532 Loading class java/util/regex/Pattern$SliceI done
Event: 12.535 Loading class java/util/regex/Pattern$Loop
Event: 12.536 Loading class java/util/regex/Pattern$Loop done
Event: 12.536 Loading class java/util/regex/Pattern$Prolog
Event: 12.536 Loading class java/util/regex/Pattern$Prolog done

Classes unloaded (0 events):
No events

Classes redefined (0 events):
No events

Internal exceptions (20 events):
Event: 11.495 Thread 0x000001bce42839a0 Exception <a 'sun/nio/fs/WindowsException'{0x0000000088fae7a0}> (0x0000000088fae7a0) 
thrown [s\open\src\hotspot\share\prims\jni.cpp, line 520]
Event: 11.696 Thread 0x000001bce42839a0 Implicit null exception at 0x000001bcf6539bf8 to 0x000001bcf653a058
Event: 11.721 Thread 0x000001bce42839a0 Implicit null exception at 0x000001bcf65dd015 to 0x000001bcf65dd1f0
Event: 12.472 Thread 0x000001bce42839a0 Exception <a 'java/lang/NoSuchMethodError'{0x000000008ac73f08}: 'java.lang.Object java.lang.invoke.DirectMethodHandle$Holder.invokeVirtual(java.lang.Object, java.lang.Object, java.lang.Object, java.lang.Object)'> (0x000000008ac73f08) 
thrown [s\open\src\hotspot\share\interpreter\linkResolver.cpp, line 773]
Event: 12.477 Thread 0x000001bce42839a0 Exception <a 'java/lang/NoSuchMethodError'{0x000000008ac8e710}: 'void java.lang.invoke.DirectMethodHandle$Holder.invokeInterface(java.lang.Object, java.lang.Object, java.lang.Object, int)'> (0x000000008ac8e710) 
thrown [s\open\src\hotspot\share\interpreter\linkResolver.cpp, line 773]
Event: 12.478 Thread 0x000001bce42839a0 Exception <a 'java/lang/NoSuchMethodError'{0x000000008ac95da8}: 'void java.lang.invoke.DelegatingMethodHandle$Holder.reinvoke_L(java.lang.Object, java.lang.Object, java.lang.Object, int)'> (0x000000008ac95da8) 
thrown [s\open\src\hotspot\share\interpreter\linkResolver.cpp, line 773]
Event: 12.548 Thread 0x000001bce42839a0 Exception <a 'java/lang/NoSuchMethodError'{0x000000008a6b0fb0}: 'java.lang.Object java.lang.invoke.DirectMethodHandle$Holder.invokeVirtual(java.lang.Object, java.lang.Object, long)'> (0x000000008a6b0fb0) 
thrown [s\open\src\hotspot\share\interpreter\linkResolver.cpp, line 773]
Event: 12.549 Thread 0x000001bce42839a0 Exception <a 'java/lang/NoSuchMethodError'{0x000000008a6b4cb8}: 'long java.lang.invoke.DirectMethodHandle$Holder.invokeStatic(java.lang.Object, java.lang.Object, int)'> (0x000000008a6b4cb8) 
thrown [s\open\src\hotspot\share\interpreter\linkResolver.cpp, line 773]
Event: 12.551 Thread 0x000001bce42839a0 Exception <a 'java/lang/NoSuchMethodError'{0x000000008a6c66b0}: 'java.lang.Object java.lang.invoke.DirectMethodHandle$Holder.invokeVirtual(java.lang.Object, java.lang.Object, java.lang.Object, java.lang.Object, java.lang.Object, java.lang.Object, java.lang.Object, java.lang.Object)'> (0x000000008a6c66b0) 
thrown [s\open\src\hotspot\share\interpreter\linkResolver.cpp, line 773]
Event: 12.555 Thread 0x000001bce42839a0 Exception <a 'java/lang/NoSuchMethodError'{0x000000008a6e0f68}: 'java.lang.Object java.lang.invoke.DirectMethodHandle$Holder.invokeStatic(java.lang.Object, java.lang.Object, int)'> (0x000000008a6e0f68) 
thrown [s\open\src\hotspot\share\interpreter\linkResolver.cpp, line 773]
Event: 12.556 Thread 0x000001bce42839a0 Exception <a 'java/lang/NoSuchMethodError'{0x000000008a6e54e0}: 'void java.lang.invoke.DirectMethodHandle$Holder.invokeStatic(java.lang.Object, java.lang.Object, int, java.lang.Object)'> (0x000000008a6e54e0) 
thrown [s\open\src\hotspot\share\interpreter\linkResolver.cpp, line 773]
Event: 12.557 Thread 0x000001bce42839a0 Exception <a 'java/lang/NoSuchMethodError'{0x000000008a6ec798}: 'void java.lang.invoke.DelegatingMethodHandle$Holder.delegate(java.lang.Object, java.lang.Object, int, java.lang.Object)'> (0x000000008a6ec798) 
thrown [s\open\src\hotspot\share\interpreter\linkResolver.cpp, line 773]
Event: 12.600 Thread 0x000001bce42839a0 Exception <a 'java/lang/NoSuchMethodError'{0x000000008a426a68}: 'java.lang.Object java.lang.invoke.DirectMethodHandle$Holder.invokeVirtual(java.lang.Object, java.lang.Object, java.lang.Object, java.lang.Object, java.lang.Object, java.lang.Object)'> (0x000000008a426a68) 
thrown [s\open\src\hotspot\share\interpreter\linkResolver.cpp, line 773]
Event: 12.603 Thread 0x000001bce42839a0 Implicit null exception at 0x000001bcf671f8fd to 0x000001bcf671fa70
Event: 12.605 Thread 0x000001bce42839a0 Exception <a 'java/lang/NoSuchMethodError'{0x000000008a44a1c8}: 'void java.lang.invoke.DirectMethodHandle$Holder.invokeVirtual(java.lang.Object, java.lang.Object, java.lang.Object, java.lang.Object)'> (0x000000008a44a1c8) 
thrown [s\open\src\hotspot\share\interpreter\linkResolver.cpp, line 773]
Event: 12.611 Thread 0x000001bce42839a0 Exception <a 'java/lang/NoSuchMethodError'{0x000000008a479b78}: 'java.lang.Object java.lang.invoke.DirectMethodHandle$Holder.invokeSpecial(java.lang.Object, java.lang.Object, java.lang.Object, long, java.lang.Object)'> (0x000000008a479b78) 
thrown [s\open\src\hotspot\share\interpreter\linkResolver.cpp, line 773]
Event: 12.611 Thread 0x000001bce42839a0 Exception <a 'java/lang/NoSuchMethodError'{0x000000008a47d848}: 'java.lang.Object java.lang.invoke.DelegatingMethodHandle$Holder.reinvoke_L(java.lang.Object, java.lang.Object, long, java.lang.Object)'> (0x000000008a47d848) 
thrown [s\open\src\hotspot\share\interpreter\linkResolver.cpp, line 773]
Event: 12.612 Thread 0x000001bce42839a0 Exception <a 'java/lang/NoSuchMethodError'{0x000000008a4924e0}: 'java.lang.Object java.lang.invoke.DirectMethodHandle$Holder.invokeVirtual(java.lang.Object, java.lang.Object, java.lang.Object, java.lang.Object, java.lang.Object, java.lang.Object, java.lang.Object, java.lang.Object, java.lang.Object, java.lang.Object)'> (0x000000008a4924e0) 
thrown [s\open\src\hotspot\share\interpreter\linkResolver.cpp, line 773]
Event: 12.649 Thread 0x000001bce42839a0 Exception <a 'java/lang/NoSuchMethodError'{0x000000008a244540}: 'java.lang.Object java.lang.invoke.DirectMethodHandle$Holder.invokeVirtual(java.lang.Object, java.lang.Object, java.lang.Object, java.lang.Object, java.lang.Object, java.lang.Object, java.lang.Object)'> (0x000000008a244540) 
thrown [s\open\src\hotspot\share\interpreter\linkResolver.cpp, line 773]
Event: 13.676 Thread 0x000001bce42839a0 Exception <a 'java/lang/NoSuchMethodError'{0x000000008a2981c0}: 'java.lang.Object java.lang.invoke.DirectMethodHandle$Holder.invokeVirtual(java.lang.Object, java.lang.Object, java.lang.Object, java.lang.Object, java.lang.Object)'> (0x000000008a2981c0) 
thrown [s\open\src\hotspot\share\interpreter\linkResolver.cpp, line 773]

ZGC Phase Switch (0 events):
No events

VM Operations (20 events):
Event: 10.877 Executing VM operation: HandshakeAllThreads (Deoptimize) done
Event: 10.957 Executing VM operation: ICBufferFull
Event: 10.958 Executing VM operation: ICBufferFull done
Event: 10.992 Executing VM operation: G1CollectForAllocation (G1 Evacuation Pause)
Event: 11.053 Executing VM operation: G1CollectForAllocation (G1 Evacuation Pause) done
Event: 11.341 Executing VM operation: ICBufferFull
Event: 11.341 Executing VM operation: ICBufferFull done
Event: 11.487 Executing VM operation: ICBufferFull
Event: 11.487 Executing VM operation: ICBufferFull done
Event: 11.557 Executing VM operation: HandshakeAllThreads (Deoptimize)
Event: 11.557 Executing VM operation: HandshakeAllThreads (Deoptimize) done
Event: 11.579 Executing VM operation: ICBufferFull
Event: 11.579 Executing VM operation: ICBufferFull done
Event: 12.222 Executing VM operation: G1CollectForAllocation (G1 Evacuation Pause)
Event: 12.248 Executing VM operation: G1CollectForAllocation (G1 Evacuation Pause) done
Event: 12.607 Executing VM operation: ICBufferFull
Event: 12.607 Executing VM operation: ICBufferFull done
Event: 13.610 Executing VM operation: Cleanup
Event: 13.674 Executing VM operation: Cleanup done
Event: 14.678 Executing VM operation: Cleanup

Events (20 events):
Event: 0.051 Thread 0x000001bcff2a7fd0 Thread added: 0x000001bcff2a7fd0
Event: 0.051 Thread 0x000001bcff2a8a30 Thread added: 0x000001bcff2a8a30
Event: 0.051 Thread 0x000001bcff2ad930 Thread added: 0x000001bcff2ad930
Event: 0.051 Thread 0x000001bcff2b0860 Thread added: 0x000001bcff2b0860
Event: 0.051 Thread 0x000001bcff2b9840 Thread added: 0x000001bcff2b9840
Event: 0.051 Thread 0x000001bcff2ba8d0 Thread added: 0x000001bcff2ba8d0
Event: 0.051 Thread 0x000001bcff2ccc90 Thread added: 0x000001bcff2ccc90
Event: 0.051 Thread 0x000001bcff2d3b20 Thread added: 0x000001bcff2d3b20
Event: 0.067 Thread 0x000001bcc91c8a40 Thread added: 0x000001bcc91c8a40
Event: 0.070 Thread 0x000001bcc91c9680 Thread added: 0x000001bcc91c9680
Event: 0.340 Thread 0x000001bcc93ffac0 Thread added: 0x000001bcc93ffac0
Event: 0.356 Thread 0x000001bcc93ffac0 Thread exited: 0x000001bcc93ffac0
Event: 0.551 Thread 0x000001bcc9624400 Thread added: 0x000001bcc9624400
Event: 1.837 Thread 0x000001bcc9624400 Thread exited: 0x000001bcc9624400
Event: 2.829 Thread 0x000001bcc9eb8b30 Thread added: 0x000001bcc9eb8b30
Event: 10.814 Thread 0x000001bcc9eb8b30 Thread exited: 0x000001bcc9eb8b30
Event: 11.240 Thread 0x000001bcca7b3dc0 Thread added: 0x000001bcca7b3dc0
Event: 11.568 Thread 0x000001bccb1a93a0 Thread added: 0x000001bccb1a93a0
Event: 12.257 Thread 0x000001bccb1a93a0 Thread exited: 0x000001bccb1a93a0
Event: 12.394 Thread 0x000001bccaef4c70 Thread added: 0x000001bccaef4c70


Dynamic libraries:
0x00007ff6d4e80000 - 0x00007ff6d4e90000 	N:\Windows Files\DevTools\java\bin\java.exe
0x00007ffa870a0000 - 0x00007ffa87307000 	C:\Windows\SYSTEM32\ntdll.dll
0x00007ffa85e20000 - 0x00007ffa85ee9000 	C:\Windows\System32\KERNEL32.DLL
0x00007ffa845b0000 - 0x00007ffa8499f000 	C:\Windows\System32\KERNELBASE.dll
0x00007ffa84ae0000 - 0x00007ffa84c2b000 	C:\Windows\System32\ucrtbase.dll
0x00007ffa7d6d0000 - 0x00007ffa7d6e9000 	N:\Windows Files\DevTools\java\bin\jli.dll
0x00007ffa7d6b0000 - 0x00007ffa7d6cb000 	N:\Windows Files\DevTools\java\bin\VCRUNTIME140.dll
0x00007ffa861b0000 - 0x00007ffa86264000 	C:\Windows\System32\ADVAPI32.dll
0x00007ffa85f40000 - 0x00007ffa85fe9000 	C:\Windows\System32\msvcrt.dll
0x00007ffa85d70000 - 0x00007ffa85e16000 	C:\Windows\System32\sechost.dll
0x00007ffa85300000 - 0x00007ffa85418000 	C:\Windows\System32\RPCRT4.dll
0x00007ffa85b70000 - 0x00007ffa85d35000 	C:\Windows\System32\USER32.dll
0x00007ffa841f0000 - 0x00007ffa84217000 	C:\Windows\System32\win32u.dll
0x00007ffa852d0000 - 0x00007ffa852fb000 	C:\Windows\System32\GDI32.dll
0x00007ffa65680000 - 0x00007ffa65913000 	C:\Windows\WinSxS\amd64_microsoft.windows.common-controls_6595b64144ccf1df_6.0.26100.7309_none_3e05feeae336a044\COMCTL32.dll
0x00007ffa849b0000 - 0x00007ffa84adc000 	C:\Windows\System32\gdi32full.dll
0x00007ffa842d0000 - 0x00007ffa84373000 	C:\Windows\System32\msvcp_win.dll
0x00007ffa7d020000 - 0x00007ffa7d02b000 	C:\Windows\SYSTEM32\VERSION.dll
0x00007ffa85ef0000 - 0x00007ffa85f21000 	C:\Windows\System32\IMM32.DLL
0x00007ffa7eeb0000 - 0x00007ffa7eebc000 	N:\Windows Files\DevTools\java\bin\vcruntime140_1.dll
0x00007ffa7b100000 - 0x00007ffa7b18e000 	N:\Windows Files\DevTools\java\bin\msvcp140.dll
0x00007ffa00e60000 - 0x00007ffa01b7d000 	N:\Windows Files\DevTools\java\bin\server\jvm.dll
0x00007ffa85680000 - 0x00007ffa856f4000 	C:\Windows\System32\WS2_32.dll
0x00007ffa82e00000 - 0x00007ffa82e5e000 	C:\Windows\SYSTEM32\POWRPROF.dll
0x00007ffa75580000 - 0x00007ffa755b5000 	C:\Windows\SYSTEM32\WINMM.dll
0x00007ffa82de0000 - 0x00007ffa82df4000 	C:\Windows\SYSTEM32\UMPDC.dll
0x00007ffa830c0000 - 0x00007ffa830db000 	C:\Windows\SYSTEM32\kernel.appcore.dll
0x00007ffa7c370000 - 0x00007ffa7c37a000 	N:\Windows Files\DevTools\java\bin\jimage.dll
0x00007ffa81820000 - 0x00007ffa81a62000 	C:\Windows\SYSTEM32\DBGHELP.DLL
0x00007ffa857e0000 - 0x00007ffa85b66000 	C:\Windows\System32\combase.dll
0x00007ffa85700000 - 0x00007ffa857d6000 	C:\Windows\System32\OLEAUT32.dll
0x00007ffa7ee40000 - 0x00007ffa7ee7c000 	C:\Windows\SYSTEM32\dbgcore.DLL
0x00007ffa84220000 - 0x00007ffa842c5000 	C:\Windows\System32\bcryptPrimitives.dll
0x00007ffa7c330000 - 0x00007ffa7c34f000 	N:\Windows Files\DevTools\java\bin\java.dll
0x00007ffa86840000 - 0x00007ffa86f93000 	C:\Windows\System32\SHELL32.dll
0x00007ffa84380000 - 0x00007ffa844ea000 	C:\Windows\System32\wintypes.dll
0x00007ffa81df0000 - 0x00007ffa8264e000 	C:\Windows\SYSTEM32\windows.storage.dll
0x00007ffa854a0000 - 0x00007ffa85595000 	C:\Windows\System32\SHCORE.dll
0x00007ffa86300000 - 0x00007ffa86366000 	C:\Windows\System32\shlwapi.dll
0x00007ffa84110000 - 0x00007ffa84139000 	C:\Windows\SYSTEM32\profapi.dll
0x00007ffa55690000 - 0x00007ffa55767000 	N:\Windows Files\DevTools\java\bin\jsvml.dll
0x00007ffa7c360000 - 0x00007ffa7c370000 	N:\Windows Files\DevTools\java\bin\net.dll
0x00007ffa7ce30000 - 0x00007ffa7cf58000 	C:\Windows\SYSTEM32\WINHTTP.dll
0x00007ffa83630000 - 0x00007ffa8369b000 	C:\Windows\system32\mswsock.dll
0x00007ffa7b0e0000 - 0x00007ffa7b0f6000 	N:\Windows Files\DevTools\java\bin\nio.dll
0x00007ffa7b0c0000 - 0x00007ffa7b0d8000 	N:\Windows Files\DevTools\java\bin\zip.dll
0x00007ffa6f1b0000 - 0x00007ffa6f1d4000 	N:\Windows Files\DevTools\apache-maven-3.9.12\lib\jansi-native\Windows\x86_64\jansi.dll
0x00007ffa7b250000 - 0x00007ffa7b260000 	N:\Windows Files\DevTools\java\bin\verify.dll
0x00007ffa831e0000 - 0x00007ffa83216000 	C:\Windows\SYSTEM32\ntmarta.dll

dbghelp: loaded successfully - version: 4.0.5 - missing functions: none
symbol engine: initialized successfully - sym options: 0x614 - pdb path: .;N:\Windows Files\DevTools\java\bin;C:\Windows\SYSTEM32;C:\Windows\WinSxS\amd64_microsoft.windows.common-controls_6595b64144ccf1df_6.0.26100.7309_none_3e05feeae336a044;N:\Windows Files\DevTools\java\bin\server;N:\Windows Files\DevTools\apache-maven-3.9.12\lib\jansi-native\Windows\x86_64

VM Arguments:
jvm_args: --enable-native-access=ALL-UNNAMED -Dclassworlds.conf=N:\Windows Files\DevTools\apache-maven-3.9.12\bin\m2.conf -Dmaven.home=N:\Windows Files\DevTools\apache-maven-3.9.12 -Dlibrary.jansi.path=N:\Windows Files\DevTools\apache-maven-3.9.12\lib\jansi-native -Dmaven.multiModuleProjectDirectory=N:\Downloads\Projects\Flutter\Aura\aura_backend 
java_command: org.codehaus.plexus.classworlds.launcher.Launcher compile -q
java_class_path (initial): N:\Windows Files\DevTools\apache-maven-3.9.12\boot\plexus-classworlds-2.9.0.jar
Launcher Type: SUN_STANDARD

[Global flags]
     intx CICompilerCount                          = 4                                         {product} {ergonomic}
     uint ConcGCThreads                            = 3                                         {product} {ergonomic}
     uint G1ConcRefinementThreads                  = 10                                        {product} {ergonomic}
   size_t G1HeapRegionSize                         = 1048576                                   {product} {ergonomic}
    uintx GCDrainStackTargetSize                   = 64                                        {product} {ergonomic}
   size_t InitialHeapSize                          = 130023424                                 {product} {ergonomic}
   size_t MarkStackSize                            = 4194304                                   {product} {ergonomic}
   size_t MaxHeapSize                              = 2076180480                                {product} {ergonomic}
   size_t MaxNewSize                               = 1245708288                                {product} {ergonomic}
   size_t MinHeapDeltaBytes                        = 1048576                                   {product} {ergonomic}
   size_t MinHeapSize                              = 8388608                                   {product} {ergonomic}
    uintx NonNMethodCodeHeapSize                   = 5839372                                {pd product} {ergonomic}
    uintx NonProfiledCodeHeapSize                  = 122909434                              {pd product} {ergonomic}
    uintx ProfiledCodeHeapSize                     = 122909434                              {pd product} {ergonomic}
    uintx ReservedCodeCacheSize                    = 251658240                              {pd product} {ergonomic}
     bool SegmentedCodeCache                       = true                                      {product} {ergonomic}
   size_t SoftMaxHeapSize                          = 2076180480                             {manageable} {ergonomic}
     bool UseCompressedOops                        = true                           {product lp64_product} {ergonomic}
     bool UseG1GC                                  = true                                      {product} {ergonomic}
     bool UseLargePagesIndividualAllocation        = false                                  {pd product} {ergonomic}

Logging:
Log output configuration:
 #0: stdout all=warning uptime,level,tags foldmultilines=false
 #1: stderr all=off uptime,level,tags foldmultilines=false

Environment Variables:
JAVA_HOME=N:\Windows Files\DevTools\java
PATH=C:\Python314\Scripts\;C:\Python314\;C:\Windows\system32;C:\Windows;C:\Windows\System32\Wbem;C:\Windows\System32\WindowsPowerShell\v1.0\;C:\Windows\System32\OpenSSH\;N:\Windows Files\DevTools\Git\cmd;C:\Flutter\bin;N:\Windows Files\DevTools\apache-maven-3.9.12\bin;C:\Users\nibin\AppData\Local\Android\Sdk;N:\Windows Files\DevTools\java\bin;C:\Program Files\Eclipse Adoptium\jdk-17.0.17.10-hotspot\bin;C:\Program Files\Common Files\Oracle\Java\javapath;N:\Windows Files\DevTools\PostGres\bin;C:\Users\nibin\AppData\Local\Android\Sdk\platform-tools;N:\Windows Files\DevTools\CMake\bin;N:\Windows Files\DevTools\node\;C:\ProgramData\chocolatey\bin;C:\Program Files\Cloudflare\Cloudflare WARP\;C:\Users\nibin\AppData\Local\Microsoft\WindowsApps;N:\Windows Files\DevTools\Antigravity\bin;N:\Windows Files\DevTools\Microsoft VS Code\bin;N:\Windows Files\DevTools\IntelliJ IDEA\IntelliJ IDEA 2025.3.1\bin;C:\Users\nibin\AppData\Roaming\npm
USERNAME=nibin
OS=Windows_NT
PROCESSOR_IDENTIFIER=Intel64 Family 6 Model 141 Stepping 1, GenuineIntel
TMP=C:\Users\nibin\AppData\Local\Temp
TEMP=C:\Users\nibin\AppData\Local\Temp




Periodic native trim disabled

---------------  S Y S T E M  ---------------

OS:
 Windows 11 , 64 bit Build 26100 (10.0.26100.7623)
OS uptime: 0 days 7:18 hours
Hyper-V role detected

CPU: total 12 (initial active 12) (6 cores per cpu, 2 threads per core) family 6 model 141 stepping 1 microcode 0x50, cx8, cmov, fxsr, ht, mmx, 3dnowpref, sse, sse2, sse3, ssse3, sse4.1, sse4.2, popcnt, lzcnt, tsc, tscinvbit, avx, avx2, aes, erms, clmul, bmi1, bmi2, adx, avx512f, avx512dq, avx512cd, avx512bw, avx512vl, sha, fma, vzeroupper, avx512_vpopcntdq, avx512_vpclmulqdq, avx512_vaes, avx512_vnni, clflush, clflushopt, clwb, avx512_vbmi2, avx512_vbmi, hv, rdtscp, rdpid, fsrm, gfni, avx512_bitalg, f16c, cet_ibt, cet_ss, avx512_ifma
Processor Information for all 12 processors :
  Max Mhz: 2688, Current Mhz: 2688, Mhz Limit: 2688

Memory: 4k page, system-wide physical 7913M (793M free)
TotalPageFile size 32489M (AvailPageFile size 30M)
current process WorkingSet (physical memory assigned to process): 304M, peak: 313M
current process commit charge ("private bytes"): 358M, peak: 368M

vm_info: Java HotSpot(TM) 64-Bit Server VM (21.0.9+7-LTS-338) for windows-amd64 JRE (21.0.9+7-LTS-338), built on 2025-09-26T06:33:49Z by "mach5run" with MS VC++ 17.6 (VS2022)

END.
